  Determining projects to restore...
  Restored c:\Users\Nhlakanipho\Documents\Projects\ABP-Group\aspnet-core\src\ABPGroup.Migrator\ABPGroup.Migrator.csproj (in 4,29 sec).
  Restored c:\Users\Nhlakanipho\Documents\Projects\ABP-Group\aspnet-core\src\ABPGroup.Application\ABPGroup.Application.csproj (in 4,3 sec).
  Restored C:\Users\Nhlakanipho\Documents\Projects\ABP-Group\aspnet-core\src\ABPGroup.Web.Core\ABPGroup.Web.Core.csproj (in 4,29 sec).
  Restored C:\Users\Nhlakanipho\Documents\Projects\ABP-Group\aspnet-core\test\ABPGroup.Tests\ABPGroup.Tests.csproj (in 4,32 sec).
  Restored C:\Users\Nhlakanipho\Documents\Projects\ABP-Group\aspnet-core\src\ABPGroup.Web.Host\ABPGroup.Web.Host.csproj (in 4,48 sec).
  2 of 7 projects are up-to-date for restore.
  ABPGroup.Core -> C:\Users\Nhlakanipho\Documents\Projects\ABP-Group\aspnet-core\src\ABPGroup.Core\bin\Debug\net9.0\ABPGroup.Core.dll
  ABPGroup.EntityFrameworkCore -> C:\Users\Nhlakanipho\Documents\Projects\ABP-Group\aspnet-core\src\ABPGroup.EntityFrameworkCore\bin\Debug\net9.0\ABPGroup.EntityFrameworkCore.dll
C:\Users\Nhlakanipho\Documents\Projects\ABP-Group\aspnet-core\src\ABPGroup.Application\Net\MimeTypes\MimeTypeNames.cs(58,482): warning CS1570: XML comment has badly formed XML -- 'End tag 'summary' does not match the start tag 'script'.' [C:\Users\Nhlakanipho\Documents\Projects\ABP-Group\aspnet-core\src\ABPGroup.Application\ABPGroup.Application.csproj]
C:\Users\Nhlakanipho\Documents\Projects\ABP-Group\aspnet-core\src\ABPGroup.Application\Net\MimeTypes\MimeTypeNames.cs(59,1): warning CS1570: XML comment has badly formed XML -- 'Expected an end tag for element 'summary'.' [C:\Users\Nhlakanipho\Documents\Projects\ABP-Group\aspnet-core\src\ABPGroup.Application\ABPGroup.Application.csproj]
C:\Users\Nhlakanipho\Documents\Projects\ABP-Group\aspnet-core\src\ABPGroup.Application\Net\MimeTypes\MimeTypeNames.cs(109,471): warning CS1570: XML comment has badly formed XML -- 'End tag 'summary' does not match the start tag 'script'.' [C:\Users\Nhlakanipho\Documents\Projects\ABP-Group\aspnet-core\src\ABPGroup.Application\ABPGroup.Application.csproj]
C:\Users\Nhlakanipho\Documents\Projects\ABP-Group\aspnet-core\src\ABPGroup.Application\Net\MimeTypes\MimeTypeNames.cs(110,1): warning CS1570: XML comment has badly formed XML -- 'Expected an end tag for element 'summary'.' [C:\Users\Nhlakanipho\Documents\Projects\ABP-Group\aspnet-core\src\ABPGroup.Application\ABPGroup.Application.csproj]
C:\Users\Nhlakanipho\Documents\Projects\ABP-Group\aspnet-core\src\ABPGroup.Application\ABPGroupApplicationModule.cs(11,14): warning CS1591: Missing XML comment for publicly visible type or member 'ABPGroupApplicationModule' [C:\Users\Nhlakanipho\Documents\Projects\ABP-Group\aspnet-core\src\ABPGroup.Application\ABPGroup.Application.csproj]
C:\Users\Nhlakanipho\Documents\Projects\ABP-Group\aspnet-core\src\ABPGroup.Application\ABPGroupApplicationModule.cs(13,26): warning CS1591: Missing XML comment for publicly visible type or member 'ABPGroupApplicationModule.PreInitialize()' [C:\Users\Nhlakanipho\Documents\Projects\ABP-Group\aspnet-core\src\ABPGroup.Application\ABPGroup.Application.csproj]
C:\Users\Nhlakanipho\Documents\Projects\ABP-Group\aspnet-core\src\ABPGroup.Application\ABPGroupApplicationModule.cs(18,26): warning CS1591: Missing XML comment for publicly visible type or member 'ABPGroupApplicationModule.Initialize()' [C:\Users\Nhlakanipho\Documents\Projects\ABP-Group\aspnet-core\src\ABPGroup.Application\ABPGroup.Application.csproj]
C:\Users\Nhlakanipho\Documents\Projects\ABP-Group\aspnet-core\src\ABPGroup.Application\ABPGroupAppServiceBase.cs(17,26): warning CS1591: Missing XML comment for publicly visible type or member 'ABPGroupAppServiceBase.TenantManager' [C:\Users\Nhlakanipho\Documents\Projects\ABP-Group\aspnet-core\src\ABPGroup.Application\ABPGroup.Application.csproj]
C:\Users\Nhlakanipho\Documents\Projects\ABP-Group\aspnet-core\src\ABPGroup.Application\ABPGroupAppServiceBase.cs(19,24): warning CS1591: Missing XML comment for publicly visible type or member 'ABPGroupAppServiceBase.UserManager' [C:\Users\Nhlakanipho\Documents\Projects\ABP-Group\aspnet-core\src\ABPGroup.Application\ABPGroup.Application.csproj]
C:\Users\Nhlakanipho\Documents\Projects\ABP-Group\aspnet-core\src\ABPGroup.Application\ABPGroupAppServiceBase.cs(21,15): warning CS1591: Missing XML comment for publicly visible type or member 'ABPGroupAppServiceBase.ABPGroupAppServiceBase()' [C:\Users\Nhlakanipho\Documents\Projects\ABP-Group\aspnet-core\src\ABPGroup.Application\ABPGroup.Application.csproj]
C:\Users\Nhlakanipho\Documents\Projects\ABP-Group\aspnet-core\src\ABPGroup.Application\ABPGroupAppServiceBase.cs(26,40): warning CS1591: Missing XML comment for publicly visible type or member 'ABPGroupAppServiceBase.GetCurrentUserAsync()' [C:\Users\Nhlakanipho\Documents\Projects\ABP-Group\aspnet-core\src\ABPGroup.Application\ABPGroup.Application.csproj]
C:\Users\Nhlakanipho\Documents\Projects\ABP-Group\aspnet-core\src\ABPGroup.Application\ABPGroupAppServiceBase.cs(37,36): warning CS1591: Missing XML comment for publicly visible type or member 'ABPGroupAppServiceBase.GetCurrentTenantAsync()' [C:\Users\Nhlakanipho\Documents\Projects\ABP-Group\aspnet-core\src\ABPGroup.Application\ABPGroup.Application.csproj]
C:\Users\Nhlakanipho\Documents\Projects\ABP-Group\aspnet-core\src\ABPGroup.Application\ABPGroupAppServiceBase.cs(42,28): warning CS1591: Missing XML comment for publicly visible type or member 'ABPGroupAppServiceBase.CheckErrors(IdentityResult)' [C:\Users\Nhlakanipho\Documents\Projects\ABP-Group\aspnet-core\src\ABPGroup.Application\ABPGroup.Application.csproj]
C:\Users\Nhlakanipho\Documents\Projects\ABP-Group\aspnet-core\src\ABPGroup.Application\Authorization\AbpLoginResultTypeHelper.cs(9,14): warning CS1591: Missing XML comment for publicly visible type or member 'AbpLoginResultTypeHelper' [C:\Users\Nhlakanipho\Documents\Projects\ABP-Group\aspnet-core\src\ABPGroup.Application\ABPGroup.Application.csproj]
C:\Users\Nhlakanipho\Documents\Projects\ABP-Group\aspnet-core\src\ABPGroup.Application\Authorization\AbpLoginResultTypeHelper.cs(11,12): warning CS1591: Missing XML comment for publicly visible type or member 'AbpLoginResultTypeHelper.AbpLoginResultTypeHelper()' [C:\Users\Nhlakanipho\Documents\Projects\ABP-Group\aspnet-core\src\ABPGroup.Application\ABPGroup.Application.csproj]
C:\Users\Nhlakanipho\Documents\Projects\ABP-Group\aspnet-core\src\ABPGroup.Application\Authorization\AbpLoginResultTypeHelper.cs(16,22): warning CS1591: Missing XML comment for publicly visible type or member 'AbpLoginResultTypeHelper.CreateExceptionForFailedLoginAttempt(AbpLoginResultType, string, string)' [C:\Users\Nhlakanipho\Documents\Projects\ABP-Group\aspnet-core\src\ABPGroup.Application\ABPGroup.Application.csproj]
C:\Users\Nhlakanipho\Documents\Projects\ABP-Group\aspnet-core\src\ABPGroup.Application\Authorization\AbpLoginResultTypeHelper.cs(41,19): warning CS1591: Missing XML comment for publicly visible type or member 'AbpLoginResultTypeHelper.CreateLocalizedMessageForFailedLoginAttempt(AbpLoginResultType, string, string)' [C:\Users\Nhlakanipho\Documents\Projects\ABP-Group\aspnet-core\src\ABPGroup.Application\ABPGroup.Application.csproj]
C:\Users\Nhlakanipho\Documents\Projects\ABP-Group\aspnet-core\src\ABPGroup.Application\Authorization\Accounts\AccountAppService.cs(20,14): warning CS1591: Missing XML comment for publicly visible type or member 'AccountAppService' [C:\Users\Nhlakanipho\Documents\Projects\ABP-Group\aspnet-core\src\ABPGroup.Application\ABPGroup.Application.csproj]
C:\Users\Nhlakanipho\Documents\Projects\ABP-Group\aspnet-core\src\ABPGroup.Application\Authorization\Accounts\AccountAppService.cs(23,25): warning CS1591: Missing XML comment for publicly visible type or member 'AccountAppService.PasswordRegex' [C:\Users\Nhlakanipho\Documents\Projects\ABP-Group\aspnet-core\src\ABPGroup.Application\ABPGroup.Application.csproj]
C:\Users\Nhlakanipho\Documents\Projects\ABP-Group\aspnet-core\src\ABPGroup.Application\Authorization\Accounts\AccountAppService.cs(33,12): warning CS1591: Missing XML comment for publicly visible type or member 'AccountAppService.AccountAppService(UserRegistrationManager, TenantManager, EditionManager, RoleManager, UserManager, IAbpZeroDbMigrator, IHttpContextAccessor)' [C:\Users\Nhlakanipho\Documents\Projects\ABP-Group\aspnet-core\src\ABPGroup.Application\ABPGroup.Application.csproj]
C:\Users\Nhlakanipho\Documents\Projects\ABP-Group\aspnet-core\src\ABPGroup.Application\Authorization\Accounts\AccountAppService.cs(51,48): warning CS1591: Missing XML comment for publicly visible type or member 'AccountAppService.IsTenantAvailable(IsTenantAvailableInput)' [C:\Users\Nhlakanipho\Documents\Projects\ABP-Group\aspnet-core\src\ABPGroup.Application\ABPGroup.Application.csproj]
C:\Users\Nhlakanipho\Documents\Projects\ABP-Group\aspnet-core\src\ABPGroup.Application\Authorization\Accounts\AccountAppService.cs(67,35): warning CS1591: Missing XML comment for publicly visible type or member 'AccountAppService.Register(RegisterInput)' [C:\Users\Nhlakanipho\Documents\Projects\ABP-Group\aspnet-core\src\ABPGroup.Application\ABPGroup.Application.csproj]
C:\Users\Nhlakanipho\Documents\Projects\ABP-Group\aspnet-core\src\ABPGroup.Application\Authorization\Accounts\Dto\IsTenantAvailableInput.cs(6,14): warning CS1591: Missing XML comment for publicly visible type or member 'IsTenantAvailableInput' [C:\Users\Nhlakanipho\Documents\Projects\ABP-Group\aspnet-core\src\ABPGroup.Application\ABPGroup.Application.csproj]
C:\Users\Nhlakanipho\Documents\Projects\ABP-Group\aspnet-core\src\ABPGroup.Application\Authorization\Accounts\Dto\IsTenantAvailableInput.cs(10,19): warning CS1591: Missing XML comment for publicly visible type or member 'IsTenantAvailableInput.TenancyName' [C:\Users\Nhlakanipho\Documents\Projects\ABP-Group\aspnet-core\src\ABPGroup.Application\ABPGroup.Application.csproj]
C:\Users\Nhlakanipho\Documents\Projects\ABP-Group\aspnet-core\src\ABPGroup.Application\Authorization\Accounts\Dto\IsTenantAvailableOutput.cs(3,14): warning CS1591: Missing XML comment for publicly visible type or member 'IsTenantAvailableOutput' [C:\Users\Nhlakanipho\Documents\Projects\ABP-Group\aspnet-core\src\ABPGroup.Application\ABPGroup.Application.csproj]
C:\Users\Nhlakanipho\Documents\Projects\ABP-Group\aspnet-core\src\ABPGroup.Application\Authorization\Accounts\Dto\IsTenantAvailableOutput.cs(5,36): warning CS1591: Missing XML comment for publicly visible type or member 'IsTenantAvailableOutput.State' [C:\Users\Nhlakanipho\Documents\Projects\ABP-Group\aspnet-core\src\ABPGroup.Application\ABPGroup.Application.csproj]
C:\Users\Nhlakanipho\Documents\Projects\ABP-Group\aspnet-core\src\ABPGroup.Application\Authorization\Accounts\Dto\IsTenantAvailableOutput.cs(7,17): warning CS1591: Missing XML comment for publicly visible type or member 'IsTenantAvailableOutput.TenantId' [C:\Users\Nhlakanipho\Documents\Projects\ABP-Group\aspnet-core\src\ABPGroup.Application\ABPGroup.Application.csproj]
C:\Users\Nhlakanipho\Documents\Projects\ABP-Group\aspnet-core\src\ABPGroup.Application\Authorization\Accounts\Dto\IsTenantAvailableOutput.cs(9,12): warning CS1591: Missing XML comment for publicly visible type or member 'IsTenantAvailableOutput.IsTenantAvailableOutput()' [C:\Users\Nhlakanipho\Documents\Projects\ABP-Group\aspnet-core\src\ABPGroup.Application\ABPGroup.Application.csproj]
C:\Users\Nhlakanipho\Documents\Projects\ABP-Group\aspnet-core\src\ABPGroup.Application\Authorization\Accounts\Dto\IsTenantAvailableOutput.cs(13,12): warning CS1591: Missing XML comment for publicly visible type or member 'IsTenantAvailableOutput.IsTenantAvailableOutput(TenantAvailabilityState, int?)' [C:\Users\Nhlakanipho\Documents\Projects\ABP-Group\aspnet-core\src\ABPGroup.Application\ABPGroup.Application.csproj]
C:\Users\Nhlakanipho\Documents\Projects\ABP-Group\aspnet-core\src\ABPGroup.Application\Authorization\Accounts\Dto\RegisterInput.cs(12,14): warning CS1591: Missing XML comment for publicly visible type or member 'RegisterInput' [C:\Users\Nhlakanipho\Documents\Projects\ABP-Group\aspnet-core\src\ABPGroup.Application\ABPGroup.Application.csproj]
C:\Users\Nhlakanipho\Documents\Projects\ABP-Group\aspnet-core\src\ABPGroup.Application\Authorization\Accounts\Dto\RegisterInput.cs(16,19): warning CS1591: Missing XML comment for publicly visible type or member 'RegisterInput.Name' [C:\Users\Nhlakanipho\Documents\Projects\ABP-Group\aspnet-core\src\ABPGroup.Application\ABPGroup.Application.csproj]
C:\Users\Nhlakanipho\Documents\Projects\ABP-Group\aspnet-core\src\ABPGroup.Application\Authorization\Accounts\Dto\RegisterInput.cs(20,19): warning CS1591: Missing XML comment for publicly visible type or member 'RegisterInput.Surname' [C:\Users\Nhlakanipho\Documents\Projects\ABP-Group\aspnet-core\src\ABPGroup.Application\ABPGroup.Application.csproj]
C:\Users\Nhlakanipho\Documents\Projects\ABP-Group\aspnet-core\src\ABPGroup.Application\Authorization\Accounts\Dto\RegisterInput.cs(24,19): warning CS1591: Missing XML comment for publicly visible type or member 'RegisterInput.UserName' [C:\Users\Nhlakanipho\Documents\Projects\ABP-Group\aspnet-core\src\ABPGroup.Application\ABPGroup.Application.csproj]
C:\Users\Nhlakanipho\Documents\Projects\ABP-Group\aspnet-core\src\ABPGroup.Application\Authorization\Accounts\Dto\RegisterInput.cs(29,19): warning CS1591: Missing XML comment for publicly visible type or member 'RegisterInput.EmailAddress' [C:\Users\Nhlakanipho\Documents\Projects\ABP-Group\aspnet-core\src\ABPGroup.Application\ABPGroup.Application.csproj]
C:\Users\Nhlakanipho\Documents\Projects\ABP-Group\aspnet-core\src\ABPGroup.Application\Authorization\Accounts\Dto\RegisterInput.cs(34,19): warning CS1591: Missing XML comment for publicly visible type or member 'RegisterInput.Password' [C:\Users\Nhlakanipho\Documents\Projects\ABP-Group\aspnet-core\src\ABPGroup.Application\ABPGroup.Application.csproj]
C:\Users\Nhlakanipho\Documents\Projects\ABP-Group\aspnet-core\src\ABPGroup.Application\Authorization\Accounts\Dto\RegisterInput.cs(37,19): warning CS1591: Missing XML comment for publicly visible type or member 'RegisterInput.CaptchaResponse' [C:\Users\Nhlakanipho\Documents\Projects\ABP-Group\aspnet-core\src\ABPGroup.Application\ABPGroup.Application.csproj]
C:\Users\Nhlakanipho\Documents\Projects\ABP-Group\aspnet-core\src\ABPGroup.Application\Authorization\Accounts\Dto\RegisterInput.cs(39,23): warning CS1591: Missing XML comment for publicly visible type or member 'RegisterInput.Role' [C:\Users\Nhlakanipho\Documents\Projects\ABP-Group\aspnet-core\src\ABPGroup.Application\ABPGroup.Application.csproj]
C:\Users\Nhlakanipho\Documents\Projects\ABP-Group\aspnet-core\src\ABPGroup.Application\Authorization\Accounts\Dto\RegisterInput.cs(41,17): warning CS1591: Missing XML comment for publicly visible type or member 'RegisterInput.TenantId' [C:\Users\Nhlakanipho\Documents\Projects\ABP-Group\aspnet-core\src\ABPGroup.Application\ABPGroup.Application.csproj]
C:\Users\Nhlakanipho\Documents\Projects\ABP-Group\aspnet-core\src\ABPGroup.Application\Authorization\Accounts\Dto\RegisterInput.cs(43,17): warning CS1591: Missing XML comment for publicly visible type or member 'RegisterInput.CreateTenant' [C:\Users\Nhlakanipho\Documents\Projects\ABP-Group\aspnet-core\src\ABPGroup.Application\ABPGroup.Application.csproj]
C:\Users\Nhlakanipho\Documents\Projects\ABP-Group\aspnet-core\src\ABPGroup.Application\Authorization\Accounts\Dto\RegisterInput.cs(47,19): warning CS1591: Missing XML comment for publicly visible type or member 'RegisterInput.TenantTenancyName' [C:\Users\Nhlakanipho\Documents\Projects\ABP-Group\aspnet-core\src\ABPGroup.Application\ABPGroup.Application.csproj]
C:\Users\Nhlakanipho\Documents\Projects\ABP-Group\aspnet-core\src\ABPGroup.Application\Authorization\Accounts\Dto\RegisterInput.cs(50,19): warning CS1591: Missing XML comment for publicly visible type or member 'RegisterInput.TenantName' [C:\Users\Nhlakanipho\Documents\Projects\ABP-Group\aspnet-core\src\ABPGroup.Application\ABPGroup.Application.csproj]
C:\Users\Nhlakanipho\Documents\Projects\ABP-Group\aspnet-core\src\ABPGroup.Application\Authorization\Accounts\Dto\RegisterInput.cs(53,19): warning CS1591: Missing XML comment for publicly visible type or member 'RegisterInput.TenantConnectionString' [C:\Users\Nhlakanipho\Documents\Projects\ABP-Group\aspnet-core\src\ABPGroup.Application\ABPGroup.Application.csproj]
C:\Users\Nhlakanipho\Documents\Projects\ABP-Group\aspnet-core\src\ABPGroup.Application\Authorization\Accounts\Dto\RegisterInput.cs(55,42): warning CS1591: Missing XML comment for publicly visible type or member 'RegisterInput.Validate(ValidationContext)' [C:\Users\Nhlakanipho\Documents\Projects\ABP-Group\aspnet-core\src\ABPGroup.Application\ABPGroup.Application.csproj]
C:\Users\Nhlakanipho\Documents\Projects\ABP-Group\aspnet-core\src\ABPGroup.Application\Authorization\Accounts\Dto\RegisterOutput.cs(3,14): warning CS1591: Missing XML comment for publicly visible type or member 'RegisterOutput' [C:\Users\Nhlakanipho\Documents\Projects\ABP-Group\aspnet-core\src\ABPGroup.Application\ABPGroup.Application.csproj]
C:\Users\Nhlakanipho\Documents\Projects\ABP-Group\aspnet-core\src\ABPGroup.Application\Authorization\Accounts\Dto\RegisterOutput.cs(5,17): warning CS1591: Missing XML comment for publicly visible type or member 'RegisterOutput.CanLogin' [C:\Users\Nhlakanipho\Documents\Projects\ABP-Group\aspnet-core\src\ABPGroup.Application\ABPGroup.Application.csproj]
C:\Users\Nhlakanipho\Documents\Projects\ABP-Group\aspnet-core\src\ABPGroup.Application\Authorization\Accounts\Dto\RegisterOutput.cs(6,21): warning CS1591: Missing XML comment for publicly visible type or member 'RegisterOutput.UserId' [C:\Users\Nhlakanipho\Documents\Projects\ABP-Group\aspnet-core\src\ABPGroup.Application\ABPGroup.Application.csproj]
C:\Users\Nhlakanipho\Documents\Projects\ABP-Group\aspnet-core\src\ABPGroup.Application\Authorization\Accounts\Dto\TenantAvailabilityState.cs(3,13): warning CS1591: Missing XML comment for publicly visible type or member 'TenantAvailabilityState' [C:\Users\Nhlakanipho\Documents\Projects\ABP-Group\aspnet-core\src\ABPGroup.Application\ABPGroup.Application.csproj]
C:\Users\Nhlakanipho\Documents\Projects\ABP-Group\aspnet-core\src\ABPGroup.Application\Authorization\Accounts\Dto\TenantAvailabilityState.cs(5,5): warning CS1591: Missing XML comment for publicly visible type or member 'TenantAvailabilityState.Available' [C:\Users\Nhlakanipho\Documents\Projects\ABP-Group\aspnet-core\src\ABPGroup.Application\ABPGroup.Application.csproj]
C:\Users\Nhlakanipho\Documents\Projects\ABP-Group\aspnet-core\src\ABPGroup.Application\Authorization\Accounts\Dto\TenantAvailabilityState.cs(6,5): warning CS1591: Missing XML comment for publicly visible type or member 'TenantAvailabilityState.InActive' [C:\Users\Nhlakanipho\Documents\Projects\ABP-Group\aspnet-core\src\ABPGroup.Application\ABPGroup.Application.csproj]
C:\Users\Nhlakanipho\Documents\Projects\ABP-Group\aspnet-core\src\ABPGroup.Application\Authorization\Accounts\Dto\TenantAvailabilityState.cs(7,5): warning CS1591: Missing XML comment for publicly visible type or member 'TenantAvailabilityState.NotFound' [C:\Users\Nhlakanipho\Documents\Projects\ABP-Group\aspnet-core\src\ABPGroup.Application\ABPGroup.Application.csproj]
C:\Users\Nhlakanipho\Documents\Projects\ABP-Group\aspnet-core\src\ABPGroup.Application\Authorization\Accounts\IAccountAppService.cs(7,18): warning CS1591: Missing XML comment for publicly visible type or member 'IAccountAppService' [C:\Users\Nhlakanipho\Documents\Projects\ABP-Group\aspnet-core\src\ABPGroup.Application\ABPGroup.Application.csproj]
C:\Users\Nhlakanipho\Documents\Projects\ABP-Group\aspnet-core\src\ABPGroup.Application\Authorization\Accounts\IAccountAppService.cs(9,35): warning CS1591: Missing XML comment for publicly visible type or member 'IAccountAppService.IsTenantAvailable(IsTenantAvailableInput)' [C:\Users\Nhlakanipho\Documents\Projects\ABP-Group\aspnet-core\src\ABPGroup.Application\ABPGroup.Application.csproj]
C:\Users\Nhlakanipho\Documents\Projects\ABP-Group\aspnet-core\src\ABPGroup.Application\Authorization\Accounts\IAccountAppService.cs(11,26): warning CS1591: Missing XML comment for publicly visible type or member 'IAccountAppService.Register(RegisterInput)' [C:\Users\Nhlakanipho\Documents\Projects\ABP-Group\aspnet-core\src\ABPGroup.Application\ABPGroup.Application.csproj]
C:\Users\Nhlakanipho\Documents\Projects\ABP-Group\aspnet-core\src\ABPGroup.Application\Builds\BuildJobAppService.cs(19,16): warning CS1591: Missing XML comment for publicly visible type or member 'BuildJobAppService.BuildJobAppService(IRepository<BuildJob, long>)' [C:\Users\Nhlakanipho\Documents\Projects\ABP-Group\aspnet-core\src\ABPGroup.Application\ABPGroup.Application.csproj]
C:\Users\Nhlakanipho\Documents\Projects\ABP-Group\aspnet-core\src\ABPGroup.Application\Builds\BuildJobAppService.cs(26,49): warning CS1591: Missing XML comment for publicly visible type or member 'BuildJobAppService.CreateFilteredQuery(PagedBuildJobResultRequestDto)' [C:\Users\Nhlakanipho\Documents\Projects\ABP-Group\aspnet-core\src\ABPGroup.Application\ABPGroup.Application.csproj]
C:\Users\Nhlakanipho\Documents\Projects\ABP-Group\aspnet-core\src\ABPGroup.Application\Builds\BuildJobAppService.cs(33,49): warning CS1591: Missing XML comment for publicly visible type or member 'BuildJobAppService.ApplySorting(IQueryable<BuildJob>, PagedBuildJobResultRequestDto)' [C:\Users\Nhlakanipho\Documents\Projects\ABP-Group\aspnet-core\src\ABPGroup.Application\ABPGroup.Application.csproj]
C:\Users\Nhlakanipho\Documents\Projects\ABP-Group\aspnet-core\src\ABPGroup.Application\Builds\BuildMapProfile.cs(11,16): warning CS1591: Missing XML comment for publicly visible type or member 'BuildMapProfile.BuildMapProfile()' [C:\Users\Nhlakanipho\Documents\Projects\ABP-Group\aspnet-core\src\ABPGroup.Application\ABPGroup.Application.csproj]
C:\Users\Nhlakanipho\Documents\Projects\ABP-Group\aspnet-core\src\ABPGroup.Application\Builds\Dto\BuildJobDto.cs(6,18): warning CS1591: Missing XML comment for publicly visible type or member 'BuildJobDto' [C:\Users\Nhlakanipho\Documents\Projects\ABP-Group\aspnet-core\src\ABPGroup.Application\ABPGroup.Application.csproj]
C:\Users\Nhlakanipho\Documents\Projects\ABP-Group\aspnet-core\src\ABPGroup.Application\Builds\Dto\BuildJobDto.cs(8,21): warning CS1591: Missing XML comment for publicly visible type or member 'BuildJobDto.ProjectId' [C:\Users\Nhlakanipho\Documents\Projects\ABP-Group\aspnet-core\src\ABPGroup.Application\ABPGroup.Application.csproj]
C:\Users\Nhlakanipho\Documents\Projects\ABP-Group\aspnet-core\src\ABPGroup.Application\Builds\Dto\BuildJobDto.cs(9,20): warning CS1591: Missing XML comment for publicly visible type or member 'BuildJobDto.PromptVersion' [C:\Users\Nhlakanipho\Documents\Projects\ABP-Group\aspnet-core\src\ABPGroup.Application\ABPGroup.Application.csproj]
C:\Users\Nhlakanipho\Documents\Projects\ABP-Group\aspnet-core\src\ABPGroup.Application\Builds\Dto\BuildJobDto.cs(10,29): warning CS1591: Missing XML comment for publicly visible type or member 'BuildJobDto.Type' [C:\Users\Nhlakanipho\Documents\Projects\ABP-Group\aspnet-core\src\ABPGroup.Application\ABPGroup.Application.csproj]
C:\Users\Nhlakanipho\Documents\Projects\ABP-Group\aspnet-core\src\ABPGroup.Application\Builds\Dto\BuildJobDto.cs(11,31): warning CS1591: Missing XML comment for publicly visible type or member 'BuildJobDto.Status' [C:\Users\Nhlakanipho\Documents\Projects\ABP-Group\aspnet-core\src\ABPGroup.Application\ABPGroup.Application.csproj]
C:\Users\Nhlakanipho\Documents\Projects\ABP-Group\aspnet-core\src\ABPGroup.Application\Builds\Dto\BuildJobDto.cs(12,23): warning CS1591: Missing XML comment for publicly visible type or member 'BuildJobDto.CurrentStep' [C:\Users\Nhlakanipho\Documents\Projects\ABP-Group\aspnet-core\src\ABPGroup.Application\ABPGroup.Application.csproj]
C:\Users\Nhlakanipho\Documents\Projects\ABP-Group\aspnet-core\src\ABPGroup.Application\Builds\Dto\BuildJobDto.cs(13,26): warning CS1591: Missing XML comment for publicly visible type or member 'BuildJobDto.StartedAt' [C:\Users\Nhlakanipho\Documents\Projects\ABP-Group\aspnet-core\src\ABPGroup.Application\ABPGroup.Application.csproj]
C:\Users\Nhlakanipho\Documents\Projects\ABP-Group\aspnet-core\src\ABPGroup.Application\Builds\Dto\BuildJobDto.cs(14,26): warning CS1591: Missing XML comment for publicly visible type or member 'BuildJobDto.CompletedAt' [C:\Users\Nhlakanipho\Documents\Projects\ABP-Group\aspnet-core\src\ABPGroup.Application\ABPGroup.Application.csproj]
C:\Users\Nhlakanipho\Documents\Projects\ABP-Group\aspnet-core\src\ABPGroup.Application\Builds\Dto\BuildJobDto.cs(15,23): warning CS1591: Missing XML comment for publicly visible type or member 'BuildJobDto.ErrorMessage' [C:\Users\Nhlakanipho\Documents\Projects\ABP-Group\aspnet-core\src\ABPGroup.Application\ABPGroup.Application.csproj]
C:\Users\Nhlakanipho\Documents\Projects\ABP-Group\aspnet-core\src\ABPGroup.Application\Builds\Dto\BuildJobDto.cs(16,23): warning CS1591: Missing XML comment for publicly visible type or member 'BuildJobDto.MetadataJson' [C:\Users\Nhlakanipho\Documents\Projects\ABP-Group\aspnet-core\src\ABPGroup.Application\ABPGroup.Application.csproj]
C:\Users\Nhlakanipho\Documents\Projects\ABP-Group\aspnet-core\src\ABPGroup.Application\Builds\Dto\BuildJobDto.cs(17,22): warning CS1591: Missing XML comment for publicly visible type or member 'BuildJobDto.DeploymentId' [C:\Users\Nhlakanipho\Documents\Projects\ABP-Group\aspnet-core\src\ABPGroup.Application\ABPGroup.Application.csproj]
C:\Users\Nhlakanipho\Documents\Projects\ABP-Group\aspnet-core\src\ABPGroup.Application\Builds\Dto\GeneratedArtifactDto.cs(6,18): warning CS1591: Missing XML comment for publicly visible type or member 'GeneratedArtifactDto' [C:\Users\Nhlakanipho\Documents\Projects\ABP-Group\aspnet-core\src\ABPGroup.Application\ABPGroup.Application.csproj]
C:\Users\Nhlakanipho\Documents\Projects\ABP-Group\aspnet-core\src\ABPGroup.Application\Builds\Dto\GeneratedArtifactDto.cs(8,21): warning CS1591: Missing XML comment for publicly visible type or member 'GeneratedArtifactDto.ProjectId' [C:\Users\Nhlakanipho\Documents\Projects\ABP-Group\aspnet-core\src\ABPGroup.Application\ABPGroup.Application.csproj]
C:\Users\Nhlakanipho\Documents\Projects\ABP-Group\aspnet-core\src\ABPGroup.Application\Builds\Dto\GeneratedArtifactDto.cs(9,20): warning CS1591: Missing XML comment for publicly visible type or member 'GeneratedArtifactDto.PromptVersion' [C:\Users\Nhlakanipho\Documents\Projects\ABP-Group\aspnet-core\src\ABPGroup.Application\ABPGroup.Application.csproj]
C:\Users\Nhlakanipho\Documents\Projects\ABP-Group\aspnet-core\src\ABPGroup.Application\Builds\Dto\GeneratedArtifactDto.cs(10,23): warning CS1591: Missing XML comment for publicly visible type or member 'GeneratedArtifactDto.Path' [C:\Users\Nhlakanipho\Documents\Projects\ABP-Group\aspnet-core\src\ABPGroup.Application\ABPGroup.Application.csproj]
C:\Users\Nhlakanipho\Documents\Projects\ABP-Group\aspnet-core\src\ABPGroup.Application\Builds\Dto\GeneratedArtifactDto.cs(11,23): warning CS1591: Missing XML comment for publicly visible type or member 'GeneratedArtifactDto.FileName' [C:\Users\Nhlakanipho\Documents\Projects\ABP-Group\aspnet-core\src\ABPGroup.Application\ABPGroup.Application.csproj]
C:\Users\Nhlakanipho\Documents\Projects\ABP-Group\aspnet-core\src\ABPGroup.Application\Builds\Dto\GeneratedArtifactDto.cs(12,29): warning CS1591: Missing XML comment for publicly visible type or member 'GeneratedArtifactDto.ArtifactType' [C:\Users\Nhlakanipho\Documents\Projects\ABP-Group\aspnet-core\src\ABPGroup.Application\ABPGroup.Application.csproj]
C:\Users\Nhlakanipho\Documents\Projects\ABP-Group\aspnet-core\src\ABPGroup.Application\Builds\Dto\GeneratedArtifactDto.cs(13,23): warning CS1591: Missing XML comment for publicly visible type or member 'GeneratedArtifactDto.ContentHash' [C:\Users\Nhlakanipho\Documents\Projects\ABP-Group\aspnet-core\src\ABPGroup.Application\ABPGroup.Application.csproj]
C:\Users\Nhlakanipho\Documents\Projects\ABP-Group\aspnet-core\src\ABPGroup.Application\Builds\Dto\GeneratedArtifactDto.cs(14,22): warning CS1591: Missing XML comment for publicly visible type or member 'GeneratedArtifactDto.SizeBytes' [C:\Users\Nhlakanipho\Documents\Projects\ABP-Group\aspnet-core\src\ABPGroup.Application\ABPGroup.Application.csproj]
C:\Users\Nhlakanipho\Documents\Projects\ABP-Group\aspnet-core\src\ABPGroup.Application\Builds\Dto\GeneratedArtifactDto.cs(15,25): warning CS1591: Missing XML comment for publicly visible type or member 'GeneratedArtifactDto.CreatedAt' [C:\Users\Nhlakanipho\Documents\Projects\ABP-Group\aspnet-core\src\ABPGroup.Application\ABPGroup.Application.csproj]
C:\Users\Nhlakanipho\Documents\Projects\ABP-Group\aspnet-core\src\ABPGroup.Application\Builds\Dto\PagedBuildJobResultRequestDto.cs(5,18): warning CS1591: Missing XML comment for publicly visible type or member 'PagedBuildJobResultRequestDto' [C:\Users\Nhlakanipho\Documents\Projects\ABP-Group\aspnet-core\src\ABPGroup.Application\ABPGroup.Application.csproj]
C:\Users\Nhlakanipho\Documents\Projects\ABP-Group\aspnet-core\src\ABPGroup.Application\Builds\Dto\PagedBuildJobResultRequestDto.cs(7,23): warning CS1591: Missing XML comment for publicly visible type or member 'PagedBuildJobResultRequestDto.Keyword' [C:\Users\Nhlakanipho\Documents\Projects\ABP-Group\aspnet-core\src\ABPGroup.Application\ABPGroup.Application.csproj]
C:\Users\Nhlakanipho\Documents\Projects\ABP-Group\aspnet-core\src\ABPGroup.Application\Builds\Dto\PagedGeneratedArtifactResultRequestDto.cs(5,18): warning CS1591: Missing XML comment for publicly visible type or member 'PagedGeneratedArtifactResultRequestDto' [C:\Users\Nhlakanipho\Documents\Projects\ABP-Group\aspnet-core\src\ABPGroup.Application\ABPGroup.Application.csproj]
C:\Users\Nhlakanipho\Documents\Projects\ABP-Group\aspnet-core\src\ABPGroup.Application\Builds\Dto\PagedGeneratedArtifactResultRequestDto.cs(7,23): warning CS1591: Missing XML comment for publicly visible type or member 'PagedGeneratedArtifactResultRequestDto.Keyword' [C:\Users\Nhlakanipho\Documents\Projects\ABP-Group\aspnet-core\src\ABPGroup.Application\ABPGroup.Application.csproj]
C:\Users\Nhlakanipho\Documents\Projects\ABP-Group\aspnet-core\src\ABPGroup.Application\Builds\GeneratedArtifactAppService.cs(19,16): warning CS1591: Missing XML comment for publicly visible type or member 'GeneratedArtifactAppService.GeneratedArtifactAppService(IRepository<GeneratedArtifact, long>)' [C:\Users\Nhlakanipho\Documents\Projects\ABP-Group\aspnet-core\src\ABPGroup.Application\ABPGroup.Application.csproj]
C:\Users\Nhlakanipho\Documents\Projects\ABP-Group\aspnet-core\src\ABPGroup.Application\Builds\GeneratedArtifactAppService.cs(26,58): warning CS1591: Missing XML comment for publicly visible type or member 'GeneratedArtifactAppService.CreateFilteredQuery(PagedGeneratedArtifactResultRequestDto)' [C:\Users\Nhlakanipho\Documents\Projects\ABP-Group\aspnet-core\src\ABPGroup.Application\ABPGroup.Application.csproj]
C:\Users\Nhlakanipho\Documents\Projects\ABP-Group\aspnet-core\src\ABPGroup.Application\Builds\GeneratedArtifactAppService.cs(33,58): warning CS1591: Missing XML comment for publicly visible type or member 'GeneratedArtifactAppService.ApplySorting(IQueryable<GeneratedArtifact>, PagedGeneratedArtifactResultRequestDto)' [C:\Users\Nhlakanipho\Documents\Projects\ABP-Group\aspnet-core\src\ABPGroup.Application\ABPGroup.Application.csproj]
C:\Users\Nhlakanipho\Documents\Projects\ABP-Group\aspnet-core\src\ABPGroup.Application\CodeGen\ClaudeApiClient.cs(13,14): warning CS1591: Missing XML comment for publicly visible type or member 'ClaudeApiClient' [C:\Users\Nhlakanipho\Documents\Projects\ABP-Group\aspnet-core\src\ABPGroup.Application\ABPGroup.Application.csproj]
C:\Users\Nhlakanipho\Documents\Projects\ABP-Group\aspnet-core\src\ABPGroup.Application\CodeGen\ClaudeApiClient.cs(17,20): warning CS1591: Missing XML comment for publicly visible type or member 'ClaudeApiClient.Logger' [C:\Users\Nhlakanipho\Documents\Projects\ABP-Group\aspnet-core\src\ABPGroup.Application\ABPGroup.Application.csproj]
C:\Users\Nhlakanipho\Documents\Projects\ABP-Group\aspnet-core\src\ABPGroup.Application\CodeGen\ClaudeApiClient.cs(19,12): warning CS1591: Missing XML comment for publicly visible type or member 'ClaudeApiClient.ClaudeApiClient(IHttpClientFactory, IConfiguration)' [C:\Users\Nhlakanipho\Documents\Projects\ABP-Group\aspnet-core\src\ABPGroup.Application\ABPGroup.Application.csproj]
C:\Users\Nhlakanipho\Documents\Projects\ABP-Group\aspnet-core\src\ABPGroup.Application\CodeGen\ClaudeApiClient.cs(26,31): warning CS1591: Missing XML comment for publicly visible type or member 'ClaudeApiClient.CallClaudeAsync(string, string)' [C:\Users\Nhlakanipho\Documents\Projects\ABP-Group\aspnet-core\src\ABPGroup.Application\ABPGroup.Application.csproj]
C:\Users\Nhlakanipho\Documents\Projects\ABP-Group\aspnet-core\src\ABPGroup.Application\CodeGen\CodeGenAppService.cs(37,12): warning CS1591: Missing XML comment for publicly visible type or member 'CodeGenAppService.CodeGenAppService(ICodeGenSessionManager, ICodeGenEngine, ICodeGenPlanner, ICodeGenRefiner, ICodeGenAiService, IRepository<Template, int>)' [C:\Users\Nhlakanipho\Documents\Projects\ABP-Group\aspnet-core\src\ABPGroup.Application\ABPGroup.Application.csproj]
C:\Users\Nhlakanipho\Documents\Projects\ABP-Group\aspnet-core\src\ABPGroup.Application\CodeGen\CodeGenAppService.cs(57,42): warning CS1591: Missing XML comment for publicly visible type or member 'CodeGenAppService.CreateSession(CreateSessionInput)' [C:\Users\Nhlakanipho\Documents\Projects\ABP-Group\aspnet-core\src\ABPGroup.Application\ABPGroup.Application.csproj]
C:\Users\Nhlakanipho\Documents\Projects\ABP-Group\aspnet-core\src\ABPGroup.Application\CodeGen\CodeGenAppService.cs(62,42): warning CS1591: Missing XML comment for publicly visible type or member 'CodeGenAppService.GetSession(string)' [C:\Users\Nhlakanipho\Documents\Projects\ABP-Group\aspnet-core\src\ABPGroup.Application\ABPGroup.Application.csproj]
C:\Users\Nhlakanipho\Documents\Projects\ABP-Group\aspnet-core\src\ABPGroup.Application\CodeGen\CodeGenAppService.cs(67,47): warning CS1591: Missing XML comment for publicly visible type or member 'CodeGenAppService.RecommendStack(string)' [C:\Users\Nhlakanipho\Documents\Projects\ABP-Group\aspnet-core\src\ABPGroup.Application\ABPGroup.Application.csproj]
C:\Users\Nhlakanipho\Documents\Projects\ABP-Group\aspnet-core\src\ABPGroup.Application\CodeGen\CodeGenAppService.cs(87,42): warning CS1591: Missing XML comment for publicly visible type or member 'CodeGenAppService.SaveStack(SaveStackInput)' [C:\Users\Nhlakanipho\Documents\Projects\ABP-Group\aspnet-core\src\ABPGroup.Application\ABPGroup.Application.csproj]
C:\Users\Nhlakanipho\Documents\Projects\ABP-Group\aspnet-core\src\ABPGroup.Application\CodeGen\CodeGenAppService.cs(97,42): warning CS1591: Missing XML comment for publicly visible type or member 'CodeGenAppService.GenerateSpec(string)' [C:\Users\Nhlakanipho\Documents\Projects\ABP-Group\aspnet-core\src\ABPGroup.Application\ABPGroup.Application.csproj]
C:\Users\Nhlakanipho\Documents\Projects\ABP-Group\aspnet-core\src\ABPGroup.Application\CodeGen\CodeGenAppService.cs(106,42): warning CS1591: Missing XML comment for publicly visible type or member 'CodeGenAppService.SaveSpec(SaveSpecInput)' [C:\Users\Nhlakanipho\Documents\Projects\ABP-Group\aspnet-core\src\ABPGroup.Application\ABPGroup.Application.csproj]
C:\Users\Nhlakanipho\Documents\Projects\ABP-Group\aspnet-core\src\ABPGroup.Application\CodeGen\CodeGenAppService.cs(117,42): warning CS1591: Missing XML comment for publicly visible type or member 'CodeGenAppService.ConfirmSpec(string)' [C:\Users\Nhlakanipho\Documents\Projects\ABP-Group\aspnet-core\src\ABPGroup.Application\ABPGroup.Application.csproj]
C:\Users\Nhlakanipho\Documents\Projects\ABP-Group\aspnet-core\src\ABPGroup.Application\CodeGen\CodeGenAppService.cs(127,42): warning CS1591: Missing XML comment for publicly visible type or member 'CodeGenAppService.Generate(string)' [C:\Users\Nhlakanipho\Documents\Projects\ABP-Group\aspnet-core\src\ABPGroup.Application\ABPGroup.Application.csproj]
C:\Users\Nhlakanipho\Documents\Projects\ABP-Group\aspnet-core\src\ABPGroup.Application\CodeGen\CodeGenAppService.cs(133,44): warning CS1591: Missing XML comment for publicly visible type or member 'CodeGenAppService.GetStatus(string)' [C:\Users\Nhlakanipho\Documents\Projects\ABP-Group\aspnet-core\src\ABPGroup.Application\ABPGroup.Application.csproj]
C:\Users\Nhlakanipho\Documents\Projects\ABP-Group\aspnet-core\src\ABPGroup.Application\CodeGen\CodeGenAppService.cs(144,42): warning CS1591: Missing XML comment for publicly visible type or member 'CodeGenAppService.Repair(TriggerRepairInput)' [C:\Users\Nhlakanipho\Documents\Projects\ABP-Group\aspnet-core\src\ABPGroup.Application\ABPGroup.Application.csproj]
C:\Users\Nhlakanipho\Documents\Projects\ABP-Group\aspnet-core\src\ABPGroup.Application\CodeGen\CodeGenAppService.cs(149,44): warning CS1591: Missing XML comment for publicly visible type or member 'CodeGenAppService.RefineSession(RefinementInputDto)' [C:\Users\Nhlakanipho\Documents\Projects\ABP-Group\aspnet-core\src\ABPGroup.Application\ABPGroup.Application.csproj]
C:\Users\Nhlakanipho\Documents\Projects\ABP-Group\aspnet-core\src\ABPGroup.Application\CodeGen\CodeGenAppService.cs(154,40): warning CS1591: Missing XML comment for publicly visible type or member 'CodeGenAppService.GenerateReadme(string)' [C:\Users\Nhlakanipho\Documents\Projects\ABP-Group\aspnet-core\src\ABPGroup.Application\ABPGroup.Application.csproj]
C:\Users\Nhlakanipho\Documents\Projects\ABP-Group\aspnet-core\src\ABPGroup.Application\CodeGen\CodeGenAppService.cs(159,42): warning CS1591: Missing XML comment for publicly visible type or member 'CodeGenAppService.ConfirmReadme(string)' [C:\Users\Nhlakanipho\Documents\Projects\ABP-Group\aspnet-core\src\ABPGroup.Application\ABPGroup.Application.csproj]
C:\Users\Nhlakanipho\Documents\Projects\ABP-Group\aspnet-core\src\ABPGroup.Application\CodeGen\CodeGenAppService.cs(164,42): warning CS1591: Missing XML comment for publicly visible type or member 'CodeGenAppService.ConfirmSpec(string, SaveSpecInput)' [C:\Users\Nhlakanipho\Documents\Projects\ABP-Group\aspnet-core\src\ABPGroup.Application\ABPGroup.Application.csproj]
C:\Users\Nhlakanipho\Documents\Projects\ABP-Group\aspnet-core\src\ABPGroup.Application\CodeGen\CodeGenAppService.cs(173,23): warning CS1591: Missing XML comment for publicly visible type or member 'CodeGenAppService.TriggerGeneration(string)' [C:\Users\Nhlakanipho\Documents\Projects\ABP-Group\aspnet-core\src\ABPGroup.Application\ABPGroup.Application.csproj]
C:\Users\Nhlakanipho\Documents\Projects\ABP-Group\aspnet-core\src\ABPGroup.Application\CodeGen\CodeGenAppService.cs(252,38): warning CS1591: Missing XML comment for publicly visible type or member 'CodeGenAppService.GenerateProjectAsync(CreateUpdateProjectDto, Func<string, Task>)' [C:\Users\Nhlakanipho\Documents\Projects\ABP-Group\aspnet-core\src\ABPGroup.Application\ABPGroup.Application.csproj]
C:\Users\Nhlakanipho\Documents\Projects\ABP-Group\aspnet-core\src\ABPGroup.Application\CodeGen\IClaudeApiClient.cs(6,18): warning CS1591: Missing XML comment for publicly visible type or member 'IClaudeApiClient' [C:\Users\Nhlakanipho\Documents\Projects\ABP-Group\aspnet-core\src\ABPGroup.Application\ABPGroup.Application.csproj]
C:\Users\Nhlakanipho\Documents\Projects\ABP-Group\aspnet-core\src\ABPGroup.Application\CodeGen\IClaudeApiClient.cs(8,18): warning CS1591: Missing XML comment for publicly visible type or member 'IClaudeApiClient.CallClaudeAsync(string, string)' [C:\Users\Nhlakanipho\Documents\Projects\ABP-Group\aspnet-core\src\ABPGroup.Application\ABPGroup.Application.csproj]
C:\Users\Nhlakanipho\Documents\Projects\ABP-Group\aspnet-core\src\ABPGroup.Application\CodeGen\ICodeGenService.cs(9,18): warning CS1591: Missing XML comment for publicly visible type or member 'ICodeGenAppService' [C:\Users\Nhlakanipho\Documents\Projects\ABP-Group\aspnet-core\src\ABPGroup.Application\ABPGroup.Application.csproj]
C:\Users\Nhlakanipho\Documents\Projects\ABP-Group\aspnet-core\src\ABPGroup.Application\CodeGen\ICodeGenService.cs(12,25): warning CS1591: Missing XML comment for publicly visible type or member 'ICodeGenAppService.GenerateProjectAsync(CreateUpdateProjectDto, Func<string, Task>)' [C:\Users\Nhlakanipho\Documents\Projects\ABP-Group\aspnet-core\src\ABPGroup.Application\ABPGroup.Application.csproj]
C:\Users\Nhlakanipho\Documents\Projects\ABP-Group\aspnet-core\src\ABPGroup.Application\CodeGen\ICodeGenService.cs(15,29): warning CS1591: Missing XML comment for publicly visible type or member 'ICodeGenAppService.CreateSession(CreateSessionInput)' [C:\Users\Nhlakanipho\Documents\Projects\ABP-Group\aspnet-core\src\ABPGroup.Application\ABPGroup.Application.csproj]
C:\Users\Nhlakanipho\Documents\Projects\ABP-Group\aspnet-core\src\ABPGroup.Application\CodeGen\ICodeGenService.cs(16,34): warning CS1591: Missing XML comment for publicly visible type or member 'ICodeGenAppService.RecommendStack(string)' [C:\Users\Nhlakanipho\Documents\Projects\ABP-Group\aspnet-core\src\ABPGroup.Application\ABPGroup.Application.csproj]
C:\Users\Nhlakanipho\Documents\Projects\ABP-Group\aspnet-core\src\ABPGroup.Application\CodeGen\ICodeGenService.cs(17,29): warning CS1591: Missing XML comment for publicly visible type or member 'ICodeGenAppService.SaveStack(SaveStackInput)' [C:\Users\Nhlakanipho\Documents\Projects\ABP-Group\aspnet-core\src\ABPGroup.Application\ABPGroup.Application.csproj]
C:\Users\Nhlakanipho\Documents\Projects\ABP-Group\aspnet-core\src\ABPGroup.Application\CodeGen\ICodeGenService.cs(18,29): warning CS1591: Missing XML comment for publicly visible type or member 'ICodeGenAppService.GenerateSpec(string)' [C:\Users\Nhlakanipho\Documents\Projects\ABP-Group\aspnet-core\src\ABPGroup.Application\ABPGroup.Application.csproj]
C:\Users\Nhlakanipho\Documents\Projects\ABP-Group\aspnet-core\src\ABPGroup.Application\CodeGen\ICodeGenService.cs(19,29): warning CS1591: Missing XML comment for publicly visible type or member 'ICodeGenAppService.SaveSpec(SaveSpecInput)' [C:\Users\Nhlakanipho\Documents\Projects\ABP-Group\aspnet-core\src\ABPGroup.Application\ABPGroup.Application.csproj]
C:\Users\Nhlakanipho\Documents\Projects\ABP-Group\aspnet-core\src\ABPGroup.Application\CodeGen\ICodeGenService.cs(20,29): warning CS1591: Missing XML comment for publicly visible type or member 'ICodeGenAppService.ConfirmSpec(string)' [C:\Users\Nhlakanipho\Documents\Projects\ABP-Group\aspnet-core\src\ABPGroup.Application\ABPGroup.Application.csproj]
C:\Users\Nhlakanipho\Documents\Projects\ABP-Group\aspnet-core\src\ABPGroup.Application\CodeGen\ICodeGenService.cs(21,29): warning CS1591: Missing XML comment for publicly visible type or member 'ICodeGenAppService.Generate(string)' [C:\Users\Nhlakanipho\Documents\Projects\ABP-Group\aspnet-core\src\ABPGroup.Application\ABPGroup.Application.csproj]
C:\Users\Nhlakanipho\Documents\Projects\ABP-Group\aspnet-core\src\ABPGroup.Application\CodeGen\ICodeGenService.cs(22,31): warning CS1591: Missing XML comment for publicly visible type or member 'ICodeGenAppService.GetStatus(string)' [C:\Users\Nhlakanipho\Documents\Projects\ABP-Group\aspnet-core\src\ABPGroup.Application\ABPGroup.Application.csproj]
C:\Users\Nhlakanipho\Documents\Projects\ABP-Group\aspnet-core\src\ABPGroup.Application\CodeGen\ICodeGenService.cs(23,29): warning CS1591: Missing XML comment for publicly visible type or member 'ICodeGenAppService.Repair(TriggerRepairInput)' [C:\Users\Nhlakanipho\Documents\Projects\ABP-Group\aspnet-core\src\ABPGroup.Application\ABPGroup.Application.csproj]
C:\Users\Nhlakanipho\Documents\Projects\ABP-Group\aspnet-core\src\ABPGroup.Application\CodeGen\ICodeGenService.cs(26,31): warning CS1591: Missing XML comment for publicly visible type or member 'ICodeGenAppService.RefineSession(RefinementInputDto)' [C:\Users\Nhlakanipho\Documents\Projects\ABP-Group\aspnet-core\src\ABPGroup.Application\ABPGroup.Application.csproj]
C:\Users\Nhlakanipho\Documents\Projects\ABP-Group\aspnet-core\src\ABPGroup.Application\CodeGen\ICodeGenService.cs(29,27): warning CS1591: Missing XML comment for publicly visible type or member 'ICodeGenAppService.GenerateReadme(string)' [C:\Users\Nhlakanipho\Documents\Projects\ABP-Group\aspnet-core\src\ABPGroup.Application\ABPGroup.Application.csproj]
C:\Users\Nhlakanipho\Documents\Projects\ABP-Group\aspnet-core\src\ABPGroup.Application\CodeGen\ICodeGenService.cs(30,29): warning CS1591: Missing XML comment for publicly visible type or member 'ICodeGenAppService.ConfirmReadme(string)' [C:\Users\Nhlakanipho\Documents\Projects\ABP-Group\aspnet-core\src\ABPGroup.Application\ABPGroup.Application.csproj]
C:\Users\Nhlakanipho\Documents\Projects\ABP-Group\aspnet-core\src\ABPGroup.Application\CodeGen\PromptTemplates\GeneratorPrompts.cs(7,21): warning CS1591: Missing XML comment for publicly visible type or member 'GeneratorPrompts' [C:\Users\Nhlakanipho\Documents\Projects\ABP-Group\aspnet-core\src\ABPGroup.Application\ABPGroup.Application.csproj]
C:\Users\Nhlakanipho\Documents\Projects\ABP-Group\aspnet-core\src\ABPGroup.Application\CodeGen\PromptTemplates\GeneratorPrompts.cs(117,26): warning CS1591: Missing XML comment for publicly visible type or member 'GeneratorPrompts.BuildCodeGenSystemPrompt(string, AppSpecDto, string, string, string)' [C:\Users\Nhlakanipho\Documents\Projects\ABP-Group\aspnet-core\src\ABPGroup.Application\ABPGroup.Application.csproj]
C:\Users\Nhlakanipho\Documents\Projects\ABP-Group\aspnet-core\src\ABPGroup.Application\CodeGen\PromptTemplates\GeneratorPrompts.cs(138,26): warning CS1591: Missing XML comment for publicly visible type or member 'GeneratorPrompts.BuildLayerUserPrompt(string, StringBuilder, string, string)' [C:\Users\Nhlakanipho\Documents\Projects\ABP-Group\aspnet-core\src\ABPGroup.Application\ABPGroup.Application.csproj]
C:\Users\Nhlakanipho\Documents\Projects\ABP-Group\aspnet-core\src\ABPGroup.Application\CodeGen\PromptTemplates\PlannerPrompts.cs(6,21): warning CS1591: Missing XML comment for publicly visible type or member 'PlannerPrompts' [C:\Users\Nhlakanipho\Documents\Projects\ABP-Group\aspnet-core\src\ABPGroup.Application\ABPGroup.Application.csproj]
C:\Users\Nhlakanipho\Documents\Projects\ABP-Group\aspnet-core\src\ABPGroup.Application\CodeGen\PromptTemplates\RefinementPrompts.cs(8,21): warning CS1591: Missing XML comment for publicly visible type or member 'RefinementPrompts' [C:\Users\Nhlakanipho\Documents\Projects\ABP-Group\aspnet-core\src\ABPGroup.Application\ABPGroup.Application.csproj]
C:\Users\Nhlakanipho\Documents\Projects\ABP-Group\aspnet-core\src\ABPGroup.Application\CodeGen\PromptTemplates\RefinementPrompts.cs(10,26): warning CS1591: Missing XML comment for publicly visible type or member 'RefinementPrompts.BuildDiffPrompt(string, AppSpecDto, List<GeneratedFileDto>, List<string>)' [C:\Users\Nhlakanipho\Documents\Projects\ABP-Group\aspnet-core\src\ABPGroup.Application\ABPGroup.Application.csproj]
C:\Users\Nhlakanipho\Documents\Projects\ABP-Group\aspnet-core\src\ABPGroup.Application\CodeGen\PromptTemplates\RepairPrompts.cs(9,21): warning CS1591: Missing XML comment for publicly visible type or member 'RepairPrompts' [C:\Users\Nhlakanipho\Documents\Projects\ABP-Group\aspnet-core\src\ABPGroup.Application\ABPGroup.Application.csproj]
C:\Users\Nhlakanipho\Documents\Projects\ABP-Group\aspnet-core\src\ABPGroup.Application\CodeGen\PromptTemplates\RepairPrompts.cs(13,26): warning CS1591: Missing XML comment for publicly visible type or member 'RepairPrompts.BuildRepairPrompt(List<ValidationResultDto>, AppSpecDto, List<GeneratedFileDto>, List<string>)' [C:\Users\Nhlakanipho\Documents\Projects\ABP-Group\aspnet-core\src\ABPGroup.Application\ABPGroup.Application.csproj]
C:\Users\Nhlakanipho\Documents\Projects\ABP-Group\aspnet-core\src\ABPGroup.Application\CodeGen\Services\CodeGenAiService.cs(13,14): warning CS1591: Missing XML comment for publicly visible type or member 'CodeGenAiService' [C:\Users\Nhlakanipho\Documents\Projects\ABP-Group\aspnet-core\src\ABPGroup.Application\ABPGroup.Application.csproj]
C:\Users\Nhlakanipho\Documents\Projects\ABP-Group\aspnet-core\src\ABPGroup.Application\CodeGen\Services\CodeGenAiService.cs(19,12): warning CS1591: Missing XML comment for publicly visible type or member 'CodeGenAiService.CodeGenAiService(IHttpClientFactory, IConfiguration, IClaudeApiClient)' [C:\Users\Nhlakanipho\Documents\Projects\ABP-Group\aspnet-core\src\ABPGroup.Application\ABPGroup.Application.csproj]
C:\Users\Nhlakanipho\Documents\Projects\ABP-Group\aspnet-core\src\ABPGroup.Application\CodeGen\Services\CodeGenAiService.cs(29,31): warning CS1591: Missing XML comment for publicly visible type or member 'CodeGenAiService.CallAiAsync(string, string)' [C:\Users\Nhlakanipho\Documents\Projects\ABP-Group\aspnet-core\src\ABPGroup.Application\ABPGroup.Application.csproj]
C:\Users\Nhlakanipho\Documents\Projects\ABP-Group\aspnet-core\src\ABPGroup.Application\CodeGen\Services\CodeGenEngine.cs(17,14): warning CS1591: Missing XML comment for publicly visible type or member 'CodeGenEngine' [C:\Users\Nhlakanipho\Documents\Projects\ABP-Group\aspnet-core\src\ABPGroup.Application\ABPGroup.Application.csproj]
C:\Users\Nhlakanipho\Documents\Projects\ABP-Group\aspnet-core\src\ABPGroup.Application\CodeGen\Services\CodeGenEngine.cs(24,12): warning CS1591: Missing XML comment for publicly visible type or member 'CodeGenEngine.CodeGenEngine(ICodeGenAiService, ICodeGenPlanner, ICodeGenScaffolder, IConfiguration)' [C:\Users\Nhlakanipho\Documents\Projects\ABP-Group\aspnet-core\src\ABPGroup.Application\ABPGroup.Application.csproj]
C:\Users\Nhlakanipho\Documents\Projects\ABP-Group\aspnet-core\src\ABPGroup.Application\CodeGen\Services\CodeGenEngine.cs(36,38): warning CS1591: Missing XML comment for publicly visible type or member 'CodeGenEngine.GenerateProjectAsync(CodeGenEngineInput, Func<string, Task>, string, AppSpecDto, string)' [C:\Users\Nhlakanipho\Documents\Projects\ABP-Group\aspnet-core\src\ABPGroup.Application\ABPGroup.Application.csproj]
C:\Users\Nhlakanipho\Documents\Projects\ABP-Group\aspnet-core\src\ABPGroup.Application\CodeGen\Services\CodeGenEngine.cs(108,31): warning CS1591: Missing XML comment for publicly visible type or member 'CodeGenEngine.GenerateLayerAsync(string, string, string, CodeGenEngineInput, StringBuilder, AppSpecDto, string, string, Func<string, Task>)' [C:\Users\Nhlakanipho\Documents\Projects\ABP-Group\aspnet-core\src\ABPGroup.Application\ABPGroup.Application.csproj]
C:\Users\Nhlakanipho\Documents\Projects\ABP-Group\aspnet-core\src\ABPGroup.Application\CodeGen\Services\CodeGenEngine.cs(127,19): warning CS1591: Missing XML comment for publicly visible type or member 'CodeGenEngine.BuildScaffoldBaseline(List<GeneratedFile>)' [C:\Users\Nhlakanipho\Documents\Projects\ABP-Group\aspnet-core\src\ABPGroup.Application\ABPGroup.Application.csproj]
C:\Users\Nhlakanipho\Documents\Projects\ABP-Group\aspnet-core\src\ABPGroup.Application\CodeGen\Services\CodeGenEngine.cs(153,38): warning CS1591: Missing XML comment for publicly visible type or member 'CodeGenEngine.BuildGenerationContext(string, CodeGenEngineInput, RequirementsSnapshot, string)' [C:\Users\Nhlakanipho\Documents\Projects\ABP-Group\aspnet-core\src\ABPGroup.Application\ABPGroup.Application.csproj]
C:\Users\Nhlakanipho\Documents\Projects\ABP-Group\aspnet-core\src\ABPGroup.Application\CodeGen\Services\CodeGenEngine.cs(180,17): warning CS1591: Missing XML comment for publicly visible type or member 'CodeGenEngine.MergeLayerResponse(CodeGenResult, string, bool)' [C:\Users\Nhlakanipho\Documents\Projects\ABP-Group\aspnet-core\src\ABPGroup.Application\ABPGroup.Application.csproj]
C:\Users\Nhlakanipho\Documents\Projects\ABP-Group\aspnet-core\src\ABPGroup.Application\CodeGen\Services\CodeGenPlanner.cs(16,14): warning CS1591: Missing XML comment for publicly visible type or member 'CodeGenPlanner' [C:\Users\Nhlakanipho\Documents\Projects\ABP-Group\aspnet-core\src\ABPGroup.Application\ABPGroup.Application.csproj]
C:\Users\Nhlakanipho\Documents\Projects\ABP-Group\aspnet-core\src\ABPGroup.Application\CodeGen\Services\CodeGenPlanner.cs(27,12): warning CS1591: Missing XML comment for publicly visible type or member 'CodeGenPlanner.CodeGenPlanner(ICodeGenAiService, ICodeGenSessionManager)' [C:\Users\Nhlakanipho\Documents\Projects\ABP-Group\aspnet-core\src\ABPGroup.Application\ABPGroup.Application.csproj]
C:\Users\Nhlakanipho\Documents\Projects\ABP-Group\aspnet-core\src\ABPGroup.Application\CodeGen\Services\CodeGenPlanner.cs(35,45): warning CS1591: Missing XML comment for publicly visible type or member 'CodeGenPlanner.LoadRequirementsSnapshotAsync(CodeGenEngineInput, AppSpecDto, string, Func<string, Task>)' [C:\Users\Nhlakanipho\Documents\Projects\ABP-Group\aspnet-core\src\ABPGroup.Application\ABPGroup.Application.csproj]
C:\Users\Nhlakanipho\Documents\Projects\ABP-Group\aspnet-core\src\ABPGroup.Application\CodeGen\Services\CodeGenPlanner.cs(50,45): warning CS1591: Missing XML comment for publicly visible type or member 'CodeGenPlanner.AnalyzeRequirementsAsync(CodeGenEngineInput, Func<string, Task>)' [C:\Users\Nhlakanipho\Documents\Projects\ABP-Group\aspnet-core\src\ABPGroup.Application\ABPGroup.Application.csproj]
C:\Users\Nhlakanipho\Documents\Projects\ABP-Group\aspnet-core\src\ABPGroup.Application\CodeGen\Services\CodeGenPlanner.cs(71,40): warning CS1591: Missing XML comment for publicly visible type or member 'CodeGenPlanner.GenerateReadmeAsync(string)' [C:\Users\Nhlakanipho\Documents\Projects\ABP-Group\aspnet-core\src\ABPGroup.Application\ABPGroup.Application.csproj]
C:\Users\Nhlakanipho\Documents\Projects\ABP-Group\aspnet-core\src\ABPGroup.Application\CodeGen\Services\CodeGenPlanner.cs(109,35): warning CS1591: Missing XML comment for publicly visible type or member 'CodeGenPlanner.GeneratePlanFromReadmeAsync(string, StackConfigDto, CodeGenSession, List<string>, List<string>)' [C:\Users\Nhlakanipho\Documents\Projects\ABP-Group\aspnet-core\src\ABPGroup.Application\ABPGroup.Application.csproj]
C:\Users\Nhlakanipho\Documents\Projects\ABP-Group\aspnet-core\src\ABPGroup.Application\CodeGen\Services\CodeGenPlanner.cs(147,33): warning CS1591: Missing XML comment for publicly visible type or member 'CodeGenPlanner.BuildRequirementsSnapshotFromPlan(AppSpecDto, string)' [C:\Users\Nhlakanipho\Documents\Projects\ABP-Group\aspnet-core\src\ABPGroup.Application\ABPGroup.Application.csproj]
C:\Users\Nhlakanipho\Documents\Projects\ABP-Group\aspnet-core\src\ABPGroup.Application\CodeGen\Services\CodeGenRefiner.cs(14,14): warning CS1591: Missing XML comment for publicly visible type or member 'CodeGenRefiner' [C:\Users\Nhlakanipho\Documents\Projects\ABP-Group\aspnet-core\src\ABPGroup.Application\ABPGroup.Application.csproj]
C:\Users\Nhlakanipho\Documents\Projects\ABP-Group\aspnet-core\src\ABPGroup.Application\CodeGen\Services\CodeGenRefiner.cs(26,12): warning CS1591: Missing XML comment for publicly visible type or member 'CodeGenRefiner.CodeGenRefiner(ICodeGenAiService, ICodeGenSessionManager, ICodeGenValidator)' [C:\Users\Nhlakanipho\Documents\Projects\ABP-Group\aspnet-core\src\ABPGroup.Application\ABPGroup.Application.csproj]
C:\Users\Nhlakanipho\Documents\Projects\ABP-Group\aspnet-core\src\ABPGroup.Application\CodeGen\Services\CodeGenRefiner.cs(36,42): warning CS1591: Missing XML comment for publicly visible type or member 'CodeGenRefiner.RepairAsync(TriggerRepairInput)' [C:\Users\Nhlakanipho\Documents\Projects\ABP-Group\aspnet-core\src\ABPGroup.Application\ABPGroup.Application.csproj]
C:\Users\Nhlakanipho\Documents\Projects\ABP-Group\aspnet-core\src\ABPGroup.Application\CodeGen\Services\CodeGenRefiner.cs(76,44): warning CS1591: Missing XML comment for publicly visible type or member 'CodeGenRefiner.RefineSessionAsync(RefinementInputDto)' [C:\Users\Nhlakanipho\Documents\Projects\ABP-Group\aspnet-core\src\ABPGroup.Application\ABPGroup.Application.csproj]
C:\Users\Nhlakanipho\Documents\Projects\ABP-Group\aspnet-core\src\ABPGroup.Application\CodeGen\Services\CodeGenScaffolder.cs(10,14): warning CS1591: Missing XML comment for publicly visible type or member 'CodeGenScaffolder' [C:\Users\Nhlakanipho\Documents\Projects\ABP-Group\aspnet-core\src\ABPGroup.Application\ABPGroup.Application.csproj]
C:\Users\Nhlakanipho\Documents\Projects\ABP-Group\aspnet-core\src\ABPGroup.Application\CodeGen\Services\CodeGenScaffolder.cs(12,19): warning CS1591: Missing XML comment for publicly visible type or member 'CodeGenScaffolder.FindTemplateDirectory(string, string)' [C:\Users\Nhlakanipho\Documents\Projects\ABP-Group\aspnet-core\src\ABPGroup.Application\ABPGroup.Application.csproj]
C:\Users\Nhlakanipho\Documents\Projects\ABP-Group\aspnet-core\src\ABPGroup.Application\CodeGen\Services\CodeGenScaffolder.cs(32,32): warning CS1591: Missing XML comment for publicly visible type or member 'CodeGenScaffolder.ReadScaffoldFiles(string)' [C:\Users\Nhlakanipho\Documents\Projects\ABP-Group\aspnet-core\src\ABPGroup.Application\ABPGroup.Application.csproj]
C:\Users\Nhlakanipho\Documents\Projects\ABP-Group\aspnet-core\src\ABPGroup.Application\CodeGen\Services\CodeGenScaffolder.cs(58,17): warning CS1591: Missing XML comment for publicly visible type or member 'CodeGenScaffolder.WriteFilesToDisk(List<GeneratedFile>, string)' [C:\Users\Nhlakanipho\Documents\Projects\ABP-Group\aspnet-core\src\ABPGroup.Application\ABPGroup.Application.csproj]
C:\Users\Nhlakanipho\Documents\Projects\ABP-Group\aspnet-core\src\ABPGroup.Application\CodeGen\Services\CodeGenScaffolder.cs(71,17): warning CS1591: Missing XML comment for publicly visible type or member 'CodeGenScaffolder.AddScaffoldFiles(List<GeneratedFile>, Framework, string)' [C:\Users\Nhlakanipho\Documents\Projects\ABP-Group\aspnet-core\src\ABPGroup.Application\ABPGroup.Application.csproj]
C:\Users\Nhlakanipho\Documents\Projects\ABP-Group\aspnet-core\src\ABPGroup.Application\CodeGen\Services\CodeGenScaffolder.cs(83,17): warning CS1591: Missing XML comment for publicly visible type or member 'CodeGenScaffolder.AddApprovedReadmeFile(List<GeneratedFile>, string)' [C:\Users\Nhlakanipho\Documents\Projects\ABP-Group\aspnet-core\src\ABPGroup.Application\ABPGroup.Application.csproj]
C:\Users\Nhlakanipho\Documents\Projects\ABP-Group\aspnet-core\src\ABPGroup.Application\CodeGen\Services\CodeGenSessionManager.cs(14,14): warning CS1591: Missing XML comment for publicly visible type or member 'CodeGenSessionManager' [C:\Users\Nhlakanipho\Documents\Projects\ABP-Group\aspnet-core\src\ABPGroup.Application\ABPGroup.Application.csproj]
C:\Users\Nhlakanipho\Documents\Projects\ABP-Group\aspnet-core\src\ABPGroup.Application\CodeGen\Services\CodeGenSessionManager.cs(27,12): warning CS1591: Missing XML comment for publicly visible type or member 'CodeGenSessionManager.CodeGenSessionManager(IRepository<CodeGenSession, Guid>, ICodeGenAiService)' [C:\Users\Nhlakanipho\Documents\Projects\ABP-Group\aspnet-core\src\ABPGroup.Application\ABPGroup.Application.csproj]
C:\Users\Nhlakanipho\Documents\Projects\ABP-Group\aspnet-core\src\ABPGroup.Application\CodeGen\Services\CodeGenSessionManager.cs(35,39): warning CS1591: Missing XML comment for publicly visible type or member 'CodeGenSessionManager.GetSessionAsync(string)' [C:\Users\Nhlakanipho\Documents\Projects\ABP-Group\aspnet-core\src\ABPGroup.Application\ABPGroup.Application.csproj]
C:\Users\Nhlakanipho\Documents\Projects\ABP-Group\aspnet-core\src\ABPGroup.Application\CodeGen\Services\CodeGenSessionManager.cs(57,42): warning CS1591: Missing XML comment for publicly visible type or member 'CodeGenSessionManager.GetSessionDtoAsync(string)' [C:\Users\Nhlakanipho\Documents\Projects\ABP-Group\aspnet-core\src\ABPGroup.Application\ABPGroup.Application.csproj]
C:\Users\Nhlakanipho\Documents\Projects\ABP-Group\aspnet-core\src\ABPGroup.Application\CodeGen\Services\CodeGenSessionManager.cs(63,23): warning CS1591: Missing XML comment for publicly visible type or member 'CodeGenSessionManager.SaveSessionAsync(CodeGenSession, bool)' [C:\Users\Nhlakanipho\Documents\Projects\ABP-Group\aspnet-core\src\ABPGroup.Application\ABPGroup.Application.csproj]
C:\Users\Nhlakanipho\Documents\Projects\ABP-Group\aspnet-core\src\ABPGroup.Application\CodeGen\Services\CodeGenSessionManager.cs(82,42): warning CS1591: Missing XML comment for publicly visible type or member 'CodeGenSessionManager.CreateSessionAsync(CreateSessionInput, long?)' [C:\Users\Nhlakanipho\Documents\Projects\ABP-Group\aspnet-core\src\ABPGroup.Application\ABPGroup.Application.csproj]
C:\Users\Nhlakanipho\Documents\Projects\ABP-Group\aspnet-core\src\ABPGroup.Application\CodeGen\Services\CodeGenSessionManager.cs(124,30): warning CS1591: Missing XML comment for publicly visible type or member 'CodeGenSessionManager.MapToDto(CodeGenSession)' [C:\Users\Nhlakanipho\Documents\Projects\ABP-Group\aspnet-core\src\ABPGroup.Application\ABPGroup.Application.csproj]
C:\Users\Nhlakanipho\Documents\Projects\ABP-Group\aspnet-core\src\ABPGroup.Application\CodeGen\Services\CodeGenValidator.cs(10,14): warning CS1591: Missing XML comment for publicly visible type or member 'CodeGenValidator' [C:\Users\Nhlakanipho\Documents\Projects\ABP-Group\aspnet-core\src\ABPGroup.Application\ABPGroup.Application.csproj]
C:\Users\Nhlakanipho\Documents\Projects\ABP-Group\aspnet-core\src\ABPGroup.Application\CodeGen\Services\CodeGenValidator.cs(12,38): warning CS1591: Missing XML comment for publicly visible type or member 'CodeGenValidator.EvaluateValidationResults(List<ValidationRuleDto>, List<GeneratedFile>, StackConfigDto)' [C:\Users\Nhlakanipho\Documents\Projects\ABP-Group\aspnet-core\src\ABPGroup.Application\ABPGroup.Application.csproj]
C:\Users\Nhlakanipho\Documents\Projects\ABP-Group\aspnet-core\src\ABPGroup.Application\CodeGen\Services\CodeGenValidator.cs(133,38): warning CS1591: Missing XML comment for publicly visible type or member 'CodeGenValidator.BuildInitialValidationResults(List<ValidationRuleDto>, StackConfigDto)' [C:\Users\Nhlakanipho\Documents\Projects\ABP-Group\aspnet-core\src\ABPGroup.Application\ABPGroup.Application.csproj]
C:\Users\Nhlakanipho\Documents\Projects\ABP-Group\aspnet-core\src\ABPGroup.Application\CodeGen\Services\CodeGenValidator.cs(186,38): warning CS1591: Missing XML comment for publicly visible type or member 'CodeGenValidator.BuildShellValidationResults(StackConfigDto, List<GeneratedFile>, HashSet<string>)' [C:\Users\Nhlakanipho\Documents\Projects\ABP-Group\aspnet-core\src\ABPGroup.Application\ABPGroup.Application.csproj]
C:\Users\Nhlakanipho\Documents\Projects\ABP-Group\aspnet-core\src\ABPGroup.Application\CodeGen\Services\CodeGenValidator.cs(254,38): warning CS1591: Missing XML comment for publicly visible type or member 'CodeGenValidator.BuildShellValidationPlaceholders(StackConfigDto)' [C:\Users\Nhlakanipho\Documents\Projects\ABP-Group\aspnet-core\src\ABPGroup.Application\ABPGroup.Application.csproj]
C:\Users\Nhlakanipho\Documents\Projects\ABP-Group\aspnet-core\src\ABPGroup.Application\Configuration\ConfigurationAppService.cs(9,14): warning CS1591: Missing XML comment for publicly visible type or member 'ConfigurationAppService' [C:\Users\Nhlakanipho\Documents\Projects\ABP-Group\aspnet-core\src\ABPGroup.Application\ABPGroup.Application.csproj]
C:\Users\Nhlakanipho\Documents\Projects\ABP-Group\aspnet-core\src\ABPGroup.Application\Configuration\ConfigurationAppService.cs(11,23): warning CS1591: Missing XML comment for publicly visible type or member 'ConfigurationAppService.ChangeUiTheme(ChangeUiThemeInput)' [C:\Users\Nhlakanipho\Documents\Projects\ABP-Group\aspnet-core\src\ABPGroup.Application\ABPGroup.Application.csproj]
C:\Users\Nhlakanipho\Documents\Projects\ABP-Group\aspnet-core\src\ABPGroup.Application\Configuration\Dto\ChangeUiThemeInput.cs(5,14): warning CS1591: Missing XML comment for publicly visible type or member 'ChangeUiThemeInput' [C:\Users\Nhlakanipho\Documents\Projects\ABP-Group\aspnet-core\src\ABPGroup.Application\ABPGroup.Application.csproj]
C:\Users\Nhlakanipho\Documents\Projects\ABP-Group\aspnet-core\src\ABPGroup.Application\Configuration\Dto\ChangeUiThemeInput.cs(9,19): warning CS1591: Missing XML comment for publicly visible type or member 'ChangeUiThemeInput.Theme' [C:\Users\Nhlakanipho\Documents\Projects\ABP-Group\aspnet-core\src\ABPGroup.Application\ABPGroup.Application.csproj]
C:\Users\Nhlakanipho\Documents\Projects\ABP-Group\aspnet-core\src\ABPGroup.Application\Configuration\IConfigurationAppService.cs(6,18): warning CS1591: Missing XML comment for publicly visible type or member 'IConfigurationAppService' [C:\Users\Nhlakanipho\Documents\Projects\ABP-Group\aspnet-core\src\ABPGroup.Application\ABPGroup.Application.csproj]
C:\Users\Nhlakanipho\Documents\Projects\ABP-Group\aspnet-core\src\ABPGroup.Application\Configuration\IConfigurationAppService.cs(8,10): warning CS1591: Missing XML comment for publicly visible type or member 'IConfigurationAppService.ChangeUiTheme(ChangeUiThemeInput)' [C:\Users\Nhlakanipho\Documents\Projects\ABP-Group\aspnet-core\src\ABPGroup.Application\ABPGroup.Application.csproj]
C:\Users\Nhlakanipho\Documents\Projects\ABP-Group\aspnet-core\src\ABPGroup.Application\Configuration\Ui\UiThemeInfo.cs(3,14): warning CS1591: Missing XML comment for publicly visible type or member 'UiThemeInfo' [C:\Users\Nhlakanipho\Documents\Projects\ABP-Group\aspnet-core\src\ABPGroup.Application\ABPGroup.Application.csproj]
C:\Users\Nhlakanipho\Documents\Projects\ABP-Group\aspnet-core\src\ABPGroup.Application\Configuration\Ui\UiThemeInfo.cs(5,19): warning CS1591: Missing XML comment for publicly visible type or member 'UiThemeInfo.Name' [C:\Users\Nhlakanipho\Documents\Projects\ABP-Group\aspnet-core\src\ABPGroup.Application\ABPGroup.Application.csproj]
C:\Users\Nhlakanipho\Documents\Projects\ABP-Group\aspnet-core\src\ABPGroup.Application\Configuration\Ui\UiThemeInfo.cs(6,19): warning CS1591: Missing XML comment for publicly visible type or member 'UiThemeInfo.CssClass' [C:\Users\Nhlakanipho\Documents\Projects\ABP-Group\aspnet-core\src\ABPGroup.Application\ABPGroup.Application.csproj]
C:\Users\Nhlakanipho\Documents\Projects\ABP-Group\aspnet-core\src\ABPGroup.Application\Configuration\Ui\UiThemeInfo.cs(8,12): warning CS1591: Missing XML comment for publicly visible type or member 'UiThemeInfo.UiThemeInfo(string, string)' [C:\Users\Nhlakanipho\Documents\Projects\ABP-Group\aspnet-core\src\ABPGroup.Application\ABPGroup.Application.csproj]
C:\Users\Nhlakanipho\Documents\Projects\ABP-Group\aspnet-core\src\ABPGroup.Application\Configuration\Ui\UiThemes.cs(5,21): warning CS1591: Missing XML comment for publicly visible type or member 'UiThemes' [C:\Users\Nhlakanipho\Documents\Projects\ABP-Group\aspnet-core\src\ABPGroup.Application\ABPGroup.Application.csproj]
C:\Users\Nhlakanipho\Documents\Projects\ABP-Group\aspnet-core\src\ABPGroup.Application\Configuration\Ui\UiThemes.cs(7,37): warning CS1591: Missing XML comment for publicly visible type or member 'UiThemes.All' [C:\Users\Nhlakanipho\Documents\Projects\ABP-Group\aspnet-core\src\ABPGroup.Application\ABPGroup.Application.csproj]
C:\Users\Nhlakanipho\Documents\Projects\ABP-Group\aspnet-core\src\ABPGroup.Application\Deployments\DeploymentAppService.cs(19,16): warning CS1591: Missing XML comment for publicly visible type or member 'DeploymentAppService.DeploymentAppService(IRepository<Deployment, long>)' [C:\Users\Nhlakanipho\Documents\Projects\ABP-Group\aspnet-core\src\ABPGroup.Application\ABPGroup.Application.csproj]
C:\Users\Nhlakanipho\Documents\Projects\ABP-Group\aspnet-core\src\ABPGroup.Application\Deployments\DeploymentAppService.cs(26,51): warning CS1591: Missing XML comment for publicly visible type or member 'DeploymentAppService.CreateFilteredQuery(PagedDeploymentResultRequestDto)' [C:\Users\Nhlakanipho\Documents\Projects\ABP-Group\aspnet-core\src\ABPGroup.Application\ABPGroup.Application.csproj]
C:\Users\Nhlakanipho\Documents\Projects\ABP-Group\aspnet-core\src\ABPGroup.Application\Deployments\DeploymentAppService.cs(33,51): warning CS1591: Missing XML comment for publicly visible type or member 'DeploymentAppService.ApplySorting(IQueryable<Deployment>, PagedDeploymentResultRequestDto)' [C:\Users\Nhlakanipho\Documents\Projects\ABP-Group\aspnet-core\src\ABPGroup.Application\ABPGroup.Application.csproj]
C:\Users\Nhlakanipho\Documents\Projects\ABP-Group\aspnet-core\src\ABPGroup.Application\Deployments\DeploymentLogAppService.cs(19,16): warning CS1591: Missing XML comment for publicly visible type or member 'DeploymentLogAppService.DeploymentLogAppService(IRepository<DeploymentLog, long>)' [C:\Users\Nhlakanipho\Documents\Projects\ABP-Group\aspnet-core\src\ABPGroup.Application\ABPGroup.Application.csproj]
C:\Users\Nhlakanipho\Documents\Projects\ABP-Group\aspnet-core\src\ABPGroup.Application\Deployments\DeploymentLogAppService.cs(26,54): warning CS1591: Missing XML comment for publicly visible type or member 'DeploymentLogAppService.CreateFilteredQuery(PagedDeploymentLogResultRequestDto)' [C:\Users\Nhlakanipho\Documents\Projects\ABP-Group\aspnet-core\src\ABPGroup.Application\ABPGroup.Application.csproj]
C:\Users\Nhlakanipho\Documents\Projects\ABP-Group\aspnet-core\src\ABPGroup.Application\Deployments\DeploymentLogAppService.cs(33,54): warning CS1591: Missing XML comment for publicly visible type or member 'DeploymentLogAppService.ApplySorting(IQueryable<DeploymentLog>, PagedDeploymentLogResultRequestDto)' [C:\Users\Nhlakanipho\Documents\Projects\ABP-Group\aspnet-core\src\ABPGroup.Application\ABPGroup.Application.csproj]
C:\Users\Nhlakanipho\Documents\Projects\ABP-Group\aspnet-core\src\ABPGroup.Application\Deployments\DeploymentMapProfile.cs(11,16): warning CS1591: Missing XML comment for publicly visible type or member 'DeploymentMapProfile.DeploymentMapProfile()' [C:\Users\Nhlakanipho\Documents\Projects\ABP-Group\aspnet-core\src\ABPGroup.Application\ABPGroup.Application.csproj]
C:\Users\Nhlakanipho\Documents\Projects\ABP-Group\aspnet-core\src\ABPGroup.Application\Deployments\Dto\CreateUpdateDeploymentDto.cs(6,18): warning CS1591: Missing XML comment for publicly visible type or member 'CreateUpdateDeploymentDto' [C:\Users\Nhlakanipho\Documents\Projects\ABP-Group\aspnet-core\src\ABPGroup.Application\ABPGroup.Application.csproj]
C:\Users\Nhlakanipho\Documents\Projects\ABP-Group\aspnet-core\src\ABPGroup.Application\Deployments\Dto\CreateUpdateDeploymentDto.cs(8,21): warning CS1591: Missing XML comment for publicly visible type or member 'CreateUpdateDeploymentDto.ProjectId' [C:\Users\Nhlakanipho\Documents\Projects\ABP-Group\aspnet-core\src\ABPGroup.Application\ABPGroup.Application.csproj]
C:\Users\Nhlakanipho\Documents\Projects\ABP-Group\aspnet-core\src\ABPGroup.Application\Deployments\Dto\CreateUpdateDeploymentDto.cs(10,21): warning CS1591: Missing XML comment for publicly visible type or member 'CreateUpdateDeploymentDto.ProjectRepositoryId' [C:\Users\Nhlakanipho\Documents\Projects\ABP-Group\aspnet-core\src\ABPGroup.Application\ABPGroup.Application.csproj]
C:\Users\Nhlakanipho\Documents\Projects\ABP-Group\aspnet-core\src\ABPGroup.Application\Deployments\Dto\CreateUpdateDeploymentDto.cs(12,33): warning CS1591: Missing XML comment for publicly visible type or member 'CreateUpdateDeploymentDto.Target' [C:\Users\Nhlakanipho\Documents\Projects\ABP-Group\aspnet-core\src\ABPGroup.Application\ABPGroup.Application.csproj]
C:\Users\Nhlakanipho\Documents\Projects\ABP-Group\aspnet-core\src\ABPGroup.Application\Deployments\Dto\CreateUpdateDeploymentDto.cs(15,23): warning CS1591: Missing XML comment for publicly visible type or member 'CreateUpdateDeploymentDto.EnvironmentName' [C:\Users\Nhlakanipho\Documents\Projects\ABP-Group\aspnet-core\src\ABPGroup.Application\ABPGroup.Application.csproj]
C:\Users\Nhlakanipho\Documents\Projects\ABP-Group\aspnet-core\src\ABPGroup.Application\Deployments\Dto\CreateUpdateDeploymentDto.cs(17,33): warning CS1591: Missing XML comment for publicly visible type or member 'CreateUpdateDeploymentDto.Status' [C:\Users\Nhlakanipho\Documents\Projects\ABP-Group\aspnet-core\src\ABPGroup.Application\ABPGroup.Application.csproj]
C:\Users\Nhlakanipho\Documents\Projects\ABP-Group\aspnet-core\src\ABPGroup.Application\Deployments\Dto\CreateUpdateDeploymentDto.cs(20,23): warning CS1591: Missing XML comment for publicly visible type or member 'CreateUpdateDeploymentDto.Url' [C:\Users\Nhlakanipho\Documents\Projects\ABP-Group\aspnet-core\src\ABPGroup.Application\ABPGroup.Application.csproj]
C:\Users\Nhlakanipho\Documents\Projects\ABP-Group\aspnet-core\src\ABPGroup.Application\Deployments\Dto\CreateUpdateDeploymentDto.cs(23,23): warning CS1591: Missing XML comment for publicly visible type or member 'CreateUpdateDeploymentDto.ProviderDeploymentId' [C:\Users\Nhlakanipho\Documents\Projects\ABP-Group\aspnet-core\src\ABPGroup.Application\ABPGroup.Application.csproj]
C:\Users\Nhlakanipho\Documents\Projects\ABP-Group\aspnet-core\src\ABPGroup.Application\Deployments\Dto\DeploymentDto.cs(6,18): warning CS1591: Missing XML comment for publicly visible type or member 'DeploymentDto' [C:\Users\Nhlakanipho\Documents\Projects\ABP-Group\aspnet-core\src\ABPGroup.Application\ABPGroup.Application.csproj]
C:\Users\Nhlakanipho\Documents\Projects\ABP-Group\aspnet-core\src\ABPGroup.Application\Deployments\Dto\DeploymentDto.cs(8,21): warning CS1591: Missing XML comment for publicly visible type or member 'DeploymentDto.ProjectId' [C:\Users\Nhlakanipho\Documents\Projects\ABP-Group\aspnet-core\src\ABPGroup.Application\ABPGroup.Application.csproj]
C:\Users\Nhlakanipho\Documents\Projects\ABP-Group\aspnet-core\src\ABPGroup.Application\Deployments\Dto\DeploymentDto.cs(9,21): warning CS1591: Missing XML comment for publicly visible type or member 'DeploymentDto.ProjectRepositoryId' [C:\Users\Nhlakanipho\Documents\Projects\ABP-Group\aspnet-core\src\ABPGroup.Application\ABPGroup.Application.csproj]
C:\Users\Nhlakanipho\Documents\Projects\ABP-Group\aspnet-core\src\ABPGroup.Application\Deployments\Dto\DeploymentDto.cs(10,33): warning CS1591: Missing XML comment for publicly visible type or member 'DeploymentDto.Target' [C:\Users\Nhlakanipho\Documents\Projects\ABP-Group\aspnet-core\src\ABPGroup.Application\ABPGroup.Application.csproj]
C:\Users\Nhlakanipho\Documents\Projects\ABP-Group\aspnet-core\src\ABPGroup.Application\Deployments\Dto\DeploymentDto.cs(11,23): warning CS1591: Missing XML comment for publicly visible type or member 'DeploymentDto.EnvironmentName' [C:\Users\Nhlakanipho\Documents\Projects\ABP-Group\aspnet-core\src\ABPGroup.Application\ABPGroup.Application.csproj]
C:\Users\Nhlakanipho\Documents\Projects\ABP-Group\aspnet-core\src\ABPGroup.Application\Deployments\Dto\DeploymentDto.cs(12,33): warning CS1591: Missing XML comment for publicly visible type or member 'DeploymentDto.Status' [C:\Users\Nhlakanipho\Documents\Projects\ABP-Group\aspnet-core\src\ABPGroup.Application\ABPGroup.Application.csproj]
C:\Users\Nhlakanipho\Documents\Projects\ABP-Group\aspnet-core\src\ABPGroup.Application\Deployments\Dto\DeploymentDto.cs(13,23): warning CS1591: Missing XML comment for publicly visible type or member 'DeploymentDto.Url' [C:\Users\Nhlakanipho\Documents\Projects\ABP-Group\aspnet-core\src\ABPGroup.Application\ABPGroup.Application.csproj]
C:\Users\Nhlakanipho\Documents\Projects\ABP-Group\aspnet-core\src\ABPGroup.Application\Deployments\Dto\DeploymentDto.cs(14,23): warning CS1591: Missing XML comment for publicly visible type or member 'DeploymentDto.ProviderDeploymentId' [C:\Users\Nhlakanipho\Documents\Projects\ABP-Group\aspnet-core\src\ABPGroup.Application\ABPGroup.Application.csproj]
C:\Users\Nhlakanipho\Documents\Projects\ABP-Group\aspnet-core\src\ABPGroup.Application\Deployments\Dto\DeploymentDto.cs(15,26): warning CS1591: Missing XML comment for publicly visible type or member 'DeploymentDto.TriggeredAt' [C:\Users\Nhlakanipho\Documents\Projects\ABP-Group\aspnet-core\src\ABPGroup.Application\ABPGroup.Application.csproj]
C:\Users\Nhlakanipho\Documents\Projects\ABP-Group\aspnet-core\src\ABPGroup.Application\Deployments\Dto\DeploymentDto.cs(16,26): warning CS1591: Missing XML comment for publicly visible type or member 'DeploymentDto.CompletedAt' [C:\Users\Nhlakanipho\Documents\Projects\ABP-Group\aspnet-core\src\ABPGroup.Application\ABPGroup.Application.csproj]
C:\Users\Nhlakanipho\Documents\Projects\ABP-Group\aspnet-core\src\ABPGroup.Application\Deployments\Dto\DeploymentDto.cs(17,23): warning CS1591: Missing XML comment for publicly visible type or member 'DeploymentDto.ErrorMessage' [C:\Users\Nhlakanipho\Documents\Projects\ABP-Group\aspnet-core\src\ABPGroup.Application\ABPGroup.Application.csproj]
C:\Users\Nhlakanipho\Documents\Projects\ABP-Group\aspnet-core\src\ABPGroup.Application\Deployments\Dto\DeploymentLogDto.cs(6,18): warning CS1591: Missing XML comment for publicly visible type or member 'DeploymentLogDto' [C:\Users\Nhlakanipho\Documents\Projects\ABP-Group\aspnet-core\src\ABPGroup.Application\ABPGroup.Application.csproj]
C:\Users\Nhlakanipho\Documents\Projects\ABP-Group\aspnet-core\src\ABPGroup.Application\Deployments\Dto\DeploymentLogDto.cs(8,21): warning CS1591: Missing XML comment for publicly visible type or member 'DeploymentLogDto.DeploymentId' [C:\Users\Nhlakanipho\Documents\Projects\ABP-Group\aspnet-core\src\ABPGroup.Application\ABPGroup.Application.csproj]
C:\Users\Nhlakanipho\Documents\Projects\ABP-Group\aspnet-core\src\ABPGroup.Application\Deployments\Dto\DeploymentLogDto.cs(9,25): warning CS1591: Missing XML comment for publicly visible type or member 'DeploymentLogDto.Level' [C:\Users\Nhlakanipho\Documents\Projects\ABP-Group\aspnet-core\src\ABPGroup.Application\ABPGroup.Application.csproj]
C:\Users\Nhlakanipho\Documents\Projects\ABP-Group\aspnet-core\src\ABPGroup.Application\Deployments\Dto\DeploymentLogDto.cs(10,23): warning CS1591: Missing XML comment for publicly visible type or member 'DeploymentLogDto.Message' [C:\Users\Nhlakanipho\Documents\Projects\ABP-Group\aspnet-core\src\ABPGroup.Application\ABPGroup.Application.csproj]
C:\Users\Nhlakanipho\Documents\Projects\ABP-Group\aspnet-core\src\ABPGroup.Application\Deployments\Dto\DeploymentLogDto.cs(11,25): warning CS1591: Missing XML comment for publicly visible type or member 'DeploymentLogDto.Timestamp' [C:\Users\Nhlakanipho\Documents\Projects\ABP-Group\aspnet-core\src\ABPGroup.Application\ABPGroup.Application.csproj]
C:\Users\Nhlakanipho\Documents\Projects\ABP-Group\aspnet-core\src\ABPGroup.Application\Deployments\Dto\DeploymentLogDto.cs(12,23): warning CS1591: Missing XML comment for publicly visible type or member 'DeploymentLogDto.Source' [C:\Users\Nhlakanipho\Documents\Projects\ABP-Group\aspnet-core\src\ABPGroup.Application\ABPGroup.Application.csproj]
C:\Users\Nhlakanipho\Documents\Projects\ABP-Group\aspnet-core\src\ABPGroup.Application\Deployments\Dto\DeploymentLogDto.cs(13,23): warning CS1591: Missing XML comment for publicly visible type or member 'DeploymentLogDto.MetadataJson' [C:\Users\Nhlakanipho\Documents\Projects\ABP-Group\aspnet-core\src\ABPGroup.Application\ABPGroup.Application.csproj]
C:\Users\Nhlakanipho\Documents\Projects\ABP-Group\aspnet-core\src\ABPGroup.Application\Deployments\Dto\PagedDeploymentLogResultRequestDto.cs(5,18): warning CS1591: Missing XML comment for publicly visible type or member 'PagedDeploymentLogResultRequestDto' [C:\Users\Nhlakanipho\Documents\Projects\ABP-Group\aspnet-core\src\ABPGroup.Application\ABPGroup.Application.csproj]
C:\Users\Nhlakanipho\Documents\Projects\ABP-Group\aspnet-core\src\ABPGroup.Application\Deployments\Dto\PagedDeploymentLogResultRequestDto.cs(7,23): warning CS1591: Missing XML comment for publicly visible type or member 'PagedDeploymentLogResultRequestDto.Keyword' [C:\Users\Nhlakanipho\Documents\Projects\ABP-Group\aspnet-core\src\ABPGroup.Application\ABPGroup.Application.csproj]
C:\Users\Nhlakanipho\Documents\Projects\ABP-Group\aspnet-core\src\ABPGroup.Application\Deployments\Dto\PagedDeploymentResultRequestDto.cs(5,18): warning CS1591: Missing XML comment for publicly visible type or member 'PagedDeploymentResultRequestDto' [C:\Users\Nhlakanipho\Documents\Projects\ABP-Group\aspnet-core\src\ABPGroup.Application\ABPGroup.Application.csproj]
C:\Users\Nhlakanipho\Documents\Projects\ABP-Group\aspnet-core\src\ABPGroup.Application\Deployments\Dto\PagedDeploymentResultRequestDto.cs(7,23): warning CS1591: Missing XML comment for publicly visible type or member 'PagedDeploymentResultRequestDto.Keyword' [C:\Users\Nhlakanipho\Documents\Projects\ABP-Group\aspnet-core\src\ABPGroup.Application\ABPGroup.Application.csproj]
C:\Users\Nhlakanipho\Documents\Projects\ABP-Group\aspnet-core\src\ABPGroup.Application\Deployments\IDeploymentAppService.cs(6,22): warning CS1591: Missing XML comment for publicly visible type or member 'IDeploymentAppService' [C:\Users\Nhlakanipho\Documents\Projects\ABP-Group\aspnet-core\src\ABPGroup.Application\ABPGroup.Application.csproj]
C:\Users\Nhlakanipho\Documents\Projects\ABP-Group\aspnet-core\src\ABPGroup.Application\Git\Dto\CreateUpdateGitProfileDto.cs(6,18): warning CS1591: Missing XML comment for publicly visible type or member 'CreateUpdateGitProfileDto' [C:\Users\Nhlakanipho\Documents\Projects\ABP-Group\aspnet-core\src\ABPGroup.Application\ABPGroup.Application.csproj]
C:\Users\Nhlakanipho\Documents\Projects\ABP-Group\aspnet-core\src\ABPGroup.Application\Git\Dto\CreateUpdateGitProfileDto.cs(8,28): warning CS1591: Missing XML comment for publicly visible type or member 'CreateUpdateGitProfileDto.Provider' [C:\Users\Nhlakanipho\Documents\Projects\ABP-Group\aspnet-core\src\ABPGroup.Application\ABPGroup.Application.csproj]
C:\Users\Nhlakanipho\Documents\Projects\ABP-Group\aspnet-core\src\ABPGroup.Application\Git\Dto\CreateUpdateGitProfileDto.cs(12,23): warning CS1591: Missing XML comment for publicly visible type or member 'CreateUpdateGitProfileDto.ProviderUserId' [C:\Users\Nhlakanipho\Documents\Projects\ABP-Group\aspnet-core\src\ABPGroup.Application\ABPGroup.Application.csproj]
C:\Users\Nhlakanipho\Documents\Projects\ABP-Group\aspnet-core\src\ABPGroup.Application\Git\Dto\CreateUpdateGitProfileDto.cs(16,23): warning CS1591: Missing XML comment for publicly visible type or member 'CreateUpdateGitProfileDto.Username' [C:\Users\Nhlakanipho\Documents\Projects\ABP-Group\aspnet-core\src\ABPGroup.Application\ABPGroup.Application.csproj]
C:\Users\Nhlakanipho\Documents\Projects\ABP-Group\aspnet-core\src\ABPGroup.Application\Git\Dto\CreateUpdateGitProfileDto.cs(19,23): warning CS1591: Missing XML comment for publicly visible type or member 'CreateUpdateGitProfileDto.AvatarUrl' [C:\Users\Nhlakanipho\Documents\Projects\ABP-Group\aspnet-core\src\ABPGroup.Application\ABPGroup.Application.csproj]
C:\Users\Nhlakanipho\Documents\Projects\ABP-Group\aspnet-core\src\ABPGroup.Application\Git\Dto\CreateUpdateGitProfileDto.cs(22,23): warning CS1591: Missing XML comment for publicly visible type or member 'CreateUpdateGitProfileDto.AccessToken' [C:\Users\Nhlakanipho\Documents\Projects\ABP-Group\aspnet-core\src\ABPGroup.Application\ABPGroup.Application.csproj]
C:\Users\Nhlakanipho\Documents\Projects\ABP-Group\aspnet-core\src\ABPGroup.Application\Git\Dto\CreateUpdateGitProfileDto.cs(24,21): warning CS1591: Missing XML comment for publicly visible type or member 'CreateUpdateGitProfileDto.IsConnected' [C:\Users\Nhlakanipho\Documents\Projects\ABP-Group\aspnet-core\src\ABPGroup.Application\ABPGroup.Application.csproj]
C:\Users\Nhlakanipho\Documents\Projects\ABP-Group\aspnet-core\src\ABPGroup.Application\Git\Dto\CreateUpdateProjectRepositoryDto.cs(6,18): warning CS1591: Missing XML comment for publicly visible type or member 'CreateUpdateProjectRepositoryDto' [C:\Users\Nhlakanipho\Documents\Projects\ABP-Group\aspnet-core\src\ABPGroup.Application\ABPGroup.Application.csproj]
C:\Users\Nhlakanipho\Documents\Projects\ABP-Group\aspnet-core\src\ABPGroup.Application\Git\Dto\CreateUpdateProjectRepositoryDto.cs(8,21): warning CS1591: Missing XML comment for publicly visible type or member 'CreateUpdateProjectRepositoryDto.ProjectId' [C:\Users\Nhlakanipho\Documents\Projects\ABP-Group\aspnet-core\src\ABPGroup.Application\ABPGroup.Application.csproj]
C:\Users\Nhlakanipho\Documents\Projects\ABP-Group\aspnet-core\src\ABPGroup.Application\Git\Dto\CreateUpdateProjectRepositoryDto.cs(10,28): warning CS1591: Missing XML comment for publicly visible type or member 'CreateUpdateProjectRepositoryDto.Provider' [C:\Users\Nhlakanipho\Documents\Projects\ABP-Group\aspnet-core\src\ABPGroup.Application\ABPGroup.Application.csproj]
C:\Users\Nhlakanipho\Documents\Projects\ABP-Group\aspnet-core\src\ABPGroup.Application\Git\Dto\CreateUpdateProjectRepositoryDto.cs(14,23): warning CS1591: Missing XML comment for publicly visible type or member 'CreateUpdateProjectRepositoryDto.Owner' [C:\Users\Nhlakanipho\Documents\Projects\ABP-Group\aspnet-core\src\ABPGroup.Application\ABPGroup.Application.csproj]
C:\Users\Nhlakanipho\Documents\Projects\ABP-Group\aspnet-core\src\ABPGroup.Application\Git\Dto\CreateUpdateProjectRepositoryDto.cs(18,23): warning CS1591: Missing XML comment for publicly visible type or member 'CreateUpdateProjectRepositoryDto.Name' [C:\Users\Nhlakanipho\Documents\Projects\ABP-Group\aspnet-core\src\ABPGroup.Application\ABPGroup.Application.csproj]
C:\Users\Nhlakanipho\Documents\Projects\ABP-Group\aspnet-core\src\ABPGroup.Application\Git\Dto\CreateUpdateProjectRepositoryDto.cs(22,23): warning CS1591: Missing XML comment for publicly visible type or member 'CreateUpdateProjectRepositoryDto.FullName' [C:\Users\Nhlakanipho\Documents\Projects\ABP-Group\aspnet-core\src\ABPGroup.Application\ABPGroup.Application.csproj]
C:\Users\Nhlakanipho\Documents\Projects\ABP-Group\aspnet-core\src\ABPGroup.Application\Git\Dto\CreateUpdateProjectRepositoryDto.cs(25,23): warning CS1591: Missing XML comment for publicly visible type or member 'CreateUpdateProjectRepositoryDto.DefaultBranch' [C:\Users\Nhlakanipho\Documents\Projects\ABP-Group\aspnet-core\src\ABPGroup.Application\ABPGroup.Application.csproj]
C:\Users\Nhlakanipho\Documents\Projects\ABP-Group\aspnet-core\src\ABPGroup.Application\Git\Dto\CreateUpdateProjectRepositoryDto.cs(27,37): warning CS1591: Missing XML comment for publicly visible type or member 'CreateUpdateProjectRepositoryDto.Visibility' [C:\Users\Nhlakanipho\Documents\Projects\ABP-Group\aspnet-core\src\ABPGroup.Application\ABPGroup.Application.csproj]
C:\Users\Nhlakanipho\Documents\Projects\ABP-Group\aspnet-core\src\ABPGroup.Application\Git\Dto\CreateUpdateProjectRepositoryDto.cs(30,23): warning CS1591: Missing XML comment for publicly visible type or member 'CreateUpdateProjectRepositoryDto.HtmlUrl' [C:\Users\Nhlakanipho\Documents\Projects\ABP-Group\aspnet-core\src\ABPGroup.Application\ABPGroup.Application.csproj]
C:\Users\Nhlakanipho\Documents\Projects\ABP-Group\aspnet-core\src\ABPGroup.Application\Git\Dto\CreateUpdateProjectRepositoryDto.cs(33,23): warning CS1591: Missing XML comment for publicly visible type or member 'CreateUpdateProjectRepositoryDto.ExternalRepositoryId' [C:\Users\Nhlakanipho\Documents\Projects\ABP-Group\aspnet-core\src\ABPGroup.Application\ABPGroup.Application.csproj]
C:\Users\Nhlakanipho\Documents\Projects\ABP-Group\aspnet-core\src\ABPGroup.Application\Git\Dto\GitProfileDto.cs(6,18): warning CS1591: Missing XML comment for publicly visible type or member 'GitProfileDto' [C:\Users\Nhlakanipho\Documents\Projects\ABP-Group\aspnet-core\src\ABPGroup.Application\ABPGroup.Application.csproj]
C:\Users\Nhlakanipho\Documents\Projects\ABP-Group\aspnet-core\src\ABPGroup.Application\Git\Dto\GitProfileDto.cs(8,21): warning CS1591: Missing XML comment for publicly visible type or member 'GitProfileDto.UserId' [C:\Users\Nhlakanipho\Documents\Projects\ABP-Group\aspnet-core\src\ABPGroup.Application\ABPGroup.Application.csproj]
C:\Users\Nhlakanipho\Documents\Projects\ABP-Group\aspnet-core\src\ABPGroup.Application\Git\Dto\GitProfileDto.cs(9,28): warning CS1591: Missing XML comment for publicly visible type or member 'GitProfileDto.Provider' [C:\Users\Nhlakanipho\Documents\Projects\ABP-Group\aspnet-core\src\ABPGroup.Application\ABPGroup.Application.csproj]
C:\Users\Nhlakanipho\Documents\Projects\ABP-Group\aspnet-core\src\ABPGroup.Application\Git\Dto\GitProfileDto.cs(10,23): warning CS1591: Missing XML comment for publicly visible type or member 'GitProfileDto.ProviderUserId' [C:\Users\Nhlakanipho\Documents\Projects\ABP-Group\aspnet-core\src\ABPGroup.Application\ABPGroup.Application.csproj]
C:\Users\Nhlakanipho\Documents\Projects\ABP-Group\aspnet-core\src\ABPGroup.Application\Git\Dto\GitProfileDto.cs(11,23): warning CS1591: Missing XML comment for publicly visible type or member 'GitProfileDto.Username' [C:\Users\Nhlakanipho\Documents\Projects\ABP-Group\aspnet-core\src\ABPGroup.Application\ABPGroup.Application.csproj]
C:\Users\Nhlakanipho\Documents\Projects\ABP-Group\aspnet-core\src\ABPGroup.Application\Git\Dto\GitProfileDto.cs(12,23): warning CS1591: Missing XML comment for publicly visible type or member 'GitProfileDto.AvatarUrl' [C:\Users\Nhlakanipho\Documents\Projects\ABP-Group\aspnet-core\src\ABPGroup.Application\ABPGroup.Application.csproj]
C:\Users\Nhlakanipho\Documents\Projects\ABP-Group\aspnet-core\src\ABPGroup.Application\Git\Dto\GitProfileDto.cs(13,21): warning CS1591: Missing XML comment for publicly visible type or member 'GitProfileDto.IsConnected' [C:\Users\Nhlakanipho\Documents\Projects\ABP-Group\aspnet-core\src\ABPGroup.Application\ABPGroup.Application.csproj]
C:\Users\Nhlakanipho\Documents\Projects\ABP-Group\aspnet-core\src\ABPGroup.Application\Git\Dto\GitProfileDto.cs(14,26): warning CS1591: Missing XML comment for publicly visible type or member 'GitProfileDto.LastSyncedAt' [C:\Users\Nhlakanipho\Documents\Projects\ABP-Group\aspnet-core\src\ABPGroup.Application\ABPGroup.Application.csproj]
C:\Users\Nhlakanipho\Documents\Projects\ABP-Group\aspnet-core\src\ABPGroup.Application\Git\Dto\GitProfileDto.cs(15,25): warning CS1591: Missing XML comment for publicly visible type or member 'GitProfileDto.CreatedAt' [C:\Users\Nhlakanipho\Documents\Projects\ABP-Group\aspnet-core\src\ABPGroup.Application\ABPGroup.Application.csproj]
C:\Users\Nhlakanipho\Documents\Projects\ABP-Group\aspnet-core\src\ABPGroup.Application\Git\Dto\GitProfileDto.cs(16,25): warning CS1591: Missing XML comment for publicly visible type or member 'GitProfileDto.UpdatedAt' [C:\Users\Nhlakanipho\Documents\Projects\ABP-Group\aspnet-core\src\ABPGroup.Application\ABPGroup.Application.csproj]
C:\Users\Nhlakanipho\Documents\Projects\ABP-Group\aspnet-core\src\ABPGroup.Application\Git\Dto\PagedGitProfileResultRequestDto.cs(5,18): warning CS1591: Missing XML comment for publicly visible type or member 'PagedGitProfileResultRequestDto' [C:\Users\Nhlakanipho\Documents\Projects\ABP-Group\aspnet-core\src\ABPGroup.Application\ABPGroup.Application.csproj]
C:\Users\Nhlakanipho\Documents\Projects\ABP-Group\aspnet-core\src\ABPGroup.Application\Git\Dto\PagedGitProfileResultRequestDto.cs(7,23): warning CS1591: Missing XML comment for publicly visible type or member 'PagedGitProfileResultRequestDto.Keyword' [C:\Users\Nhlakanipho\Documents\Projects\ABP-Group\aspnet-core\src\ABPGroup.Application\ABPGroup.Application.csproj]
C:\Users\Nhlakanipho\Documents\Projects\ABP-Group\aspnet-core\src\ABPGroup.Application\Git\Dto\PagedProjectRepositoryResultRequestDto.cs(5,18): warning CS1591: Missing XML comment for publicly visible type or member 'PagedProjectRepositoryResultRequestDto' [C:\Users\Nhlakanipho\Documents\Projects\ABP-Group\aspnet-core\src\ABPGroup.Application\ABPGroup.Application.csproj]
C:\Users\Nhlakanipho\Documents\Projects\ABP-Group\aspnet-core\src\ABPGroup.Application\Git\Dto\PagedProjectRepositoryResultRequestDto.cs(7,23): warning CS1591: Missing XML comment for publicly visible type or member 'PagedProjectRepositoryResultRequestDto.Keyword' [C:\Users\Nhlakanipho\Documents\Projects\ABP-Group\aspnet-core\src\ABPGroup.Application\ABPGroup.Application.csproj]
C:\Users\Nhlakanipho\Documents\Projects\ABP-Group\aspnet-core\src\ABPGroup.Application\Git\Dto\PagedRepositoryCommitResultRequestDto.cs(5,18): warning CS1591: Missing XML comment for publicly visible type or member 'PagedRepositoryCommitResultRequestDto' [C:\Users\Nhlakanipho\Documents\Projects\ABP-Group\aspnet-core\src\ABPGroup.Application\ABPGroup.Application.csproj]
C:\Users\Nhlakanipho\Documents\Projects\ABP-Group\aspnet-core\src\ABPGroup.Application\Git\Dto\PagedRepositoryCommitResultRequestDto.cs(7,23): warning CS1591: Missing XML comment for publicly visible type or member 'PagedRepositoryCommitResultRequestDto.Keyword' [C:\Users\Nhlakanipho\Documents\Projects\ABP-Group\aspnet-core\src\ABPGroup.Application\ABPGroup.Application.csproj]
C:\Users\Nhlakanipho\Documents\Projects\ABP-Group\aspnet-core\src\ABPGroup.Application\Git\Dto\ProjectRepositoryDto.cs(6,18): warning CS1591: Missing XML comment for publicly visible type or member 'ProjectRepositoryDto' [C:\Users\Nhlakanipho\Documents\Projects\ABP-Group\aspnet-core\src\ABPGroup.Application\ABPGroup.Application.csproj]
C:\Users\Nhlakanipho\Documents\Projects\ABP-Group\aspnet-core\src\ABPGroup.Application\Git\Dto\ProjectRepositoryDto.cs(8,21): warning CS1591: Missing XML comment for publicly visible type or member 'ProjectRepositoryDto.ProjectId' [C:\Users\Nhlakanipho\Documents\Projects\ABP-Group\aspnet-core\src\ABPGroup.Application\ABPGroup.Application.csproj]
C:\Users\Nhlakanipho\Documents\Projects\ABP-Group\aspnet-core\src\ABPGroup.Application\Git\Dto\ProjectRepositoryDto.cs(9,28): warning CS1591: Missing XML comment for publicly visible type or member 'ProjectRepositoryDto.Provider' [C:\Users\Nhlakanipho\Documents\Projects\ABP-Group\aspnet-core\src\ABPGroup.Application\ABPGroup.Application.csproj]
C:\Users\Nhlakanipho\Documents\Projects\ABP-Group\aspnet-core\src\ABPGroup.Application\Git\Dto\ProjectRepositoryDto.cs(10,23): warning CS1591: Missing XML comment for publicly visible type or member 'ProjectRepositoryDto.Owner' [C:\Users\Nhlakanipho\Documents\Projects\ABP-Group\aspnet-core\src\ABPGroup.Application\ABPGroup.Application.csproj]
C:\Users\Nhlakanipho\Documents\Projects\ABP-Group\aspnet-core\src\ABPGroup.Application\Git\Dto\ProjectRepositoryDto.cs(11,23): warning CS1591: Missing XML comment for publicly visible type or member 'ProjectRepositoryDto.Name' [C:\Users\Nhlakanipho\Documents\Projects\ABP-Group\aspnet-core\src\ABPGroup.Application\ABPGroup.Application.csproj]
C:\Users\Nhlakanipho\Documents\Projects\ABP-Group\aspnet-core\src\ABPGroup.Application\Git\Dto\ProjectRepositoryDto.cs(12,23): warning CS1591: Missing XML comment for publicly visible type or member 'ProjectRepositoryDto.FullName' [C:\Users\Nhlakanipho\Documents\Projects\ABP-Group\aspnet-core\src\ABPGroup.Application\ABPGroup.Application.csproj]
C:\Users\Nhlakanipho\Documents\Projects\ABP-Group\aspnet-core\src\ABPGroup.Application\Git\Dto\ProjectRepositoryDto.cs(13,23): warning CS1591: Missing XML comment for publicly visible type or member 'ProjectRepositoryDto.DefaultBranch' [C:\Users\Nhlakanipho\Documents\Projects\ABP-Group\aspnet-core\src\ABPGroup.Application\ABPGroup.Application.csproj]
C:\Users\Nhlakanipho\Documents\Projects\ABP-Group\aspnet-core\src\ABPGroup.Application\Git\Dto\ProjectRepositoryDto.cs(14,37): warning CS1591: Missing XML comment for publicly visible type or member 'ProjectRepositoryDto.Visibility' [C:\Users\Nhlakanipho\Documents\Projects\ABP-Group\aspnet-core\src\ABPGroup.Application\ABPGroup.Application.csproj]
C:\Users\Nhlakanipho\Documents\Projects\ABP-Group\aspnet-core\src\ABPGroup.Application\Git\Dto\ProjectRepositoryDto.cs(15,23): warning CS1591: Missing XML comment for publicly visible type or member 'ProjectRepositoryDto.HtmlUrl' [C:\Users\Nhlakanipho\Documents\Projects\ABP-Group\aspnet-core\src\ABPGroup.Application\ABPGroup.Application.csproj]
C:\Users\Nhlakanipho\Documents\Projects\ABP-Group\aspnet-core\src\ABPGroup.Application\Git\Dto\ProjectRepositoryDto.cs(16,23): warning CS1591: Missing XML comment for publicly visible type or member 'ProjectRepositoryDto.ExternalRepositoryId' [C:\Users\Nhlakanipho\Documents\Projects\ABP-Group\aspnet-core\src\ABPGroup.Application\ABPGroup.Application.csproj]
C:\Users\Nhlakanipho\Documents\Projects\ABP-Group\aspnet-core\src\ABPGroup.Application\Git\Dto\ProjectRepositoryDto.cs(17,25): warning CS1591: Missing XML comment for publicly visible type or member 'ProjectRepositoryDto.CreatedAt' [C:\Users\Nhlakanipho\Documents\Projects\ABP-Group\aspnet-core\src\ABPGroup.Application\ABPGroup.Application.csproj]
C:\Users\Nhlakanipho\Documents\Projects\ABP-Group\aspnet-core\src\ABPGroup.Application\Git\Dto\ProjectRepositoryDto.cs(18,25): warning CS1591: Missing XML comment for publicly visible type or member 'ProjectRepositoryDto.UpdatedAt' [C:\Users\Nhlakanipho\Documents\Projects\ABP-Group\aspnet-core\src\ABPGroup.Application\ABPGroup.Application.csproj]
C:\Users\Nhlakanipho\Documents\Projects\ABP-Group\aspnet-core\src\ABPGroup.Application\Git\Dto\RepositoryCommitDto.cs(6,18): warning CS1591: Missing XML comment for publicly visible type or member 'RepositoryCommitDto' [C:\Users\Nhlakanipho\Documents\Projects\ABP-Group\aspnet-core\src\ABPGroup.Application\ABPGroup.Application.csproj]
C:\Users\Nhlakanipho\Documents\Projects\ABP-Group\aspnet-core\src\ABPGroup.Application\Git\Dto\RepositoryCommitDto.cs(8,21): warning CS1591: Missing XML comment for publicly visible type or member 'RepositoryCommitDto.ProjectRepositoryId' [C:\Users\Nhlakanipho\Documents\Projects\ABP-Group\aspnet-core\src\ABPGroup.Application\ABPGroup.Application.csproj]
C:\Users\Nhlakanipho\Documents\Projects\ABP-Group\aspnet-core\src\ABPGroup.Application\Git\Dto\RepositoryCommitDto.cs(9,23): warning CS1591: Missing XML comment for publicly visible type or member 'RepositoryCommitDto.Sha' [C:\Users\Nhlakanipho\Documents\Projects\ABP-Group\aspnet-core\src\ABPGroup.Application\ABPGroup.Application.csproj]
C:\Users\Nhlakanipho\Documents\Projects\ABP-Group\aspnet-core\src\ABPGroup.Application\Git\Dto\RepositoryCommitDto.cs(10,23): warning CS1591: Missing XML comment for publicly visible type or member 'RepositoryCommitDto.Branch' [C:\Users\Nhlakanipho\Documents\Projects\ABP-Group\aspnet-core\src\ABPGroup.Application\ABPGroup.Application.csproj]
C:\Users\Nhlakanipho\Documents\Projects\ABP-Group\aspnet-core\src\ABPGroup.Application\Git\Dto\RepositoryCommitDto.cs(11,23): warning CS1591: Missing XML comment for publicly visible type or member 'RepositoryCommitDto.Message' [C:\Users\Nhlakanipho\Documents\Projects\ABP-Group\aspnet-core\src\ABPGroup.Application\ABPGroup.Application.csproj]
C:\Users\Nhlakanipho\Documents\Projects\ABP-Group\aspnet-core\src\ABPGroup.Application\Git\Dto\RepositoryCommitDto.cs(12,21): warning CS1591: Missing XML comment for publicly visible type or member 'RepositoryCommitDto.PromptVersion' [C:\Users\Nhlakanipho\Documents\Projects\ABP-Group\aspnet-core\src\ABPGroup.Application\ABPGroup.Application.csproj]
C:\Users\Nhlakanipho\Documents\Projects\ABP-Group\aspnet-core\src\ABPGroup.Application\Git\Dto\RepositoryCommitDto.cs(13,25): warning CS1591: Missing XML comment for publicly visible type or member 'RepositoryCommitDto.CreatedAt' [C:\Users\Nhlakanipho\Documents\Projects\ABP-Group\aspnet-core\src\ABPGroup.Application\ABPGroup.Application.csproj]
C:\Users\Nhlakanipho\Documents\Projects\ABP-Group\aspnet-core\src\ABPGroup.Application\Git\GitMapProfile.cs(11,16): warning CS1591: Missing XML comment for publicly visible type or member 'GitMapProfile.GitMapProfile()' [C:\Users\Nhlakanipho\Documents\Projects\ABP-Group\aspnet-core\src\ABPGroup.Application\ABPGroup.Application.csproj]
C:\Users\Nhlakanipho\Documents\Projects\ABP-Group\aspnet-core\src\ABPGroup.Application\Git\GitProfileAppService.cs(19,16): warning CS1591: Missing XML comment for publicly visible type or member 'GitProfileAppService.GitProfileAppService(IRepository<GitProfile, long>)' [C:\Users\Nhlakanipho\Documents\Projects\ABP-Group\aspnet-core\src\ABPGroup.Application\ABPGroup.Application.csproj]
C:\Users\Nhlakanipho\Documents\Projects\ABP-Group\aspnet-core\src\ABPGroup.Application\Git\GitProfileAppService.cs(26,51): warning CS1591: Missing XML comment for publicly visible type or member 'GitProfileAppService.CreateFilteredQuery(PagedGitProfileResultRequestDto)' [C:\Users\Nhlakanipho\Documents\Projects\ABP-Group\aspnet-core\src\ABPGroup.Application\ABPGroup.Application.csproj]
C:\Users\Nhlakanipho\Documents\Projects\ABP-Group\aspnet-core\src\ABPGroup.Application\Git\GitProfileAppService.cs(33,51): warning CS1591: Missing XML comment for publicly visible type or member 'GitProfileAppService.ApplySorting(IQueryable<GitProfile>, PagedGitProfileResultRequestDto)' [C:\Users\Nhlakanipho\Documents\Projects\ABP-Group\aspnet-core\src\ABPGroup.Application\ABPGroup.Application.csproj]
C:\Users\Nhlakanipho\Documents\Projects\ABP-Group\aspnet-core\src\ABPGroup.Application\Git\IGitProfileAppService.cs(6,22): warning CS1591: Missing XML comment for publicly visible type or member 'IGitProfileAppService' [C:\Users\Nhlakanipho\Documents\Projects\ABP-Group\aspnet-core\src\ABPGroup.Application\ABPGroup.Application.csproj]
C:\Users\Nhlakanipho\Documents\Projects\ABP-Group\aspnet-core\src\ABPGroup.Application\Git\IProjectRepositoryAppService.cs(6,22): warning CS1591: Missing XML comment for publicly visible type or member 'IProjectRepositoryAppService' [C:\Users\Nhlakanipho\Documents\Projects\ABP-Group\aspnet-core\src\ABPGroup.Application\ABPGroup.Application.csproj]
C:\Users\Nhlakanipho\Documents\Projects\ABP-Group\aspnet-core\src\ABPGroup.Application\Git\ProjectRepositoryAppService.cs(19,16): warning CS1591: Missing XML comment for publicly visible type or member 'ProjectRepositoryAppService.ProjectRepositoryAppService(IRepository<ProjectRepository, long>)' [C:\Users\Nhlakanipho\Documents\Projects\ABP-Group\aspnet-core\src\ABPGroup.Application\ABPGroup.Application.csproj]
C:\Users\Nhlakanipho\Documents\Projects\ABP-Group\aspnet-core\src\ABPGroup.Application\Git\ProjectRepositoryAppService.cs(26,58): warning CS1591: Missing XML comment for publicly visible type or member 'ProjectRepositoryAppService.CreateFilteredQuery(PagedProjectRepositoryResultRequestDto)' [C:\Users\Nhlakanipho\Documents\Projects\ABP-Group\aspnet-core\src\ABPGroup.Application\ABPGroup.Application.csproj]
C:\Users\Nhlakanipho\Documents\Projects\ABP-Group\aspnet-core\src\ABPGroup.Application\Git\ProjectRepositoryAppService.cs(33,58): warning CS1591: Missing XML comment for publicly visible type or member 'ProjectRepositoryAppService.ApplySorting(IQueryable<ProjectRepository>, PagedProjectRepositoryResultRequestDto)' [C:\Users\Nhlakanipho\Documents\Projects\ABP-Group\aspnet-core\src\ABPGroup.Application\ABPGroup.Application.csproj]
C:\Users\Nhlakanipho\Documents\Projects\ABP-Group\aspnet-core\src\ABPGroup.Application\Git\RepositoryCommitAppService.cs(19,16): warning CS1591: Missing XML comment for publicly visible type or member 'RepositoryCommitAppService.RepositoryCommitAppService(IRepository<RepositoryCommit, long>)' [C:\Users\Nhlakanipho\Documents\Projects\ABP-Group\aspnet-core\src\ABPGroup.Application\ABPGroup.Application.csproj]
C:\Users\Nhlakanipho\Documents\Projects\ABP-Group\aspnet-core\src\ABPGroup.Application\Git\RepositoryCommitAppService.cs(27,57): warning CS1591: Missing XML comment for publicly visible type or member 'RepositoryCommitAppService.CreateFilteredQuery(PagedRepositoryCommitResultRequestDto)' [C:\Users\Nhlakanipho\Documents\Projects\ABP-Group\aspnet-core\src\ABPGroup.Application\ABPGroup.Application.csproj]
C:\Users\Nhlakanipho\Documents\Projects\ABP-Group\aspnet-core\src\ABPGroup.Application\Git\RepositoryCommitAppService.cs(34,57): warning CS1591: Missing XML comment for publicly visible type or member 'RepositoryCommitAppService.ApplySorting(IQueryable<RepositoryCommit>, PagedRepositoryCommitResultRequestDto)' [C:\Users\Nhlakanipho\Documents\Projects\ABP-Group\aspnet-core\src\ABPGroup.Application\ABPGroup.Application.csproj]
C:\Users\Nhlakanipho\Documents\Projects\ABP-Group\aspnet-core\src\ABPGroup.Application\Invites\Dto\InviteUserInput.cs(6,18): warning CS1591: Missing XML comment for publicly visible type or member 'InviteUserInput' [C:\Users\Nhlakanipho\Documents\Projects\ABP-Group\aspnet-core\src\ABPGroup.Application\ABPGroup.Application.csproj]
C:\Users\Nhlakanipho\Documents\Projects\ABP-Group\aspnet-core\src\ABPGroup.Application\Invites\Dto\InviteUserInput.cs(10,23): warning CS1591: Missing XML comment for publicly visible type or member 'InviteUserInput.EmailAddress' [C:\Users\Nhlakanipho\Documents\Projects\ABP-Group\aspnet-core\src\ABPGroup.Application\ABPGroup.Application.csproj]
C:\Users\Nhlakanipho\Documents\Projects\ABP-Group\aspnet-core\src\ABPGroup.Application\Invites\Dto\InviteUserInput.cs(13,27): warning CS1591: Missing XML comment for publicly visible type or member 'InviteUserInput.Role' [C:\Users\Nhlakanipho\Documents\Projects\ABP-Group\aspnet-core\src\ABPGroup.Application\ABPGroup.Application.csproj]
C:\Users\Nhlakanipho\Documents\Projects\ABP-Group\aspnet-core\src\ABPGroup.Application\Invites\IInviteAppService.cs(7,22): warning CS1591: Missing XML comment for publicly visible type or member 'IInviteAppService' [C:\Users\Nhlakanipho\Documents\Projects\ABP-Group\aspnet-core\src\ABPGroup.Application\ABPGroup.Application.csproj]
C:\Users\Nhlakanipho\Documents\Projects\ABP-Group\aspnet-core\src\ABPGroup.Application\Invites\IInviteAppService.cs(9,14): warning CS1591: Missing XML comment for publicly visible type or member 'IInviteAppService.InviteUserAsync(InviteUserInput)' [C:\Users\Nhlakanipho\Documents\Projects\ABP-Group\aspnet-core\src\ABPGroup.Application\ABPGroup.Application.csproj]
C:\Users\Nhlakanipho\Documents\Projects\ABP-Group\aspnet-core\src\ABPGroup.Application\Invites\InviteAppService.cs(13,18): warning CS1591: Missing XML comment for publicly visible type or member 'InviteAppService' [C:\Users\Nhlakanipho\Documents\Projects\ABP-Group\aspnet-core\src\ABPGroup.Application\ABPGroup.Application.csproj]
C:\Users\Nhlakanipho\Documents\Projects\ABP-Group\aspnet-core\src\ABPGroup.Application\Invites\InviteAppService.cs(18,16): warning CS1591: Missing XML comment for publicly visible type or member 'InviteAppService.InviteAppService(IConfiguration, IHttpClientFactory)' [C:\Users\Nhlakanipho\Documents\Projects\ABP-Group\aspnet-core\src\ABPGroup.Application\ABPGroup.Application.csproj]
C:\Users\Nhlakanipho\Documents\Projects\ABP-Group\aspnet-core\src\ABPGroup.Application\Invites\InviteAppService.cs(26,27): warning CS1591: Missing XML comment for publicly visible type or member 'InviteAppService.InviteUserAsync(InviteUserInput)' [C:\Users\Nhlakanipho\Documents\Projects\ABP-Group\aspnet-core\src\ABPGroup.Application\ABPGroup.Application.csproj]
C:\Users\Nhlakanipho\Documents\Projects\ABP-Group\aspnet-core\src\ABPGroup.Application\MultiTenancy\Dto\CreateTenantDto.cs(9,14): warning CS1591: Missing XML comment for publicly visible type or member 'CreateTenantDto' [C:\Users\Nhlakanipho\Documents\Projects\ABP-Group\aspnet-core\src\ABPGroup.Application\ABPGroup.Application.csproj]
C:\Users\Nhlakanipho\Documents\Projects\ABP-Group\aspnet-core\src\ABPGroup.Application\MultiTenancy\Dto\CreateTenantDto.cs(14,19): warning CS1591: Missing XML comment for publicly visible type or member 'CreateTenantDto.TenancyName' [C:\Users\Nhlakanipho\Documents\Projects\ABP-Group\aspnet-core\src\ABPGroup.Application\ABPGroup.Application.csproj]
C:\Users\Nhlakanipho\Documents\Projects\ABP-Group\aspnet-core\src\ABPGroup.Application\MultiTenancy\Dto\CreateTenantDto.cs(18,19): warning CS1591: Missing XML comment for publicly visible type or member 'CreateTenantDto.Name' [C:\Users\Nhlakanipho\Documents\Projects\ABP-Group\aspnet-core\src\ABPGroup.Application\ABPGroup.Application.csproj]
C:\Users\Nhlakanipho\Documents\Projects\ABP-Group\aspnet-core\src\ABPGroup.Application\MultiTenancy\Dto\CreateTenantDto.cs(22,19): warning CS1591: Missing XML comment for publicly visible type or member 'CreateTenantDto.AdminEmailAddress' [C:\Users\Nhlakanipho\Documents\Projects\ABP-Group\aspnet-core\src\ABPGroup.Application\ABPGroup.Application.csproj]
C:\Users\Nhlakanipho\Documents\Projects\ABP-Group\aspnet-core\src\ABPGroup.Application\MultiTenancy\Dto\CreateTenantDto.cs(25,19): warning CS1591: Missing XML comment for publicly visible type or member 'CreateTenantDto.ConnectionString' [C:\Users\Nhlakanipho\Documents\Projects\ABP-Group\aspnet-core\src\ABPGroup.Application\ABPGroup.Application.csproj]
C:\Users\Nhlakanipho\Documents\Projects\ABP-Group\aspnet-core\src\ABPGroup.Application\MultiTenancy\Dto\CreateTenantDto.cs(27,17): warning CS1591: Missing XML comment for publicly visible type or member 'CreateTenantDto.IsActive' [C:\Users\Nhlakanipho\Documents\Projects\ABP-Group\aspnet-core\src\ABPGroup.Application\ABPGroup.Application.csproj]
C:\Users\Nhlakanipho\Documents\Projects\ABP-Group\aspnet-core\src\ABPGroup.Application\MultiTenancy\Dto\PagedTenantResultRequestDto.cs(6,14): warning CS1591: Missing XML comment for publicly visible type or member 'PagedTenantResultRequestDto' [C:\Users\Nhlakanipho\Documents\Projects\ABP-Group\aspnet-core\src\ABPGroup.Application\ABPGroup.Application.csproj]
C:\Users\Nhlakanipho\Documents\Projects\ABP-Group\aspnet-core\src\ABPGroup.Application\MultiTenancy\Dto\PagedTenantResultRequestDto.cs(8,19): warning CS1591: Missing XML comment for publicly visible type or member 'PagedTenantResultRequestDto.Keyword' [C:\Users\Nhlakanipho\Documents\Projects\ABP-Group\aspnet-core\src\ABPGroup.Application\ABPGroup.Application.csproj]
C:\Users\Nhlakanipho\Documents\Projects\ABP-Group\aspnet-core\src\ABPGroup.Application\MultiTenancy\Dto\PagedTenantResultRequestDto.cs(9,18): warning CS1591: Missing XML comment for publicly visible type or member 'PagedTenantResultRequestDto.IsActive' [C:\Users\Nhlakanipho\Documents\Projects\ABP-Group\aspnet-core\src\ABPGroup.Application\ABPGroup.Application.csproj]
C:\Users\Nhlakanipho\Documents\Projects\ABP-Group\aspnet-core\src\ABPGroup.Application\MultiTenancy\Dto\PagedTenantResultRequestDto.cs(11,19): warning CS1591: Missing XML comment for publicly visible type or member 'PagedTenantResultRequestDto.Sorting' [C:\Users\Nhlakanipho\Documents\Projects\ABP-Group\aspnet-core\src\ABPGroup.Application\ABPGroup.Application.csproj]
C:\Users\Nhlakanipho\Documents\Projects\ABP-Group\aspnet-core\src\ABPGroup.Application\MultiTenancy\Dto\PagedTenantResultRequestDto.cs(13,17): warning CS1591: Missing XML comment for publicly visible type or member 'PagedTenantResultRequestDto.Normalize()' [C:\Users\Nhlakanipho\Documents\Projects\ABP-Group\aspnet-core\src\ABPGroup.Application\ABPGroup.Application.csproj]
C:\Users\Nhlakanipho\Documents\Projects\ABP-Group\aspnet-core\src\ABPGroup.Application\MultiTenancy\Dto\TenantDto.cs(9,14): warning CS1591: Missing XML comment for publicly visible type or member 'TenantDto' [C:\Users\Nhlakanipho\Documents\Projects\ABP-Group\aspnet-core\src\ABPGroup.Application\ABPGroup.Application.csproj]
C:\Users\Nhlakanipho\Documents\Projects\ABP-Group\aspnet-core\src\ABPGroup.Application\MultiTenancy\Dto\TenantDto.cs(14,19): warning CS1591: Missing XML comment for publicly visible type or member 'TenantDto.TenancyName' [C:\Users\Nhlakanipho\Documents\Projects\ABP-Group\aspnet-core\src\ABPGroup.Application\ABPGroup.Application.csproj]
C:\Users\Nhlakanipho\Documents\Projects\ABP-Group\aspnet-core\src\ABPGroup.Application\MultiTenancy\Dto\TenantDto.cs(18,19): warning CS1591: Missing XML comment for publicly visible type or member 'TenantDto.Name' [C:\Users\Nhlakanipho\Documents\Projects\ABP-Group\aspnet-core\src\ABPGroup.Application\ABPGroup.Application.csproj]
C:\Users\Nhlakanipho\Documents\Projects\ABP-Group\aspnet-core\src\ABPGroup.Application\MultiTenancy\Dto\TenantDto.cs(20,17): warning CS1591: Missing XML comment for publicly visible type or member 'TenantDto.IsActive' [C:\Users\Nhlakanipho\Documents\Projects\ABP-Group\aspnet-core\src\ABPGroup.Application\ABPGroup.Application.csproj]
C:\Users\Nhlakanipho\Documents\Projects\ABP-Group\aspnet-core\src\ABPGroup.Application\MultiTenancy\ITenantAppService.cs(6,18): warning CS1591: Missing XML comment for publicly visible type or member 'ITenantAppService' [C:\Users\Nhlakanipho\Documents\Projects\ABP-Group\aspnet-core\src\ABPGroup.Application\ABPGroup.Application.csproj]
C:\Users\Nhlakanipho\Documents\Projects\ABP-Group\aspnet-core\src\ABPGroup.Application\MultiTenancy\TenantAppService.cs(23,14): warning CS1591: Missing XML comment for publicly visible type or member 'TenantAppService' [C:\Users\Nhlakanipho\Documents\Projects\ABP-Group\aspnet-core\src\ABPGroup.Application\ABPGroup.Application.csproj]
C:\Users\Nhlakanipho\Documents\Projects\ABP-Group\aspnet-core\src\ABPGroup.Application\MultiTenancy\TenantAppService.cs(31,12): warning CS1591: Missing XML comment for publicly visible type or member 'TenantAppService.TenantAppService(IRepository<Tenant, int>, TenantManager, EditionManager, UserManager, RoleManager, IAbpZeroDbMigrator)' [C:\Users\Nhlakanipho\Documents\Projects\ABP-Group\aspnet-core\src\ABPGroup.Application\ABPGroup.Application.csproj]
C:\Users\Nhlakanipho\Documents\Projects\ABP-Group\aspnet-core\src\ABPGroup.Application\MultiTenancy\TenantAppService.cs(47,43): warning CS1591: Missing XML comment for publicly visible type or member 'TenantAppService.CreateAsync(CreateTenantDto)' [C:\Users\Nhlakanipho\Documents\Projects\ABP-Group\aspnet-core\src\ABPGroup.Application\ABPGroup.Application.csproj]
C:\Users\Nhlakanipho\Documents\Projects\ABP-Group\aspnet-core\src\ABPGroup.Application\MultiTenancy\TenantAppService.cs(95,43): warning CS1591: Missing XML comment for publicly visible type or member 'TenantAppService.CreateFilteredQuery(PagedTenantResultRequestDto)' [C:\Users\Nhlakanipho\Documents\Projects\ABP-Group\aspnet-core\src\ABPGroup.Application\ABPGroup.Application.csproj]
C:\Users\Nhlakanipho\Documents\Projects\ABP-Group\aspnet-core\src\ABPGroup.Application\MultiTenancy\TenantAppService.cs(102,43): warning CS1591: Missing XML comment for publicly visible type or member 'TenantAppService.ApplySorting(IQueryable<Tenant>, PagedTenantResultRequestDto)' [C:\Users\Nhlakanipho\Documents\Projects\ABP-Group\aspnet-core\src\ABPGroup.Application\ABPGroup.Application.csproj]
C:\Users\Nhlakanipho\Documents\Projects\ABP-Group\aspnet-core\src\ABPGroup.Application\MultiTenancy\TenantAppService.cs(107,29): warning CS1591: Missing XML comment for publicly visible type or member 'TenantAppService.MapToEntity(TenantDto, Tenant)' [C:\Users\Nhlakanipho\Documents\Projects\ABP-Group\aspnet-core\src\ABPGroup.Application\ABPGroup.Application.csproj]
C:\Users\Nhlakanipho\Documents\Projects\ABP-Group\aspnet-core\src\ABPGroup.Application\MultiTenancy\TenantAppService.cs(115,32): warning CS1591: Missing XML comment for publicly visible type or member 'TenantAppService.DeleteAsync(EntityDto<int>)' [C:\Users\Nhlakanipho\Documents\Projects\ABP-Group\aspnet-core\src\ABPGroup.Application\ABPGroup.Application.csproj]
C:\Users\Nhlakanipho\Documents\Projects\ABP-Group\aspnet-core\src\ABPGroup.Application\Persons\Dto\CreateUpdatePersonDto.cs(7,18): warning CS1591: Missing XML comment for publicly visible type or member 'CreateUpdatePersonDto' [C:\Users\Nhlakanipho\Documents\Projects\ABP-Group\aspnet-core\src\ABPGroup.Application\ABPGroup.Application.csproj]
C:\Users\Nhlakanipho\Documents\Projects\ABP-Group\aspnet-core\src\ABPGroup.Application\Persons\Dto\CreateUpdatePersonDto.cs(11,23): warning CS1591: Missing XML comment for publicly visible type or member 'CreateUpdatePersonDto.UserName' [C:\Users\Nhlakanipho\Documents\Projects\ABP-Group\aspnet-core\src\ABPGroup.Application\ABPGroup.Application.csproj]
C:\Users\Nhlakanipho\Documents\Projects\ABP-Group\aspnet-core\src\ABPGroup.Application\Persons\Dto\CreateUpdatePersonDto.cs(15,23): warning CS1591: Missing XML comment for publicly visible type or member 'CreateUpdatePersonDto.EmailAddress' [C:\Users\Nhlakanipho\Documents\Projects\ABP-Group\aspnet-core\src\ABPGroup.Application\ABPGroup.Application.csproj]
C:\Users\Nhlakanipho\Documents\Projects\ABP-Group\aspnet-core\src\ABPGroup.Application\Persons\Dto\CreateUpdatePersonDto.cs(18,23): warning CS1591: Missing XML comment for publicly visible type or member 'CreateUpdatePersonDto.DisplayName' [C:\Users\Nhlakanipho\Documents\Projects\ABP-Group\aspnet-core\src\ABPGroup.Application\ABPGroup.Application.csproj]
C:\Users\Nhlakanipho\Documents\Projects\ABP-Group\aspnet-core\src\ABPGroup.Application\Persons\Dto\CreateUpdatePersonDto.cs(20,27): warning CS1591: Missing XML comment for publicly visible type or member 'CreateUpdatePersonDto.Role' [C:\Users\Nhlakanipho\Documents\Projects\ABP-Group\aspnet-core\src\ABPGroup.Application\ABPGroup.Application.csproj]
C:\Users\Nhlakanipho\Documents\Projects\ABP-Group\aspnet-core\src\ABPGroup.Application\Persons\Dto\CreateUpdatePersonDto.cs(23,23): warning CS1591: Missing XML comment for publicly visible type or member 'CreateUpdatePersonDto.GitHubUsername' [C:\Users\Nhlakanipho\Documents\Projects\ABP-Group\aspnet-core\src\ABPGroup.Application\ABPGroup.Application.csproj]
C:\Users\Nhlakanipho\Documents\Projects\ABP-Group\aspnet-core\src\ABPGroup.Application\Persons\Dto\CreateUpdatePersonDto.cs(26,23): warning CS1591: Missing XML comment for publicly visible type or member 'CreateUpdatePersonDto.GitHubAccessToken' [C:\Users\Nhlakanipho\Documents\Projects\ABP-Group\aspnet-core\src\ABPGroup.Application\ABPGroup.Application.csproj]
C:\Users\Nhlakanipho\Documents\Projects\ABP-Group\aspnet-core\src\ABPGroup.Application\Persons\Dto\CreateUpdatePersonDto.cs(29,23): warning CS1591: Missing XML comment for publicly visible type or member 'CreateUpdatePersonDto.AvatarUrl' [C:\Users\Nhlakanipho\Documents\Projects\ABP-Group\aspnet-core\src\ABPGroup.Application\ABPGroup.Application.csproj]
C:\Users\Nhlakanipho\Documents\Projects\ABP-Group\aspnet-core\src\ABPGroup.Application\Persons\Dto\PagedPersonResultRequestDto.cs(5,18): warning CS1591: Missing XML comment for publicly visible type or member 'PagedPersonResultRequestDto' [C:\Users\Nhlakanipho\Documents\Projects\ABP-Group\aspnet-core\src\ABPGroup.Application\ABPGroup.Application.csproj]
C:\Users\Nhlakanipho\Documents\Projects\ABP-Group\aspnet-core\src\ABPGroup.Application\Persons\Dto\PagedPersonResultRequestDto.cs(7,23): warning CS1591: Missing XML comment for publicly visible type or member 'PagedPersonResultRequestDto.Keyword' [C:\Users\Nhlakanipho\Documents\Projects\ABP-Group\aspnet-core\src\ABPGroup.Application\ABPGroup.Application.csproj]
C:\Users\Nhlakanipho\Documents\Projects\ABP-Group\aspnet-core\src\ABPGroup.Application\Persons\Dto\PersonDto.cs(6,18): warning CS1591: Missing XML comment for publicly visible type or member 'PersonDto' [C:\Users\Nhlakanipho\Documents\Projects\ABP-Group\aspnet-core\src\ABPGroup.Application\ABPGroup.Application.csproj]
C:\Users\Nhlakanipho\Documents\Projects\ABP-Group\aspnet-core\src\ABPGroup.Application\Persons\Dto\PersonDto.cs(8,23): warning CS1591: Missing XML comment for publicly visible type or member 'PersonDto.UserName' [C:\Users\Nhlakanipho\Documents\Projects\ABP-Group\aspnet-core\src\ABPGroup.Application\ABPGroup.Application.csproj]
C:\Users\Nhlakanipho\Documents\Projects\ABP-Group\aspnet-core\src\ABPGroup.Application\Persons\Dto\PersonDto.cs(9,23): warning CS1591: Missing XML comment for publicly visible type or member 'PersonDto.EmailAddress' [C:\Users\Nhlakanipho\Documents\Projects\ABP-Group\aspnet-core\src\ABPGroup.Application\ABPGroup.Application.csproj]
C:\Users\Nhlakanipho\Documents\Projects\ABP-Group\aspnet-core\src\ABPGroup.Application\Persons\Dto\PersonDto.cs(10,23): warning CS1591: Missing XML comment for publicly visible type or member 'PersonDto.DisplayName' [C:\Users\Nhlakanipho\Documents\Projects\ABP-Group\aspnet-core\src\ABPGroup.Application\ABPGroup.Application.csproj]
C:\Users\Nhlakanipho\Documents\Projects\ABP-Group\aspnet-core\src\ABPGroup.Application\Persons\Dto\PersonDto.cs(11,27): warning CS1591: Missing XML comment for publicly visible type or member 'PersonDto.Role' [C:\Users\Nhlakanipho\Documents\Projects\ABP-Group\aspnet-core\src\ABPGroup.Application\ABPGroup.Application.csproj]
C:\Users\Nhlakanipho\Documents\Projects\ABP-Group\aspnet-core\src\ABPGroup.Application\Persons\Dto\PersonDto.cs(12,23): warning CS1591: Missing XML comment for publicly visible type or member 'PersonDto.GitHubUsername' [C:\Users\Nhlakanipho\Documents\Projects\ABP-Group\aspnet-core\src\ABPGroup.Application\ABPGroup.Application.csproj]
C:\Users\Nhlakanipho\Documents\Projects\ABP-Group\aspnet-core\src\ABPGroup.Application\Persons\Dto\PersonDto.cs(13,23): warning CS1591: Missing XML comment for publicly visible type or member 'PersonDto.GitHubAccessToken' [C:\Users\Nhlakanipho\Documents\Projects\ABP-Group\aspnet-core\src\ABPGroup.Application\ABPGroup.Application.csproj]
C:\Users\Nhlakanipho\Documents\Projects\ABP-Group\aspnet-core\src\ABPGroup.Application\Persons\Dto\PersonDto.cs(14,23): warning CS1591: Missing XML comment for publicly visible type or member 'PersonDto.AvatarUrl' [C:\Users\Nhlakanipho\Documents\Projects\ABP-Group\aspnet-core\src\ABPGroup.Application\ABPGroup.Application.csproj]
C:\Users\Nhlakanipho\Documents\Projects\ABP-Group\aspnet-core\src\ABPGroup.Application\Persons\IPersonAppService.cs(6,22): warning CS1591: Missing XML comment for publicly visible type or member 'IPersonAppService' [C:\Users\Nhlakanipho\Documents\Projects\ABP-Group\aspnet-core\src\ABPGroup.Application\ABPGroup.Application.csproj]
C:\Users\Nhlakanipho\Documents\Projects\ABP-Group\aspnet-core\src\ABPGroup.Application\Persons\PersonAppService.cs(13,18): warning CS1591: Missing XML comment for publicly visible type or member 'PersonAppService' [C:\Users\Nhlakanipho\Documents\Projects\ABP-Group\aspnet-core\src\ABPGroup.Application\ABPGroup.Application.csproj]
C:\Users\Nhlakanipho\Documents\Projects\ABP-Group\aspnet-core\src\ABPGroup.Application\Persons\PersonAppService.cs(17,16): warning CS1591: Missing XML comment for publicly visible type or member 'PersonAppService.PersonAppService(IRepository<User, long>)' [C:\Users\Nhlakanipho\Documents\Projects\ABP-Group\aspnet-core\src\ABPGroup.Application\ABPGroup.Application.csproj]
C:\Users\Nhlakanipho\Documents\Projects\ABP-Group\aspnet-core\src\ABPGroup.Application\Persons\PersonAppService.cs(26,45): warning CS1591: Missing XML comment for publicly visible type or member 'PersonAppService.CreateFilteredQuery(PagedPersonResultRequestDto)' [C:\Users\Nhlakanipho\Documents\Projects\ABP-Group\aspnet-core\src\ABPGroup.Application\ABPGroup.Application.csproj]
C:\Users\Nhlakanipho\Documents\Projects\ABP-Group\aspnet-core\src\ABPGroup.Application\Persons\PersonAppService.cs(36,45): warning CS1591: Missing XML comment for publicly visible type or member 'PersonAppService.ApplySorting(IQueryable<User>, PagedPersonResultRequestDto)' [C:\Users\Nhlakanipho\Documents\Projects\ABP-Group\aspnet-core\src\ABPGroup.Application\ABPGroup.Application.csproj]
C:\Users\Nhlakanipho\Documents\Projects\ABP-Group\aspnet-core\src\ABPGroup.Application\Persons\PersonMapProfile.cs(7,18): warning CS1591: Missing XML comment for publicly visible type or member 'PersonMapProfile' [C:\Users\Nhlakanipho\Documents\Projects\ABP-Group\aspnet-core\src\ABPGroup.Application\ABPGroup.Application.csproj]
C:\Users\Nhlakanipho\Documents\Projects\ABP-Group\aspnet-core\src\ABPGroup.Application\Persons\PersonMapProfile.cs(9,16): warning CS1591: Missing XML comment for publicly visible type or member 'PersonMapProfile.PersonMapProfile()' [C:\Users\Nhlakanipho\Documents\Projects\ABP-Group\aspnet-core\src\ABPGroup.Application\ABPGroup.Application.csproj]
C:\Users\Nhlakanipho\Documents\Projects\ABP-Group\aspnet-core\src\ABPGroup.Application\Projects\Dto\CreateUpdateProjectDto.cs(9,14): warning CS1591: Missing XML comment for publicly visible type or member 'CreateUpdateProjectDto' [C:\Users\Nhlakanipho\Documents\Projects\ABP-Group\aspnet-core\src\ABPGroup.Application\ABPGroup.Application.csproj]
C:\Users\Nhlakanipho\Documents\Projects\ABP-Group\aspnet-core\src\ABPGroup.Application\Projects\Dto\CreateUpdateProjectDto.cs(11,17): warning CS1591: Missing XML comment for publicly visible type or member 'CreateUpdateProjectDto.WorkspaceId' [C:\Users\Nhlakanipho\Documents\Projects\ABP-Group\aspnet-core\src\ABPGroup.Application\ABPGroup.Application.csproj]
C:\Users\Nhlakanipho\Documents\Projects\ABP-Group\aspnet-core\src\ABPGroup.Application\Projects\Dto\CreateUpdateProjectDto.cs(15,19): warning CS1591: Missing XML comment for publicly visible type or member 'CreateUpdateProjectDto.Name' [C:\Users\Nhlakanipho\Documents\Projects\ABP-Group\aspnet-core\src\ABPGroup.Application\ABPGroup.Application.csproj]
C:\Users\Nhlakanipho\Documents\Projects\ABP-Group\aspnet-core\src\ABPGroup.Application\Projects\Dto\CreateUpdateProjectDto.cs(17,18): warning CS1591: Missing XML comment for publicly visible type or member 'CreateUpdateProjectDto.PromptId' [C:\Users\Nhlakanipho\Documents\Projects\ABP-Group\aspnet-core\src\ABPGroup.Application\ABPGroup.Application.csproj]
C:\Users\Nhlakanipho\Documents\Projects\ABP-Group\aspnet-core\src\ABPGroup.Application\Projects\Dto\CreateUpdateProjectDto.cs(20,19): warning CS1591: Missing XML comment for publicly visible type or member 'CreateUpdateProjectDto.Prompt' [C:\Users\Nhlakanipho\Documents\Projects\ABP-Group\aspnet-core\src\ABPGroup.Application\ABPGroup.Application.csproj]
C:\Users\Nhlakanipho\Documents\Projects\ABP-Group\aspnet-core\src\ABPGroup.Application\Projects\Dto\CreateUpdateProjectDto.cs(22,16): warning CS1591: Missing XML comment for publicly visible type or member 'CreateUpdateProjectDto.PromptVersion' [C:\Users\Nhlakanipho\Documents\Projects\ABP-Group\aspnet-core\src\ABPGroup.Application\ABPGroup.Application.csproj]
C:\Users\Nhlakanipho\Documents\Projects\ABP-Group\aspnet-core\src\ABPGroup.Application\Projects\Dto\CreateUpdateProjectDto.cs(24,22): warning CS1591: Missing XML comment for publicly visible type or member 'CreateUpdateProjectDto.PromptSubmittedAt' [C:\Users\Nhlakanipho\Documents\Projects\ABP-Group\aspnet-core\src\ABPGroup.Application\ABPGroup.Application.csproj]
C:\Users\Nhlakanipho\Documents\Projects\ABP-Group\aspnet-core\src\ABPGroup.Application\Projects\Dto\CreateUpdateProjectDto.cs(26,22): warning CS1591: Missing XML comment for publicly visible type or member 'CreateUpdateProjectDto.Framework' [C:\Users\Nhlakanipho\Documents\Projects\ABP-Group\aspnet-core\src\ABPGroup.Application\ABPGroup.Application.csproj]
C:\Users\Nhlakanipho\Documents\Projects\ABP-Group\aspnet-core\src\ABPGroup.Application\Projects\Dto\CreateUpdateProjectDto.cs(28,32): warning CS1591: Missing XML comment for publicly visible type or member 'CreateUpdateProjectDto.Language' [C:\Users\Nhlakanipho\Documents\Projects\ABP-Group\aspnet-core\src\ABPGroup.Application\ABPGroup.Application.csproj]
C:\Users\Nhlakanipho\Documents\Projects\ABP-Group\aspnet-core\src\ABPGroup.Application\Projects\Dto\CreateUpdateProjectDto.cs(30,27): warning CS1591: Missing XML comment for publicly visible type or member 'CreateUpdateProjectDto.DatabaseOption' [C:\Users\Nhlakanipho\Documents\Projects\ABP-Group\aspnet-core\src\ABPGroup.Application\ABPGroup.Application.csproj]
C:\Users\Nhlakanipho\Documents\Projects\ABP-Group\aspnet-core\src\ABPGroup.Application\Projects\Dto\CreateUpdateProjectDto.cs(32,17): warning CS1591: Missing XML comment for publicly visible type or member 'CreateUpdateProjectDto.IncludeAuth' [C:\Users\Nhlakanipho\Documents\Projects\ABP-Group\aspnet-core\src\ABPGroup.Application\ABPGroup.Application.csproj]
C:\Users\Nhlakanipho\Documents\Projects\ABP-Group\aspnet-core\src\ABPGroup.Application\Projects\Dto\CreateUpdateProjectDto.cs(34,26): warning CS1591: Missing XML comment for publicly visible type or member 'CreateUpdateProjectDto.Status' [C:\Users\Nhlakanipho\Documents\Projects\ABP-Group\aspnet-core\src\ABPGroup.Application\ABPGroup.Application.csproj]
C:\Users\Nhlakanipho\Documents\Projects\ABP-Group\aspnet-core\src\ABPGroup.Application\Projects\Dto\CreateUpdateProjectDto.cs(36,17): warning CS1591: Missing XML comment for publicly visible type or member 'CreateUpdateProjectDto.TemplateId' [C:\Users\Nhlakanipho\Documents\Projects\ABP-Group\aspnet-core\src\ABPGroup.Application\ABPGroup.Application.csproj]
C:\Users\Nhlakanipho\Documents\Projects\ABP-Group\aspnet-core\src\ABPGroup.Application\Projects\Dto\PagedProjectResultRequestDto.cs(7,14): warning CS1591: Missing XML comment for publicly visible type or member 'PagedProjectResultRequestDto' [C:\Users\Nhlakanipho\Documents\Projects\ABP-Group\aspnet-core\src\ABPGroup.Application\ABPGroup.Application.csproj]
C:\Users\Nhlakanipho\Documents\Projects\ABP-Group\aspnet-core\src\ABPGroup.Application\Projects\Dto\PagedProjectResultRequestDto.cs(9,19): warning CS1591: Missing XML comment for publicly visible type or member 'PagedProjectResultRequestDto.Keyword' [C:\Users\Nhlakanipho\Documents\Projects\ABP-Group\aspnet-core\src\ABPGroup.Application\ABPGroup.Application.csproj]
C:\Users\Nhlakanipho\Documents\Projects\ABP-Group\aspnet-core\src\ABPGroup.Application\Projects\Dto\PagedProjectResultRequestDto.cs(11,17): warning CS1591: Missing XML comment for publicly visible type or member 'PagedProjectResultRequestDto.WorkspaceId' [C:\Users\Nhlakanipho\Documents\Projects\ABP-Group\aspnet-core\src\ABPGroup.Application\ABPGroup.Application.csproj]
C:\Users\Nhlakanipho\Documents\Projects\ABP-Group\aspnet-core\src\ABPGroup.Application\Projects\Dto\PagedProjectResultRequestDto.cs(13,17): warning CS1591: Missing XML comment for publicly visible type or member 'PagedProjectResultRequestDto.Normalize()' [C:\Users\Nhlakanipho\Documents\Projects\ABP-Group\aspnet-core\src\ABPGroup.Application\ABPGroup.Application.csproj]
C:\Users\Nhlakanipho\Documents\Projects\ABP-Group\aspnet-core\src\ABPGroup.Application\Projects\Dto\ProjectDto.cs(8,14): warning CS1591: Missing XML comment for publicly visible type or member 'ProjectDto' [C:\Users\Nhlakanipho\Documents\Projects\ABP-Group\aspnet-core\src\ABPGroup.Application\ABPGroup.Application.csproj]
  ABPGroup.Migrator -> c:\Users\Nhlakanipho\Documents\Projects\ABP-Group\aspnet-core\src\ABPGroup.Migrator\bin\Debug\net9.0\ABPGroup.Migrator.dll
C:\Users\Nhlakanipho\Documents\Projects\ABP-Group\aspnet-core\src\ABPGroup.Application\Projects\Dto\ProjectDto.cs(10,16): warning CS1591: Missing XML comment for publicly visible type or member 'ProjectDto.WorkspaceId' [C:\Users\Nhlakanipho\Documents\Projects\ABP-Group\aspnet-core\src\ABPGroup.Application\ABPGroup.Application.csproj]
C:\Users\Nhlakanipho\Documents\Projects\ABP-Group\aspnet-core\src\ABPGroup.Application\Projects\Dto\ProjectDto.cs(12,18): warning CS1591: Missing XML comment for publicly visible type or member 'ProjectDto.PromptId' [C:\Users\Nhlakanipho\Documents\Projects\ABP-Group\aspnet-core\src\ABPGroup.Application\ABPGroup.Application.csproj]
C:\Users\Nhlakanipho\Documents\Projects\ABP-Group\aspnet-core\src\ABPGroup.Application\Projects\Dto\ProjectDto.cs(14,19): warning CS1591: Missing XML comment for publicly visible type or member 'ProjectDto.Name' [C:\Users\Nhlakanipho\Documents\Projects\ABP-Group\aspnet-core\src\ABPGroup.Application\ABPGroup.Application.csproj]
C:\Users\Nhlakanipho\Documents\Projects\ABP-Group\aspnet-core\src\ABPGroup.Application\Projects\Dto\ProjectDto.cs(16,19): warning CS1591: Missing XML comment for publicly visible type or member 'ProjectDto.Prompt' [C:\Users\Nhlakanipho\Documents\Projects\ABP-Group\aspnet-core\src\ABPGroup.Application\ABPGroup.Application.csproj]
C:\Users\Nhlakanipho\Documents\Projects\ABP-Group\aspnet-core\src\ABPGroup.Application\Projects\Dto\ProjectDto.cs(18,16): warning CS1591: Missing XML comment for publicly visible type or member 'ProjectDto.PromptVersion' [C:\Users\Nhlakanipho\Documents\Projects\ABP-Group\aspnet-core\src\ABPGroup.Application\ABPGroup.Application.csproj]
C:\Users\Nhlakanipho\Documents\Projects\ABP-Group\aspnet-core\src\ABPGroup.Application\Projects\Dto\ProjectDto.cs(20,22): warning CS1591: Missing XML comment for publicly visible type or member 'ProjectDto.PromptSubmittedAt' [C:\Users\Nhlakanipho\Documents\Projects\ABP-Group\aspnet-core\src\ABPGroup.Application\ABPGroup.Application.csproj]
C:\Users\Nhlakanipho\Documents\Projects\ABP-Group\aspnet-core\src\ABPGroup.Application\Projects\Dto\ProjectDto.cs(22,22): warning CS1591: Missing XML comment for publicly visible type or member 'ProjectDto.Framework' [C:\Users\Nhlakanipho\Documents\Projects\ABP-Group\aspnet-core\src\ABPGroup.Application\ABPGroup.Application.csproj]
C:\Users\Nhlakanipho\Documents\Projects\ABP-Group\aspnet-core\src\ABPGroup.Application\Projects\Dto\ProjectDto.cs(24,32): warning CS1591: Missing XML comment for publicly visible type or member 'ProjectDto.Language' [C:\Users\Nhlakanipho\Documents\Projects\ABP-Group\aspnet-core\src\ABPGroup.Application\ABPGroup.Application.csproj]
C:\Users\Nhlakanipho\Documents\Projects\ABP-Group\aspnet-core\src\ABPGroup.Application\Projects\Dto\ProjectDto.cs(26,27): warning CS1591: Missing XML comment for publicly visible type or member 'ProjectDto.DatabaseOption' [C:\Users\Nhlakanipho\Documents\Projects\ABP-Group\aspnet-core\src\ABPGroup.Application\ABPGroup.Application.csproj]
C:\Users\Nhlakanipho\Documents\Projects\ABP-Group\aspnet-core\src\ABPGroup.Application\Projects\Dto\ProjectDto.cs(28,17): warning CS1591: Missing XML comment for publicly visible type or member 'ProjectDto.IncludeAuth' [C:\Users\Nhlakanipho\Documents\Projects\ABP-Group\aspnet-core\src\ABPGroup.Application\ABPGroup.Application.csproj]
C:\Users\Nhlakanipho\Documents\Projects\ABP-Group\aspnet-core\src\ABPGroup.Application\Projects\Dto\ProjectDto.cs(30,26): warning CS1591: Missing XML comment for publicly visible type or member 'ProjectDto.Status' [C:\Users\Nhlakanipho\Documents\Projects\ABP-Group\aspnet-core\src\ABPGroup.Application\ABPGroup.Application.csproj]
C:\Users\Nhlakanipho\Documents\Projects\ABP-Group\aspnet-core\src\ABPGroup.Application\Projects\Dto\ProjectDto.cs(32,21): warning CS1591: Missing XML comment for publicly visible type or member 'ProjectDto.CreatedAt' [C:\Users\Nhlakanipho\Documents\Projects\ABP-Group\aspnet-core\src\ABPGroup.Application\ABPGroup.Application.csproj]
C:\Users\Nhlakanipho\Documents\Projects\ABP-Group\aspnet-core\src\ABPGroup.Application\Projects\Dto\ProjectDto.cs(34,21): warning CS1591: Missing XML comment for publicly visible type or member 'ProjectDto.UpdatedAt' [C:\Users\Nhlakanipho\Documents\Projects\ABP-Group\aspnet-core\src\ABPGroup.Application\ABPGroup.Application.csproj]
C:\Users\Nhlakanipho\Documents\Projects\ABP-Group\aspnet-core\src\ABPGroup.Application\Projects\Dto\ProjectDto.cs(36,17): warning CS1591: Missing XML comment for publicly visible type or member 'ProjectDto.TemplateId' [C:\Users\Nhlakanipho\Documents\Projects\ABP-Group\aspnet-core\src\ABPGroup.Application\ABPGroup.Application.csproj]
C:\Users\Nhlakanipho\Documents\Projects\ABP-Group\aspnet-core\src\ABPGroup.Application\Projects\Dto\ProjectDto.cs(38,19): warning CS1591: Missing XML comment for publicly visible type or member 'ProjectDto.ArchitectureSummary' [C:\Users\Nhlakanipho\Documents\Projects\ABP-Group\aspnet-core\src\ABPGroup.Application\ABPGroup.Application.csproj]
C:\Users\Nhlakanipho\Documents\Projects\ABP-Group\aspnet-core\src\ABPGroup.Application\Projects\Dto\ProjectDto.cs(40,19): warning CS1591: Missing XML comment for publicly visible type or member 'ProjectDto.GeneratedModules' [C:\Users\Nhlakanipho\Documents\Projects\ABP-Group\aspnet-core\src\ABPGroup.Application\ABPGroup.Application.csproj]
C:\Users\Nhlakanipho\Documents\Projects\ABP-Group\aspnet-core\src\ABPGroup.Application\Projects\Dto\ProjectDto.cs(42,19): warning CS1591: Missing XML comment for publicly visible type or member 'ProjectDto.StatusMessage' [C:\Users\Nhlakanipho\Documents\Projects\ABP-Group\aspnet-core\src\ABPGroup.Application\ABPGroup.Application.csproj]
C:\Users\Nhlakanipho\Documents\Projects\ABP-Group\aspnet-core\src\ABPGroup.Application\Projects\IProjectAppService.cs(6,18): warning CS1591: Missing XML comment for publicly visible type or member 'IProjectAppService' [C:\Users\Nhlakanipho\Documents\Projects\ABP-Group\aspnet-core\src\ABPGroup.Application\ABPGroup.Application.csproj]
C:\Users\Nhlakanipho\Documents\Projects\ABP-Group\aspnet-core\src\ABPGroup.Application\Projects\ProjectAppService.cs(17,14): warning CS1591: Missing XML comment for publicly visible type or member 'ProjectAppService' [C:\Users\Nhlakanipho\Documents\Projects\ABP-Group\aspnet-core\src\ABPGroup.Application\ABPGroup.Application.csproj]
C:\Users\Nhlakanipho\Documents\Projects\ABP-Group\aspnet-core\src\ABPGroup.Application\Projects\ProjectAppService.cs(24,12): warning CS1591: Missing XML comment for publicly visible type or member 'ProjectAppService.ProjectAppService(IRepository<Project, long>, IRepository<Prompt, long>, IRepository<Tenant, int>, TenantManager, ICodeGenAppService)' [C:\Users\Nhlakanipho\Documents\Projects\ABP-Group\aspnet-core\src\ABPGroup.Application\ABPGroup.Application.csproj]
C:\Users\Nhlakanipho\Documents\Projects\ABP-Group\aspnet-core\src\ABPGroup.Application\Projects\ProjectAppService.cs(43,60): warning CS1591: Missing XML comment for publicly visible type or member 'ProjectAppService.GetAllAsync(PagedProjectResultRequestDto)' [C:\Users\Nhlakanipho\Documents\Projects\ABP-Group\aspnet-core\src\ABPGroup.Application\ABPGroup.Application.csproj]
C:\Users\Nhlakanipho\Documents\Projects\ABP-Group\aspnet-core\src\ABPGroup.Application\Projects\ProjectAppService.cs(53,44): warning CS1591: Missing XML comment for publicly visible type or member 'ProjectAppService.CreateAsync(CreateUpdateProjectDto)' [C:\Users\Nhlakanipho\Documents\Projects\ABP-Group\aspnet-core\src\ABPGroup.Application\ABPGroup.Application.csproj]
C:\Users\Nhlakanipho\Documents\Projects\ABP-Group\aspnet-core\src\ABPGroup.Application\Projects\ProjectAppService.cs(194,44): warning CS1591: Missing XML comment for publicly visible type or member 'ProjectAppService.UpdateAsync(CreateUpdateProjectDto)' [C:\Users\Nhlakanipho\Documents\Projects\ABP-Group\aspnet-core\src\ABPGroup.Application\ABPGroup.Application.csproj]
C:\Users\Nhlakanipho\Documents\Projects\ABP-Group\aspnet-core\src\ABPGroup.Application\Projects\ProjectAppService.cs(211,44): warning CS1591: Missing XML comment for publicly visible type or member 'ProjectAppService.CreateFilteredQuery(PagedProjectResultRequestDto)' [C:\Users\Nhlakanipho\Documents\Projects\ABP-Group\aspnet-core\src\ABPGroup.Application\ABPGroup.Application.csproj]
C:\Users\Nhlakanipho\Documents\Projects\ABP-Group\aspnet-core\src\ABPGroup.Application\Projects\ProjectAppService.cs(219,44): warning CS1591: Missing XML comment for publicly visible type or member 'ProjectAppService.ApplySorting(IQueryable<Project>, PagedProjectResultRequestDto)' [C:\Users\Nhlakanipho\Documents\Projects\ABP-Group\aspnet-core\src\ABPGroup.Application\ABPGroup.Application.csproj]
C:\Users\Nhlakanipho\Documents\Projects\ABP-Group\aspnet-core\src\ABPGroup.Application\Prompts\Dto\CreateUpdatePromptDto.cs(10,14): warning CS1591: Missing XML comment for publicly visible type or member 'CreateUpdatePromptDto' [C:\Users\Nhlakanipho\Documents\Projects\ABP-Group\aspnet-core\src\ABPGroup.Application\ABPGroup.Application.csproj]
C:\Users\Nhlakanipho\Documents\Projects\ABP-Group\aspnet-core\src\ABPGroup.Application\Prompts\Dto\CreateUpdatePromptDto.cs(13,17): warning CS1591: Missing XML comment for publicly visible type or member 'CreateUpdatePromptDto.ProjectId' [C:\Users\Nhlakanipho\Documents\Projects\ABP-Group\aspnet-core\src\ABPGroup.Application\ABPGroup.Application.csproj]
C:\Users\Nhlakanipho\Documents\Projects\ABP-Group\aspnet-core\src\ABPGroup.Application\Prompts\Dto\CreateUpdatePromptDto.cs(16,19): warning CS1591: Missing XML comment for publicly visible type or member 'CreateUpdatePromptDto.Content' [C:\Users\Nhlakanipho\Documents\Projects\ABP-Group\aspnet-core\src\ABPGroup.Application\ABPGroup.Application.csproj]
C:\Users\Nhlakanipho\Documents\Projects\ABP-Group\aspnet-core\src\ABPGroup.Application\Prompts\Dto\CreateUpdatePromptDto.cs(18,16): warning CS1591: Missing XML comment for publicly visible type or member 'CreateUpdatePromptDto.Version' [C:\Users\Nhlakanipho\Documents\Projects\ABP-Group\aspnet-core\src\ABPGroup.Application\ABPGroup.Application.csproj]
C:\Users\Nhlakanipho\Documents\Projects\ABP-Group\aspnet-core\src\ABPGroup.Application\Prompts\Dto\CreateUpdatePromptDto.cs(20,22): warning CS1591: Missing XML comment for publicly visible type or member 'CreateUpdatePromptDto.SubmittedAt' [C:\Users\Nhlakanipho\Documents\Projects\ABP-Group\aspnet-core\src\ABPGroup.Application\ABPGroup.Application.csproj]
C:\Users\Nhlakanipho\Documents\Projects\ABP-Group\aspnet-core\src\ABPGroup.Application\Prompts\Dto\PagedPromptResultRequestDto.cs(7,14): warning CS1591: Missing XML comment for publicly visible type or member 'PagedPromptResultRequestDto' [C:\Users\Nhlakanipho\Documents\Projects\ABP-Group\aspnet-core\src\ABPGroup.Application\ABPGroup.Application.csproj]
C:\Users\Nhlakanipho\Documents\Projects\ABP-Group\aspnet-core\src\ABPGroup.Application\Prompts\Dto\PagedPromptResultRequestDto.cs(9,19): warning CS1591: Missing XML comment for publicly visible type or member 'PagedPromptResultRequestDto.Keyword' [C:\Users\Nhlakanipho\Documents\Projects\ABP-Group\aspnet-core\src\ABPGroup.Application\ABPGroup.Application.csproj]
C:\Users\Nhlakanipho\Documents\Projects\ABP-Group\aspnet-core\src\ABPGroup.Application\Prompts\Dto\PagedPromptResultRequestDto.cs(11,18): warning CS1591: Missing XML comment for publicly visible type or member 'PagedPromptResultRequestDto.ProjectId' [C:\Users\Nhlakanipho\Documents\Projects\ABP-Group\aspnet-core\src\ABPGroup.Application\ABPGroup.Application.csproj]
C:\Users\Nhlakanipho\Documents\Projects\ABP-Group\aspnet-core\src\ABPGroup.Application\Prompts\Dto\PagedPromptResultRequestDto.cs(13,17): warning CS1591: Missing XML comment for publicly visible type or member 'PagedPromptResultRequestDto.Normalize()' [C:\Users\Nhlakanipho\Documents\Projects\ABP-Group\aspnet-core\src\ABPGroup.Application\ABPGroup.Application.csproj]
C:\Users\Nhlakanipho\Documents\Projects\ABP-Group\aspnet-core\src\ABPGroup.Application\Prompts\Dto\PromptDto.cs(9,14): warning CS1591: Missing XML comment for publicly visible type or member 'PromptDto' [C:\Users\Nhlakanipho\Documents\Projects\ABP-Group\aspnet-core\src\ABPGroup.Application\ABPGroup.Application.csproj]
C:\Users\Nhlakanipho\Documents\Projects\ABP-Group\aspnet-core\src\ABPGroup.Application\Prompts\Dto\PromptDto.cs(11,17): warning CS1591: Missing XML comment for publicly visible type or member 'PromptDto.ProjectId' [C:\Users\Nhlakanipho\Documents\Projects\ABP-Group\aspnet-core\src\ABPGroup.Application\ABPGroup.Application.csproj]
C:\Users\Nhlakanipho\Documents\Projects\ABP-Group\aspnet-core\src\ABPGroup.Application\Prompts\Dto\PromptDto.cs(13,19): warning CS1591: Missing XML comment for publicly visible type or member 'PromptDto.Content' [C:\Users\Nhlakanipho\Documents\Projects\ABP-Group\aspnet-core\src\ABPGroup.Application\ABPGroup.Application.csproj]
C:\Users\Nhlakanipho\Documents\Projects\ABP-Group\aspnet-core\src\ABPGroup.Application\Prompts\Dto\PromptDto.cs(15,16): warning CS1591: Missing XML comment for publicly visible type or member 'PromptDto.Version' [C:\Users\Nhlakanipho\Documents\Projects\ABP-Group\aspnet-core\src\ABPGroup.Application\ABPGroup.Application.csproj]
C:\Users\Nhlakanipho\Documents\Projects\ABP-Group\aspnet-core\src\ABPGroup.Application\Prompts\Dto\PromptDto.cs(17,22): warning CS1591: Missing XML comment for publicly visible type or member 'PromptDto.SubmittedAt' [C:\Users\Nhlakanipho\Documents\Projects\ABP-Group\aspnet-core\src\ABPGroup.Application\ABPGroup.Application.csproj]
C:\Users\Nhlakanipho\Documents\Projects\ABP-Group\aspnet-core\src\ABPGroup.Application\Prompts\Dto\PromptDto.cs(19,21): warning CS1591: Missing XML comment for publicly visible type or member 'PromptDto.CreatedAt' [C:\Users\Nhlakanipho\Documents\Projects\ABP-Group\aspnet-core\src\ABPGroup.Application\ABPGroup.Application.csproj]
C:\Users\Nhlakanipho\Documents\Projects\ABP-Group\aspnet-core\src\ABPGroup.Application\Prompts\IPromptAppService.cs(6,18): warning CS1591: Missing XML comment for publicly visible type or member 'IPromptAppService' [C:\Users\Nhlakanipho\Documents\Projects\ABP-Group\aspnet-core\src\ABPGroup.Application\ABPGroup.Application.csproj]
C:\Users\Nhlakanipho\Documents\Projects\ABP-Group\aspnet-core\src\ABPGroup.Application\Prompts\PromptAppService.cs(13,14): warning CS1591: Missing XML comment for publicly visible type or member 'PromptAppService' [C:\Users\Nhlakanipho\Documents\Projects\ABP-Group\aspnet-core\src\ABPGroup.Application\ABPGroup.Application.csproj]
C:\Users\Nhlakanipho\Documents\Projects\ABP-Group\aspnet-core\src\ABPGroup.Application\Prompts\PromptAppService.cs(15,12): warning CS1591: Missing XML comment for publicly visible type or member 'PromptAppService.PromptAppService(IRepository<Prompt, long>)' [C:\Users\Nhlakanipho\Documents\Projects\ABP-Group\aspnet-core\src\ABPGroup.Application\ABPGroup.Application.csproj]
C:\Users\Nhlakanipho\Documents\Projects\ABP-Group\aspnet-core\src\ABPGroup.Application\Prompts\PromptAppService.cs(25,31): warning CS1591: Missing XML comment for publicly visible type or member 'PromptAppService.MapToEntity(CreateUpdatePromptDto)' [C:\Users\Nhlakanipho\Documents\Projects\ABP-Group\aspnet-core\src\ABPGroup.Application\ABPGroup.Application.csproj]
C:\Users\Nhlakanipho\Documents\Projects\ABP-Group\aspnet-core\src\ABPGroup.Application\Prompts\PromptAppService.cs(32,43): warning CS1591: Missing XML comment for publicly visible type or member 'PromptAppService.CreateFilteredQuery(PagedPromptResultRequestDto)' [C:\Users\Nhlakanipho\Documents\Projects\ABP-Group\aspnet-core\src\ABPGroup.Application\ABPGroup.Application.csproj]
C:\Users\Nhlakanipho\Documents\Projects\ABP-Group\aspnet-core\src\ABPGroup.Application\Prompts\PromptAppService.cs(39,43): warning CS1591: Missing XML comment for publicly visible type or member 'PromptAppService.ApplySorting(IQueryable<Prompt>, PagedPromptResultRequestDto)' [C:\Users\Nhlakanipho\Documents\Projects\ABP-Group\aspnet-core\src\ABPGroup.Application\ABPGroup.Application.csproj]
C:\Users\Nhlakanipho\Documents\Projects\ABP-Group\aspnet-core\src\ABPGroup.Application\Roles\Dto\CreateRoleDto.cs(8,14): warning CS1591: Missing XML comment for publicly visible type or member 'CreateRoleDto' [C:\Users\Nhlakanipho\Documents\Projects\ABP-Group\aspnet-core\src\ABPGroup.Application\ABPGroup.Application.csproj]
C:\Users\Nhlakanipho\Documents\Projects\ABP-Group\aspnet-core\src\ABPGroup.Application\Roles\Dto\CreateRoleDto.cs(12,19): warning CS1591: Missing XML comment for publicly visible type or member 'CreateRoleDto.Name' [C:\Users\Nhlakanipho\Documents\Projects\ABP-Group\aspnet-core\src\ABPGroup.Application\ABPGroup.Application.csproj]
C:\Users\Nhlakanipho\Documents\Projects\ABP-Group\aspnet-core\src\ABPGroup.Application\Roles\Dto\CreateRoleDto.cs(16,19): warning CS1591: Missing XML comment for publicly visible type or member 'CreateRoleDto.DisplayName' [C:\Users\Nhlakanipho\Documents\Projects\ABP-Group\aspnet-core\src\ABPGroup.Application\ABPGroup.Application.csproj]
C:\Users\Nhlakanipho\Documents\Projects\ABP-Group\aspnet-core\src\ABPGroup.Application\Roles\Dto\CreateRoleDto.cs(18,19): warning CS1591: Missing XML comment for publicly visible type or member 'CreateRoleDto.NormalizedName' [C:\Users\Nhlakanipho\Documents\Projects\ABP-Group\aspnet-core\src\ABPGroup.Application\ABPGroup.Application.csproj]
C:\Users\Nhlakanipho\Documents\Projects\ABP-Group\aspnet-core\src\ABPGroup.Application\Roles\Dto\CreateRoleDto.cs(21,19): warning CS1591: Missing XML comment for publicly visible type or member 'CreateRoleDto.Description' [C:\Users\Nhlakanipho\Documents\Projects\ABP-Group\aspnet-core\src\ABPGroup.Application\ABPGroup.Application.csproj]
C:\Users\Nhlakanipho\Documents\Projects\ABP-Group\aspnet-core\src\ABPGroup.Application\Roles\Dto\CreateRoleDto.cs(23,25): warning CS1591: Missing XML comment for publicly visible type or member 'CreateRoleDto.GrantedPermissions' [C:\Users\Nhlakanipho\Documents\Projects\ABP-Group\aspnet-core\src\ABPGroup.Application\ABPGroup.Application.csproj]
C:\Users\Nhlakanipho\Documents\Projects\ABP-Group\aspnet-core\src\ABPGroup.Application\Roles\Dto\CreateRoleDto.cs(25,12): warning CS1591: Missing XML comment for publicly visible type or member 'CreateRoleDto.CreateRoleDto()' [C:\Users\Nhlakanipho\Documents\Projects\ABP-Group\aspnet-core\src\ABPGroup.Application\ABPGroup.Application.csproj]
C:\Users\Nhlakanipho\Documents\Projects\ABP-Group\aspnet-core\src\ABPGroup.Application\Roles\Dto\FlatPermissionDto.cs(3,14): warning CS1591: Missing XML comment for publicly visible type or member 'FlatPermissionDto' [C:\Users\Nhlakanipho\Documents\Projects\ABP-Group\aspnet-core\src\ABPGroup.Application\ABPGroup.Application.csproj]
C:\Users\Nhlakanipho\Documents\Projects\ABP-Group\aspnet-core\src\ABPGroup.Application\Roles\Dto\FlatPermissionDto.cs(5,19): warning CS1591: Missing XML comment for publicly visible type or member 'FlatPermissionDto.Name' [C:\Users\Nhlakanipho\Documents\Projects\ABP-Group\aspnet-core\src\ABPGroup.Application\ABPGroup.Application.csproj]
C:\Users\Nhlakanipho\Documents\Projects\ABP-Group\aspnet-core\src\ABPGroup.Application\Roles\Dto\FlatPermissionDto.cs(7,19): warning CS1591: Missing XML comment for publicly visible type or member 'FlatPermissionDto.DisplayName' [C:\Users\Nhlakanipho\Documents\Projects\ABP-Group\aspnet-core\src\ABPGroup.Application\ABPGroup.Application.csproj]
C:\Users\Nhlakanipho\Documents\Projects\ABP-Group\aspnet-core\src\ABPGroup.Application\Roles\Dto\FlatPermissionDto.cs(9,19): warning CS1591: Missing XML comment for publicly visible type or member 'FlatPermissionDto.Description' [C:\Users\Nhlakanipho\Documents\Projects\ABP-Group\aspnet-core\src\ABPGroup.Application\ABPGroup.Application.csproj]
C:\Users\Nhlakanipho\Documents\Projects\ABP-Group\aspnet-core\src\ABPGroup.Application\Roles\Dto\GetRoleForEditOutput.cs(5,14): warning CS1591: Missing XML comment for publicly visible type or member 'GetRoleForEditOutput' [C:\Users\Nhlakanipho\Documents\Projects\ABP-Group\aspnet-core\src\ABPGroup.Application\ABPGroup.Application.csproj]
C:\Users\Nhlakanipho\Documents\Projects\ABP-Group\aspnet-core\src\ABPGroup.Application\Roles\Dto\GetRoleForEditOutput.cs(7,24): warning CS1591: Missing XML comment for publicly visible type or member 'GetRoleForEditOutput.Role' [C:\Users\Nhlakanipho\Documents\Projects\ABP-Group\aspnet-core\src\ABPGroup.Application\ABPGroup.Application.csproj]
C:\Users\Nhlakanipho\Documents\Projects\ABP-Group\aspnet-core\src\ABPGroup.Application\Roles\Dto\GetRoleForEditOutput.cs(9,36): warning CS1591: Missing XML comment for publicly visible type or member 'GetRoleForEditOutput.Permissions' [C:\Users\Nhlakanipho\Documents\Projects\ABP-Group\aspnet-core\src\ABPGroup.Application\ABPGroup.Application.csproj]
C:\Users\Nhlakanipho\Documents\Projects\ABP-Group\aspnet-core\src\ABPGroup.Application\Roles\Dto\GetRoleForEditOutput.cs(11,25): warning CS1591: Missing XML comment for publicly visible type or member 'GetRoleForEditOutput.GrantedPermissionNames' [C:\Users\Nhlakanipho\Documents\Projects\ABP-Group\aspnet-core\src\ABPGroup.Application\ABPGroup.Application.csproj]
C:\Users\Nhlakanipho\Documents\Projects\ABP-Group\aspnet-core\src\ABPGroup.Application\Roles\Dto\GetRolesInput.cs(3,14): warning CS1591: Missing XML comment for publicly visible type or member 'GetRolesInput' [C:\Users\Nhlakanipho\Documents\Projects\ABP-Group\aspnet-core\src\ABPGroup.Application\ABPGroup.Application.csproj]
C:\Users\Nhlakanipho\Documents\Projects\ABP-Group\aspnet-core\src\ABPGroup.Application\Roles\Dto\GetRolesInput.cs(5,19): warning CS1591: Missing XML comment for publicly visible type or member 'GetRolesInput.Permission' [C:\Users\Nhlakanipho\Documents\Projects\ABP-Group\aspnet-core\src\ABPGroup.Application\ABPGroup.Application.csproj]
C:\Users\Nhlakanipho\Documents\Projects\ABP-Group\aspnet-core\src\ABPGroup.Application\Roles\Dto\PagedRoleResultRequestDto.cs(6,14): warning CS1591: Missing XML comment for publicly visible type or member 'PagedRoleResultRequestDto' [C:\Users\Nhlakanipho\Documents\Projects\ABP-Group\aspnet-core\src\ABPGroup.Application\ABPGroup.Application.csproj]
C:\Users\Nhlakanipho\Documents\Projects\ABP-Group\aspnet-core\src\ABPGroup.Application\Roles\Dto\PagedRoleResultRequestDto.cs(8,19): warning CS1591: Missing XML comment for publicly visible type or member 'PagedRoleResultRequestDto.Keyword' [C:\Users\Nhlakanipho\Documents\Projects\ABP-Group\aspnet-core\src\ABPGroup.Application\ABPGroup.Application.csproj]
C:\Users\Nhlakanipho\Documents\Projects\ABP-Group\aspnet-core\src\ABPGroup.Application\Roles\Dto\PagedRoleResultRequestDto.cs(9,19): warning CS1591: Missing XML comment for publicly visible type or member 'PagedRoleResultRequestDto.Sorting' [C:\Users\Nhlakanipho\Documents\Projects\ABP-Group\aspnet-core\src\ABPGroup.Application\ABPGroup.Application.csproj]
C:\Users\Nhlakanipho\Documents\Projects\ABP-Group\aspnet-core\src\ABPGroup.Application\Roles\Dto\PagedRoleResultRequestDto.cs(11,17): warning CS1591: Missing XML comment for publicly visible type or member 'PagedRoleResultRequestDto.Normalize()' [C:\Users\Nhlakanipho\Documents\Projects\ABP-Group\aspnet-core\src\ABPGroup.Application\ABPGroup.Application.csproj]
C:\Users\Nhlakanipho\Documents\Projects\ABP-Group\aspnet-core\src\ABPGroup.Application\Roles\Dto\PermissionDto.cs(8,14): warning CS1591: Missing XML comment for publicly visible type or member 'PermissionDto' [C:\Users\Nhlakanipho\Documents\Projects\ABP-Group\aspnet-core\src\ABPGroup.Application\ABPGroup.Application.csproj]
C:\Users\Nhlakanipho\Documents\Projects\ABP-Group\aspnet-core\src\ABPGroup.Application\Roles\Dto\PermissionDto.cs(10,19): warning CS1591: Missing XML comment for publicly visible type or member 'PermissionDto.Name' [C:\Users\Nhlakanipho\Documents\Projects\ABP-Group\aspnet-core\src\ABPGroup.Application\ABPGroup.Application.csproj]
C:\Users\Nhlakanipho\Documents\Projects\ABP-Group\aspnet-core\src\ABPGroup.Application\Roles\Dto\PermissionDto.cs(12,19): warning CS1591: Missing XML comment for publicly visible type or member 'PermissionDto.DisplayName' [C:\Users\Nhlakanipho\Documents\Projects\ABP-Group\aspnet-core\src\ABPGroup.Application\ABPGroup.Application.csproj]
C:\Users\Nhlakanipho\Documents\Projects\ABP-Group\aspnet-core\src\ABPGroup.Application\Roles\Dto\PermissionDto.cs(14,19): warning CS1591: Missing XML comment for publicly visible type or member 'PermissionDto.Description' [C:\Users\Nhlakanipho\Documents\Projects\ABP-Group\aspnet-core\src\ABPGroup.Application\ABPGroup.Application.csproj]
C:\Users\Nhlakanipho\Documents\Projects\ABP-Group\aspnet-core\src\ABPGroup.Application\Roles\Dto\RoleDto.cs(9,14): warning CS1591: Missing XML comment for publicly visible type or member 'RoleDto' [C:\Users\Nhlakanipho\Documents\Projects\ABP-Group\aspnet-core\src\ABPGroup.Application\ABPGroup.Application.csproj]
C:\Users\Nhlakanipho\Documents\Projects\ABP-Group\aspnet-core\src\ABPGroup.Application\Roles\Dto\RoleDto.cs(13,19): warning CS1591: Missing XML comment for publicly visible type or member 'RoleDto.Name' [C:\Users\Nhlakanipho\Documents\Projects\ABP-Group\aspnet-core\src\ABPGroup.Application\ABPGroup.Application.csproj]
C:\Users\Nhlakanipho\Documents\Projects\ABP-Group\aspnet-core\src\ABPGroup.Application\Roles\Dto\RoleDto.cs(17,19): warning CS1591: Missing XML comment for publicly visible type or member 'RoleDto.DisplayName' [C:\Users\Nhlakanipho\Documents\Projects\ABP-Group\aspnet-core\src\ABPGroup.Application\ABPGroup.Application.csproj]
C:\Users\Nhlakanipho\Documents\Projects\ABP-Group\aspnet-core\src\ABPGroup.Application\Roles\Dto\RoleDto.cs(19,19): warning CS1591: Missing XML comment for publicly visible type or member 'RoleDto.NormalizedName' [C:\Users\Nhlakanipho\Documents\Projects\ABP-Group\aspnet-core\src\ABPGroup.Application\ABPGroup.Application.csproj]
C:\Users\Nhlakanipho\Documents\Projects\ABP-Group\aspnet-core\src\ABPGroup.Application\Roles\Dto\RoleDto.cs(22,19): warning CS1591: Missing XML comment for publicly visible type or member 'RoleDto.Description' [C:\Users\Nhlakanipho\Documents\Projects\ABP-Group\aspnet-core\src\ABPGroup.Application\ABPGroup.Application.csproj]
C:\Users\Nhlakanipho\Documents\Projects\ABP-Group\aspnet-core\src\ABPGroup.Application\Roles\Dto\RoleDto.cs(24,25): warning CS1591: Missing XML comment for publicly visible type or member 'RoleDto.GrantedPermissions' [C:\Users\Nhlakanipho\Documents\Projects\ABP-Group\aspnet-core\src\ABPGroup.Application\ABPGroup.Application.csproj]
C:\Users\Nhlakanipho\Documents\Projects\ABP-Group\aspnet-core\src\ABPGroup.Application\Roles\Dto\RoleEditDto.cs(8,14): warning CS1591: Missing XML comment for publicly visible type or member 'RoleEditDto' [C:\Users\Nhlakanipho\Documents\Projects\ABP-Group\aspnet-core\src\ABPGroup.Application\ABPGroup.Application.csproj]
C:\Users\Nhlakanipho\Documents\Projects\ABP-Group\aspnet-core\src\ABPGroup.Application\Roles\Dto\RoleEditDto.cs(12,19): warning CS1591: Missing XML comment for publicly visible type or member 'RoleEditDto.Name' [C:\Users\Nhlakanipho\Documents\Projects\ABP-Group\aspnet-core\src\ABPGroup.Application\ABPGroup.Application.csproj]
C:\Users\Nhlakanipho\Documents\Projects\ABP-Group\aspnet-core\src\ABPGroup.Application\Roles\Dto\RoleEditDto.cs(16,19): warning CS1591: Missing XML comment for publicly visible type or member 'RoleEditDto.DisplayName' [C:\Users\Nhlakanipho\Documents\Projects\ABP-Group\aspnet-core\src\ABPGroup.Application\ABPGroup.Application.csproj]
C:\Users\Nhlakanipho\Documents\Projects\ABP-Group\aspnet-core\src\ABPGroup.Application\Roles\Dto\RoleEditDto.cs(19,19): warning CS1591: Missing XML comment for publicly visible type or member 'RoleEditDto.Description' [C:\Users\Nhlakanipho\Documents\Projects\ABP-Group\aspnet-core\src\ABPGroup.Application\ABPGroup.Application.csproj]
C:\Users\Nhlakanipho\Documents\Projects\ABP-Group\aspnet-core\src\ABPGroup.Application\Roles\Dto\RoleEditDto.cs(21,17): warning CS1591: Missing XML comment for publicly visible type or member 'RoleEditDto.IsStatic' [C:\Users\Nhlakanipho\Documents\Projects\ABP-Group\aspnet-core\src\ABPGroup.Application\ABPGroup.Application.csproj]
C:\Users\Nhlakanipho\Documents\Projects\ABP-Group\aspnet-core\src\ABPGroup.Application\Roles\Dto\RoleListDto.cs(7,14): warning CS1591: Missing XML comment for publicly visible type or member 'RoleListDto' [C:\Users\Nhlakanipho\Documents\Projects\ABP-Group\aspnet-core\src\ABPGroup.Application\ABPGroup.Application.csproj]
C:\Users\Nhlakanipho\Documents\Projects\ABP-Group\aspnet-core\src\ABPGroup.Application\Roles\Dto\RoleListDto.cs(9,19): warning CS1591: Missing XML comment for publicly visible type or member 'RoleListDto.Name' [C:\Users\Nhlakanipho\Documents\Projects\ABP-Group\aspnet-core\src\ABPGroup.Application\ABPGroup.Application.csproj]
C:\Users\Nhlakanipho\Documents\Projects\ABP-Group\aspnet-core\src\ABPGroup.Application\Roles\Dto\RoleListDto.cs(11,19): warning CS1591: Missing XML comment for publicly visible type or member 'RoleListDto.DisplayName' [C:\Users\Nhlakanipho\Documents\Projects\ABP-Group\aspnet-core\src\ABPGroup.Application\ABPGroup.Application.csproj]
C:\Users\Nhlakanipho\Documents\Projects\ABP-Group\aspnet-core\src\ABPGroup.Application\Roles\Dto\RoleListDto.cs(13,17): warning CS1591: Missing XML comment for publicly visible type or member 'RoleListDto.IsStatic' [C:\Users\Nhlakanipho\Documents\Projects\ABP-Group\aspnet-core\src\ABPGroup.Application\ABPGroup.Application.csproj]
C:\Users\Nhlakanipho\Documents\Projects\ABP-Group\aspnet-core\src\ABPGroup.Application\Roles\Dto\RoleListDto.cs(15,17): warning CS1591: Missing XML comment for publicly visible type or member 'RoleListDto.IsDefault' [C:\Users\Nhlakanipho\Documents\Projects\ABP-Group\aspnet-core\src\ABPGroup.Application\ABPGroup.Application.csproj]
C:\Users\Nhlakanipho\Documents\Projects\ABP-Group\aspnet-core\src\ABPGroup.Application\Roles\Dto\RoleListDto.cs(17,21): warning CS1591: Missing XML comment for publicly visible type or member 'RoleListDto.CreationTime' [C:\Users\Nhlakanipho\Documents\Projects\ABP-Group\aspnet-core\src\ABPGroup.Application\ABPGroup.Application.csproj]
C:\Users\Nhlakanipho\Documents\Projects\ABP-Group\aspnet-core\src\ABPGroup.Application\Roles\Dto\RoleMapProfile.cs(9,14): warning CS1591: Missing XML comment for publicly visible type or member 'RoleMapProfile' [C:\Users\Nhlakanipho\Documents\Projects\ABP-Group\aspnet-core\src\ABPGroup.Application\ABPGroup.Application.csproj]
C:\Users\Nhlakanipho\Documents\Projects\ABP-Group\aspnet-core\src\ABPGroup.Application\Roles\Dto\RoleMapProfile.cs(11,12): warning CS1591: Missing XML comment for publicly visible type or member 'RoleMapProfile.RoleMapProfile()' [C:\Users\Nhlakanipho\Documents\Projects\ABP-Group\aspnet-core\src\ABPGroup.Application\ABPGroup.Application.csproj]
C:\Users\Nhlakanipho\Documents\Projects\ABP-Group\aspnet-core\src\ABPGroup.Application\Roles\IRoleAppService.cs(8,18): warning CS1591: Missing XML comment for publicly visible type or member 'IRoleAppService' [C:\Users\Nhlakanipho\Documents\Projects\ABP-Group\aspnet-core\src\ABPGroup.Application\ABPGroup.Application.csproj]
C:\Users\Nhlakanipho\Documents\Projects\ABP-Group\aspnet-core\src\ABPGroup.Application\Roles\IRoleAppService.cs(10,40): warning CS1591: Missing XML comment for publicly visible type or member 'IRoleAppService.GetAllPermissions()' [C:\Users\Nhlakanipho\Documents\Projects\ABP-Group\aspnet-core\src\ABPGroup.Application\ABPGroup.Application.csproj]
C:\Users\Nhlakanipho\Documents\Projects\ABP-Group\aspnet-core\src\ABPGroup.Application\Roles\IRoleAppService.cs(12,32): warning CS1591: Missing XML comment for publicly visible type or member 'IRoleAppService.GetRoleForEdit(EntityDto)' [C:\Users\Nhlakanipho\Documents\Projects\ABP-Group\aspnet-core\src\ABPGroup.Application\ABPGroup.Application.csproj]
C:\Users\Nhlakanipho\Documents\Projects\ABP-Group\aspnet-core\src\ABPGroup.Application\Roles\IRoleAppService.cs(14,38): warning CS1591: Missing XML comment for publicly visible type or member 'IRoleAppService.GetRolesAsync(GetRolesInput)' [C:\Users\Nhlakanipho\Documents\Projects\ABP-Group\aspnet-core\src\ABPGroup.Application\ABPGroup.Application.csproj]
C:\Users\Nhlakanipho\Documents\Projects\ABP-Group\aspnet-core\src\ABPGroup.Application\Roles\RoleAppService.cs(22,14): warning CS1591: Missing XML comment for publicly visible type or member 'RoleAppService' [C:\Users\Nhlakanipho\Documents\Projects\ABP-Group\aspnet-core\src\ABPGroup.Application\ABPGroup.Application.csproj]
C:\Users\Nhlakanipho\Documents\Projects\ABP-Group\aspnet-core\src\ABPGroup.Application\Roles\RoleAppService.cs(27,12): warning CS1591: Missing XML comment for publicly visible type or member 'RoleAppService.RoleAppService(IRepository<Role>, RoleManager, UserManager)' [C:\Users\Nhlakanipho\Documents\Projects\ABP-Group\aspnet-core\src\ABPGroup.Application\ABPGroup.Application.csproj]
C:\Users\Nhlakanipho\Documents\Projects\ABP-Group\aspnet-core\src\ABPGroup.Application\Roles\RoleAppService.cs(34,41): warning CS1591: Missing XML comment for publicly visible type or member 'RoleAppService.CreateAsync(CreateRoleDto)' [C:\Users\Nhlakanipho\Documents\Projects\ABP-Group\aspnet-core\src\ABPGroup.Application\ABPGroup.Application.csproj]
C:\Users\Nhlakanipho\Documents\Projects\ABP-Group\aspnet-core\src\ABPGroup.Application\Roles\RoleAppService.cs(53,51): warning CS1591: Missing XML comment for publicly visible type or member 'RoleAppService.GetRolesAsync(GetRolesInput)' [C:\Users\Nhlakanipho\Documents\Projects\ABP-Group\aspnet-core\src\ABPGroup.Application\ABPGroup.Application.csproj]
C:\Users\Nhlakanipho\Documents\Projects\ABP-Group\aspnet-core\src\ABPGroup.Application\Roles\RoleAppService.cs(66,41): warning CS1591: Missing XML comment for publicly visible type or member 'RoleAppService.UpdateAsync(RoleDto)' [C:\Users\Nhlakanipho\Documents\Projects\ABP-Group\aspnet-core\src\ABPGroup.Application\ABPGroup.Application.csproj]
C:\Users\Nhlakanipho\Documents\Projects\ABP-Group\aspnet-core\src\ABPGroup.Application\Roles\RoleAppService.cs(86,32): warning CS1591: Missing XML comment for publicly visible type or member 'RoleAppService.DeleteAsync(EntityDto<int>)' [C:\Users\Nhlakanipho\Documents\Projects\ABP-Group\aspnet-core\src\ABPGroup.Application\ABPGroup.Application.csproj]
C:\Users\Nhlakanipho\Documents\Projects\ABP-Group\aspnet-core\src\ABPGroup.Application\Roles\RoleAppService.cs(101,47): warning CS1591: Missing XML comment for publicly visible type or member 'RoleAppService.GetAllPermissions()' [C:\Users\Nhlakanipho\Documents\Projects\ABP-Group\aspnet-core\src\ABPGroup.Application\ABPGroup.Application.csproj]
C:\Users\Nhlakanipho\Documents\Projects\ABP-Group\aspnet-core\src\ABPGroup.Application\Roles\RoleAppService.cs(110,41): warning CS1591: Missing XML comment for publicly visible type or member 'RoleAppService.CreateFilteredQuery(PagedRoleResultRequestDto)' [C:\Users\Nhlakanipho\Documents\Projects\ABP-Group\aspnet-core\src\ABPGroup.Application\ABPGroup.Application.csproj]
C:\Users\Nhlakanipho\Documents\Projects\ABP-Group\aspnet-core\src\ABPGroup.Application\Roles\RoleAppService.cs(118,41): warning CS1591: Missing XML comment for publicly visible type or member 'RoleAppService.GetEntityByIdAsync(int)' [C:\Users\Nhlakanipho\Documents\Projects\ABP-Group\aspnet-core\src\ABPGroup.Application\ABPGroup.Application.csproj]
C:\Users\Nhlakanipho\Documents\Projects\ABP-Group\aspnet-core\src\ABPGroup.Application\Roles\RoleAppService.cs(123,41): warning CS1591: Missing XML comment for publicly visible type or member 'RoleAppService.ApplySorting(IQueryable<Role>, PagedRoleResultRequestDto)' [C:\Users\Nhlakanipho\Documents\Projects\ABP-Group\aspnet-core\src\ABPGroup.Application\ABPGroup.Application.csproj]
C:\Users\Nhlakanipho\Documents\Projects\ABP-Group\aspnet-core\src\ABPGroup.Application\Roles\RoleAppService.cs(128,28): warning CS1591: Missing XML comment for publicly visible type or member 'RoleAppService.CheckErrors(IdentityResult)' [C:\Users\Nhlakanipho\Documents\Projects\ABP-Group\aspnet-core\src\ABPGroup.Application\ABPGroup.Application.csproj]
C:\Users\Nhlakanipho\Documents\Projects\ABP-Group\aspnet-core\src\ABPGroup.Application\Roles\RoleAppService.cs(133,45): warning CS1591: Missing XML comment for publicly visible type or member 'RoleAppService.GetRoleForEdit(EntityDto)' [C:\Users\Nhlakanipho\Documents\Projects\ABP-Group\aspnet-core\src\ABPGroup.Application\ABPGroup.Application.csproj]
C:\Users\Nhlakanipho\Documents\Projects\ABP-Group\aspnet-core\src\ABPGroup.Application\Sessions\Dto\ApplicationInfoDto.cs(6,14): warning CS1591: Missing XML comment for publicly visible type or member 'ApplicationInfoDto' [C:\Users\Nhlakanipho\Documents\Projects\ABP-Group\aspnet-core\src\ABPGroup.Application\ABPGroup.Application.csproj]
C:\Users\Nhlakanipho\Documents\Projects\ABP-Group\aspnet-core\src\ABPGroup.Application\Sessions\Dto\ApplicationInfoDto.cs(8,19): warning CS1591: Missing XML comment for publicly visible type or member 'ApplicationInfoDto.Version' [C:\Users\Nhlakanipho\Documents\Projects\ABP-Group\aspnet-core\src\ABPGroup.Application\ABPGroup.Application.csproj]
C:\Users\Nhlakanipho\Documents\Projects\ABP-Group\aspnet-core\src\ABPGroup.Application\Sessions\Dto\ApplicationInfoDto.cs(10,21): warning CS1591: Missing XML comment for publicly visible type or member 'ApplicationInfoDto.ReleaseDate' [C:\Users\Nhlakanipho\Documents\Projects\ABP-Group\aspnet-core\src\ABPGroup.Application\ABPGroup.Application.csproj]
C:\Users\Nhlakanipho\Documents\Projects\ABP-Group\aspnet-core\src\ABPGroup.Application\Sessions\Dto\ApplicationInfoDto.cs(12,37): warning CS1591: Missing XML comment for publicly visible type or member 'ApplicationInfoDto.Features' [C:\Users\Nhlakanipho\Documents\Projects\ABP-Group\aspnet-core\src\ABPGroup.Application\ABPGroup.Application.csproj]
C:\Users\Nhlakanipho\Documents\Projects\ABP-Group\aspnet-core\src\ABPGroup.Application\Sessions\Dto\GetCurrentLoginInformationsOutput.cs(3,14): warning CS1591: Missing XML comment for publicly visible type or member 'GetCurrentLoginInformationsOutput' [C:\Users\Nhlakanipho\Documents\Projects\ABP-Group\aspnet-core\src\ABPGroup.Application\ABPGroup.Application.csproj]
C:\Users\Nhlakanipho\Documents\Projects\ABP-Group\aspnet-core\src\ABPGroup.Application\Sessions\Dto\GetCurrentLoginInformationsOutput.cs(5,31): warning CS1591: Missing XML comment for publicly visible type or member 'GetCurrentLoginInformationsOutput.Application' [C:\Users\Nhlakanipho\Documents\Projects\ABP-Group\aspnet-core\src\ABPGroup.Application\ABPGroup.Application.csproj]
C:\Users\Nhlakanipho\Documents\Projects\ABP-Group\aspnet-core\src\ABPGroup.Application\Sessions\Dto\GetCurrentLoginInformationsOutput.cs(7,29): warning CS1591: Missing XML comment for publicly visible type or member 'GetCurrentLoginInformationsOutput.User' [C:\Users\Nhlakanipho\Documents\Projects\ABP-Group\aspnet-core\src\ABPGroup.Application\ABPGroup.Application.csproj]
C:\Users\Nhlakanipho\Documents\Projects\ABP-Group\aspnet-core\src\ABPGroup.Application\Sessions\Dto\GetCurrentLoginInformationsOutput.cs(9,31): warning CS1591: Missing XML comment for publicly visible type or member 'GetCurrentLoginInformationsOutput.Tenant' [C:\Users\Nhlakanipho\Documents\Projects\ABP-Group\aspnet-core\src\ABPGroup.Application\ABPGroup.Application.csproj]
C:\Users\Nhlakanipho\Documents\Projects\ABP-Group\aspnet-core\src\ABPGroup.Application\Sessions\Dto\TenantLoginInfoDto.cs(8,14): warning CS1591: Missing XML comment for publicly visible type or member 'TenantLoginInfoDto' [C:\Users\Nhlakanipho\Documents\Projects\ABP-Group\aspnet-core\src\ABPGroup.Application\ABPGroup.Application.csproj]
C:\Users\Nhlakanipho\Documents\Projects\ABP-Group\aspnet-core\src\ABPGroup.Application\Sessions\Dto\TenantLoginInfoDto.cs(10,19): warning CS1591: Missing XML comment for publicly visible type or member 'TenantLoginInfoDto.TenancyName' [C:\Users\Nhlakanipho\Documents\Projects\ABP-Group\aspnet-core\src\ABPGroup.Application\ABPGroup.Application.csproj]
C:\Users\Nhlakanipho\Documents\Projects\ABP-Group\aspnet-core\src\ABPGroup.Application\Sessions\Dto\TenantLoginInfoDto.cs(12,19): warning CS1591: Missing XML comment for publicly visible type or member 'TenantLoginInfoDto.Name' [C:\Users\Nhlakanipho\Documents\Projects\ABP-Group\aspnet-core\src\ABPGroup.Application\ABPGroup.Application.csproj]
C:\Users\Nhlakanipho\Documents\Projects\ABP-Group\aspnet-core\src\ABPGroup.Application\Sessions\Dto\UserLoginInfoDto.cs(8,14): warning CS1591: Missing XML comment for publicly visible type or member 'UserLoginInfoDto' [C:\Users\Nhlakanipho\Documents\Projects\ABP-Group\aspnet-core\src\ABPGroup.Application\ABPGroup.Application.csproj]
C:\Users\Nhlakanipho\Documents\Projects\ABP-Group\aspnet-core\src\ABPGroup.Application\Sessions\Dto\UserLoginInfoDto.cs(10,19): warning CS1591: Missing XML comment for publicly visible type or member 'UserLoginInfoDto.Name' [C:\Users\Nhlakanipho\Documents\Projects\ABP-Group\aspnet-core\src\ABPGroup.Application\ABPGroup.Application.csproj]
C:\Users\Nhlakanipho\Documents\Projects\ABP-Group\aspnet-core\src\ABPGroup.Application\Sessions\Dto\UserLoginInfoDto.cs(12,19): warning CS1591: Missing XML comment for publicly visible type or member 'UserLoginInfoDto.Surname' [C:\Users\Nhlakanipho\Documents\Projects\ABP-Group\aspnet-core\src\ABPGroup.Application\ABPGroup.Application.csproj]
C:\Users\Nhlakanipho\Documents\Projects\ABP-Group\aspnet-core\src\ABPGroup.Application\Sessions\Dto\UserLoginInfoDto.cs(14,19): warning CS1591: Missing XML comment for publicly visible type or member 'UserLoginInfoDto.UserName' [C:\Users\Nhlakanipho\Documents\Projects\ABP-Group\aspnet-core\src\ABPGroup.Application\ABPGroup.Application.csproj]
C:\Users\Nhlakanipho\Documents\Projects\ABP-Group\aspnet-core\src\ABPGroup.Application\Sessions\Dto\UserLoginInfoDto.cs(16,19): warning CS1591: Missing XML comment for publicly visible type or member 'UserLoginInfoDto.EmailAddress' [C:\Users\Nhlakanipho\Documents\Projects\ABP-Group\aspnet-core\src\ABPGroup.Application\ABPGroup.Application.csproj]
C:\Users\Nhlakanipho\Documents\Projects\ABP-Group\aspnet-core\src\ABPGroup.Application\Sessions\Dto\UserLoginInfoDto.cs(18,21): warning CS1591: Missing XML comment for publicly visible type or member 'UserLoginInfoDto.RoleNames' [C:\Users\Nhlakanipho\Documents\Projects\ABP-Group\aspnet-core\src\ABPGroup.Application\ABPGroup.Application.csproj]
C:\Users\Nhlakanipho\Documents\Projects\ABP-Group\aspnet-core\src\ABPGroup.Application\Sessions\ISessionAppService.cs(7,18): warning CS1591: Missing XML comment for publicly visible type or member 'ISessionAppService' [C:\Users\Nhlakanipho\Documents\Projects\ABP-Group\aspnet-core\src\ABPGroup.Application\ABPGroup.Application.csproj]
C:\Users\Nhlakanipho\Documents\Projects\ABP-Group\aspnet-core\src\ABPGroup.Application\Sessions\ISessionAppService.cs(9,45): warning CS1591: Missing XML comment for publicly visible type or member 'ISessionAppService.GetCurrentLoginInformations()' [C:\Users\Nhlakanipho\Documents\Projects\ABP-Group\aspnet-core\src\ABPGroup.Application\ABPGroup.Application.csproj]
C:\Users\Nhlakanipho\Documents\Projects\ABP-Group\aspnet-core\src\ABPGroup.Application\Sessions\SessionAppService.cs(9,14): warning CS1591: Missing XML comment for publicly visible type or member 'SessionAppService' [C:\Users\Nhlakanipho\Documents\Projects\ABP-Group\aspnet-core\src\ABPGroup.Application\ABPGroup.Application.csproj]
C:\Users\Nhlakanipho\Documents\Projects\ABP-Group\aspnet-core\src\ABPGroup.Application\Sessions\SessionAppService.cs(12,58): warning CS1591: Missing XML comment for publicly visible type or member 'SessionAppService.GetCurrentLoginInformations()' [C:\Users\Nhlakanipho\Documents\Projects\ABP-Group\aspnet-core\src\ABPGroup.Application\ABPGroup.Application.csproj]
C:\Users\Nhlakanipho\Documents\Projects\ABP-Group\aspnet-core\src\ABPGroup.Application\Templates\Dto\CreateUpdateTemplateDto.cs(7,14): warning CS1591: Missing XML comment for publicly visible type or member 'CreateUpdateTemplateDto' [C:\Users\Nhlakanipho\Documents\Projects\ABP-Group\aspnet-core\src\ABPGroup.Application\ABPGroup.Application.csproj]
C:\Users\Nhlakanipho\Documents\Projects\ABP-Group\aspnet-core\src\ABPGroup.Application\Templates\Dto\CreateUpdateTemplateDto.cs(11,19): warning CS1591: Missing XML comment for publicly visible type or member 'CreateUpdateTemplateDto.Name' [C:\Users\Nhlakanipho\Documents\Projects\ABP-Group\aspnet-core\src\ABPGroup.Application\ABPGroup.Application.csproj]
C:\Users\Nhlakanipho\Documents\Projects\ABP-Group\aspnet-core\src\ABPGroup.Application\Templates\Dto\CreateUpdateTemplateDto.cs(14,19): warning CS1591: Missing XML comment for publicly visible type or member 'CreateUpdateTemplateDto.Description' [C:\Users\Nhlakanipho\Documents\Projects\ABP-Group\aspnet-core\src\ABPGroup.Application\ABPGroup.Application.csproj]
C:\Users\Nhlakanipho\Documents\Projects\ABP-Group\aspnet-core\src\ABPGroup.Application\Templates\Dto\CreateUpdateTemplateDto.cs(17,19): warning CS1591: Missing XML comment for publicly visible type or member 'CreateUpdateTemplateDto.Author' [C:\Users\Nhlakanipho\Documents\Projects\ABP-Group\aspnet-core\src\ABPGroup.Application\ABPGroup.Application.csproj]
C:\Users\Nhlakanipho\Documents\Projects\ABP-Group\aspnet-core\src\ABPGroup.Application\Templates\Dto\CreateUpdateTemplateDto.cs(20,29): warning CS1591: Missing XML comment for publicly visible type or member 'CreateUpdateTemplateDto.Category' [C:\Users\Nhlakanipho\Documents\Projects\ABP-Group\aspnet-core\src\ABPGroup.Application\ABPGroup.Application.csproj]
C:\Users\Nhlakanipho\Documents\Projects\ABP-Group\aspnet-core\src\ABPGroup.Application\Templates\Dto\CreateUpdateTemplateDto.cs(23,22): warning CS1591: Missing XML comment for publicly visible type or member 'CreateUpdateTemplateDto.Framework' [C:\Users\Nhlakanipho\Documents\Projects\ABP-Group\aspnet-core\src\ABPGroup.Application\ABPGroup.Application.csproj]
C:\Users\Nhlakanipho\Documents\Projects\ABP-Group\aspnet-core\src\ABPGroup.Application\Templates\Dto\CreateUpdateTemplateDto.cs(26,32): warning CS1591: Missing XML comment for publicly visible type or member 'CreateUpdateTemplateDto.Language' [C:\Users\Nhlakanipho\Documents\Projects\ABP-Group\aspnet-core\src\ABPGroup.Application\ABPGroup.Application.csproj]
C:\Users\Nhlakanipho\Documents\Projects\ABP-Group\aspnet-core\src\ABPGroup.Application\Templates\Dto\CreateUpdateTemplateDto.cs(29,27): warning CS1591: Missing XML comment for publicly visible type or member 'CreateUpdateTemplateDto.Database' [C:\Users\Nhlakanipho\Documents\Projects\ABP-Group\aspnet-core\src\ABPGroup.Application\ABPGroup.Application.csproj]
C:\Users\Nhlakanipho\Documents\Projects\ABP-Group\aspnet-core\src\ABPGroup.Application\Templates\Dto\CreateUpdateTemplateDto.cs(31,17): warning CS1591: Missing XML comment for publicly visible type or member 'CreateUpdateTemplateDto.IncludesAuth' [C:\Users\Nhlakanipho\Documents\Projects\ABP-Group\aspnet-core\src\ABPGroup.Application\ABPGroup.Application.csproj]
C:\Users\Nhlakanipho\Documents\Projects\ABP-Group\aspnet-core\src\ABPGroup.Application\Templates\Dto\CreateUpdateTemplateDto.cs(34,19): warning CS1591: Missing XML comment for publicly visible type or member 'CreateUpdateTemplateDto.Tags' [C:\Users\Nhlakanipho\Documents\Projects\ABP-Group\aspnet-core\src\ABPGroup.Application\ABPGroup.Application.csproj]
C:\Users\Nhlakanipho\Documents\Projects\ABP-Group\aspnet-core\src\ABPGroup.Application\Templates\Dto\CreateUpdateTemplateDto.cs(37,19): warning CS1591: Missing XML comment for publicly visible type or member 'CreateUpdateTemplateDto.ThumbnailUrl' [C:\Users\Nhlakanipho\Documents\Projects\ABP-Group\aspnet-core\src\ABPGroup.Application\ABPGroup.Application.csproj]
C:\Users\Nhlakanipho\Documents\Projects\ABP-Group\aspnet-core\src\ABPGroup.Application\Templates\Dto\CreateUpdateTemplateDto.cs(40,19): warning CS1591: Missing XML comment for publicly visible type or member 'CreateUpdateTemplateDto.PreviewUrl' [C:\Users\Nhlakanipho\Documents\Projects\ABP-Group\aspnet-core\src\ABPGroup.Application\ABPGroup.Application.csproj]
C:\Users\Nhlakanipho\Documents\Projects\ABP-Group\aspnet-core\src\ABPGroup.Application\Templates\Dto\CreateUpdateTemplateDto.cs(43,27): warning CS1591: Missing XML comment for publicly visible type or member 'CreateUpdateTemplateDto.Status' [C:\Users\Nhlakanipho\Documents\Projects\ABP-Group\aspnet-core\src\ABPGroup.Application\ABPGroup.Application.csproj]
C:\Users\Nhlakanipho\Documents\Projects\ABP-Group\aspnet-core\src\ABPGroup.Application\Templates\Dto\CreateUpdateTemplateDto.cs(45,19): warning CS1591: Missing XML comment for publicly visible type or member 'CreateUpdateTemplateDto.Version' [C:\Users\Nhlakanipho\Documents\Projects\ABP-Group\aspnet-core\src\ABPGroup.Application\ABPGroup.Application.csproj]
C:\Users\Nhlakanipho\Documents\Projects\ABP-Group\aspnet-core\src\ABPGroup.Application\Templates\Dto\CreateUpdateTemplateDto.cs(47,17): warning CS1591: Missing XML comment for publicly visible type or member 'CreateUpdateTemplateDto.IsFeatured' [C:\Users\Nhlakanipho\Documents\Projects\ABP-Group\aspnet-core\src\ABPGroup.Application\ABPGroup.Application.csproj]
C:\Users\Nhlakanipho\Documents\Projects\ABP-Group\aspnet-core\src\ABPGroup.Application\Templates\Dto\CreateUpdateTemplateDto.cs(51,19): warning CS1591: Missing XML comment for publicly visible type or member 'CreateUpdateTemplateDto.ScaffoldConfig' [C:\Users\Nhlakanipho\Documents\Projects\ABP-Group\aspnet-core\src\ABPGroup.Application\ABPGroup.Application.csproj]
C:\Users\Nhlakanipho\Documents\Projects\ABP-Group\aspnet-core\src\ABPGroup.Application\Templates\Dto\PagedTemplateResultRequestDto.cs(6,14): warning CS1591: Missing XML comment for publicly visible type or member 'TemplateListInput' [C:\Users\Nhlakanipho\Documents\Projects\ABP-Group\aspnet-core\src\ABPGroup.Application\ABPGroup.Application.csproj]
C:\Users\Nhlakanipho\Documents\Projects\ABP-Group\aspnet-core\src\ABPGroup.Application\Templates\Dto\PagedTemplateResultRequestDto.cs(8,33): warning CS1591: Missing XML comment for publicly visible type or member 'TemplateListInput.Category' [C:\Users\Nhlakanipho\Documents\Projects\ABP-Group\aspnet-core\src\ABPGroup.Application\ABPGroup.Application.csproj]
C:\Users\Nhlakanipho\Documents\Projects\ABP-Group\aspnet-core\src\ABPGroup.Application\Templates\Dto\PagedTemplateResultRequestDto.cs(9,33): warning CS1591: Missing XML comment for publicly visible type or member 'TemplateListInput.Framework' [C:\Users\Nhlakanipho\Documents\Projects\ABP-Group\aspnet-core\src\ABPGroup.Application\ABPGroup.Application.csproj]
C:\Users\Nhlakanipho\Documents\Projects\ABP-Group\aspnet-core\src\ABPGroup.Application\Templates\Dto\PagedTemplateResultRequestDto.cs(10,33): warning CS1591: Missing XML comment for publicly visible type or member 'TemplateListInput.Database' [C:\Users\Nhlakanipho\Documents\Projects\ABP-Group\aspnet-core\src\ABPGroup.Application\ABPGroup.Application.csproj]
C:\Users\Nhlakanipho\Documents\Projects\ABP-Group\aspnet-core\src\ABPGroup.Application\Templates\Dto\PagedTemplateResultRequestDto.cs(11,33): warning CS1591: Missing XML comment for publicly visible type or member 'TemplateListInput.IncludesAuth' [C:\Users\Nhlakanipho\Documents\Projects\ABP-Group\aspnet-core\src\ABPGroup.Application\ABPGroup.Application.csproj]
C:\Users\Nhlakanipho\Documents\Projects\ABP-Group\aspnet-core\src\ABPGroup.Application\Templates\Dto\PagedTemplateResultRequestDto.cs(12,33): warning CS1591: Missing XML comment for publicly visible type or member 'TemplateListInput.Status' [C:\Users\Nhlakanipho\Documents\Projects\ABP-Group\aspnet-core\src\ABPGroup.Application\ABPGroup.Application.csproj]
C:\Users\Nhlakanipho\Documents\Projects\ABP-Group\aspnet-core\src\ABPGroup.Application\Templates\Dto\PagedTemplateResultRequestDto.cs(13,33): warning CS1591: Missing XML comment for publicly visible type or member 'TemplateListInput.SearchTerm' [C:\Users\Nhlakanipho\Documents\Projects\ABP-Group\aspnet-core\src\ABPGroup.Application\ABPGroup.Application.csproj]
C:\Users\Nhlakanipho\Documents\Projects\ABP-Group\aspnet-core\src\ABPGroup.Application\Templates\Dto\PagedTemplateResultRequestDto.cs(14,33): warning CS1591: Missing XML comment for publicly visible type or member 'TemplateListInput.IsFeatured' [C:\Users\Nhlakanipho\Documents\Projects\ABP-Group\aspnet-core\src\ABPGroup.Application\ABPGroup.Application.csproj]
C:\Users\Nhlakanipho\Documents\Projects\ABP-Group\aspnet-core\src\ABPGroup.Application\Templates\Dto\PagedTemplateResultRequestDto.cs(15,33): warning CS1591: Missing XML comment for publicly visible type or member 'TemplateListInput.IsMyTemplates' [C:\Users\Nhlakanipho\Documents\Projects\ABP-Group\aspnet-core\src\ABPGroup.Application\ABPGroup.Application.csproj]
C:\Users\Nhlakanipho\Documents\Projects\ABP-Group\aspnet-core\src\ABPGroup.Application\Templates\Dto\TemplateDto.cs(7,14): warning CS1591: Missing XML comment for publicly visible type or member 'TemplateDto' [C:\Users\Nhlakanipho\Documents\Projects\ABP-Group\aspnet-core\src\ABPGroup.Application\ABPGroup.Application.csproj]
C:\Users\Nhlakanipho\Documents\Projects\ABP-Group\aspnet-core\src\ABPGroup.Application\Templates\Dto\TemplateDto.cs(9,32): warning CS1591: Missing XML comment for publicly visible type or member 'TemplateDto.Name' [C:\Users\Nhlakanipho\Documents\Projects\ABP-Group\aspnet-core\src\ABPGroup.Application\ABPGroup.Application.csproj]
C:\Users\Nhlakanipho\Documents\Projects\ABP-Group\aspnet-core\src\ABPGroup.Application\Templates\Dto\TemplateDto.cs(10,32): warning CS1591: Missing XML comment for publicly visible type or member 'TemplateDto.Description' [C:\Users\Nhlakanipho\Documents\Projects\ABP-Group\aspnet-core\src\ABPGroup.Application\ABPGroup.Application.csproj]
C:\Users\Nhlakanipho\Documents\Projects\ABP-Group\aspnet-core\src\ABPGroup.Application\Templates\Dto\TemplateDto.cs(11,32): warning CS1591: Missing XML comment for publicly visible type or member 'TemplateDto.Author' [C:\Users\Nhlakanipho\Documents\Projects\ABP-Group\aspnet-core\src\ABPGroup.Application\ABPGroup.Application.csproj]
C:\Users\Nhlakanipho\Documents\Projects\ABP-Group\aspnet-core\src\ABPGroup.Application\Templates\Dto\TemplateDto.cs(12,32): warning CS1591: Missing XML comment for publicly visible type or member 'TemplateDto.Category' [C:\Users\Nhlakanipho\Documents\Projects\ABP-Group\aspnet-core\src\ABPGroup.Application\ABPGroup.Application.csproj]
C:\Users\Nhlakanipho\Documents\Projects\ABP-Group\aspnet-core\src\ABPGroup.Application\Templates\Dto\TemplateDto.cs(13,32): warning CS1591: Missing XML comment for publicly visible type or member 'TemplateDto.CategoryName' [C:\Users\Nhlakanipho\Documents\Projects\ABP-Group\aspnet-core\src\ABPGroup.Application\ABPGroup.Application.csproj]
C:\Users\Nhlakanipho\Documents\Projects\ABP-Group\aspnet-core\src\ABPGroup.Application\Templates\Dto\TemplateDto.cs(14,32): warning CS1591: Missing XML comment for publicly visible type or member 'TemplateDto.Framework' [C:\Users\Nhlakanipho\Documents\Projects\ABP-Group\aspnet-core\src\ABPGroup.Application\ABPGroup.Application.csproj]
C:\Users\Nhlakanipho\Documents\Projects\ABP-Group\aspnet-core\src\ABPGroup.Application\Templates\Dto\TemplateDto.cs(15,32): warning CS1591: Missing XML comment for publicly visible type or member 'TemplateDto.Language' [C:\Users\Nhlakanipho\Documents\Projects\ABP-Group\aspnet-core\src\ABPGroup.Application\ABPGroup.Application.csproj]
C:\Users\Nhlakanipho\Documents\Projects\ABP-Group\aspnet-core\src\ABPGroup.Application\Templates\Dto\TemplateDto.cs(16,32): warning CS1591: Missing XML comment for publicly visible type or member 'TemplateDto.Database' [C:\Users\Nhlakanipho\Documents\Projects\ABP-Group\aspnet-core\src\ABPGroup.Application\ABPGroup.Application.csproj]
C:\Users\Nhlakanipho\Documents\Projects\ABP-Group\aspnet-core\src\ABPGroup.Application\Templates\Dto\TemplateDto.cs(17,32): warning CS1591: Missing XML comment for publicly visible type or member 'TemplateDto.IncludesAuth' [C:\Users\Nhlakanipho\Documents\Projects\ABP-Group\aspnet-core\src\ABPGroup.Application\ABPGroup.Application.csproj]
C:\Users\Nhlakanipho\Documents\Projects\ABP-Group\aspnet-core\src\ABPGroup.Application\Templates\Dto\TemplateDto.cs(18,32): warning CS1591: Missing XML comment for publicly visible type or member 'TemplateDto.Tags' [C:\Users\Nhlakanipho\Documents\Projects\ABP-Group\aspnet-core\src\ABPGroup.Application\ABPGroup.Application.csproj]
C:\Users\Nhlakanipho\Documents\Projects\ABP-Group\aspnet-core\src\ABPGroup.Application\Templates\Dto\TemplateDto.cs(19,32): warning CS1591: Missing XML comment for publicly visible type or member 'TemplateDto.ThumbnailUrl' [C:\Users\Nhlakanipho\Documents\Projects\ABP-Group\aspnet-core\src\ABPGroup.Application\ABPGroup.Application.csproj]
C:\Users\Nhlakanipho\Documents\Projects\ABP-Group\aspnet-core\src\ABPGroup.Application\Templates\Dto\TemplateDto.cs(20,32): warning CS1591: Missing XML comment for publicly visible type or member 'TemplateDto.PreviewUrl' [C:\Users\Nhlakanipho\Documents\Projects\ABP-Group\aspnet-core\src\ABPGroup.Application\ABPGroup.Application.csproj]
C:\Users\Nhlakanipho\Documents\Projects\ABP-Group\aspnet-core\src\ABPGroup.Application\Templates\Dto\TemplateDto.cs(21,32): warning CS1591: Missing XML comment for publicly visible type or member 'TemplateDto.Status' [C:\Users\Nhlakanipho\Documents\Projects\ABP-Group\aspnet-core\src\ABPGroup.Application\ABPGroup.Application.csproj]
C:\Users\Nhlakanipho\Documents\Projects\ABP-Group\aspnet-core\src\ABPGroup.Application\Templates\Dto\TemplateDto.cs(22,32): warning CS1591: Missing XML comment for publicly visible type or member 'TemplateDto.Version' [C:\Users\Nhlakanipho\Documents\Projects\ABP-Group\aspnet-core\src\ABPGroup.Application\ABPGroup.Application.csproj]
C:\Users\Nhlakanipho\Documents\Projects\ABP-Group\aspnet-core\src\ABPGroup.Application\Templates\Dto\TemplateDto.cs(23,32): warning CS1591: Missing XML comment for publicly visible type or member 'TemplateDto.IsFeatured' [C:\Users\Nhlakanipho\Documents\Projects\ABP-Group\aspnet-core\src\ABPGroup.Application\ABPGroup.Application.csproj]
C:\Users\Nhlakanipho\Documents\Projects\ABP-Group\aspnet-core\src\ABPGroup.Application\Templates\Dto\TemplateDto.cs(24,32): warning CS1591: Missing XML comment for publicly visible type or member 'TemplateDto.ForkCount' [C:\Users\Nhlakanipho\Documents\Projects\ABP-Group\aspnet-core\src\ABPGroup.Application\ABPGroup.Application.csproj]
C:\Users\Nhlakanipho\Documents\Projects\ABP-Group\aspnet-core\src\ABPGroup.Application\Templates\Dto\TemplateDto.cs(25,32): warning CS1591: Missing XML comment for publicly visible type or member 'TemplateDto.IsFavorite' [C:\Users\Nhlakanipho\Documents\Projects\ABP-Group\aspnet-core\src\ABPGroup.Application\ABPGroup.Application.csproj]
C:\Users\Nhlakanipho\Documents\Projects\ABP-Group\aspnet-core\src\ABPGroup.Application\Templates\Dto\TemplateDto.cs(26,32): warning CS1591: Missing XML comment for publicly visible type or member 'TemplateDto.CreatedAt' [C:\Users\Nhlakanipho\Documents\Projects\ABP-Group\aspnet-core\src\ABPGroup.Application\ABPGroup.Application.csproj]
C:\Users\Nhlakanipho\Documents\Projects\ABP-Group\aspnet-core\src\ABPGroup.Application\Templates\ITemplateAppService.cs(8,18): warning CS1591: Missing XML comment for publicly visible type or member 'ITemplateAppService' [C:\Users\Nhlakanipho\Documents\Projects\ABP-Group\aspnet-core\src\ABPGroup.Application\ABPGroup.Application.csproj]
C:\Users\Nhlakanipho\Documents\Projects\ABP-Group\aspnet-core\src\ABPGroup.Application\Templates\ITemplateAppService.cs(11,39): warning CS1591: Missing XML comment for publicly visible type or member 'ITemplateAppService.GetListAsync(TemplateListInput)' [C:\Users\Nhlakanipho\Documents\Projects\ABP-Group\aspnet-core\src\ABPGroup.Application\ABPGroup.Application.csproj]
C:\Users\Nhlakanipho\Documents\Projects\ABP-Group\aspnet-core\src\ABPGroup.Application\Templates\ITemplateAppService.cs(12,39): warning CS1591: Missing XML comment for publicly visible type or member 'ITemplateAppService.GetAsync(EntityDto<int>)' [C:\Users\Nhlakanipho\Documents\Projects\ABP-Group\aspnet-core\src\ABPGroup.Application\ABPGroup.Application.csproj]
C:\Users\Nhlakanipho\Documents\Projects\ABP-Group\aspnet-core\src\ABPGroup.Application\Templates\ITemplateAppService.cs(15,23): warning CS1591: Missing XML comment for publicly visible type or member 'ITemplateAppService.CreateAsync(CreateUpdateTemplateDto)' [C:\Users\Nhlakanipho\Documents\Projects\ABP-Group\aspnet-core\src\ABPGroup.Application\ABPGroup.Application.csproj]
C:\Users\Nhlakanipho\Documents\Projects\ABP-Group\aspnet-core\src\ABPGroup.Application\Templates\ITemplateAppService.cs(16,23): warning CS1591: Missing XML comment for publicly visible type or member 'ITemplateAppService.UpdateAsync(CreateUpdateTemplateDto)' [C:\Users\Nhlakanipho\Documents\Projects\ABP-Group\aspnet-core\src\ABPGroup.Application\ABPGroup.Application.csproj]
C:\Users\Nhlakanipho\Documents\Projects\ABP-Group\aspnet-core\src\ABPGroup.Application\Templates\ITemplateAppService.cs(17,23): warning CS1591: Missing XML comment for publicly visible type or member 'ITemplateAppService.DeleteAsync(EntityDto<int>)' [C:\Users\Nhlakanipho\Documents\Projects\ABP-Group\aspnet-core\src\ABPGroup.Application\ABPGroup.Application.csproj]
C:\Users\Nhlakanipho\Documents\Projects\ABP-Group\aspnet-core\src\ABPGroup.Application\Templates\ITemplateAppService.cs(18,23): warning CS1591: Missing XML comment for publicly visible type or member 'ITemplateAppService.PublishAsync(int)' [C:\Users\Nhlakanipho\Documents\Projects\ABP-Group\aspnet-core\src\ABPGroup.Application\ABPGroup.Application.csproj]
C:\Users\Nhlakanipho\Documents\Projects\ABP-Group\aspnet-core\src\ABPGroup.Application\Templates\ITemplateAppService.cs(19,23): warning CS1591: Missing XML comment for publicly visible type or member 'ITemplateAppService.DeprecateAsync(int)' [C:\Users\Nhlakanipho\Documents\Projects\ABP-Group\aspnet-core\src\ABPGroup.Application\ABPGroup.Application.csproj]
C:\Users\Nhlakanipho\Documents\Projects\ABP-Group\aspnet-core\src\ABPGroup.Application\Templates\ITemplateAppService.cs(20,23): warning CS1591: Missing XML comment for publicly visible type or member 'ITemplateAppService.SetFeaturedAsync(int, bool)' [C:\Users\Nhlakanipho\Documents\Projects\ABP-Group\aspnet-core\src\ABPGroup.Application\ABPGroup.Application.csproj]
C:\Users\Nhlakanipho\Documents\Projects\ABP-Group\aspnet-core\src\ABPGroup.Application\Templates\ITemplateAppService.cs(21,23): warning CS1591: Missing XML comment for publicly visible type or member 'ITemplateAppService.ToggleFavoriteAsync(int)' [C:\Users\Nhlakanipho\Documents\Projects\ABP-Group\aspnet-core\src\ABPGroup.Application\ABPGroup.Application.csproj]
C:\Users\Nhlakanipho\Documents\Projects\ABP-Group\aspnet-core\src\ABPGroup.Application\Templates\TemplateAppService.cs(20,14): warning CS1591: Missing XML comment for publicly visible type or member 'TemplateAppService' [C:\Users\Nhlakanipho\Documents\Projects\ABP-Group\aspnet-core\src\ABPGroup.Application\ABPGroup.Application.csproj]
C:\Users\Nhlakanipho\Documents\Projects\ABP-Group\aspnet-core\src\ABPGroup.Application\Templates\TemplateAppService.cs(27,12): warning CS1591: Missing XML comment for publicly visible type or member 'TemplateAppService.TemplateAppService(IRepository<Template, int>, IRepository<UserFavoriteTemplate, long>, UserManager)' [C:\Users\Nhlakanipho\Documents\Projects\ABP-Group\aspnet-core\src\ABPGroup.Application\ABPGroup.Application.csproj]
C:\Users\Nhlakanipho\Documents\Projects\ABP-Group\aspnet-core\src\ABPGroup.Application\Templates\TemplateAppService.cs(41,45): warning CS1591: Missing XML comment for publicly visible type or member 'TemplateAppService.CreateAsync(CreateUpdateTemplateDto)' [C:\Users\Nhlakanipho\Documents\Projects\ABP-Group\aspnet-core\src\ABPGroup.Application\ABPGroup.Application.csproj]
C:\Users\Nhlakanipho\Documents\Projects\ABP-Group\aspnet-core\src\ABPGroup.Application\Templates\TemplateAppService.cs(56,52): warning CS1591: Missing XML comment for publicly visible type or member 'TemplateAppService.GetListAsync(TemplateListInput)' [C:\Users\Nhlakanipho\Documents\Projects\ABP-Group\aspnet-core\src\ABPGroup.Application\ABPGroup.Application.csproj]
C:\Users\Nhlakanipho\Documents\Projects\ABP-Group\aspnet-core\src\ABPGroup.Application\Templates\TemplateAppService.cs(93,45): warning CS1591: Missing XML comment for publicly visible type or member 'TemplateAppService.GetAsync(EntityDto<int>)' [C:\Users\Nhlakanipho\Documents\Projects\ABP-Group\aspnet-core\src\ABPGroup.Application\ABPGroup.Application.csproj]
C:\Users\Nhlakanipho\Documents\Projects\ABP-Group\aspnet-core\src\ABPGroup.Application\Templates\TemplateAppService.cs(107,45): warning CS1591: Missing XML comment for publicly visible type or member 'TemplateAppService.UpdateAsync(CreateUpdateTemplateDto)' [C:\Users\Nhlakanipho\Documents\Projects\ABP-Group\aspnet-core\src\ABPGroup.Application\ABPGroup.Application.csproj]
C:\Users\Nhlakanipho\Documents\Projects\ABP-Group\aspnet-core\src\ABPGroup.Application\Templates\TemplateAppService.cs(112,32): warning CS1591: Missing XML comment for publicly visible type or member 'TemplateAppService.DeleteAsync(EntityDto<int>)' [C:\Users\Nhlakanipho\Documents\Projects\ABP-Group\aspnet-core\src\ABPGroup.Application\ABPGroup.Application.csproj]
C:\Users\Nhlakanipho\Documents\Projects\ABP-Group\aspnet-core\src\ABPGroup.Application\Templates\TemplateAppService.cs(117,23): warning CS1591: Missing XML comment for publicly visible type or member 'TemplateAppService.ToggleFavoriteAsync(int)' [C:\Users\Nhlakanipho\Documents\Projects\ABP-Group\aspnet-core\src\ABPGroup.Application\ABPGroup.Application.csproj]
C:\Users\Nhlakanipho\Documents\Projects\ABP-Group\aspnet-core\src\ABPGroup.Application\Templates\TemplateAppService.cs(147,45): warning CS1591: Missing XML comment for publicly visible type or member 'TemplateAppService.CreateFilteredQuery(TemplateListInput)' [C:\Users\Nhlakanipho\Documents\Projects\ABP-Group\aspnet-core\src\ABPGroup.Application\ABPGroup.Application.csproj]
C:\Users\Nhlakanipho\Documents\Projects\ABP-Group\aspnet-core\src\ABPGroup.Application\Templates\TemplateAppService.cs(178,45): warning CS1591: Missing XML comment for publicly visible type or member 'TemplateAppService.ApplySorting(IQueryable<Template>, TemplateListInput)' [C:\Users\Nhlakanipho\Documents\Projects\ABP-Group\aspnet-core\src\ABPGroup.Application\ABPGroup.Application.csproj]
C:\Users\Nhlakanipho\Documents\Projects\ABP-Group\aspnet-core\src\ABPGroup.Application\Templates\TemplateAppService.cs(189,36): warning CS1591: Missing XML comment for publicly visible type or member 'TemplateAppService.PublishAsync(int)' [C:\Users\Nhlakanipho\Documents\Projects\ABP-Group\aspnet-core\src\ABPGroup.Application\ABPGroup.Application.csproj]
C:\Users\Nhlakanipho\Documents\Projects\ABP-Group\aspnet-core\src\ABPGroup.Application\Templates\TemplateAppService.cs(199,36): warning CS1591: Missing XML comment for publicly visible type or member 'TemplateAppService.DeprecateAsync(int)' [C:\Users\Nhlakanipho\Documents\Projects\ABP-Group\aspnet-core\src\ABPGroup.Application\ABPGroup.Application.csproj]
C:\Users\Nhlakanipho\Documents\Projects\ABP-Group\aspnet-core\src\ABPGroup.Application\Templates\TemplateAppService.cs(209,36): warning CS1591: Missing XML comment for publicly visible type or member 'TemplateAppService.SetFeaturedAsync(int, bool)' [C:\Users\Nhlakanipho\Documents\Projects\ABP-Group\aspnet-core\src\ABPGroup.Application\ABPGroup.Application.csproj]
C:\Users\Nhlakanipho\Documents\Projects\ABP-Group\aspnet-core\src\ABPGroup.Application\Templates\TemplateMapProfile.cs(7,14): warning CS1591: Missing XML comment for publicly visible type or member 'TemplateMapProfile' [C:\Users\Nhlakanipho\Documents\Projects\ABP-Group\aspnet-core\src\ABPGroup.Application\ABPGroup.Application.csproj]
C:\Users\Nhlakanipho\Documents\Projects\ABP-Group\aspnet-core\src\ABPGroup.Application\Templates\TemplateMapProfile.cs(9,12): warning CS1591: Missing XML comment for publicly visible type or member 'TemplateMapProfile.TemplateMapProfile()' [C:\Users\Nhlakanipho\Documents\Projects\ABP-Group\aspnet-core\src\ABPGroup.Application\ABPGroup.Application.csproj]
C:\Users\Nhlakanipho\Documents\Projects\ABP-Group\aspnet-core\src\ABPGroup.Application\Users\Dto\ChangePasswordDto.cs(5,14): warning CS1591: Missing XML comment for publicly visible type or member 'ChangePasswordDto' [C:\Users\Nhlakanipho\Documents\Projects\ABP-Group\aspnet-core\src\ABPGroup.Application\ABPGroup.Application.csproj]
C:\Users\Nhlakanipho\Documents\Projects\ABP-Group\aspnet-core\src\ABPGroup.Application\Users\Dto\ChangePasswordDto.cs(8,19): warning CS1591: Missing XML comment for publicly visible type or member 'ChangePasswordDto.CurrentPassword' [C:\Users\Nhlakanipho\Documents\Projects\ABP-Group\aspnet-core\src\ABPGroup.Application\ABPGroup.Application.csproj]
C:\Users\Nhlakanipho\Documents\Projects\ABP-Group\aspnet-core\src\ABPGroup.Application\Users\Dto\ChangePasswordDto.cs(11,19): warning CS1591: Missing XML comment for publicly visible type or member 'ChangePasswordDto.NewPassword' [C:\Users\Nhlakanipho\Documents\Projects\ABP-Group\aspnet-core\src\ABPGroup.Application\ABPGroup.Application.csproj]
C:\Users\Nhlakanipho\Documents\Projects\ABP-Group\aspnet-core\src\ABPGroup.Application\Users\Dto\ChangeUserLanguageDto.cs(5,14): warning CS1591: Missing XML comment for publicly visible type or member 'ChangeUserLanguageDto' [C:\Users\Nhlakanipho\Documents\Projects\ABP-Group\aspnet-core\src\ABPGroup.Application\ABPGroup.Application.csproj]
C:\Users\Nhlakanipho\Documents\Projects\ABP-Group\aspnet-core\src\ABPGroup.Application\Users\Dto\ChangeUserLanguageDto.cs(8,19): warning CS1591: Missing XML comment for publicly visible type or member 'ChangeUserLanguageDto.LanguageName' [C:\Users\Nhlakanipho\Documents\Projects\ABP-Group\aspnet-core\src\ABPGroup.Application\ABPGroup.Application.csproj]
C:\Users\Nhlakanipho\Documents\Projects\ABP-Group\aspnet-core\src\ABPGroup.Application\Users\Dto\CreateUserDto.cs(11,14): warning CS1591: Missing XML comment for publicly visible type or member 'CreateUserDto' [C:\Users\Nhlakanipho\Documents\Projects\ABP-Group\aspnet-core\src\ABPGroup.Application\ABPGroup.Application.csproj]
C:\Users\Nhlakanipho\Documents\Projects\ABP-Group\aspnet-core\src\ABPGroup.Application\Users\Dto\CreateUserDto.cs(15,19): warning CS1591: Missing XML comment for publicly visible type or member 'CreateUserDto.UserName' [C:\Users\Nhlakanipho\Documents\Projects\ABP-Group\aspnet-core\src\ABPGroup.Application\ABPGroup.Application.csproj]
C:\Users\Nhlakanipho\Documents\Projects\ABP-Group\aspnet-core\src\ABPGroup.Application\Users\Dto\CreateUserDto.cs(19,19): warning CS1591: Missing XML comment for publicly visible type or member 'CreateUserDto.Name' [C:\Users\Nhlakanipho\Documents\Projects\ABP-Group\aspnet-core\src\ABPGroup.Application\ABPGroup.Application.csproj]
C:\Users\Nhlakanipho\Documents\Projects\ABP-Group\aspnet-core\src\ABPGroup.Application\Users\Dto\CreateUserDto.cs(23,19): warning CS1591: Missing XML comment for publicly visible type or member 'CreateUserDto.Surname' [C:\Users\Nhlakanipho\Documents\Projects\ABP-Group\aspnet-core\src\ABPGroup.Application\ABPGroup.Application.csproj]
C:\Users\Nhlakanipho\Documents\Projects\ABP-Group\aspnet-core\src\ABPGroup.Application\Users\Dto\CreateUserDto.cs(28,19): warning CS1591: Missing XML comment for publicly visible type or member 'CreateUserDto.EmailAddress' [C:\Users\Nhlakanipho\Documents\Projects\ABP-Group\aspnet-core\src\ABPGroup.Application\ABPGroup.Application.csproj]
C:\Users\Nhlakanipho\Documents\Projects\ABP-Group\aspnet-core\src\ABPGroup.Application\Users\Dto\CreateUserDto.cs(30,17): warning CS1591: Missing XML comment for publicly visible type or member 'CreateUserDto.IsActive' [C:\Users\Nhlakanipho\Documents\Projects\ABP-Group\aspnet-core\src\ABPGroup.Application\ABPGroup.Application.csproj]
C:\Users\Nhlakanipho\Documents\Projects\ABP-Group\aspnet-core\src\ABPGroup.Application\Users\Dto\CreateUserDto.cs(32,21): warning CS1591: Missing XML comment for publicly visible type or member 'CreateUserDto.RoleNames' [C:\Users\Nhlakanipho\Documents\Projects\ABP-Group\aspnet-core\src\ABPGroup.Application\ABPGroup.Application.csproj]
C:\Users\Nhlakanipho\Documents\Projects\ABP-Group\aspnet-core\src\ABPGroup.Application\Users\Dto\CreateUserDto.cs(37,19): warning CS1591: Missing XML comment for publicly visible type or member 'CreateUserDto.Password' [C:\Users\Nhlakanipho\Documents\Projects\ABP-Group\aspnet-core\src\ABPGroup.Application\ABPGroup.Application.csproj]
C:\Users\Nhlakanipho\Documents\Projects\ABP-Group\aspnet-core\src\ABPGroup.Application\Users\Dto\CreateUserDto.cs(39,17): warning CS1591: Missing XML comment for publicly visible type or member 'CreateUserDto.Normalize()' [C:\Users\Nhlakanipho\Documents\Projects\ABP-Group\aspnet-core\src\ABPGroup.Application\ABPGroup.Application.csproj]
C:\Users\Nhlakanipho\Documents\Projects\ABP-Group\aspnet-core\src\ABPGroup.Application\Users\Dto\PagedUserResultRequestDto.cs(7,14): warning CS1591: Missing XML comment for publicly visible type or member 'PagedUserResultRequestDto' [C:\Users\Nhlakanipho\Documents\Projects\ABP-Group\aspnet-core\src\ABPGroup.Application\ABPGroup.Application.csproj]
C:\Users\Nhlakanipho\Documents\Projects\ABP-Group\aspnet-core\src\ABPGroup.Application\Users\Dto\PagedUserResultRequestDto.cs(9,19): warning CS1591: Missing XML comment for publicly visible type or member 'PagedUserResultRequestDto.Keyword' [C:\Users\Nhlakanipho\Documents\Projects\ABP-Group\aspnet-core\src\ABPGroup.Application\ABPGroup.Application.csproj]
C:\Users\Nhlakanipho\Documents\Projects\ABP-Group\aspnet-core\src\ABPGroup.Application\Users\Dto\PagedUserResultRequestDto.cs(10,18): warning CS1591: Missing XML comment for publicly visible type or member 'PagedUserResultRequestDto.IsActive' [C:\Users\Nhlakanipho\Documents\Projects\ABP-Group\aspnet-core\src\ABPGroup.Application\ABPGroup.Application.csproj]
C:\Users\Nhlakanipho\Documents\Projects\ABP-Group\aspnet-core\src\ABPGroup.Application\Users\Dto\PagedUserResultRequestDto.cs(12,19): warning CS1591: Missing XML comment for publicly visible type or member 'PagedUserResultRequestDto.Sorting' [C:\Users\Nhlakanipho\Documents\Projects\ABP-Group\aspnet-core\src\ABPGroup.Application\ABPGroup.Application.csproj]
C:\Users\Nhlakanipho\Documents\Projects\ABP-Group\aspnet-core\src\ABPGroup.Application\Users\Dto\PagedUserResultRequestDto.cs(14,17): warning CS1591: Missing XML comment for publicly visible type or member 'PagedUserResultRequestDto.Normalize()' [C:\Users\Nhlakanipho\Documents\Projects\ABP-Group\aspnet-core\src\ABPGroup.Application\ABPGroup.Application.csproj]
C:\Users\Nhlakanipho\Documents\Projects\ABP-Group\aspnet-core\src\ABPGroup.Application\Users\Dto\ResetPasswordDto.cs(5,14): warning CS1591: Missing XML comment for publicly visible type or member 'ResetPasswordDto' [C:\Users\Nhlakanipho\Documents\Projects\ABP-Group\aspnet-core\src\ABPGroup.Application\ABPGroup.Application.csproj]
C:\Users\Nhlakanipho\Documents\Projects\ABP-Group\aspnet-core\src\ABPGroup.Application\Users\Dto\ResetPasswordDto.cs(8,19): warning CS1591: Missing XML comment for publicly visible type or member 'ResetPasswordDto.AdminPassword' [C:\Users\Nhlakanipho\Documents\Projects\ABP-Group\aspnet-core\src\ABPGroup.Application\ABPGroup.Application.csproj]
C:\Users\Nhlakanipho\Documents\Projects\ABP-Group\aspnet-core\src\ABPGroup.Application\Users\Dto\ResetPasswordDto.cs(11,17): warning CS1591: Missing XML comment for publicly visible type or member 'ResetPasswordDto.UserId' [C:\Users\Nhlakanipho\Documents\Projects\ABP-Group\aspnet-core\src\ABPGroup.Application\ABPGroup.Application.csproj]
C:\Users\Nhlakanipho\Documents\Projects\ABP-Group\aspnet-core\src\ABPGroup.Application\Users\Dto\ResetPasswordDto.cs(14,19): warning CS1591: Missing XML comment for publicly visible type or member 'ResetPasswordDto.NewPassword' [C:\Users\Nhlakanipho\Documents\Projects\ABP-Group\aspnet-core\src\ABPGroup.Application\ABPGroup.Application.csproj]
C:\Users\Nhlakanipho\Documents\Projects\ABP-Group\aspnet-core\src\ABPGroup.Application\Users\Dto\UserDto.cs(11,14): warning CS1591: Missing XML comment for publicly visible type or member 'UserDto' [C:\Users\Nhlakanipho\Documents\Projects\ABP-Group\aspnet-core\src\ABPGroup.Application\ABPGroup.Application.csproj]
C:\Users\Nhlakanipho\Documents\Projects\ABP-Group\aspnet-core\src\ABPGroup.Application\Users\Dto\UserDto.cs(15,19): warning CS1591: Missing XML comment for publicly visible type or member 'UserDto.UserName' [C:\Users\Nhlakanipho\Documents\Projects\ABP-Group\aspnet-core\src\ABPGroup.Application\ABPGroup.Application.csproj]
C:\Users\Nhlakanipho\Documents\Projects\ABP-Group\aspnet-core\src\ABPGroup.Application\Users\Dto\UserDto.cs(19,19): warning CS1591: Missing XML comment for publicly visible type or member 'UserDto.Name' [C:\Users\Nhlakanipho\Documents\Projects\ABP-Group\aspnet-core\src\ABPGroup.Application\ABPGroup.Application.csproj]
C:\Users\Nhlakanipho\Documents\Projects\ABP-Group\aspnet-core\src\ABPGroup.Application\Users\Dto\UserDto.cs(23,19): warning CS1591: Missing XML comment for publicly visible type or member 'UserDto.Surname' [C:\Users\Nhlakanipho\Documents\Projects\ABP-Group\aspnet-core\src\ABPGroup.Application\ABPGroup.Application.csproj]
C:\Users\Nhlakanipho\Documents\Projects\ABP-Group\aspnet-core\src\ABPGroup.Application\Users\Dto\UserDto.cs(28,19): warning CS1591: Missing XML comment for publicly visible type or member 'UserDto.EmailAddress' [C:\Users\Nhlakanipho\Documents\Projects\ABP-Group\aspnet-core\src\ABPGroup.Application\ABPGroup.Application.csproj]
C:\Users\Nhlakanipho\Documents\Projects\ABP-Group\aspnet-core\src\ABPGroup.Application\Users\Dto\UserDto.cs(30,17): warning CS1591: Missing XML comment for publicly visible type or member 'UserDto.IsActive' [C:\Users\Nhlakanipho\Documents\Projects\ABP-Group\aspnet-core\src\ABPGroup.Application\ABPGroup.Application.csproj]
C:\Users\Nhlakanipho\Documents\Projects\ABP-Group\aspnet-core\src\ABPGroup.Application\Users\Dto\UserDto.cs(32,19): warning CS1591: Missing XML comment for publicly visible type or member 'UserDto.FullName' [C:\Users\Nhlakanipho\Documents\Projects\ABP-Group\aspnet-core\src\ABPGroup.Application\ABPGroup.Application.csproj]
C:\Users\Nhlakanipho\Documents\Projects\ABP-Group\aspnet-core\src\ABPGroup.Application\Users\Dto\UserDto.cs(34,22): warning CS1591: Missing XML comment for publicly visible type or member 'UserDto.LastLoginTime' [C:\Users\Nhlakanipho\Documents\Projects\ABP-Group\aspnet-core\src\ABPGroup.Application\ABPGroup.Application.csproj]
C:\Users\Nhlakanipho\Documents\Projects\ABP-Group\aspnet-core\src\ABPGroup.Application\Users\Dto\UserDto.cs(36,21): warning CS1591: Missing XML comment for publicly visible type or member 'UserDto.CreationTime' [C:\Users\Nhlakanipho\Documents\Projects\ABP-Group\aspnet-core\src\ABPGroup.Application\ABPGroup.Application.csproj]
C:\Users\Nhlakanipho\Documents\Projects\ABP-Group\aspnet-core\src\ABPGroup.Application\Users\Dto\UserDto.cs(38,21): warning CS1591: Missing XML comment for publicly visible type or member 'UserDto.RoleNames' [C:\Users\Nhlakanipho\Documents\Projects\ABP-Group\aspnet-core\src\ABPGroup.Application\ABPGroup.Application.csproj]
C:\Users\Nhlakanipho\Documents\Projects\ABP-Group\aspnet-core\src\ABPGroup.Application\Users\Dto\UserMapProfile.cs(6,14): warning CS1591: Missing XML comment for publicly visible type or member 'UserMapProfile' [C:\Users\Nhlakanipho\Documents\Projects\ABP-Group\aspnet-core\src\ABPGroup.Application\ABPGroup.Application.csproj]
C:\Users\Nhlakanipho\Documents\Projects\ABP-Group\aspnet-core\src\ABPGroup.Application\Users\Dto\UserMapProfile.cs(8,12): warning CS1591: Missing XML comment for publicly visible type or member 'UserMapProfile.UserMapProfile()' [C:\Users\Nhlakanipho\Documents\Projects\ABP-Group\aspnet-core\src\ABPGroup.Application\ABPGroup.Application.csproj]
C:\Users\Nhlakanipho\Documents\Projects\ABP-Group\aspnet-core\src\ABPGroup.Application\Users\IUserAppService.cs(9,18): warning CS1591: Missing XML comment for publicly visible type or member 'IUserAppService' [C:\Users\Nhlakanipho\Documents\Projects\ABP-Group\aspnet-core\src\ABPGroup.Application\ABPGroup.Application.csproj]
C:\Users\Nhlakanipho\Documents\Projects\ABP-Group\aspnet-core\src\ABPGroup.Application\Users\IUserAppService.cs(11,10): warning CS1591: Missing XML comment for publicly visible type or member 'IUserAppService.DeActivate(EntityDto<long>)' [C:\Users\Nhlakanipho\Documents\Projects\ABP-Group\aspnet-core\src\ABPGroup.Application\ABPGroup.Application.csproj]
C:\Users\Nhlakanipho\Documents\Projects\ABP-Group\aspnet-core\src\ABPGroup.Application\Users\IUserAppService.cs(12,10): warning CS1591: Missing XML comment for publicly visible type or member 'IUserAppService.Activate(EntityDto<long>)' [C:\Users\Nhlakanipho\Documents\Projects\ABP-Group\aspnet-core\src\ABPGroup.Application\ABPGroup.Application.csproj]
C:\Users\Nhlakanipho\Documents\Projects\ABP-Group\aspnet-core\src\ABPGroup.Application\Users\IUserAppService.cs(13,34): warning CS1591: Missing XML comment for publicly visible type or member 'IUserAppService.GetRoles()' [C:\Users\Nhlakanipho\Documents\Projects\ABP-Group\aspnet-core\src\ABPGroup.Application\ABPGroup.Application.csproj]
C:\Users\Nhlakanipho\Documents\Projects\ABP-Group\aspnet-core\src\ABPGroup.Application\Users\IUserAppService.cs(14,10): warning CS1591: Missing XML comment for publicly visible type or member 'IUserAppService.ChangeLanguage(ChangeUserLanguageDto)' [C:\Users\Nhlakanipho\Documents\Projects\ABP-Group\aspnet-core\src\ABPGroup.Application\ABPGroup.Application.csproj]
C:\Users\Nhlakanipho\Documents\Projects\ABP-Group\aspnet-core\src\ABPGroup.Application\Users\IUserAppService.cs(16,16): warning CS1591: Missing XML comment for publicly visible type or member 'IUserAppService.ChangePassword(ChangePasswordDto)' [C:\Users\Nhlakanipho\Documents\Projects\ABP-Group\aspnet-core\src\ABPGroup.Application\ABPGroup.Application.csproj]
C:\Users\Nhlakanipho\Documents\Projects\ABP-Group\aspnet-core\src\ABPGroup.Application\Users\IUserAppService.cs(17,16): warning CS1591: Missing XML comment for publicly visible type or member 'IUserAppService.ResetPassword(ResetPasswordDto)' [C:\Users\Nhlakanipho\Documents\Projects\ABP-Group\aspnet-core\src\ABPGroup.Application\ABPGroup.Application.csproj]
C:\Users\Nhlakanipho\Documents\Projects\ABP-Group\aspnet-core\src\ABPGroup.Application\Users\UserAppService.cs(28,14): warning CS1591: Missing XML comment for publicly visible type or member 'UserAppService' [C:\Users\Nhlakanipho\Documents\Projects\ABP-Group\aspnet-core\src\ABPGroup.Application\ABPGroup.Application.csproj]
C:\Users\Nhlakanipho\Documents\Projects\ABP-Group\aspnet-core\src\ABPGroup.Application\Users\UserAppService.cs(37,12): warning CS1591: Missing XML comment for publicly visible type or member 'UserAppService.UserAppService(IRepository<User, long>, UserManager, RoleManager, IRepository<Role>, IPasswordHasher<User>, IAbpSession, LogInManager)' [C:\Users\Nhlakanipho\Documents\Projects\ABP-Group\aspnet-core\src\ABPGroup.Application\ABPGroup.Application.csproj]
C:\Users\Nhlakanipho\Documents\Projects\ABP-Group\aspnet-core\src\ABPGroup.Application\Users\UserAppService.cs(55,41): warning CS1591: Missing XML comment for publicly visible type or member 'UserAppService.CreateAsync(CreateUserDto)' [C:\Users\Nhlakanipho\Documents\Projects\ABP-Group\aspnet-core\src\ABPGroup.Application\ABPGroup.Application.csproj]
C:\Users\Nhlakanipho\Documents\Projects\ABP-Group\aspnet-core\src\ABPGroup.Application\Users\UserAppService.cs(78,41): warning CS1591: Missing XML comment for publicly visible type or member 'UserAppService.UpdateAsync(UserDto)' [C:\Users\Nhlakanipho\Documents\Projects\ABP-Group\aspnet-core\src\ABPGroup.Application\ABPGroup.Application.csproj]
C:\Users\Nhlakanipho\Documents\Projects\ABP-Group\aspnet-core\src\ABPGroup.Application\Users\UserAppService.cs(96,32): warning CS1591: Missing XML comment for publicly visible type or member 'UserAppService.DeleteAsync(EntityDto<long>)' [C:\Users\Nhlakanipho\Documents\Projects\ABP-Group\aspnet-core\src\ABPGroup.Application\ABPGroup.Application.csproj]
C:\Users\Nhlakanipho\Documents\Projects\ABP-Group\aspnet-core\src\ABPGroup.Application\Users\UserAppService.cs(103,23): warning CS1591: Missing XML comment for publicly visible type or member 'UserAppService.Activate(EntityDto<long>)' [C:\Users\Nhlakanipho\Documents\Projects\ABP-Group\aspnet-core\src\ABPGroup.Application\ABPGroup.Application.csproj]
C:\Users\Nhlakanipho\Documents\Projects\ABP-Group\aspnet-core\src\ABPGroup.Application\Users\UserAppService.cs(112,23): warning CS1591: Missing XML comment for publicly visible type or member 'UserAppService.DeActivate(EntityDto<long>)' [C:\Users\Nhlakanipho\Documents\Projects\ABP-Group\aspnet-core\src\ABPGroup.Application\ABPGroup.Application.csproj]
C:\Users\Nhlakanipho\Documents\Projects\ABP-Group\aspnet-core\src\ABPGroup.Application\Users\UserAppService.cs(120,47): warning CS1591: Missing XML comment for publicly visible type or member 'UserAppService.GetRoles()' [C:\Users\Nhlakanipho\Documents\Projects\ABP-Group\aspnet-core\src\ABPGroup.Application\ABPGroup.Application.csproj]
C:\Users\Nhlakanipho\Documents\Projects\ABP-Group\aspnet-core\src\ABPGroup.Application\Users\UserAppService.cs(126,23): warning CS1591: Missing XML comment for publicly visible type or member 'UserAppService.ChangeLanguage(ChangeUserLanguageDto)' [C:\Users\Nhlakanipho\Documents\Projects\ABP-Group\aspnet-core\src\ABPGroup.Application\ABPGroup.Application.csproj]
C:\Users\Nhlakanipho\Documents\Projects\ABP-Group\aspnet-core\src\ABPGroup.Application\Users\UserAppService.cs(135,29): warning CS1591: Missing XML comment for publicly visible type or member 'UserAppService.MapToEntity(CreateUserDto)' [C:\Users\Nhlakanipho\Documents\Projects\ABP-Group\aspnet-core\src\ABPGroup.Application\ABPGroup.Application.csproj]
C:\Users\Nhlakanipho\Documents\Projects\ABP-Group\aspnet-core\src\ABPGroup.Application\Users\UserAppService.cs(142,29): warning CS1591: Missing XML comment for publicly visible type or member 'UserAppService.MapToEntity(UserDto, User)' [C:\Users\Nhlakanipho\Documents\Projects\ABP-Group\aspnet-core\src\ABPGroup.Application\ABPGroup.Application.csproj]
C:\Users\Nhlakanipho\Documents\Projects\ABP-Group\aspnet-core\src\ABPGroup.Application\Users\UserAppService.cs(148,32): warning CS1591: Missing XML comment for publicly visible type or member 'UserAppService.MapToEntityDto(User)' [C:\Users\Nhlakanipho\Documents\Projects\ABP-Group\aspnet-core\src\ABPGroup.Application\ABPGroup.Application.csproj]
C:\Users\Nhlakanipho\Documents\Projects\ABP-Group\aspnet-core\src\ABPGroup.Application\Users\UserAppService.cs(160,41): warning CS1591: Missing XML comment for publicly visible type or member 'UserAppService.CreateFilteredQuery(PagedUserResultRequestDto)' [C:\Users\Nhlakanipho\Documents\Projects\ABP-Group\aspnet-core\src\ABPGroup.Application\ABPGroup.Application.csproj]
C:\Users\Nhlakanipho\Documents\Projects\ABP-Group\aspnet-core\src\ABPGroup.Application\Users\UserAppService.cs(167,41): warning CS1591: Missing XML comment for publicly visible type or member 'UserAppService.GetEntityByIdAsync(long)' [C:\Users\Nhlakanipho\Documents\Projects\ABP-Group\aspnet-core\src\ABPGroup.Application\ABPGroup.Application.csproj]
C:\Users\Nhlakanipho\Documents\Projects\ABP-Group\aspnet-core\src\ABPGroup.Application\Users\UserAppService.cs(179,41): warning CS1591: Missing XML comment for publicly visible type or member 'UserAppService.ApplySorting(IQueryable<User>, PagedUserResultRequestDto)' [C:\Users\Nhlakanipho\Documents\Projects\ABP-Group\aspnet-core\src\ABPGroup.Application\ABPGroup.Application.csproj]
C:\Users\Nhlakanipho\Documents\Projects\ABP-Group\aspnet-core\src\ABPGroup.Application\Users\UserAppService.cs(184,28): warning CS1591: Missing XML comment for publicly visible type or member 'UserAppService.CheckErrors(IdentityResult)' [C:\Users\Nhlakanipho\Documents\Projects\ABP-Group\aspnet-core\src\ABPGroup.Application\ABPGroup.Application.csproj]
C:\Users\Nhlakanipho\Documents\Projects\ABP-Group\aspnet-core\src\ABPGroup.Application\Users\UserAppService.cs(189,29): warning CS1591: Missing XML comment for publicly visible type or member 'UserAppService.ChangePassword(ChangePasswordDto)' [C:\Users\Nhlakanipho\Documents\Projects\ABP-Group\aspnet-core\src\ABPGroup.Application\ABPGroup.Application.csproj]
C:\Users\Nhlakanipho\Documents\Projects\ABP-Group\aspnet-core\src\ABPGroup.Application\Users\UserAppService.cs(214,29): warning CS1591: Missing XML comment for publicly visible type or member 'UserAppService.ResetPassword(ResetPasswordDto)' [C:\Users\Nhlakanipho\Documents\Projects\ABP-Group\aspnet-core\src\ABPGroup.Application\ABPGroup.Application.csproj]
C:\Users\Nhlakanipho\Documents\Projects\ABP-Group\aspnet-core\src\ABPGroup.Application\Workspaces\Dto\CreateWorkspaceDto.cs(9,14): warning CS1591: Missing XML comment for publicly visible type or member 'CreateWorkspaceDto' [C:\Users\Nhlakanipho\Documents\Projects\ABP-Group\aspnet-core\src\ABPGroup.Application\ABPGroup.Application.csproj]
C:\Users\Nhlakanipho\Documents\Projects\ABP-Group\aspnet-core\src\ABPGroup.Application\Workspaces\Dto\CreateWorkspaceDto.cs(13,19): warning CS1591: Missing XML comment for publicly visible type or member 'CreateWorkspaceDto.TenancyName' [C:\Users\Nhlakanipho\Documents\Projects\ABP-Group\aspnet-core\src\ABPGroup.Application\ABPGroup.Application.csproj]
C:\Users\Nhlakanipho\Documents\Projects\ABP-Group\aspnet-core\src\ABPGroup.Application\Workspaces\Dto\CreateWorkspaceDto.cs(17,19): warning CS1591: Missing XML comment for publicly visible type or member 'CreateWorkspaceDto.Name' [C:\Users\Nhlakanipho\Documents\Projects\ABP-Group\aspnet-core\src\ABPGroup.Application\ABPGroup.Application.csproj]
C:\Users\Nhlakanipho\Documents\Projects\ABP-Group\aspnet-core\src\ABPGroup.Application\Workspaces\Dto\CreateWorkspaceDto.cs(19,17): warning CS1591: Missing XML comment for publicly visible type or member 'CreateWorkspaceDto.IsActive' [C:\Users\Nhlakanipho\Documents\Projects\ABP-Group\aspnet-core\src\ABPGroup.Application\ABPGroup.Application.csproj]
C:\Users\Nhlakanipho\Documents\Projects\ABP-Group\aspnet-core\src\ABPGroup.Application\Workspaces\Dto\PagedWorkspaceResultRequestDto.cs(7,14): warning CS1591: Missing XML comment for publicly visible type or member 'PagedWorkspaceResultRequestDto' [C:\Users\Nhlakanipho\Documents\Projects\ABP-Group\aspnet-core\src\ABPGroup.Application\ABPGroup.Application.csproj]
C:\Users\Nhlakanipho\Documents\Projects\ABP-Group\aspnet-core\src\ABPGroup.Application\Workspaces\Dto\PagedWorkspaceResultRequestDto.cs(9,19): warning CS1591: Missing XML comment for publicly visible type or member 'PagedWorkspaceResultRequestDto.Keyword' [C:\Users\Nhlakanipho\Documents\Projects\ABP-Group\aspnet-core\src\ABPGroup.Application\ABPGroup.Application.csproj]
C:\Users\Nhlakanipho\Documents\Projects\ABP-Group\aspnet-core\src\ABPGroup.Application\Workspaces\Dto\PagedWorkspaceResultRequestDto.cs(11,17): warning CS1591: Missing XML comment for publicly visible type or member 'PagedWorkspaceResultRequestDto.Normalize()' [C:\Users\Nhlakanipho\Documents\Projects\ABP-Group\aspnet-core\src\ABPGroup.Application\ABPGroup.Application.csproj]
C:\Users\Nhlakanipho\Documents\Projects\ABP-Group\aspnet-core\src\ABPGroup.Application\Workspaces\Dto\WorkspaceDto.cs(9,14): warning CS1591: Missing XML comment for publicly visible type or member 'WorkspaceDto' [C:\Users\Nhlakanipho\Documents\Projects\ABP-Group\aspnet-core\src\ABPGroup.Application\ABPGroup.Application.csproj]
C:\Users\Nhlakanipho\Documents\Projects\ABP-Group\aspnet-core\src\ABPGroup.Application\Workspaces\Dto\WorkspaceDto.cs(11,19): warning CS1591: Missing XML comment for publicly visible type or member 'WorkspaceDto.TenancyName' [C:\Users\Nhlakanipho\Documents\Projects\ABP-Group\aspnet-core\src\ABPGroup.Application\ABPGroup.Application.csproj]
C:\Users\Nhlakanipho\Documents\Projects\ABP-Group\aspnet-core\src\ABPGroup.Application\Workspaces\Dto\WorkspaceDto.cs(13,19): warning CS1591: Missing XML comment for publicly visible type or member 'WorkspaceDto.Name' [C:\Users\Nhlakanipho\Documents\Projects\ABP-Group\aspnet-core\src\ABPGroup.Application\ABPGroup.Application.csproj]
C:\Users\Nhlakanipho\Documents\Projects\ABP-Group\aspnet-core\src\ABPGroup.Application\Workspaces\Dto\WorkspaceDto.cs(15,17): warning CS1591: Missing XML comment for publicly visible type or member 'WorkspaceDto.IsActive' [C:\Users\Nhlakanipho\Documents\Projects\ABP-Group\aspnet-core\src\ABPGroup.Application\ABPGroup.Application.csproj]
C:\Users\Nhlakanipho\Documents\Projects\ABP-Group\aspnet-core\src\ABPGroup.Application\Workspaces\Dto\WorkspaceDto.cs(17,21): warning CS1591: Missing XML comment for publicly visible type or member 'WorkspaceDto.CreationTime' [C:\Users\Nhlakanipho\Documents\Projects\ABP-Group\aspnet-core\src\ABPGroup.Application\ABPGroup.Application.csproj]
C:\Users\Nhlakanipho\Documents\Projects\ABP-Group\aspnet-core\src\ABPGroup.Application\Workspaces\IWorkspaceAppService.cs(6,18): warning CS1591: Missing XML comment for publicly visible type or member 'IWorkspaceAppService' [C:\Users\Nhlakanipho\Documents\Projects\ABP-Group\aspnet-core\src\ABPGroup.Application\ABPGroup.Application.csproj]
C:\Users\Nhlakanipho\Documents\Projects\ABP-Group\aspnet-core\src\ABPGroup.Application\Workspaces\WorkspaceAppService.cs(17,14): warning CS1591: Missing XML comment for publicly visible type or member 'WorkspaceAppService' [C:\Users\Nhlakanipho\Documents\Projects\ABP-Group\aspnet-core\src\ABPGroup.Application\ABPGroup.Application.csproj]
C:\Users\Nhlakanipho\Documents\Projects\ABP-Group\aspnet-core\src\ABPGroup.Application\Workspaces\WorkspaceAppService.cs(21,12): warning CS1591: Missing XML comment for publicly visible type or member 'WorkspaceAppService.WorkspaceAppService(IRepository<Tenant, int>, TenantManager)' [C:\Users\Nhlakanipho\Documents\Projects\ABP-Group\aspnet-core\src\ABPGroup.Application\ABPGroup.Application.csproj]
C:\Users\Nhlakanipho\Documents\Projects\ABP-Group\aspnet-core\src\ABPGroup.Application\Workspaces\WorkspaceAppService.cs(32,46): warning CS1591: Missing XML comment for publicly visible type or member 'WorkspaceAppService.CreateAsync(CreateWorkspaceDto)' [C:\Users\Nhlakanipho\Documents\Projects\ABP-Group\aspnet-core\src\ABPGroup.Application\ABPGroup.Application.csproj]
C:\Users\Nhlakanipho\Documents\Projects\ABP-Group\aspnet-core\src\ABPGroup.Application\Workspaces\WorkspaceAppService.cs(47,46): warning CS1591: Missing XML comment for publicly visible type or member 'WorkspaceAppService.GetAsync(EntityDto<int>)' [C:\Users\Nhlakanipho\Documents\Projects\ABP-Group\aspnet-core\src\ABPGroup.Application\ABPGroup.Application.csproj]
C:\Users\Nhlakanipho\Documents\Projects\ABP-Group\aspnet-core\src\ABPGroup.Application\Workspaces\WorkspaceAppService.cs(64,43): warning CS1591: Missing XML comment for publicly visible type or member 'WorkspaceAppService.CreateFilteredQuery(PagedWorkspaceResultRequestDto)' [C:\Users\Nhlakanipho\Documents\Projects\ABP-Group\aspnet-core\src\ABPGroup.Application\ABPGroup.Application.csproj]
C:\Users\Nhlakanipho\Documents\Projects\ABP-Group\aspnet-core\src\ABPGroup.Application\Workspaces\WorkspaceAppService.cs(71,43): warning CS1591: Missing XML comment for publicly visible type or member 'WorkspaceAppService.ApplySorting(IQueryable<Tenant>, PagedWorkspaceResultRequestDto)' [C:\Users\Nhlakanipho\Documents\Projects\ABP-Group\aspnet-core\src\ABPGroup.Application\ABPGroup.Application.csproj]
C:\Users\Nhlakanipho\Documents\Projects\ABP-Group\aspnet-core\src\ABPGroup.Application\Workspaces\WorkspaceAppService.cs(81,29): warning CS1591: Missing XML comment for publicly visible type or member 'WorkspaceAppService.MapToEntity(WorkspaceDto, Tenant)' [C:\Users\Nhlakanipho\Documents\Projects\ABP-Group\aspnet-core\src\ABPGroup.Application\ABPGroup.Application.csproj]
  ABPGroup.Application -> c:\Users\Nhlakanipho\Documents\Projects\ABP-Group\aspnet-core\src\ABPGroup.Application\bin\Debug\net9.0\ABPGroup.Application.dll
  ABPGroup.Web.Core -> C:\Users\Nhlakanipho\Documents\Projects\ABP-Group\aspnet-core\src\ABPGroup.Web.Core\bin\Debug\net9.0\ABPGroup.Web.Core.dll
C:\Users\Nhlakanipho\Documents\Projects\ABP-Group\aspnet-core\src\ABPGroup.Web.Host\Controllers\AntiForgeryController.cs(7,18): warning CS1591: Missing XML comment for publicly visible type or member 'AntiForgeryController' [C:\Users\Nhlakanipho\Documents\Projects\ABP-Group\aspnet-core\src\ABPGroup.Web.Host\ABPGroup.Web.Host.csproj]
C:\Users\Nhlakanipho\Documents\Projects\ABP-Group\aspnet-core\src\ABPGroup.Web.Host\Controllers\AntiForgeryController.cs(12,16): warning CS1591: Missing XML comment for publicly visible type or member 'AntiForgeryController.AntiForgeryController(IAntiforgery, IAbpAntiForgeryManager)' [C:\Users\Nhlakanipho\Documents\Projects\ABP-Group\aspnet-core\src\ABPGroup.Web.Host\ABPGroup.Web.Host.csproj]
C:\Users\Nhlakanipho\Documents\Projects\ABP-Group\aspnet-core\src\ABPGroup.Web.Host\Controllers\AntiForgeryController.cs(18,21): warning CS1591: Missing XML comment for publicly visible type or member 'AntiForgeryController.GetToken()' [C:\Users\Nhlakanipho\Documents\Projects\ABP-Group\aspnet-core\src\ABPGroup.Web.Host\ABPGroup.Web.Host.csproj]
C:\Users\Nhlakanipho\Documents\Projects\ABP-Group\aspnet-core\src\ABPGroup.Web.Host\Controllers\AntiForgeryController.cs(23,21): warning CS1591: Missing XML comment for publicly visible type or member 'AntiForgeryController.SetCookie()' [C:\Users\Nhlakanipho\Documents\Projects\ABP-Group\aspnet-core\src\ABPGroup.Web.Host\ABPGroup.Web.Host.csproj]
C:\Users\Nhlakanipho\Documents\Projects\ABP-Group\aspnet-core\src\ABPGroup.Web.Host\Controllers\HomeController.cs(11,18): warning CS1591: Missing XML comment for publicly visible type or member 'HomeController' [C:\Users\Nhlakanipho\Documents\Projects\ABP-Group\aspnet-core\src\ABPGroup.Web.Host\ABPGroup.Web.Host.csproj]
C:\Users\Nhlakanipho\Documents\Projects\ABP-Group\aspnet-core\src\ABPGroup.Web.Host\Controllers\HomeController.cs(15,16): warning CS1591: Missing XML comment for publicly visible type or member 'HomeController.HomeController(INotificationPublisher)' [C:\Users\Nhlakanipho\Documents\Projects\ABP-Group\aspnet-core\src\ABPGroup.Web.Host\ABPGroup.Web.Host.csproj]
C:\Users\Nhlakanipho\Documents\Projects\ABP-Group\aspnet-core\src\ABPGroup.Web.Host\Controllers\HomeController.cs(20,30): warning CS1591: Missing XML comment for publicly visible type or member 'HomeController.Index()' [C:\Users\Nhlakanipho\Documents\Projects\ABP-Group\aspnet-core\src\ABPGroup.Web.Host\ABPGroup.Web.Host.csproj]
C:\Users\Nhlakanipho\Documents\Projects\ABP-Group\aspnet-core\src\ABPGroup.Web.Host\Startup\ABPGroupWebHostModule.cs(11,18): warning CS1591: Missing XML comment for publicly visible type or member 'ABPGroupWebHostModule' [C:\Users\Nhlakanipho\Documents\Projects\ABP-Group\aspnet-core\src\ABPGroup.Web.Host\ABPGroup.Web.Host.csproj]
C:\Users\Nhlakanipho\Documents\Projects\ABP-Group\aspnet-core\src\ABPGroup.Web.Host\Startup\ABPGroupWebHostModule.cs(16,16): warning CS1591: Missing XML comment for publicly visible type or member 'ABPGroupWebHostModule.ABPGroupWebHostModule(IWebHostEnvironment)' [C:\Users\Nhlakanipho\Documents\Projects\ABP-Group\aspnet-core\src\ABPGroup.Web.Host\ABPGroup.Web.Host.csproj]
C:\Users\Nhlakanipho\Documents\Projects\ABP-Group\aspnet-core\src\ABPGroup.Web.Host\Startup\ABPGroupWebHostModule.cs(22,30): warning CS1591: Missing XML comment for publicly visible type or member 'ABPGroupWebHostModule.PreInitialize()' [C:\Users\Nhlakanipho\Documents\Projects\ABP-Group\aspnet-core\src\ABPGroup.Web.Host\ABPGroup.Web.Host.csproj]
C:\Users\Nhlakanipho\Documents\Projects\ABP-Group\aspnet-core\src\ABPGroup.Web.Host\Startup\ABPGroupWebHostModule.cs(27,30): warning CS1591: Missing XML comment for publicly visible type or member 'ABPGroupWebHostModule.Initialize()' [C:\Users\Nhlakanipho\Documents\Projects\ABP-Group\aspnet-core\src\ABPGroup.Web.Host\ABPGroup.Web.Host.csproj]
C:\Users\Nhlakanipho\Documents\Projects\ABP-Group\aspnet-core\src\ABPGroup.Web.Host\Startup\AuthConfigurer.cs(17,25): warning CS1591: Missing XML comment for publicly visible type or member 'AuthConfigurer' [C:\Users\Nhlakanipho\Documents\Projects\ABP-Group\aspnet-core\src\ABPGroup.Web.Host\ABPGroup.Web.Host.csproj]
C:\Users\Nhlakanipho\Documents\Projects\ABP-Group\aspnet-core\src\ABPGroup.Web.Host\Startup\AuthConfigurer.cs(19,28): warning CS1591: Missing XML comment for publicly visible type or member 'AuthConfigurer.Configure(IServiceCollection, IConfiguration)' [C:\Users\Nhlakanipho\Documents\Projects\ABP-Group\aspnet-core\src\ABPGroup.Web.Host\ABPGroup.Web.Host.csproj]
C:\Users\Nhlakanipho\Documents\Projects\ABP-Group\aspnet-core\src\ABPGroup.Web.Host\Startup\Program.cs(9,18): warning CS1591: Missing XML comment for publicly visible type or member 'Program' [C:\Users\Nhlakanipho\Documents\Projects\ABP-Group\aspnet-core\src\ABPGroup.Web.Host\ABPGroup.Web.Host.csproj]
C:\Users\Nhlakanipho\Documents\Projects\ABP-Group\aspnet-core\src\ABPGroup.Web.Host\Startup\Program.cs(11,28): warning CS1591: Missing XML comment for publicly visible type or member 'Program.Main(string[])' [C:\Users\Nhlakanipho\Documents\Projects\ABP-Group\aspnet-core\src\ABPGroup.Web.Host\ABPGroup.Web.Host.csproj]
C:\Users\Nhlakanipho\Documents\Projects\ABP-Group\aspnet-core\src\ABPGroup.Web.Host\Startup\Startup.cs(22,18): warning CS1591: Missing XML comment for publicly visible type or member 'Startup' [C:\Users\Nhlakanipho\Documents\Projects\ABP-Group\aspnet-core\src\ABPGroup.Web.Host\ABPGroup.Web.Host.csproj]
C:\Users\Nhlakanipho\Documents\Projects\ABP-Group\aspnet-core\src\ABPGroup.Web.Host\Startup\Startup.cs(31,16): warning CS1591: Missing XML comment for publicly visible type or member 'Startup.Startup(IWebHostEnvironment)' [C:\Users\Nhlakanipho\Documents\Projects\ABP-Group\aspnet-core\src\ABPGroup.Web.Host\ABPGroup.Web.Host.csproj]
C:\Users\Nhlakanipho\Documents\Projects\ABP-Group\aspnet-core\src\ABPGroup.Web.Host\Startup\Startup.cs(37,21): warning CS1591: Missing XML comment for publicly visible type or member 'Startup.ConfigureServices(IServiceCollection)' [C:\Users\Nhlakanipho\Documents\Projects\ABP-Group\aspnet-core\src\ABPGroup.Web.Host\ABPGroup.Web.Host.csproj]
C:\Users\Nhlakanipho\Documents\Projects\ABP-Group\aspnet-core\src\ABPGroup.Web.Host\Startup\Startup.cs(79,21): warning CS1591: Missing XML comment for publicly visible type or member 'Startup.Configure(IApplicationBuilder, IWebHostEnvironment, ILoggerFactory)' [C:\Users\Nhlakanipho\Documents\Projects\ABP-Group\aspnet-core\src\ABPGroup.Web.Host\ABPGroup.Web.Host.csproj]
C:\Program Files\dotnet\sdk\10.0.201\Microsoft.Common.CurrentVersion.targets(5094,5): warning MSB3026: Could not copy "C:\Users\Nhlakanipho\Documents\Projects\ABP-Group\aspnet-core\src\ABPGroup.Web.Core\bin\Debug\net9.0\ABPGroup.Web.Core.dll" to "bin\Debug\net9.0\ABPGroup.Web.Core.dll". Beginning retry 1 in 1000ms. The process cannot access the file 'C:\Users\Nhlakanipho\Documents\Projects\ABP-Group\aspnet-core\src\ABPGroup.Web.Host\bin\Debug\net9.0\ABPGroup.Web.Core.dll' because it is being used by another process. The file is locked by: "ABPGroup.Web.Host (72472)" [C:\Users\Nhlakanipho\Documents\Projects\ABP-Group\aspnet-core\src\ABPGroup.Web.Host\ABPGroup.Web.Host.csproj]
C:\Program Files\dotnet\sdk\10.0.201\Microsoft.Common.CurrentVersion.targets(5094,5): warning MSB3026: Could not copy "c:\Users\Nhlakanipho\Documents\Projects\ABP-Group\aspnet-core\src\ABPGroup.Application\bin\Debug\net9.0\ABPGroup.Application.dll" to "bin\Debug\net9.0\ABPGroup.Application.dll". Beginning retry 1 in 1000ms. The process cannot access the file 'C:\Users\Nhlakanipho\Documents\Projects\ABP-Group\aspnet-core\src\ABPGroup.Web.Host\bin\Debug\net9.0\ABPGroup.Application.dll' because it is being used by another process. The file is locked by: "ABPGroup.Web.Host (72472)" [C:\Users\Nhlakanipho\Documents\Projects\ABP-Group\aspnet-core\src\ABPGroup.Web.Host\ABPGroup.Web.Host.csproj]
C:\Program Files\dotnet\sdk\10.0.201\Microsoft.Common.CurrentVersion.targets(5094,5): warning MSB3026: Could not copy "C:\Users\Nhlakanipho\Documents\Projects\ABP-Group\aspnet-core\src\ABPGroup.Core\bin\Debug\net9.0\ABPGroup.Core.dll" to "bin\Debug\net9.0\ABPGroup.Core.dll". Beginning retry 1 in 1000ms. The process cannot access the file 'C:\Users\Nhlakanipho\Documents\Projects\ABP-Group\aspnet-core\src\ABPGroup.Web.Host\bin\Debug\net9.0\ABPGroup.Core.dll' because it is being used by another process. The file is locked by: "ABPGroup.Web.Host (72472)" [C:\Users\Nhlakanipho\Documents\Projects\ABP-Group\aspnet-core\src\ABPGroup.Web.Host\ABPGroup.Web.Host.csproj]
C:\Users\Nhlakanipho\Documents\Projects\ABP-Group\aspnet-core\test\ABPGroup.Tests\MultiTenantFactAttribute.cs(11,13): warning CS0162: Unreachable code detected [C:\Users\Nhlakanipho\Documents\Projects\ABP-Group\aspnet-core\test\ABPGroup.Tests\ABPGroup.Tests.csproj]
C:\Users\Nhlakanipho\Documents\Projects\ABP-Group\aspnet-core\test\ABPGroup.Tests\ABPGroupTestModule.cs(43,9): warning CS0618: 'IAbpAutoMapperConfiguration.UseStaticMapper' is obsolete: 'Automapper will remove static API. See https://github.com/aspnetboilerplate/aspnetboilerplate/issues/4667' [C:\Users\Nhlakanipho\Documents\Projects\ABP-Group\aspnet-core\test\ABPGroup.Tests\ABPGroup.Tests.csproj]
C:\Users\Nhlakanipho\Documents\Projects\ABP-Group\aspnet-core\test\ABPGroup.Tests\CodeGen\RefinementTests.cs(103,31): error CS7036: There is no argument given that corresponds to the required parameter 'aiService' of 'CodeGenAppService.CodeGenAppService(ICodeGenSessionManager, ICodeGenEngine, ICodeGenPlanner, ICodeGenRefiner, ICodeGenAiService, IRepository<Template, int>)' [C:\Users\Nhlakanipho\Documents\Projects\ABP-Group\aspnet-core\test\ABPGroup.Tests\ABPGroup.Tests.csproj]
C:\Users\Nhlakanipho\Documents\Projects\ABP-Group\aspnet-core\test\ABPGroup.Tests\CodeGen\RepairTests.cs(79,31): error CS7036: There is no argument given that corresponds to the required parameter 'aiService' of 'CodeGenAppService.CodeGenAppService(ICodeGenSessionManager, ICodeGenEngine, ICodeGenPlanner, ICodeGenRefiner, ICodeGenAiService, IRepository<Template, int>)' [C:\Users\Nhlakanipho\Documents\Projects\ABP-Group\aspnet-core\test\ABPGroup.Tests\ABPGroup.Tests.csproj]
C:\Users\Nhlakanipho\Documents\Projects\ABP-Group\aspnet-core\test\ABPGroup.Tests\CodeGen\RefinementTests.cs(181,31): error CS7036: There is no argument given that corresponds to the required parameter 'aiService' of 'CodeGenAppService.CodeGenAppService(ICodeGenSessionManager, ICodeGenEngine, ICodeGenPlanner, ICodeGenRefiner, ICodeGenAiService, IRepository<Template, int>)' [C:\Users\Nhlakanipho\Documents\Projects\ABP-Group\aspnet-core\test\ABPGroup.Tests\ABPGroup.Tests.csproj]
C:\Users\Nhlakanipho\Documents\Projects\ABP-Group\aspnet-core\test\ABPGroup.Tests\CodeGen\RepairTests.cs(180,31): error CS7036: There is no argument given that corresponds to the required parameter 'aiService' of 'CodeGenAppService.CodeGenAppService(ICodeGenSessionManager, ICodeGenEngine, ICodeGenPlanner, ICodeGenRefiner, ICodeGenAiService, IRepository<Template, int>)' [C:\Users\Nhlakanipho\Documents\Projects\ABP-Group\aspnet-core\test\ABPGroup.Tests\ABPGroup.Tests.csproj]
C:\Users\Nhlakanipho\Documents\Projects\ABP-Group\aspnet-core\test\ABPGroup.Tests\CodeGen\RefinementTests.cs(254,31): error CS7036: There is no argument given that corresponds to the required parameter 'aiService' of 'CodeGenAppService.CodeGenAppService(ICodeGenSessionManager, ICodeGenEngine, ICodeGenPlanner, ICodeGenRefiner, ICodeGenAiService, IRepository<Template, int>)' [C:\Users\Nhlakanipho\Documents\Projects\ABP-Group\aspnet-core\test\ABPGroup.Tests\ABPGroup.Tests.csproj]
C:\Users\Nhlakanipho\Documents\Projects\ABP-Group\aspnet-core\test\ABPGroup.Tests\CodeGen\RefinementTests.cs(301,31): error CS7036: There is no argument given that corresponds to the required parameter 'aiService' of 'CodeGenAppService.CodeGenAppService(ICodeGenSessionManager, ICodeGenEngine, ICodeGenPlanner, ICodeGenRefiner, ICodeGenAiService, IRepository<Template, int>)' [C:\Users\Nhlakanipho\Documents\Projects\ABP-Group\aspnet-core\test\ABPGroup.Tests\ABPGroup.Tests.csproj]
C:\Users\Nhlakanipho\Documents\Projects\ABP-Group\aspnet-core\test\ABPGroup.Tests\CodeGen\CodeGenServiceTests.cs(842,33): error CS7036: There is no argument given that corresponds to the required parameter 'claudeApiClient' of 'CodeGenAiService.CodeGenAiService(IHttpClientFactory, IConfiguration, IClaudeApiClient)' [C:\Users\Nhlakanipho\Documents\Projects\ABP-Group\aspnet-core\test\ABPGroup.Tests\ABPGroup.Tests.csproj]
C:\Program Files\dotnet\sdk\10.0.201\Microsoft.Common.CurrentVersion.targets(5094,5): warning MSB3026: Could not copy "C:\Users\Nhlakanipho\Documents\Projects\ABP-Group\aspnet-core\src\ABPGroup.EntityFrameworkCore\bin\Debug\net9.0\ABPGroup.EntityFrameworkCore.dll" to "bin\Debug\net9.0\ABPGroup.EntityFrameworkCore.dll". Beginning retry 1 in 1000ms. The process cannot access the file 'C:\Users\Nhlakanipho\Documents\Projects\ABP-Group\aspnet-core\src\ABPGroup.Web.Host\bin\Debug\net9.0\ABPGroup.EntityFrameworkCore.dll' because it is being used by another process. The file is locked by: "ABPGroup.Web.Host (72472)" [C:\Users\Nhlakanipho\Documents\Projects\ABP-Group\aspnet-core\src\ABPGroup.Web.Host\ABPGroup.Web.Host.csproj]
C:\Program Files\dotnet\sdk\10.0.201\Microsoft.Common.CurrentVersion.targets(5094,5): warning MSB3026: Could not copy "C:\Users\Nhlakanipho\Documents\Projects\ABP-Group\aspnet-core\src\ABPGroup.EntityFrameworkCore\bin\Debug\net9.0\ABPGroup.EntityFrameworkCore.dll" to "bin\Debug\net9.0\ABPGroup.EntityFrameworkCore.dll". Beginning retry 2 in 1000ms. The process cannot access the file 'C:\Users\Nhlakanipho\Documents\Projects\ABP-Group\aspnet-core\src\ABPGroup.Web.Host\bin\Debug\net9.0\ABPGroup.EntityFrameworkCore.dll' because it is being used by another process. The file is locked by: "ABPGroup.Web.Host (72472)" [C:\Users\Nhlakanipho\Documents\Projects\ABP-Group\aspnet-core\src\ABPGroup.Web.Host\ABPGroup.Web.Host.csproj]
C:\Program Files\dotnet\sdk\10.0.201\Microsoft.Common.CurrentVersion.targets(5094,5): warning MSB3026: Could not copy "C:\Users\Nhlakanipho\Documents\Projects\ABP-Group\aspnet-core\src\ABPGroup.Web.Core\bin\Debug\net9.0\ABPGroup.Web.Core.dll" to "bin\Debug\net9.0\ABPGroup.Web.Core.dll". Beginning retry 2 in 1000ms. The process cannot access the file 'C:\Users\Nhlakanipho\Documents\Projects\ABP-Group\aspnet-core\src\ABPGroup.Web.Host\bin\Debug\net9.0\ABPGroup.Web.Core.dll' because it is being used by another process. The file is locked by: "ABPGroup.Web.Host (72472)" [C:\Users\Nhlakanipho\Documents\Projects\ABP-Group\aspnet-core\src\ABPGroup.Web.Host\ABPGroup.Web.Host.csproj]
C:\Program Files\dotnet\sdk\10.0.201\Microsoft.Common.CurrentVersion.targets(5094,5): warning MSB3026: Could not copy "C:\Users\Nhlakanipho\Documents\Projects\ABP-Group\aspnet-core\src\ABPGroup.Core\bin\Debug\net9.0\ABPGroup.Core.dll" to "bin\Debug\net9.0\ABPGroup.Core.dll". Beginning retry 2 in 1000ms. The process cannot access the file 'C:\Users\Nhlakanipho\Documents\Projects\ABP-Group\aspnet-core\src\ABPGroup.Web.Host\bin\Debug\net9.0\ABPGroup.Core.dll' because it is being used by another process. The file is locked by: "ABPGroup.Web.Host (72472)" [C:\Users\Nhlakanipho\Documents\Projects\ABP-Group\aspnet-core\src\ABPGroup.Web.Host\ABPGroup.Web.Host.csproj]
C:\Program Files\dotnet\sdk\10.0.201\Microsoft.Common.CurrentVersion.targets(5094,5): warning MSB3026: Could not copy "c:\Users\Nhlakanipho\Documents\Projects\ABP-Group\aspnet-core\src\ABPGroup.Application\bin\Debug\net9.0\ABPGroup.Application.dll" to "bin\Debug\net9.0\ABPGroup.Application.dll". Beginning retry 2 in 1000ms. The process cannot access the file 'C:\Users\Nhlakanipho\Documents\Projects\ABP-Group\aspnet-core\src\ABPGroup.Web.Host\bin\Debug\net9.0\ABPGroup.Application.dll' because it is being used by another process. The file is locked by: "ABPGroup.Web.Host (72472)" [C:\Users\Nhlakanipho\Documents\Projects\ABP-Group\aspnet-core\src\ABPGroup.Web.Host\ABPGroup.Web.Host.csproj]
C:\Program Files\dotnet\sdk\10.0.201\Microsoft.Common.CurrentVersion.targets(5094,5): warning MSB3026: Could not copy "C:\Users\Nhlakanipho\Documents\Projects\ABP-Group\aspnet-core\src\ABPGroup.EntityFrameworkCore\bin\Debug\net9.0\ABPGroup.EntityFrameworkCore.dll" to "bin\Debug\net9.0\ABPGroup.EntityFrameworkCore.dll". Beginning retry 3 in 1000ms. The process cannot access the file 'C:\Users\Nhlakanipho\Documents\Projects\ABP-Group\aspnet-core\src\ABPGroup.Web.Host\bin\Debug\net9.0\ABPGroup.EntityFrameworkCore.dll' because it is being used by another process. The file is locked by: "ABPGroup.Web.Host (72472)" [C:\Users\Nhlakanipho\Documents\Projects\ABP-Group\aspnet-core\src\ABPGroup.Web.Host\ABPGroup.Web.Host.csproj]
C:\Program Files\dotnet\sdk\10.0.201\Microsoft.Common.CurrentVersion.targets(5094,5): warning MSB3026: Could not copy "C:\Users\Nhlakanipho\Documents\Projects\ABP-Group\aspnet-core\src\ABPGroup.Core\bin\Debug\net9.0\ABPGroup.Core.dll" to "bin\Debug\net9.0\ABPGroup.Core.dll". Beginning retry 3 in 1000ms. The process cannot access the file 'C:\Users\Nhlakanipho\Documents\Projects\ABP-Group\aspnet-core\src\ABPGroup.Web.Host\bin\Debug\net9.0\ABPGroup.Core.dll' because it is being used by another process. The file is locked by: "ABPGroup.Web.Host (72472)" [C:\Users\Nhlakanipho\Documents\Projects\ABP-Group\aspnet-core\src\ABPGroup.Web.Host\ABPGroup.Web.Host.csproj]
C:\Program Files\dotnet\sdk\10.0.201\Microsoft.Common.CurrentVersion.targets(5094,5): warning MSB3026: Could not copy "c:\Users\Nhlakanipho\Documents\Projects\ABP-Group\aspnet-core\src\ABPGroup.Application\bin\Debug\net9.0\ABPGroup.Application.dll" to "bin\Debug\net9.0\ABPGroup.Application.dll". Beginning retry 3 in 1000ms. The process cannot access the file 'C:\Users\Nhlakanipho\Documents\Projects\ABP-Group\aspnet-core\src\ABPGroup.Web.Host\bin\Debug\net9.0\ABPGroup.Application.dll' because it is being used by another process. The file is locked by: "ABPGroup.Web.Host (72472)" [C:\Users\Nhlakanipho\Documents\Projects\ABP-Group\aspnet-core\src\ABPGroup.Web.Host\ABPGroup.Web.Host.csproj]
C:\Program Files\dotnet\sdk\10.0.201\Microsoft.Common.CurrentVersion.targets(5094,5): warning MSB3026: Could not copy "C:\Users\Nhlakanipho\Documents\Projects\ABP-Group\aspnet-core\src\ABPGroup.Web.Core\bin\Debug\net9.0\ABPGroup.Web.Core.dll" to "bin\Debug\net9.0\ABPGroup.Web.Core.dll". Beginning retry 3 in 1000ms. The process cannot access the file 'C:\Users\Nhlakanipho\Documents\Projects\ABP-Group\aspnet-core\src\ABPGroup.Web.Host\bin\Debug\net9.0\ABPGroup.Web.Core.dll' because it is being used by another process. The file is locked by: "ABPGroup.Web.Host (72472)" [C:\Users\Nhlakanipho\Documents\Projects\ABP-Group\aspnet-core\src\ABPGroup.Web.Host\ABPGroup.Web.Host.csproj]
C:\Program Files\dotnet\sdk\10.0.201\Microsoft.Common.CurrentVersion.targets(5094,5): warning MSB3026: Could not copy "c:\Users\Nhlakanipho\Documents\Projects\ABP-Group\aspnet-core\src\ABPGroup.Application\bin\Debug\net9.0\ABPGroup.Application.dll" to "bin\Debug\net9.0\ABPGroup.Application.dll". Beginning retry 4 in 1000ms. The process cannot access the file 'C:\Users\Nhlakanipho\Documents\Projects\ABP-Group\aspnet-core\src\ABPGroup.Web.Host\bin\Debug\net9.0\ABPGroup.Application.dll' because it is being used by another process. The file is locked by: "ABPGroup.Web.Host (72472)" [C:\Users\Nhlakanipho\Documents\Projects\ABP-Group\aspnet-core\src\ABPGroup.Web.Host\ABPGroup.Web.Host.csproj]
C:\Program Files\dotnet\sdk\10.0.201\Microsoft.Common.CurrentVersion.targets(5094,5): warning MSB3026: Could not copy "C:\Users\Nhlakanipho\Documents\Projects\ABP-Group\aspnet-core\src\ABPGroup.EntityFrameworkCore\bin\Debug\net9.0\ABPGroup.EntityFrameworkCore.dll" to "bin\Debug\net9.0\ABPGroup.EntityFrameworkCore.dll". Beginning retry 4 in 1000ms. The process cannot access the file 'C:\Users\Nhlakanipho\Documents\Projects\ABP-Group\aspnet-core\src\ABPGroup.Web.Host\bin\Debug\net9.0\ABPGroup.EntityFrameworkCore.dll' because it is being used by another process. The file is locked by: "ABPGroup.Web.Host (72472)" [C:\Users\Nhlakanipho\Documents\Projects\ABP-Group\aspnet-core\src\ABPGroup.Web.Host\ABPGroup.Web.Host.csproj]
C:\Program Files\dotnet\sdk\10.0.201\Microsoft.Common.CurrentVersion.targets(5094,5): warning MSB3026: Could not copy "C:\Users\Nhlakanipho\Documents\Projects\ABP-Group\aspnet-core\src\ABPGroup.Web.Core\bin\Debug\net9.0\ABPGroup.Web.Core.dll" to "bin\Debug\net9.0\ABPGroup.Web.Core.dll". Beginning retry 4 in 1000ms. The process cannot access the file 'C:\Users\Nhlakanipho\Documents\Projects\ABP-Group\aspnet-core\src\ABPGroup.Web.Host\bin\Debug\net9.0\ABPGroup.Web.Core.dll' because it is being used by another process. The file is locked by: "ABPGroup.Web.Host (72472)" [C:\Users\Nhlakanipho\Documents\Projects\ABP-Group\aspnet-core\src\ABPGroup.Web.Host\ABPGroup.Web.Host.csproj]
C:\Program Files\dotnet\sdk\10.0.201\Microsoft.Common.CurrentVersion.targets(5094,5): warning MSB3026: Could not copy "C:\Users\Nhlakanipho\Documents\Projects\ABP-Group\aspnet-core\src\ABPGroup.Core\bin\Debug\net9.0\ABPGroup.Core.dll" to "bin\Debug\net9.0\ABPGroup.Core.dll". Beginning retry 4 in 1000ms. The process cannot access the file 'C:\Users\Nhlakanipho\Documents\Projects\ABP-Group\aspnet-core\src\ABPGroup.Web.Host\bin\Debug\net9.0\ABPGroup.Core.dll' because it is being used by another process. The file is locked by: "ABPGroup.Web.Host (72472)" [C:\Users\Nhlakanipho\Documents\Projects\ABP-Group\aspnet-core\src\ABPGroup.Web.Host\ABPGroup.Web.Host.csproj]
C:\Program Files\dotnet\sdk\10.0.201\Microsoft.Common.CurrentVersion.targets(5094,5): warning MSB3026: Could not copy "c:\Users\Nhlakanipho\Documents\Projects\ABP-Group\aspnet-core\src\ABPGroup.Application\bin\Debug\net9.0\ABPGroup.Application.dll" to "bin\Debug\net9.0\ABPGroup.Application.dll". Beginning retry 5 in 1000ms. The process cannot access the file 'C:\Users\Nhlakanipho\Documents\Projects\ABP-Group\aspnet-core\src\ABPGroup.Web.Host\bin\Debug\net9.0\ABPGroup.Application.dll' because it is being used by another process. The file is locked by: "ABPGroup.Web.Host (72472)" [C:\Users\Nhlakanipho\Documents\Projects\ABP-Group\aspnet-core\src\ABPGroup.Web.Host\ABPGroup.Web.Host.csproj]
C:\Program Files\dotnet\sdk\10.0.201\Microsoft.Common.CurrentVersion.targets(5094,5): warning MSB3026: Could not copy "C:\Users\Nhlakanipho\Documents\Projects\ABP-Group\aspnet-core\src\ABPGroup.EntityFrameworkCore\bin\Debug\net9.0\ABPGroup.EntityFrameworkCore.dll" to "bin\Debug\net9.0\ABPGroup.EntityFrameworkCore.dll". Beginning retry 5 in 1000ms. The process cannot access the file 'C:\Users\Nhlakanipho\Documents\Projects\ABP-Group\aspnet-core\src\ABPGroup.Web.Host\bin\Debug\net9.0\ABPGroup.EntityFrameworkCore.dll' because it is being used by another process. The file is locked by: "ABPGroup.Web.Host (72472)" [C:\Users\Nhlakanipho\Documents\Projects\ABP-Group\aspnet-core\src\ABPGroup.Web.Host\ABPGroup.Web.Host.csproj]
C:\Program Files\dotnet\sdk\10.0.201\Microsoft.Common.CurrentVersion.targets(5094,5): warning MSB3026: Could not copy "C:\Users\Nhlakanipho\Documents\Projects\ABP-Group\aspnet-core\src\ABPGroup.Core\bin\Debug\net9.0\ABPGroup.Core.dll" to "bin\Debug\net9.0\ABPGroup.Core.dll". Beginning retry 5 in 1000ms. The process cannot access the file 'C:\Users\Nhlakanipho\Documents\Projects\ABP-Group\aspnet-core\src\ABPGroup.Web.Host\bin\Debug\net9.0\ABPGroup.Core.dll' because it is being used by another process. The file is locked by: "ABPGroup.Web.Host (72472)" [C:\Users\Nhlakanipho\Documents\Projects\ABP-Group\aspnet-core\src\ABPGroup.Web.Host\ABPGroup.Web.Host.csproj]
C:\Program Files\dotnet\sdk\10.0.201\Microsoft.Common.CurrentVersion.targets(5094,5): warning MSB3026: Could not copy "C:\Users\Nhlakanipho\Documents\Projects\ABP-Group\aspnet-core\src\ABPGroup.Web.Core\bin\Debug\net9.0\ABPGroup.Web.Core.dll" to "bin\Debug\net9.0\ABPGroup.Web.Core.dll". Beginning retry 5 in 1000ms. The process cannot access the file 'C:\Users\Nhlakanipho\Documents\Projects\ABP-Group\aspnet-core\src\ABPGroup.Web.Host\bin\Debug\net9.0\ABPGroup.Web.Core.dll' because it is being used by another process. The file is locked by: "ABPGroup.Web.Host (72472)" [C:\Users\Nhlakanipho\Documents\Projects\ABP-Group\aspnet-core\src\ABPGroup.Web.Host\ABPGroup.Web.Host.csproj]
C:\Program Files\dotnet\sdk\10.0.201\Microsoft.Common.CurrentVersion.targets(5094,5): warning MSB3026: Could not copy "C:\Users\Nhlakanipho\Documents\Projects\ABP-Group\aspnet-core\src\ABPGroup.EntityFrameworkCore\bin\Debug\net9.0\ABPGroup.EntityFrameworkCore.dll" to "bin\Debug\net9.0\ABPGroup.EntityFrameworkCore.dll". Beginning retry 6 in 1000ms. The process cannot access the file 'C:\Users\Nhlakanipho\Documents\Projects\ABP-Group\aspnet-core\src\ABPGroup.Web.Host\bin\Debug\net9.0\ABPGroup.EntityFrameworkCore.dll' because it is being used by another process. The file is locked by: "ABPGroup.Web.Host (72472)" [C:\Users\Nhlakanipho\Documents\Projects\ABP-Group\aspnet-core\src\ABPGroup.Web.Host\ABPGroup.Web.Host.csproj]
C:\Program Files\dotnet\sdk\10.0.201\Microsoft.Common.CurrentVersion.targets(5094,5): warning MSB3026: Could not copy "c:\Users\Nhlakanipho\Documents\Projects\ABP-Group\aspnet-core\src\ABPGroup.Application\bin\Debug\net9.0\ABPGroup.Application.dll" to "bin\Debug\net9.0\ABPGroup.Application.dll". Beginning retry 6 in 1000ms. The process cannot access the file 'C:\Users\Nhlakanipho\Documents\Projects\ABP-Group\aspnet-core\src\ABPGroup.Web.Host\bin\Debug\net9.0\ABPGroup.Application.dll' because it is being used by another process. The file is locked by: "ABPGroup.Web.Host (72472)" [C:\Users\Nhlakanipho\Documents\Projects\ABP-Group\aspnet-core\src\ABPGroup.Web.Host\ABPGroup.Web.Host.csproj]
C:\Program Files\dotnet\sdk\10.0.201\Microsoft.Common.CurrentVersion.targets(5094,5): warning MSB3026: Could not copy "C:\Users\Nhlakanipho\Documents\Projects\ABP-Group\aspnet-core\src\ABPGroup.Web.Core\bin\Debug\net9.0\ABPGroup.Web.Core.dll" to "bin\Debug\net9.0\ABPGroup.Web.Core.dll". Beginning retry 6 in 1000ms. The process cannot access the file 'C:\Users\Nhlakanipho\Documents\Projects\ABP-Group\aspnet-core\src\ABPGroup.Web.Host\bin\Debug\net9.0\ABPGroup.Web.Core.dll' because it is being used by another process. The file is locked by: "ABPGroup.Web.Host (72472)" [C:\Users\Nhlakanipho\Documents\Projects\ABP-Group\aspnet-core\src\ABPGroup.Web.Host\ABPGroup.Web.Host.csproj]
C:\Program Files\dotnet\sdk\10.0.201\Microsoft.Common.CurrentVersion.targets(5094,5): warning MSB3026: Could not copy "C:\Users\Nhlakanipho\Documents\Projects\ABP-Group\aspnet-core\src\ABPGroup.Core\bin\Debug\net9.0\ABPGroup.Core.dll" to "bin\Debug\net9.0\ABPGroup.Core.dll". Beginning retry 6 in 1000ms. The process cannot access the file 'C:\Users\Nhlakanipho\Documents\Projects\ABP-Group\aspnet-core\src\ABPGroup.Web.Host\bin\Debug\net9.0\ABPGroup.Core.dll' because it is being used by another process. The file is locked by: "ABPGroup.Web.Host (72472)" [C:\Users\Nhlakanipho\Documents\Projects\ABP-Group\aspnet-core\src\ABPGroup.Web.Host\ABPGroup.Web.Host.csproj]
C:\Program Files\dotnet\sdk\10.0.201\Microsoft.Common.CurrentVersion.targets(5094,5): warning MSB3026: Could not copy "C:\Users\Nhlakanipho\Documents\Projects\ABP-Group\aspnet-core\src\ABPGroup.EntityFrameworkCore\bin\Debug\net9.0\ABPGroup.EntityFrameworkCore.dll" to "bin\Debug\net9.0\ABPGroup.EntityFrameworkCore.dll". Beginning retry 7 in 1000ms. The process cannot access the file 'C:\Users\Nhlakanipho\Documents\Projects\ABP-Group\aspnet-core\src\ABPGroup.Web.Host\bin\Debug\net9.0\ABPGroup.EntityFrameworkCore.dll' because it is being used by another process. The file is locked by: "ABPGroup.Web.Host (72472)" [C:\Users\Nhlakanipho\Documents\Projects\ABP-Group\aspnet-core\src\ABPGroup.Web.Host\ABPGroup.Web.Host.csproj]
C:\Program Files\dotnet\sdk\10.0.201\Microsoft.Common.CurrentVersion.targets(5094,5): warning MSB3026: Could not copy "C:\Users\Nhlakanipho\Documents\Projects\ABP-Group\aspnet-core\src\ABPGroup.Web.Core\bin\Debug\net9.0\ABPGroup.Web.Core.dll" to "bin\Debug\net9.0\ABPGroup.Web.Core.dll". Beginning retry 7 in 1000ms. The process cannot access the file 'C:\Users\Nhlakanipho\Documents\Projects\ABP-Group\aspnet-core\src\ABPGroup.Web.Host\bin\Debug\net9.0\ABPGroup.Web.Core.dll' because it is being used by another process. The file is locked by: "ABPGroup.Web.Host (72472)" [C:\Users\Nhlakanipho\Documents\Projects\ABP-Group\aspnet-core\src\ABPGroup.Web.Host\ABPGroup.Web.Host.csproj]
C:\Program Files\dotnet\sdk\10.0.201\Microsoft.Common.CurrentVersion.targets(5094,5): warning MSB3026: Could not copy "c:\Users\Nhlakanipho\Documents\Projects\ABP-Group\aspnet-core\src\ABPGroup.Application\bin\Debug\net9.0\ABPGroup.Application.dll" to "bin\Debug\net9.0\ABPGroup.Application.dll". Beginning retry 7 in 1000ms. The process cannot access the file 'C:\Users\Nhlakanipho\Documents\Projects\ABP-Group\aspnet-core\src\ABPGroup.Web.Host\bin\Debug\net9.0\ABPGroup.Application.dll' because it is being used by another process. The file is locked by: "ABPGroup.Web.Host (72472)" [C:\Users\Nhlakanipho\Documents\Projects\ABP-Group\aspnet-core\src\ABPGroup.Web.Host\ABPGroup.Web.Host.csproj]
C:\Program Files\dotnet\sdk\10.0.201\Microsoft.Common.CurrentVersion.targets(5094,5): warning MSB3026: Could not copy "C:\Users\Nhlakanipho\Documents\Projects\ABP-Group\aspnet-core\src\ABPGroup.Core\bin\Debug\net9.0\ABPGroup.Core.dll" to "bin\Debug\net9.0\ABPGroup.Core.dll". Beginning retry 7 in 1000ms. The process cannot access the file 'C:\Users\Nhlakanipho\Documents\Projects\ABP-Group\aspnet-core\src\ABPGroup.Web.Host\bin\Debug\net9.0\ABPGroup.Core.dll' because it is being used by another process. The file is locked by: "ABPGroup.Web.Host (72472)" [C:\Users\Nhlakanipho\Documents\Projects\ABP-Group\aspnet-core\src\ABPGroup.Web.Host\ABPGroup.Web.Host.csproj]
C:\Program Files\dotnet\sdk\10.0.201\Microsoft.Common.CurrentVersion.targets(5094,5): warning MSB3026: Could not copy "C:\Users\Nhlakanipho\Documents\Projects\ABP-Group\aspnet-core\src\ABPGroup.EntityFrameworkCore\bin\Debug\net9.0\ABPGroup.EntityFrameworkCore.dll" to "bin\Debug\net9.0\ABPGroup.EntityFrameworkCore.dll". Beginning retry 8 in 1000ms. The process cannot access the file 'C:\Users\Nhlakanipho\Documents\Projects\ABP-Group\aspnet-core\src\ABPGroup.Web.Host\bin\Debug\net9.0\ABPGroup.EntityFrameworkCore.dll' because it is being used by another process. The file is locked by: "ABPGroup.Web.Host (72472)" [C:\Users\Nhlakanipho\Documents\Projects\ABP-Group\aspnet-core\src\ABPGroup.Web.Host\ABPGroup.Web.Host.csproj]
C:\Program Files\dotnet\sdk\10.0.201\Microsoft.Common.CurrentVersion.targets(5094,5): warning MSB3026: Could not copy "c:\Users\Nhlakanipho\Documents\Projects\ABP-Group\aspnet-core\src\ABPGroup.Application\bin\Debug\net9.0\ABPGroup.Application.dll" to "bin\Debug\net9.0\ABPGroup.Application.dll". Beginning retry 8 in 1000ms. The process cannot access the file 'C:\Users\Nhlakanipho\Documents\Projects\ABP-Group\aspnet-core\src\ABPGroup.Web.Host\bin\Debug\net9.0\ABPGroup.Application.dll' because it is being used by another process. The file is locked by: "ABPGroup.Web.Host (72472)" [C:\Users\Nhlakanipho\Documents\Projects\ABP-Group\aspnet-core\src\ABPGroup.Web.Host\ABPGroup.Web.Host.csproj]
C:\Program Files\dotnet\sdk\10.0.201\Microsoft.Common.CurrentVersion.targets(5094,5): warning MSB3026: Could not copy "C:\Users\Nhlakanipho\Documents\Projects\ABP-Group\aspnet-core\src\ABPGroup.Web.Core\bin\Debug\net9.0\ABPGroup.Web.Core.dll" to "bin\Debug\net9.0\ABPGroup.Web.Core.dll". Beginning retry 8 in 1000ms. The process cannot access the file 'C:\Users\Nhlakanipho\Documents\Projects\ABP-Group\aspnet-core\src\ABPGroup.Web.Host\bin\Debug\net9.0\ABPGroup.Web.Core.dll' because it is being used by another process. The file is locked by: "ABPGroup.Web.Host (72472)" [C:\Users\Nhlakanipho\Documents\Projects\ABP-Group\aspnet-core\src\ABPGroup.Web.Host\ABPGroup.Web.Host.csproj]
C:\Program Files\dotnet\sdk\10.0.201\Microsoft.Common.CurrentVersion.targets(5094,5): warning MSB3026: Could not copy "C:\Users\Nhlakanipho\Documents\Projects\ABP-Group\aspnet-core\src\ABPGroup.Core\bin\Debug\net9.0\ABPGroup.Core.dll" to "bin\Debug\net9.0\ABPGroup.Core.dll". Beginning retry 8 in 1000ms. The process cannot access the file 'C:\Users\Nhlakanipho\Documents\Projects\ABP-Group\aspnet-core\src\ABPGroup.Web.Host\bin\Debug\net9.0\ABPGroup.Core.dll' because it is being used by another process. The file is locked by: "ABPGroup.Web.Host (72472)" [C:\Users\Nhlakanipho\Documents\Projects\ABP-Group\aspnet-core\src\ABPGroup.Web.Host\ABPGroup.Web.Host.csproj]
C:\Program Files\dotnet\sdk\10.0.201\Microsoft.Common.CurrentVersion.targets(5094,5): warning MSB3026: Could not copy "C:\Users\Nhlakanipho\Documents\Projects\ABP-Group\aspnet-core\src\ABPGroup.EntityFrameworkCore\bin\Debug\net9.0\ABPGroup.EntityFrameworkCore.dll" to "bin\Debug\net9.0\ABPGroup.EntityFrameworkCore.dll". Beginning retry 9 in 1000ms. The process cannot access the file 'C:\Users\Nhlakanipho\Documents\Projects\ABP-Group\aspnet-core\src\ABPGroup.Web.Host\bin\Debug\net9.0\ABPGroup.EntityFrameworkCore.dll' because it is being used by another process. The file is locked by: "ABPGroup.Web.Host (72472)" [C:\Users\Nhlakanipho\Documents\Projects\ABP-Group\aspnet-core\src\ABPGroup.Web.Host\ABPGroup.Web.Host.csproj]
C:\Program Files\dotnet\sdk\10.0.201\Microsoft.Common.CurrentVersion.targets(5094,5): warning MSB3026: Could not copy "C:\Users\Nhlakanipho\Documents\Projects\ABP-Group\aspnet-core\src\ABPGroup.Core\bin\Debug\net9.0\ABPGroup.Core.dll" to "bin\Debug\net9.0\ABPGroup.Core.dll". Beginning retry 9 in 1000ms. The process cannot access the file 'C:\Users\Nhlakanipho\Documents\Projects\ABP-Group\aspnet-core\src\ABPGroup.Web.Host\bin\Debug\net9.0\ABPGroup.Core.dll' because it is being used by another process. The file is locked by: "ABPGroup.Web.Host (72472)" [C:\Users\Nhlakanipho\Documents\Projects\ABP-Group\aspnet-core\src\ABPGroup.Web.Host\ABPGroup.Web.Host.csproj]
C:\Program Files\dotnet\sdk\10.0.201\Microsoft.Common.CurrentVersion.targets(5094,5): warning MSB3026: Could not copy "C:\Users\Nhlakanipho\Documents\Projects\ABP-Group\aspnet-core\src\ABPGroup.Web.Core\bin\Debug\net9.0\ABPGroup.Web.Core.dll" to "bin\Debug\net9.0\ABPGroup.Web.Core.dll". Beginning retry 9 in 1000ms. The process cannot access the file 'C:\Users\Nhlakanipho\Documents\Projects\ABP-Group\aspnet-core\src\ABPGroup.Web.Host\bin\Debug\net9.0\ABPGroup.Web.Core.dll' because it is being used by another process. The file is locked by: "ABPGroup.Web.Host (72472)" [C:\Users\Nhlakanipho\Documents\Projects\ABP-Group\aspnet-core\src\ABPGroup.Web.Host\ABPGroup.Web.Host.csproj]
C:\Program Files\dotnet\sdk\10.0.201\Microsoft.Common.CurrentVersion.targets(5094,5): warning MSB3026: Could not copy "c:\Users\Nhlakanipho\Documents\Projects\ABP-Group\aspnet-core\src\ABPGroup.Application\bin\Debug\net9.0\ABPGroup.Application.dll" to "bin\Debug\net9.0\ABPGroup.Application.dll". Beginning retry 9 in 1000ms. The process cannot access the file 'C:\Users\Nhlakanipho\Documents\Projects\ABP-Group\aspnet-core\src\ABPGroup.Web.Host\bin\Debug\net9.0\ABPGroup.Application.dll' because it is being used by another process. The file is locked by: "ABPGroup.Web.Host (72472)" [C:\Users\Nhlakanipho\Documents\Projects\ABP-Group\aspnet-core\src\ABPGroup.Web.Host\ABPGroup.Web.Host.csproj]
C:\Program Files\dotnet\sdk\10.0.201\Microsoft.Common.CurrentVersion.targets(5094,5): warning MSB3026: Could not copy "C:\Users\Nhlakanipho\Documents\Projects\ABP-Group\aspnet-core\src\ABPGroup.EntityFrameworkCore\bin\Debug\net9.0\ABPGroup.EntityFrameworkCore.dll" to "bin\Debug\net9.0\ABPGroup.EntityFrameworkCore.dll". Beginning retry 10 in 1000ms. The process cannot access the file 'C:\Users\Nhlakanipho\Documents\Projects\ABP-Group\aspnet-core\src\ABPGroup.Web.Host\bin\Debug\net9.0\ABPGroup.EntityFrameworkCore.dll' because it is being used by another process. The file is locked by: "ABPGroup.Web.Host (72472)" [C:\Users\Nhlakanipho\Documents\Projects\ABP-Group\aspnet-core\src\ABPGroup.Web.Host\ABPGroup.Web.Host.csproj]
C:\Program Files\dotnet\sdk\10.0.201\Microsoft.Common.CurrentVersion.targets(5094,5): warning MSB3026: Could not copy "C:\Users\Nhlakanipho\Documents\Projects\ABP-Group\aspnet-core\src\ABPGroup.Core\bin\Debug\net9.0\ABPGroup.Core.dll" to "bin\Debug\net9.0\ABPGroup.Core.dll". Beginning retry 10 in 1000ms. The process cannot access the file 'C:\Users\Nhlakanipho\Documents\Projects\ABP-Group\aspnet-core\src\ABPGroup.Web.Host\bin\Debug\net9.0\ABPGroup.Core.dll' because it is being used by another process. The file is locked by: "ABPGroup.Web.Host (72472)" [C:\Users\Nhlakanipho\Documents\Projects\ABP-Group\aspnet-core\src\ABPGroup.Web.Host\ABPGroup.Web.Host.csproj]
C:\Program Files\dotnet\sdk\10.0.201\Microsoft.Common.CurrentVersion.targets(5094,5): warning MSB3026: Could not copy "c:\Users\Nhlakanipho\Documents\Projects\ABP-Group\aspnet-core\src\ABPGroup.Application\bin\Debug\net9.0\ABPGroup.Application.dll" to "bin\Debug\net9.0\ABPGroup.Application.dll". Beginning retry 10 in 1000ms. The process cannot access the file 'C:\Users\Nhlakanipho\Documents\Projects\ABP-Group\aspnet-core\src\ABPGroup.Web.Host\bin\Debug\net9.0\ABPGroup.Application.dll' because it is being used by another process. The file is locked by: "ABPGroup.Web.Host (72472)" [C:\Users\Nhlakanipho\Documents\Projects\ABP-Group\aspnet-core\src\ABPGroup.Web.Host\ABPGroup.Web.Host.csproj]
C:\Program Files\dotnet\sdk\10.0.201\Microsoft.Common.CurrentVersion.targets(5094,5): warning MSB3026: Could not copy "C:\Users\Nhlakanipho\Documents\Projects\ABP-Group\aspnet-core\src\ABPGroup.Web.Core\bin\Debug\net9.0\ABPGroup.Web.Core.dll" to "bin\Debug\net9.0\ABPGroup.Web.Core.dll". Beginning retry 10 in 1000ms. The process cannot access the file 'C:\Users\Nhlakanipho\Documents\Projects\ABP-Group\aspnet-core\src\ABPGroup.Web.Host\bin\Debug\net9.0\ABPGroup.Web.Core.dll' because it is being used by another process. The file is locked by: "ABPGroup.Web.Host (72472)" [C:\Users\Nhlakanipho\Documents\Projects\ABP-Group\aspnet-core\src\ABPGroup.Web.Host\ABPGroup.Web.Host.csproj]
C:\Program Files\dotnet\sdk\10.0.201\Microsoft.Common.CurrentVersion.targets(5094,5): error MSB3027: Could not copy "c:\Users\Nhlakanipho\Documents\Projects\ABP-Group\aspnet-core\src\ABPGroup.Application\bin\Debug\net9.0\ABPGroup.Application.dll" to "bin\Debug\net9.0\ABPGroup.Application.dll". Exceeded retry count of 10. Failed. The file is locked by: "ABPGroup.Web.Host (72472)" [C:\Users\Nhlakanipho\Documents\Projects\ABP-Group\aspnet-core\src\ABPGroup.Web.Host\ABPGroup.Web.Host.csproj]
C:\Program Files\dotnet\sdk\10.0.201\Microsoft.Common.CurrentVersion.targets(5094,5): error MSB3021: Unable to copy file "c:\Users\Nhlakanipho\Documents\Projects\ABP-Group\aspnet-core\src\ABPGroup.Application\bin\Debug\net9.0\ABPGroup.Application.dll" to "bin\Debug\net9.0\ABPGroup.Application.dll". The process cannot access the file 'C:\Users\Nhlakanipho\Documents\Projects\ABP-Group\aspnet-core\src\ABPGroup.Web.Host\bin\Debug\net9.0\ABPGroup.Application.dll' because it is being used by another process. [C:\Users\Nhlakanipho\Documents\Projects\ABP-Group\aspnet-core\src\ABPGroup.Web.Host\ABPGroup.Web.Host.csproj]
C:\Program Files\dotnet\sdk\10.0.201\Microsoft.Common.CurrentVersion.targets(5094,5): error MSB3027: Could not copy "C:\Users\Nhlakanipho\Documents\Projects\ABP-Group\aspnet-core\src\ABPGroup.Core\bin\Debug\net9.0\ABPGroup.Core.dll" to "bin\Debug\net9.0\ABPGroup.Core.dll". Exceeded retry count of 10. Failed. The file is locked by: "ABPGroup.Web.Host (72472)" [C:\Users\Nhlakanipho\Documents\Projects\ABP-Group\aspnet-core\src\ABPGroup.Web.Host\ABPGroup.Web.Host.csproj]
C:\Program Files\dotnet\sdk\10.0.201\Microsoft.Common.CurrentVersion.targets(5094,5): error MSB3021: Unable to copy file "C:\Users\Nhlakanipho\Documents\Projects\ABP-Group\aspnet-core\src\ABPGroup.Core\bin\Debug\net9.0\ABPGroup.Core.dll" to "bin\Debug\net9.0\ABPGroup.Core.dll". The process cannot access the file 'C:\Users\Nhlakanipho\Documents\Projects\ABP-Group\aspnet-core\src\ABPGroup.Web.Host\bin\Debug\net9.0\ABPGroup.Core.dll' because it is being used by another process. [C:\Users\Nhlakanipho\Documents\Projects\ABP-Group\aspnet-core\src\ABPGroup.Web.Host\ABPGroup.Web.Host.csproj]
C:\Program Files\dotnet\sdk\10.0.201\Microsoft.Common.CurrentVersion.targets(5094,5): error MSB3027: Could not copy "C:\Users\Nhlakanipho\Documents\Projects\ABP-Group\aspnet-core\src\ABPGroup.EntityFrameworkCore\bin\Debug\net9.0\ABPGroup.EntityFrameworkCore.dll" to "bin\Debug\net9.0\ABPGroup.EntityFrameworkCore.dll". Exceeded retry count of 10. Failed. The file is locked by: "ABPGroup.Web.Host (72472)" [C:\Users\Nhlakanipho\Documents\Projects\ABP-Group\aspnet-core\src\ABPGroup.Web.Host\ABPGroup.Web.Host.csproj]
C:\Program Files\dotnet\sdk\10.0.201\Microsoft.Common.CurrentVersion.targets(5094,5): error MSB3021: Unable to copy file "C:\Users\Nhlakanipho\Documents\Projects\ABP-Group\aspnet-core\src\ABPGroup.EntityFrameworkCore\bin\Debug\net9.0\ABPGroup.EntityFrameworkCore.dll" to "bin\Debug\net9.0\ABPGroup.EntityFrameworkCore.dll". The process cannot access the file 'C:\Users\Nhlakanipho\Documents\Projects\ABP-Group\aspnet-core\src\ABPGroup.Web.Host\bin\Debug\net9.0\ABPGroup.EntityFrameworkCore.dll' because it is being used by another process. [C:\Users\Nhlakanipho\Documents\Projects\ABP-Group\aspnet-core\src\ABPGroup.Web.Host\ABPGroup.Web.Host.csproj]
C:\Program Files\dotnet\sdk\10.0.201\Microsoft.Common.CurrentVersion.targets(5094,5): error MSB3027: Could not copy "C:\Users\Nhlakanipho\Documents\Projects\ABP-Group\aspnet-core\src\ABPGroup.Web.Core\bin\Debug\net9.0\ABPGroup.Web.Core.dll" to "bin\Debug\net9.0\ABPGroup.Web.Core.dll". Exceeded retry count of 10. Failed. The file is locked by: "ABPGroup.Web.Host (72472)" [C:\Users\Nhlakanipho\Documents\Projects\ABP-Group\aspnet-core\src\ABPGroup.Web.Host\ABPGroup.Web.Host.csproj]
C:\Program Files\dotnet\sdk\10.0.201\Microsoft.Common.CurrentVersion.targets(5094,5): error MSB3021: Unable to copy file "C:\Users\Nhlakanipho\Documents\Projects\ABP-Group\aspnet-core\src\ABPGroup.Web.Core\bin\Debug\net9.0\ABPGroup.Web.Core.dll" to "bin\Debug\net9.0\ABPGroup.Web.Core.dll". The process cannot access the file 'C:\Users\Nhlakanipho\Documents\Projects\ABP-Group\aspnet-core\src\ABPGroup.Web.Host\bin\Debug\net9.0\ABPGroup.Web.Core.dll' because it is being used by another process. [C:\Users\Nhlakanipho\Documents\Projects\ABP-Group\aspnet-core\src\ABPGroup.Web.Host\ABPGroup.Web.Host.csproj]

Build FAILED.

C:\Users\Nhlakanipho\Documents\Projects\ABP-Group\aspnet-core\src\ABPGroup.Application\Net\MimeTypes\MimeTypeNames.cs(58,482): warning CS1570: XML comment has badly formed XML -- 'End tag 'summary' does not match the start tag 'script'.' [C:\Users\Nhlakanipho\Documents\Projects\ABP-Group\aspnet-core\src\ABPGroup.Application\ABPGroup.Application.csproj]
C:\Users\Nhlakanipho\Documents\Projects\ABP-Group\aspnet-core\src\ABPGroup.Application\Net\MimeTypes\MimeTypeNames.cs(59,1): warning CS1570: XML comment has badly formed XML -- 'Expected an end tag for element 'summary'.' [C:\Users\Nhlakanipho\Documents\Projects\ABP-Group\aspnet-core\src\ABPGroup.Application\ABPGroup.Application.csproj]
C:\Users\Nhlakanipho\Documents\Projects\ABP-Group\aspnet-core\src\ABPGroup.Application\Net\MimeTypes\MimeTypeNames.cs(109,471): warning CS1570: XML comment has badly formed XML -- 'End tag 'summary' does not match the start tag 'script'.' [C:\Users\Nhlakanipho\Documents\Projects\ABP-Group\aspnet-core\src\ABPGroup.Application\ABPGroup.Application.csproj]
C:\Users\Nhlakanipho\Documents\Projects\ABP-Group\aspnet-core\src\ABPGroup.Application\Net\MimeTypes\MimeTypeNames.cs(110,1): warning CS1570: XML comment has badly formed XML -- 'Expected an end tag for element 'summary'.' [C:\Users\Nhlakanipho\Documents\Projects\ABP-Group\aspnet-core\src\ABPGroup.Application\ABPGroup.Application.csproj]
C:\Users\Nhlakanipho\Documents\Projects\ABP-Group\aspnet-core\src\ABPGroup.Application\ABPGroupApplicationModule.cs(11,14): warning CS1591: Missing XML comment for publicly visible type or member 'ABPGroupApplicationModule' [C:\Users\Nhlakanipho\Documents\Projects\ABP-Group\aspnet-core\src\ABPGroup.Application\ABPGroup.Application.csproj]
C:\Users\Nhlakanipho\Documents\Projects\ABP-Group\aspnet-core\src\ABPGroup.Application\ABPGroupApplicationModule.cs(13,26): warning CS1591: Missing XML comment for publicly visible type or member 'ABPGroupApplicationModule.PreInitialize()' [C:\Users\Nhlakanipho\Documents\Projects\ABP-Group\aspnet-core\src\ABPGroup.Application\ABPGroup.Application.csproj]
C:\Users\Nhlakanipho\Documents\Projects\ABP-Group\aspnet-core\src\ABPGroup.Application\ABPGroupApplicationModule.cs(18,26): warning CS1591: Missing XML comment for publicly visible type or member 'ABPGroupApplicationModule.Initialize()' [C:\Users\Nhlakanipho\Documents\Projects\ABP-Group\aspnet-core\src\ABPGroup.Application\ABPGroup.Application.csproj]
C:\Users\Nhlakanipho\Documents\Projects\ABP-Group\aspnet-core\src\ABPGroup.Application\ABPGroupAppServiceBase.cs(17,26): warning CS1591: Missing XML comment for publicly visible type or member 'ABPGroupAppServiceBase.TenantManager' [C:\Users\Nhlakanipho\Documents\Projects\ABP-Group\aspnet-core\src\ABPGroup.Application\ABPGroup.Application.csproj]
C:\Users\Nhlakanipho\Documents\Projects\ABP-Group\aspnet-core\src\ABPGroup.Application\ABPGroupAppServiceBase.cs(19,24): warning CS1591: Missing XML comment for publicly visible type or member 'ABPGroupAppServiceBase.UserManager' [C:\Users\Nhlakanipho\Documents\Projects\ABP-Group\aspnet-core\src\ABPGroup.Application\ABPGroup.Application.csproj]
C:\Users\Nhlakanipho\Documents\Projects\ABP-Group\aspnet-core\src\ABPGroup.Application\ABPGroupAppServiceBase.cs(21,15): warning CS1591: Missing XML comment for publicly visible type or member 'ABPGroupAppServiceBase.ABPGroupAppServiceBase()' [C:\Users\Nhlakanipho\Documents\Projects\ABP-Group\aspnet-core\src\ABPGroup.Application\ABPGroup.Application.csproj]
C:\Users\Nhlakanipho\Documents\Projects\ABP-Group\aspnet-core\src\ABPGroup.Application\ABPGroupAppServiceBase.cs(26,40): warning CS1591: Missing XML comment for publicly visible type or member 'ABPGroupAppServiceBase.GetCurrentUserAsync()' [C:\Users\Nhlakanipho\Documents\Projects\ABP-Group\aspnet-core\src\ABPGroup.Application\ABPGroup.Application.csproj]
C:\Users\Nhlakanipho\Documents\Projects\ABP-Group\aspnet-core\src\ABPGroup.Application\ABPGroupAppServiceBase.cs(37,36): warning CS1591: Missing XML comment for publicly visible type or member 'ABPGroupAppServiceBase.GetCurrentTenantAsync()' [C:\Users\Nhlakanipho\Documents\Projects\ABP-Group\aspnet-core\src\ABPGroup.Application\ABPGroup.Application.csproj]
C:\Users\Nhlakanipho\Documents\Projects\ABP-Group\aspnet-core\src\ABPGroup.Application\ABPGroupAppServiceBase.cs(42,28): warning CS1591: Missing XML comment for publicly visible type or member 'ABPGroupAppServiceBase.CheckErrors(IdentityResult)' [C:\Users\Nhlakanipho\Documents\Projects\ABP-Group\aspnet-core\src\ABPGroup.Application\ABPGroup.Application.csproj]
C:\Users\Nhlakanipho\Documents\Projects\ABP-Group\aspnet-core\src\ABPGroup.Application\Authorization\AbpLoginResultTypeHelper.cs(9,14): warning CS1591: Missing XML comment for publicly visible type or member 'AbpLoginResultTypeHelper' [C:\Users\Nhlakanipho\Documents\Projects\ABP-Group\aspnet-core\src\ABPGroup.Application\ABPGroup.Application.csproj]
C:\Users\Nhlakanipho\Documents\Projects\ABP-Group\aspnet-core\src\ABPGroup.Application\Authorization\AbpLoginResultTypeHelper.cs(11,12): warning CS1591: Missing XML comment for publicly visible type or member 'AbpLoginResultTypeHelper.AbpLoginResultTypeHelper()' [C:\Users\Nhlakanipho\Documents\Projects\ABP-Group\aspnet-core\src\ABPGroup.Application\ABPGroup.Application.csproj]
C:\Users\Nhlakanipho\Documents\Projects\ABP-Group\aspnet-core\src\ABPGroup.Application\Authorization\AbpLoginResultTypeHelper.cs(16,22): warning CS1591: Missing XML comment for publicly visible type or member 'AbpLoginResultTypeHelper.CreateExceptionForFailedLoginAttempt(AbpLoginResultType, string, string)' [C:\Users\Nhlakanipho\Documents\Projects\ABP-Group\aspnet-core\src\ABPGroup.Application\ABPGroup.Application.csproj]
C:\Users\Nhlakanipho\Documents\Projects\ABP-Group\aspnet-core\src\ABPGroup.Application\Authorization\AbpLoginResultTypeHelper.cs(41,19): warning CS1591: Missing XML comment for publicly visible type or member 'AbpLoginResultTypeHelper.CreateLocalizedMessageForFailedLoginAttempt(AbpLoginResultType, string, string)' [C:\Users\Nhlakanipho\Documents\Projects\ABP-Group\aspnet-core\src\ABPGroup.Application\ABPGroup.Application.csproj]
C:\Users\Nhlakanipho\Documents\Projects\ABP-Group\aspnet-core\src\ABPGroup.Application\Authorization\Accounts\AccountAppService.cs(20,14): warning CS1591: Missing XML comment for publicly visible type or member 'AccountAppService' [C:\Users\Nhlakanipho\Documents\Projects\ABP-Group\aspnet-core\src\ABPGroup.Application\ABPGroup.Application.csproj]
C:\Users\Nhlakanipho\Documents\Projects\ABP-Group\aspnet-core\src\ABPGroup.Application\Authorization\Accounts\AccountAppService.cs(23,25): warning CS1591: Missing XML comment for publicly visible type or member 'AccountAppService.PasswordRegex' [C:\Users\Nhlakanipho\Documents\Projects\ABP-Group\aspnet-core\src\ABPGroup.Application\ABPGroup.Application.csproj]
C:\Users\Nhlakanipho\Documents\Projects\ABP-Group\aspnet-core\src\ABPGroup.Application\Authorization\Accounts\AccountAppService.cs(33,12): warning CS1591: Missing XML comment for publicly visible type or member 'AccountAppService.AccountAppService(UserRegistrationManager, TenantManager, EditionManager, RoleManager, UserManager, IAbpZeroDbMigrator, IHttpContextAccessor)' [C:\Users\Nhlakanipho\Documents\Projects\ABP-Group\aspnet-core\src\ABPGroup.Application\ABPGroup.Application.csproj]
C:\Users\Nhlakanipho\Documents\Projects\ABP-Group\aspnet-core\src\ABPGroup.Application\Authorization\Accounts\AccountAppService.cs(51,48): warning CS1591: Missing XML comment for publicly visible type or member 'AccountAppService.IsTenantAvailable(IsTenantAvailableInput)' [C:\Users\Nhlakanipho\Documents\Projects\ABP-Group\aspnet-core\src\ABPGroup.Application\ABPGroup.Application.csproj]
C:\Users\Nhlakanipho\Documents\Projects\ABP-Group\aspnet-core\src\ABPGroup.Application\Authorization\Accounts\AccountAppService.cs(67,35): warning CS1591: Missing XML comment for publicly visible type or member 'AccountAppService.Register(RegisterInput)' [C:\Users\Nhlakanipho\Documents\Projects\ABP-Group\aspnet-core\src\ABPGroup.Application\ABPGroup.Application.csproj]
C:\Users\Nhlakanipho\Documents\Projects\ABP-Group\aspnet-core\src\ABPGroup.Application\Authorization\Accounts\Dto\IsTenantAvailableInput.cs(6,14): warning CS1591: Missing XML comment for publicly visible type or member 'IsTenantAvailableInput' [C:\Users\Nhlakanipho\Documents\Projects\ABP-Group\aspnet-core\src\ABPGroup.Application\ABPGroup.Application.csproj]
C:\Users\Nhlakanipho\Documents\Projects\ABP-Group\aspnet-core\src\ABPGroup.Application\Authorization\Accounts\Dto\IsTenantAvailableInput.cs(10,19): warning CS1591: Missing XML comment for publicly visible type or member 'IsTenantAvailableInput.TenancyName' [C:\Users\Nhlakanipho\Documents\Projects\ABP-Group\aspnet-core\src\ABPGroup.Application\ABPGroup.Application.csproj]
C:\Users\Nhlakanipho\Documents\Projects\ABP-Group\aspnet-core\src\ABPGroup.Application\Authorization\Accounts\Dto\IsTenantAvailableOutput.cs(3,14): warning CS1591: Missing XML comment for publicly visible type or member 'IsTenantAvailableOutput' [C:\Users\Nhlakanipho\Documents\Projects\ABP-Group\aspnet-core\src\ABPGroup.Application\ABPGroup.Application.csproj]
C:\Users\Nhlakanipho\Documents\Projects\ABP-Group\aspnet-core\src\ABPGroup.Application\Authorization\Accounts\Dto\IsTenantAvailableOutput.cs(5,36): warning CS1591: Missing XML comment for publicly visible type or member 'IsTenantAvailableOutput.State' [C:\Users\Nhlakanipho\Documents\Projects\ABP-Group\aspnet-core\src\ABPGroup.Application\ABPGroup.Application.csproj]
C:\Users\Nhlakanipho\Documents\Projects\ABP-Group\aspnet-core\src\ABPGroup.Application\Authorization\Accounts\Dto\IsTenantAvailableOutput.cs(7,17): warning CS1591: Missing XML comment for publicly visible type or member 'IsTenantAvailableOutput.TenantId' [C:\Users\Nhlakanipho\Documents\Projects\ABP-Group\aspnet-core\src\ABPGroup.Application\ABPGroup.Application.csproj]
C:\Users\Nhlakanipho\Documents\Projects\ABP-Group\aspnet-core\src\ABPGroup.Application\Authorization\Accounts\Dto\IsTenantAvailableOutput.cs(9,12): warning CS1591: Missing XML comment for publicly visible type or member 'IsTenantAvailableOutput.IsTenantAvailableOutput()' [C:\Users\Nhlakanipho\Documents\Projects\ABP-Group\aspnet-core\src\ABPGroup.Application\ABPGroup.Application.csproj]
C:\Users\Nhlakanipho\Documents\Projects\ABP-Group\aspnet-core\src\ABPGroup.Application\Authorization\Accounts\Dto\IsTenantAvailableOutput.cs(13,12): warning CS1591: Missing XML comment for publicly visible type or member 'IsTenantAvailableOutput.IsTenantAvailableOutput(TenantAvailabilityState, int?)' [C:\Users\Nhlakanipho\Documents\Projects\ABP-Group\aspnet-core\src\ABPGroup.Application\ABPGroup.Application.csproj]
C:\Users\Nhlakanipho\Documents\Projects\ABP-Group\aspnet-core\src\ABPGroup.Application\Authorization\Accounts\Dto\RegisterInput.cs(12,14): warning CS1591: Missing XML comment for publicly visible type or member 'RegisterInput' [C:\Users\Nhlakanipho\Documents\Projects\ABP-Group\aspnet-core\src\ABPGroup.Application\ABPGroup.Application.csproj]
C:\Users\Nhlakanipho\Documents\Projects\ABP-Group\aspnet-core\src\ABPGroup.Application\Authorization\Accounts\Dto\RegisterInput.cs(16,19): warning CS1591: Missing XML comment for publicly visible type or member 'RegisterInput.Name' [C:\Users\Nhlakanipho\Documents\Projects\ABP-Group\aspnet-core\src\ABPGroup.Application\ABPGroup.Application.csproj]
C:\Users\Nhlakanipho\Documents\Projects\ABP-Group\aspnet-core\src\ABPGroup.Application\Authorization\Accounts\Dto\RegisterInput.cs(20,19): warning CS1591: Missing XML comment for publicly visible type or member 'RegisterInput.Surname' [C:\Users\Nhlakanipho\Documents\Projects\ABP-Group\aspnet-core\src\ABPGroup.Application\ABPGroup.Application.csproj]
C:\Users\Nhlakanipho\Documents\Projects\ABP-Group\aspnet-core\src\ABPGroup.Application\Authorization\Accounts\Dto\RegisterInput.cs(24,19): warning CS1591: Missing XML comment for publicly visible type or member 'RegisterInput.UserName' [C:\Users\Nhlakanipho\Documents\Projects\ABP-Group\aspnet-core\src\ABPGroup.Application\ABPGroup.Application.csproj]
C:\Users\Nhlakanipho\Documents\Projects\ABP-Group\aspnet-core\src\ABPGroup.Application\Authorization\Accounts\Dto\RegisterInput.cs(29,19): warning CS1591: Missing XML comment for publicly visible type or member 'RegisterInput.EmailAddress' [C:\Users\Nhlakanipho\Documents\Projects\ABP-Group\aspnet-core\src\ABPGroup.Application\ABPGroup.Application.csproj]
C:\Users\Nhlakanipho\Documents\Projects\ABP-Group\aspnet-core\src\ABPGroup.Application\Authorization\Accounts\Dto\RegisterInput.cs(34,19): warning CS1591: Missing XML comment for publicly visible type or member 'RegisterInput.Password' [C:\Users\Nhlakanipho\Documents\Projects\ABP-Group\aspnet-core\src\ABPGroup.Application\ABPGroup.Application.csproj]
C:\Users\Nhlakanipho\Documents\Projects\ABP-Group\aspnet-core\src\ABPGroup.Application\Authorization\Accounts\Dto\RegisterInput.cs(37,19): warning CS1591: Missing XML comment for publicly visible type or member 'RegisterInput.CaptchaResponse' [C:\Users\Nhlakanipho\Documents\Projects\ABP-Group\aspnet-core\src\ABPGroup.Application\ABPGroup.Application.csproj]
C:\Users\Nhlakanipho\Documents\Projects\ABP-Group\aspnet-core\src\ABPGroup.Application\Authorization\Accounts\Dto\RegisterInput.cs(39,23): warning CS1591: Missing XML comment for publicly visible type or member 'RegisterInput.Role' [C:\Users\Nhlakanipho\Documents\Projects\ABP-Group\aspnet-core\src\ABPGroup.Application\ABPGroup.Application.csproj]
C:\Users\Nhlakanipho\Documents\Projects\ABP-Group\aspnet-core\src\ABPGroup.Application\Authorization\Accounts\Dto\RegisterInput.cs(41,17): warning CS1591: Missing XML comment for publicly visible type or member 'RegisterInput.TenantId' [C:\Users\Nhlakanipho\Documents\Projects\ABP-Group\aspnet-core\src\ABPGroup.Application\ABPGroup.Application.csproj]
C:\Users\Nhlakanipho\Documents\Projects\ABP-Group\aspnet-core\src\ABPGroup.Application\Authorization\Accounts\Dto\RegisterInput.cs(43,17): warning CS1591: Missing XML comment for publicly visible type or member 'RegisterInput.CreateTenant' [C:\Users\Nhlakanipho\Documents\Projects\ABP-Group\aspnet-core\src\ABPGroup.Application\ABPGroup.Application.csproj]
C:\Users\Nhlakanipho\Documents\Projects\ABP-Group\aspnet-core\src\ABPGroup.Application\Authorization\Accounts\Dto\RegisterInput.cs(47,19): warning CS1591: Missing XML comment for publicly visible type or member 'RegisterInput.TenantTenancyName' [C:\Users\Nhlakanipho\Documents\Projects\ABP-Group\aspnet-core\src\ABPGroup.Application\ABPGroup.Application.csproj]
C:\Users\Nhlakanipho\Documents\Projects\ABP-Group\aspnet-core\src\ABPGroup.Application\Authorization\Accounts\Dto\RegisterInput.cs(50,19): warning CS1591: Missing XML comment for publicly visible type or member 'RegisterInput.TenantName' [C:\Users\Nhlakanipho\Documents\Projects\ABP-Group\aspnet-core\src\ABPGroup.Application\ABPGroup.Application.csproj]
C:\Users\Nhlakanipho\Documents\Projects\ABP-Group\aspnet-core\src\ABPGroup.Application\Authorization\Accounts\Dto\RegisterInput.cs(53,19): warning CS1591: Missing XML comment for publicly visible type or member 'RegisterInput.TenantConnectionString' [C:\Users\Nhlakanipho\Documents\Projects\ABP-Group\aspnet-core\src\ABPGroup.Application\ABPGroup.Application.csproj]
C:\Users\Nhlakanipho\Documents\Projects\ABP-Group\aspnet-core\src\ABPGroup.Application\Authorization\Accounts\Dto\RegisterInput.cs(55,42): warning CS1591: Missing XML comment for publicly visible type or member 'RegisterInput.Validate(ValidationContext)' [C:\Users\Nhlakanipho\Documents\Projects\ABP-Group\aspnet-core\src\ABPGroup.Application\ABPGroup.Application.csproj]
C:\Users\Nhlakanipho\Documents\Projects\ABP-Group\aspnet-core\src\ABPGroup.Application\Authorization\Accounts\Dto\RegisterOutput.cs(3,14): warning CS1591: Missing XML comment for publicly visible type or member 'RegisterOutput' [C:\Users\Nhlakanipho\Documents\Projects\ABP-Group\aspnet-core\src\ABPGroup.Application\ABPGroup.Application.csproj]
C:\Users\Nhlakanipho\Documents\Projects\ABP-Group\aspnet-core\src\ABPGroup.Application\Authorization\Accounts\Dto\RegisterOutput.cs(5,17): warning CS1591: Missing XML comment for publicly visible type or member 'RegisterOutput.CanLogin' [C:\Users\Nhlakanipho\Documents\Projects\ABP-Group\aspnet-core\src\ABPGroup.Application\ABPGroup.Application.csproj]
C:\Users\Nhlakanipho\Documents\Projects\ABP-Group\aspnet-core\src\ABPGroup.Application\Authorization\Accounts\Dto\RegisterOutput.cs(6,21): warning CS1591: Missing XML comment for publicly visible type or member 'RegisterOutput.UserId' [C:\Users\Nhlakanipho\Documents\Projects\ABP-Group\aspnet-core\src\ABPGroup.Application\ABPGroup.Application.csproj]
C:\Users\Nhlakanipho\Documents\Projects\ABP-Group\aspnet-core\src\ABPGroup.Application\Authorization\Accounts\Dto\TenantAvailabilityState.cs(3,13): warning CS1591: Missing XML comment for publicly visible type or member 'TenantAvailabilityState' [C:\Users\Nhlakanipho\Documents\Projects\ABP-Group\aspnet-core\src\ABPGroup.Application\ABPGroup.Application.csproj]
C:\Users\Nhlakanipho\Documents\Projects\ABP-Group\aspnet-core\src\ABPGroup.Application\Authorization\Accounts\Dto\TenantAvailabilityState.cs(5,5): warning CS1591: Missing XML comment for publicly visible type or member 'TenantAvailabilityState.Available' [C:\Users\Nhlakanipho\Documents\Projects\ABP-Group\aspnet-core\src\ABPGroup.Application\ABPGroup.Application.csproj]
C:\Users\Nhlakanipho\Documents\Projects\ABP-Group\aspnet-core\src\ABPGroup.Application\Authorization\Accounts\Dto\TenantAvailabilityState.cs(6,5): warning CS1591: Missing XML comment for publicly visible type or member 'TenantAvailabilityState.InActive' [C:\Users\Nhlakanipho\Documents\Projects\ABP-Group\aspnet-core\src\ABPGroup.Application\ABPGroup.Application.csproj]
C:\Users\Nhlakanipho\Documents\Projects\ABP-Group\aspnet-core\src\ABPGroup.Application\Authorization\Accounts\Dto\TenantAvailabilityState.cs(7,5): warning CS1591: Missing XML comment for publicly visible type or member 'TenantAvailabilityState.NotFound' [C:\Users\Nhlakanipho\Documents\Projects\ABP-Group\aspnet-core\src\ABPGroup.Application\ABPGroup.Application.csproj]
C:\Users\Nhlakanipho\Documents\Projects\ABP-Group\aspnet-core\src\ABPGroup.Application\Authorization\Accounts\IAccountAppService.cs(7,18): warning CS1591: Missing XML comment for publicly visible type or member 'IAccountAppService' [C:\Users\Nhlakanipho\Documents\Projects\ABP-Group\aspnet-core\src\ABPGroup.Application\ABPGroup.Application.csproj]
C:\Users\Nhlakanipho\Documents\Projects\ABP-Group\aspnet-core\src\ABPGroup.Application\Authorization\Accounts\IAccountAppService.cs(9,35): warning CS1591: Missing XML comment for publicly visible type or member 'IAccountAppService.IsTenantAvailable(IsTenantAvailableInput)' [C:\Users\Nhlakanipho\Documents\Projects\ABP-Group\aspnet-core\src\ABPGroup.Application\ABPGroup.Application.csproj]
C:\Users\Nhlakanipho\Documents\Projects\ABP-Group\aspnet-core\src\ABPGroup.Application\Authorization\Accounts\IAccountAppService.cs(11,26): warning CS1591: Missing XML comment for publicly visible type or member 'IAccountAppService.Register(RegisterInput)' [C:\Users\Nhlakanipho\Documents\Projects\ABP-Group\aspnet-core\src\ABPGroup.Application\ABPGroup.Application.csproj]
C:\Users\Nhlakanipho\Documents\Projects\ABP-Group\aspnet-core\src\ABPGroup.Application\Builds\BuildJobAppService.cs(19,16): warning CS1591: Missing XML comment for publicly visible type or member 'BuildJobAppService.BuildJobAppService(IRepository<BuildJob, long>)' [C:\Users\Nhlakanipho\Documents\Projects\ABP-Group\aspnet-core\src\ABPGroup.Application\ABPGroup.Application.csproj]
C:\Users\Nhlakanipho\Documents\Projects\ABP-Group\aspnet-core\src\ABPGroup.Application\Builds\BuildJobAppService.cs(26,49): warning CS1591: Missing XML comment for publicly visible type or member 'BuildJobAppService.CreateFilteredQuery(PagedBuildJobResultRequestDto)' [C:\Users\Nhlakanipho\Documents\Projects\ABP-Group\aspnet-core\src\ABPGroup.Application\ABPGroup.Application.csproj]
C:\Users\Nhlakanipho\Documents\Projects\ABP-Group\aspnet-core\src\ABPGroup.Application\Builds\BuildJobAppService.cs(33,49): warning CS1591: Missing XML comment for publicly visible type or member 'BuildJobAppService.ApplySorting(IQueryable<BuildJob>, PagedBuildJobResultRequestDto)' [C:\Users\Nhlakanipho\Documents\Projects\ABP-Group\aspnet-core\src\ABPGroup.Application\ABPGroup.Application.csproj]
C:\Users\Nhlakanipho\Documents\Projects\ABP-Group\aspnet-core\src\ABPGroup.Application\Builds\BuildMapProfile.cs(11,16): warning CS1591: Missing XML comment for publicly visible type or member 'BuildMapProfile.BuildMapProfile()' [C:\Users\Nhlakanipho\Documents\Projects\ABP-Group\aspnet-core\src\ABPGroup.Application\ABPGroup.Application.csproj]
C:\Users\Nhlakanipho\Documents\Projects\ABP-Group\aspnet-core\src\ABPGroup.Application\Builds\Dto\BuildJobDto.cs(6,18): warning CS1591: Missing XML comment for publicly visible type or member 'BuildJobDto' [C:\Users\Nhlakanipho\Documents\Projects\ABP-Group\aspnet-core\src\ABPGroup.Application\ABPGroup.Application.csproj]
C:\Users\Nhlakanipho\Documents\Projects\ABP-Group\aspnet-core\src\ABPGroup.Application\Builds\Dto\BuildJobDto.cs(8,21): warning CS1591: Missing XML comment for publicly visible type or member 'BuildJobDto.ProjectId' [C:\Users\Nhlakanipho\Documents\Projects\ABP-Group\aspnet-core\src\ABPGroup.Application\ABPGroup.Application.csproj]
C:\Users\Nhlakanipho\Documents\Projects\ABP-Group\aspnet-core\src\ABPGroup.Application\Builds\Dto\BuildJobDto.cs(9,20): warning CS1591: Missing XML comment for publicly visible type or member 'BuildJobDto.PromptVersion' [C:\Users\Nhlakanipho\Documents\Projects\ABP-Group\aspnet-core\src\ABPGroup.Application\ABPGroup.Application.csproj]
C:\Users\Nhlakanipho\Documents\Projects\ABP-Group\aspnet-core\src\ABPGroup.Application\Builds\Dto\BuildJobDto.cs(10,29): warning CS1591: Missing XML comment for publicly visible type or member 'BuildJobDto.Type' [C:\Users\Nhlakanipho\Documents\Projects\ABP-Group\aspnet-core\src\ABPGroup.Application\ABPGroup.Application.csproj]
C:\Users\Nhlakanipho\Documents\Projects\ABP-Group\aspnet-core\src\ABPGroup.Application\Builds\Dto\BuildJobDto.cs(11,31): warning CS1591: Missing XML comment for publicly visible type or member 'BuildJobDto.Status' [C:\Users\Nhlakanipho\Documents\Projects\ABP-Group\aspnet-core\src\ABPGroup.Application\ABPGroup.Application.csproj]
C:\Users\Nhlakanipho\Documents\Projects\ABP-Group\aspnet-core\src\ABPGroup.Application\Builds\Dto\BuildJobDto.cs(12,23): warning CS1591: Missing XML comment for publicly visible type or member 'BuildJobDto.CurrentStep' [C:\Users\Nhlakanipho\Documents\Projects\ABP-Group\aspnet-core\src\ABPGroup.Application\ABPGroup.Application.csproj]
C:\Users\Nhlakanipho\Documents\Projects\ABP-Group\aspnet-core\src\ABPGroup.Application\Builds\Dto\BuildJobDto.cs(13,26): warning CS1591: Missing XML comment for publicly visible type or member 'BuildJobDto.StartedAt' [C:\Users\Nhlakanipho\Documents\Projects\ABP-Group\aspnet-core\src\ABPGroup.Application\ABPGroup.Application.csproj]
C:\Users\Nhlakanipho\Documents\Projects\ABP-Group\aspnet-core\src\ABPGroup.Application\Builds\Dto\BuildJobDto.cs(14,26): warning CS1591: Missing XML comment for publicly visible type or member 'BuildJobDto.CompletedAt' [C:\Users\Nhlakanipho\Documents\Projects\ABP-Group\aspnet-core\src\ABPGroup.Application\ABPGroup.Application.csproj]
C:\Users\Nhlakanipho\Documents\Projects\ABP-Group\aspnet-core\src\ABPGroup.Application\Builds\Dto\BuildJobDto.cs(15,23): warning CS1591: Missing XML comment for publicly visible type or member 'BuildJobDto.ErrorMessage' [C:\Users\Nhlakanipho\Documents\Projects\ABP-Group\aspnet-core\src\ABPGroup.Application\ABPGroup.Application.csproj]
C:\Users\Nhlakanipho\Documents\Projects\ABP-Group\aspnet-core\src\ABPGroup.Application\Builds\Dto\BuildJobDto.cs(16,23): warning CS1591: Missing XML comment for publicly visible type or member 'BuildJobDto.MetadataJson' [C:\Users\Nhlakanipho\Documents\Projects\ABP-Group\aspnet-core\src\ABPGroup.Application\ABPGroup.Application.csproj]
C:\Users\Nhlakanipho\Documents\Projects\ABP-Group\aspnet-core\src\ABPGroup.Application\Builds\Dto\BuildJobDto.cs(17,22): warning CS1591: Missing XML comment for publicly visible type or member 'BuildJobDto.DeploymentId' [C:\Users\Nhlakanipho\Documents\Projects\ABP-Group\aspnet-core\src\ABPGroup.Application\ABPGroup.Application.csproj]
C:\Users\Nhlakanipho\Documents\Projects\ABP-Group\aspnet-core\src\ABPGroup.Application\Builds\Dto\GeneratedArtifactDto.cs(6,18): warning CS1591: Missing XML comment for publicly visible type or member 'GeneratedArtifactDto' [C:\Users\Nhlakanipho\Documents\Projects\ABP-Group\aspnet-core\src\ABPGroup.Application\ABPGroup.Application.csproj]
C:\Users\Nhlakanipho\Documents\Projects\ABP-Group\aspnet-core\src\ABPGroup.Application\Builds\Dto\GeneratedArtifactDto.cs(8,21): warning CS1591: Missing XML comment for publicly visible type or member 'GeneratedArtifactDto.ProjectId' [C:\Users\Nhlakanipho\Documents\Projects\ABP-Group\aspnet-core\src\ABPGroup.Application\ABPGroup.Application.csproj]
C:\Users\Nhlakanipho\Documents\Projects\ABP-Group\aspnet-core\src\ABPGroup.Application\Builds\Dto\GeneratedArtifactDto.cs(9,20): warning CS1591: Missing XML comment for publicly visible type or member 'GeneratedArtifactDto.PromptVersion' [C:\Users\Nhlakanipho\Documents\Projects\ABP-Group\aspnet-core\src\ABPGroup.Application\ABPGroup.Application.csproj]
C:\Users\Nhlakanipho\Documents\Projects\ABP-Group\aspnet-core\src\ABPGroup.Application\Builds\Dto\GeneratedArtifactDto.cs(10,23): warning CS1591: Missing XML comment for publicly visible type or member 'GeneratedArtifactDto.Path' [C:\Users\Nhlakanipho\Documents\Projects\ABP-Group\aspnet-core\src\ABPGroup.Application\ABPGroup.Application.csproj]
C:\Users\Nhlakanipho\Documents\Projects\ABP-Group\aspnet-core\src\ABPGroup.Application\Builds\Dto\GeneratedArtifactDto.cs(11,23): warning CS1591: Missing XML comment for publicly visible type or member 'GeneratedArtifactDto.FileName' [C:\Users\Nhlakanipho\Documents\Projects\ABP-Group\aspnet-core\src\ABPGroup.Application\ABPGroup.Application.csproj]
C:\Users\Nhlakanipho\Documents\Projects\ABP-Group\aspnet-core\src\ABPGroup.Application\Builds\Dto\GeneratedArtifactDto.cs(12,29): warning CS1591: Missing XML comment for publicly visible type or member 'GeneratedArtifactDto.ArtifactType' [C:\Users\Nhlakanipho\Documents\Projects\ABP-Group\aspnet-core\src\ABPGroup.Application\ABPGroup.Application.csproj]
C:\Users\Nhlakanipho\Documents\Projects\ABP-Group\aspnet-core\src\ABPGroup.Application\Builds\Dto\GeneratedArtifactDto.cs(13,23): warning CS1591: Missing XML comment for publicly visible type or member 'GeneratedArtifactDto.ContentHash' [C:\Users\Nhlakanipho\Documents\Projects\ABP-Group\aspnet-core\src\ABPGroup.Application\ABPGroup.Application.csproj]
C:\Users\Nhlakanipho\Documents\Projects\ABP-Group\aspnet-core\src\ABPGroup.Application\Builds\Dto\GeneratedArtifactDto.cs(14,22): warning CS1591: Missing XML comment for publicly visible type or member 'GeneratedArtifactDto.SizeBytes' [C:\Users\Nhlakanipho\Documents\Projects\ABP-Group\aspnet-core\src\ABPGroup.Application\ABPGroup.Application.csproj]
C:\Users\Nhlakanipho\Documents\Projects\ABP-Group\aspnet-core\src\ABPGroup.Application\Builds\Dto\GeneratedArtifactDto.cs(15,25): warning CS1591: Missing XML comment for publicly visible type or member 'GeneratedArtifactDto.CreatedAt' [C:\Users\Nhlakanipho\Documents\Projects\ABP-Group\aspnet-core\src\ABPGroup.Application\ABPGroup.Application.csproj]
C:\Users\Nhlakanipho\Documents\Projects\ABP-Group\aspnet-core\src\ABPGroup.Application\Builds\Dto\PagedBuildJobResultRequestDto.cs(5,18): warning CS1591: Missing XML comment for publicly visible type or member 'PagedBuildJobResultRequestDto' [C:\Users\Nhlakanipho\Documents\Projects\ABP-Group\aspnet-core\src\ABPGroup.Application\ABPGroup.Application.csproj]
C:\Users\Nhlakanipho\Documents\Projects\ABP-Group\aspnet-core\src\ABPGroup.Application\Builds\Dto\PagedBuildJobResultRequestDto.cs(7,23): warning CS1591: Missing XML comment for publicly visible type or member 'PagedBuildJobResultRequestDto.Keyword' [C:\Users\Nhlakanipho\Documents\Projects\ABP-Group\aspnet-core\src\ABPGroup.Application\ABPGroup.Application.csproj]
C:\Users\Nhlakanipho\Documents\Projects\ABP-Group\aspnet-core\src\ABPGroup.Application\Builds\Dto\PagedGeneratedArtifactResultRequestDto.cs(5,18): warning CS1591: Missing XML comment for publicly visible type or member 'PagedGeneratedArtifactResultRequestDto' [C:\Users\Nhlakanipho\Documents\Projects\ABP-Group\aspnet-core\src\ABPGroup.Application\ABPGroup.Application.csproj]
C:\Users\Nhlakanipho\Documents\Projects\ABP-Group\aspnet-core\src\ABPGroup.Application\Builds\Dto\PagedGeneratedArtifactResultRequestDto.cs(7,23): warning CS1591: Missing XML comment for publicly visible type or member 'PagedGeneratedArtifactResultRequestDto.Keyword' [C:\Users\Nhlakanipho\Documents\Projects\ABP-Group\aspnet-core\src\ABPGroup.Application\ABPGroup.Application.csproj]
C:\Users\Nhlakanipho\Documents\Projects\ABP-Group\aspnet-core\src\ABPGroup.Application\Builds\GeneratedArtifactAppService.cs(19,16): warning CS1591: Missing XML comment for publicly visible type or member 'GeneratedArtifactAppService.GeneratedArtifactAppService(IRepository<GeneratedArtifact, long>)' [C:\Users\Nhlakanipho\Documents\Projects\ABP-Group\aspnet-core\src\ABPGroup.Application\ABPGroup.Application.csproj]
C:\Users\Nhlakanipho\Documents\Projects\ABP-Group\aspnet-core\src\ABPGroup.Application\Builds\GeneratedArtifactAppService.cs(26,58): warning CS1591: Missing XML comment for publicly visible type or member 'GeneratedArtifactAppService.CreateFilteredQuery(PagedGeneratedArtifactResultRequestDto)' [C:\Users\Nhlakanipho\Documents\Projects\ABP-Group\aspnet-core\src\ABPGroup.Application\ABPGroup.Application.csproj]
C:\Users\Nhlakanipho\Documents\Projects\ABP-Group\aspnet-core\src\ABPGroup.Application\Builds\GeneratedArtifactAppService.cs(33,58): warning CS1591: Missing XML comment for publicly visible type or member 'GeneratedArtifactAppService.ApplySorting(IQueryable<GeneratedArtifact>, PagedGeneratedArtifactResultRequestDto)' [C:\Users\Nhlakanipho\Documents\Projects\ABP-Group\aspnet-core\src\ABPGroup.Application\ABPGroup.Application.csproj]
C:\Users\Nhlakanipho\Documents\Projects\ABP-Group\aspnet-core\src\ABPGroup.Application\CodeGen\ClaudeApiClient.cs(13,14): warning CS1591: Missing XML comment for publicly visible type or member 'ClaudeApiClient' [C:\Users\Nhlakanipho\Documents\Projects\ABP-Group\aspnet-core\src\ABPGroup.Application\ABPGroup.Application.csproj]
C:\Users\Nhlakanipho\Documents\Projects\ABP-Group\aspnet-core\src\ABPGroup.Application\CodeGen\ClaudeApiClient.cs(17,20): warning CS1591: Missing XML comment for publicly visible type or member 'ClaudeApiClient.Logger' [C:\Users\Nhlakanipho\Documents\Projects\ABP-Group\aspnet-core\src\ABPGroup.Application\ABPGroup.Application.csproj]
C:\Users\Nhlakanipho\Documents\Projects\ABP-Group\aspnet-core\src\ABPGroup.Application\CodeGen\ClaudeApiClient.cs(19,12): warning CS1591: Missing XML comment for publicly visible type or member 'ClaudeApiClient.ClaudeApiClient(IHttpClientFactory, IConfiguration)' [C:\Users\Nhlakanipho\Documents\Projects\ABP-Group\aspnet-core\src\ABPGroup.Application\ABPGroup.Application.csproj]
C:\Users\Nhlakanipho\Documents\Projects\ABP-Group\aspnet-core\src\ABPGroup.Application\CodeGen\ClaudeApiClient.cs(26,31): warning CS1591: Missing XML comment for publicly visible type or member 'ClaudeApiClient.CallClaudeAsync(string, string)' [C:\Users\Nhlakanipho\Documents\Projects\ABP-Group\aspnet-core\src\ABPGroup.Application\ABPGroup.Application.csproj]
C:\Users\Nhlakanipho\Documents\Projects\ABP-Group\aspnet-core\src\ABPGroup.Application\CodeGen\CodeGenAppService.cs(37,12): warning CS1591: Missing XML comment for publicly visible type or member 'CodeGenAppService.CodeGenAppService(ICodeGenSessionManager, ICodeGenEngine, ICodeGenPlanner, ICodeGenRefiner, ICodeGenAiService, IRepository<Template, int>)' [C:\Users\Nhlakanipho\Documents\Projects\ABP-Group\aspnet-core\src\ABPGroup.Application\ABPGroup.Application.csproj]
C:\Users\Nhlakanipho\Documents\Projects\ABP-Group\aspnet-core\src\ABPGroup.Application\CodeGen\CodeGenAppService.cs(57,42): warning CS1591: Missing XML comment for publicly visible type or member 'CodeGenAppService.CreateSession(CreateSessionInput)' [C:\Users\Nhlakanipho\Documents\Projects\ABP-Group\aspnet-core\src\ABPGroup.Application\ABPGroup.Application.csproj]
C:\Users\Nhlakanipho\Documents\Projects\ABP-Group\aspnet-core\src\ABPGroup.Application\CodeGen\CodeGenAppService.cs(62,42): warning CS1591: Missing XML comment for publicly visible type or member 'CodeGenAppService.GetSession(string)' [C:\Users\Nhlakanipho\Documents\Projects\ABP-Group\aspnet-core\src\ABPGroup.Application\ABPGroup.Application.csproj]
C:\Users\Nhlakanipho\Documents\Projects\ABP-Group\aspnet-core\src\ABPGroup.Application\CodeGen\CodeGenAppService.cs(67,47): warning CS1591: Missing XML comment for publicly visible type or member 'CodeGenAppService.RecommendStack(string)' [C:\Users\Nhlakanipho\Documents\Projects\ABP-Group\aspnet-core\src\ABPGroup.Application\ABPGroup.Application.csproj]
C:\Users\Nhlakanipho\Documents\Projects\ABP-Group\aspnet-core\src\ABPGroup.Application\CodeGen\CodeGenAppService.cs(87,42): warning CS1591: Missing XML comment for publicly visible type or member 'CodeGenAppService.SaveStack(SaveStackInput)' [C:\Users\Nhlakanipho\Documents\Projects\ABP-Group\aspnet-core\src\ABPGroup.Application\ABPGroup.Application.csproj]
C:\Users\Nhlakanipho\Documents\Projects\ABP-Group\aspnet-core\src\ABPGroup.Application\CodeGen\CodeGenAppService.cs(97,42): warning CS1591: Missing XML comment for publicly visible type or member 'CodeGenAppService.GenerateSpec(string)' [C:\Users\Nhlakanipho\Documents\Projects\ABP-Group\aspnet-core\src\ABPGroup.Application\ABPGroup.Application.csproj]
C:\Users\Nhlakanipho\Documents\Projects\ABP-Group\aspnet-core\src\ABPGroup.Application\CodeGen\CodeGenAppService.cs(106,42): warning CS1591: Missing XML comment for publicly visible type or member 'CodeGenAppService.SaveSpec(SaveSpecInput)' [C:\Users\Nhlakanipho\Documents\Projects\ABP-Group\aspnet-core\src\ABPGroup.Application\ABPGroup.Application.csproj]
C:\Users\Nhlakanipho\Documents\Projects\ABP-Group\aspnet-core\src\ABPGroup.Application\CodeGen\CodeGenAppService.cs(117,42): warning CS1591: Missing XML comment for publicly visible type or member 'CodeGenAppService.ConfirmSpec(string)' [C:\Users\Nhlakanipho\Documents\Projects\ABP-Group\aspnet-core\src\ABPGroup.Application\ABPGroup.Application.csproj]
C:\Users\Nhlakanipho\Documents\Projects\ABP-Group\aspnet-core\src\ABPGroup.Application\CodeGen\CodeGenAppService.cs(127,42): warning CS1591: Missing XML comment for publicly visible type or member 'CodeGenAppService.Generate(string)' [C:\Users\Nhlakanipho\Documents\Projects\ABP-Group\aspnet-core\src\ABPGroup.Application\ABPGroup.Application.csproj]
C:\Users\Nhlakanipho\Documents\Projects\ABP-Group\aspnet-core\src\ABPGroup.Application\CodeGen\CodeGenAppService.cs(133,44): warning CS1591: Missing XML comment for publicly visible type or member 'CodeGenAppService.GetStatus(string)' [C:\Users\Nhlakanipho\Documents\Projects\ABP-Group\aspnet-core\src\ABPGroup.Application\ABPGroup.Application.csproj]
C:\Users\Nhlakanipho\Documents\Projects\ABP-Group\aspnet-core\src\ABPGroup.Application\CodeGen\CodeGenAppService.cs(144,42): warning CS1591: Missing XML comment for publicly visible type or member 'CodeGenAppService.Repair(TriggerRepairInput)' [C:\Users\Nhlakanipho\Documents\Projects\ABP-Group\aspnet-core\src\ABPGroup.Application\ABPGroup.Application.csproj]
C:\Users\Nhlakanipho\Documents\Projects\ABP-Group\aspnet-core\src\ABPGroup.Application\CodeGen\CodeGenAppService.cs(149,44): warning CS1591: Missing XML comment for publicly visible type or member 'CodeGenAppService.RefineSession(RefinementInputDto)' [C:\Users\Nhlakanipho\Documents\Projects\ABP-Group\aspnet-core\src\ABPGroup.Application\ABPGroup.Application.csproj]
C:\Users\Nhlakanipho\Documents\Projects\ABP-Group\aspnet-core\src\ABPGroup.Application\CodeGen\CodeGenAppService.cs(154,40): warning CS1591: Missing XML comment for publicly visible type or member 'CodeGenAppService.GenerateReadme(string)' [C:\Users\Nhlakanipho\Documents\Projects\ABP-Group\aspnet-core\src\ABPGroup.Application\ABPGroup.Application.csproj]
C:\Users\Nhlakanipho\Documents\Projects\ABP-Group\aspnet-core\src\ABPGroup.Application\CodeGen\CodeGenAppService.cs(159,42): warning CS1591: Missing XML comment for publicly visible type or member 'CodeGenAppService.ConfirmReadme(string)' [C:\Users\Nhlakanipho\Documents\Projects\ABP-Group\aspnet-core\src\ABPGroup.Application\ABPGroup.Application.csproj]
C:\Users\Nhlakanipho\Documents\Projects\ABP-Group\aspnet-core\src\ABPGroup.Application\CodeGen\CodeGenAppService.cs(164,42): warning CS1591: Missing XML comment for publicly visible type or member 'CodeGenAppService.ConfirmSpec(string, SaveSpecInput)' [C:\Users\Nhlakanipho\Documents\Projects\ABP-Group\aspnet-core\src\ABPGroup.Application\ABPGroup.Application.csproj]
C:\Users\Nhlakanipho\Documents\Projects\ABP-Group\aspnet-core\src\ABPGroup.Application\CodeGen\CodeGenAppService.cs(173,23): warning CS1591: Missing XML comment for publicly visible type or member 'CodeGenAppService.TriggerGeneration(string)' [C:\Users\Nhlakanipho\Documents\Projects\ABP-Group\aspnet-core\src\ABPGroup.Application\ABPGroup.Application.csproj]
C:\Users\Nhlakanipho\Documents\Projects\ABP-Group\aspnet-core\src\ABPGroup.Application\CodeGen\CodeGenAppService.cs(252,38): warning CS1591: Missing XML comment for publicly visible type or member 'CodeGenAppService.GenerateProjectAsync(CreateUpdateProjectDto, Func<string, Task>)' [C:\Users\Nhlakanipho\Documents\Projects\ABP-Group\aspnet-core\src\ABPGroup.Application\ABPGroup.Application.csproj]
C:\Users\Nhlakanipho\Documents\Projects\ABP-Group\aspnet-core\src\ABPGroup.Application\CodeGen\IClaudeApiClient.cs(6,18): warning CS1591: Missing XML comment for publicly visible type or member 'IClaudeApiClient' [C:\Users\Nhlakanipho\Documents\Projects\ABP-Group\aspnet-core\src\ABPGroup.Application\ABPGroup.Application.csproj]
C:\Users\Nhlakanipho\Documents\Projects\ABP-Group\aspnet-core\src\ABPGroup.Application\CodeGen\IClaudeApiClient.cs(8,18): warning CS1591: Missing XML comment for publicly visible type or member 'IClaudeApiClient.CallClaudeAsync(string, string)' [C:\Users\Nhlakanipho\Documents\Projects\ABP-Group\aspnet-core\src\ABPGroup.Application\ABPGroup.Application.csproj]
C:\Users\Nhlakanipho\Documents\Projects\ABP-Group\aspnet-core\src\ABPGroup.Application\CodeGen\ICodeGenService.cs(9,18): warning CS1591: Missing XML comment for publicly visible type or member 'ICodeGenAppService' [C:\Users\Nhlakanipho\Documents\Projects\ABP-Group\aspnet-core\src\ABPGroup.Application\ABPGroup.Application.csproj]
C:\Users\Nhlakanipho\Documents\Projects\ABP-Group\aspnet-core\src\ABPGroup.Application\CodeGen\ICodeGenService.cs(12,25): warning CS1591: Missing XML comment for publicly visible type or member 'ICodeGenAppService.GenerateProjectAsync(CreateUpdateProjectDto, Func<string, Task>)' [C:\Users\Nhlakanipho\Documents\Projects\ABP-Group\aspnet-core\src\ABPGroup.Application\ABPGroup.Application.csproj]
C:\Users\Nhlakanipho\Documents\Projects\ABP-Group\aspnet-core\src\ABPGroup.Application\CodeGen\ICodeGenService.cs(15,29): warning CS1591: Missing XML comment for publicly visible type or member 'ICodeGenAppService.CreateSession(CreateSessionInput)' [C:\Users\Nhlakanipho\Documents\Projects\ABP-Group\aspnet-core\src\ABPGroup.Application\ABPGroup.Application.csproj]
C:\Users\Nhlakanipho\Documents\Projects\ABP-Group\aspnet-core\src\ABPGroup.Application\CodeGen\ICodeGenService.cs(16,34): warning CS1591: Missing XML comment for publicly visible type or member 'ICodeGenAppService.RecommendStack(string)' [C:\Users\Nhlakanipho\Documents\Projects\ABP-Group\aspnet-core\src\ABPGroup.Application\ABPGroup.Application.csproj]
C:\Users\Nhlakanipho\Documents\Projects\ABP-Group\aspnet-core\src\ABPGroup.Application\CodeGen\ICodeGenService.cs(17,29): warning CS1591: Missing XML comment for publicly visible type or member 'ICodeGenAppService.SaveStack(SaveStackInput)' [C:\Users\Nhlakanipho\Documents\Projects\ABP-Group\aspnet-core\src\ABPGroup.Application\ABPGroup.Application.csproj]
C:\Users\Nhlakanipho\Documents\Projects\ABP-Group\aspnet-core\src\ABPGroup.Application\CodeGen\ICodeGenService.cs(18,29): warning CS1591: Missing XML comment for publicly visible type or member 'ICodeGenAppService.GenerateSpec(string)' [C:\Users\Nhlakanipho\Documents\Projects\ABP-Group\aspnet-core\src\ABPGroup.Application\ABPGroup.Application.csproj]
C:\Users\Nhlakanipho\Documents\Projects\ABP-Group\aspnet-core\src\ABPGroup.Application\CodeGen\ICodeGenService.cs(19,29): warning CS1591: Missing XML comment for publicly visible type or member 'ICodeGenAppService.SaveSpec(SaveSpecInput)' [C:\Users\Nhlakanipho\Documents\Projects\ABP-Group\aspnet-core\src\ABPGroup.Application\ABPGroup.Application.csproj]
C:\Users\Nhlakanipho\Documents\Projects\ABP-Group\aspnet-core\src\ABPGroup.Application\CodeGen\ICodeGenService.cs(20,29): warning CS1591: Missing XML comment for publicly visible type or member 'ICodeGenAppService.ConfirmSpec(string)' [C:\Users\Nhlakanipho\Documents\Projects\ABP-Group\aspnet-core\src\ABPGroup.Application\ABPGroup.Application.csproj]
C:\Users\Nhlakanipho\Documents\Projects\ABP-Group\aspnet-core\src\ABPGroup.Application\CodeGen\ICodeGenService.cs(21,29): warning CS1591: Missing XML comment for publicly visible type or member 'ICodeGenAppService.Generate(string)' [C:\Users\Nhlakanipho\Documents\Projects\ABP-Group\aspnet-core\src\ABPGroup.Application\ABPGroup.Application.csproj]
C:\Users\Nhlakanipho\Documents\Projects\ABP-Group\aspnet-core\src\ABPGroup.Application\CodeGen\ICodeGenService.cs(22,31): warning CS1591: Missing XML comment for publicly visible type or member 'ICodeGenAppService.GetStatus(string)' [C:\Users\Nhlakanipho\Documents\Projects\ABP-Group\aspnet-core\src\ABPGroup.Application\ABPGroup.Application.csproj]
C:\Users\Nhlakanipho\Documents\Projects\ABP-Group\aspnet-core\src\ABPGroup.Application\CodeGen\ICodeGenService.cs(23,29): warning CS1591: Missing XML comment for publicly visible type or member 'ICodeGenAppService.Repair(TriggerRepairInput)' [C:\Users\Nhlakanipho\Documents\Projects\ABP-Group\aspnet-core\src\ABPGroup.Application\ABPGroup.Application.csproj]
C:\Users\Nhlakanipho\Documents\Projects\ABP-Group\aspnet-core\src\ABPGroup.Application\CodeGen\ICodeGenService.cs(26,31): warning CS1591: Missing XML comment for publicly visible type or member 'ICodeGenAppService.RefineSession(RefinementInputDto)' [C:\Users\Nhlakanipho\Documents\Projects\ABP-Group\aspnet-core\src\ABPGroup.Application\ABPGroup.Application.csproj]
C:\Users\Nhlakanipho\Documents\Projects\ABP-Group\aspnet-core\src\ABPGroup.Application\CodeGen\ICodeGenService.cs(29,27): warning CS1591: Missing XML comment for publicly visible type or member 'ICodeGenAppService.GenerateReadme(string)' [C:\Users\Nhlakanipho\Documents\Projects\ABP-Group\aspnet-core\src\ABPGroup.Application\ABPGroup.Application.csproj]
C:\Users\Nhlakanipho\Documents\Projects\ABP-Group\aspnet-core\src\ABPGroup.Application\CodeGen\ICodeGenService.cs(30,29): warning CS1591: Missing XML comment for publicly visible type or member 'ICodeGenAppService.ConfirmReadme(string)' [C:\Users\Nhlakanipho\Documents\Projects\ABP-Group\aspnet-core\src\ABPGroup.Application\ABPGroup.Application.csproj]
C:\Users\Nhlakanipho\Documents\Projects\ABP-Group\aspnet-core\src\ABPGroup.Application\CodeGen\PromptTemplates\GeneratorPrompts.cs(7,21): warning CS1591: Missing XML comment for publicly visible type or member 'GeneratorPrompts' [C:\Users\Nhlakanipho\Documents\Projects\ABP-Group\aspnet-core\src\ABPGroup.Application\ABPGroup.Application.csproj]
C:\Users\Nhlakanipho\Documents\Projects\ABP-Group\aspnet-core\src\ABPGroup.Application\CodeGen\PromptTemplates\GeneratorPrompts.cs(117,26): warning CS1591: Missing XML comment for publicly visible type or member 'GeneratorPrompts.BuildCodeGenSystemPrompt(string, AppSpecDto, string, string, string)' [C:\Users\Nhlakanipho\Documents\Projects\ABP-Group\aspnet-core\src\ABPGroup.Application\ABPGroup.Application.csproj]
C:\Users\Nhlakanipho\Documents\Projects\ABP-Group\aspnet-core\src\ABPGroup.Application\CodeGen\PromptTemplates\GeneratorPrompts.cs(138,26): warning CS1591: Missing XML comment for publicly visible type or member 'GeneratorPrompts.BuildLayerUserPrompt(string, StringBuilder, string, string)' [C:\Users\Nhlakanipho\Documents\Projects\ABP-Group\aspnet-core\src\ABPGroup.Application\ABPGroup.Application.csproj]
C:\Users\Nhlakanipho\Documents\Projects\ABP-Group\aspnet-core\src\ABPGroup.Application\CodeGen\PromptTemplates\PlannerPrompts.cs(6,21): warning CS1591: Missing XML comment for publicly visible type or member 'PlannerPrompts' [C:\Users\Nhlakanipho\Documents\Projects\ABP-Group\aspnet-core\src\ABPGroup.Application\ABPGroup.Application.csproj]
C:\Users\Nhlakanipho\Documents\Projects\ABP-Group\aspnet-core\src\ABPGroup.Application\CodeGen\PromptTemplates\RefinementPrompts.cs(8,21): warning CS1591: Missing XML comment for publicly visible type or member 'RefinementPrompts' [C:\Users\Nhlakanipho\Documents\Projects\ABP-Group\aspnet-core\src\ABPGroup.Application\ABPGroup.Application.csproj]
C:\Users\Nhlakanipho\Documents\Projects\ABP-Group\aspnet-core\src\ABPGroup.Application\CodeGen\PromptTemplates\RefinementPrompts.cs(10,26): warning CS1591: Missing XML comment for publicly visible type or member 'RefinementPrompts.BuildDiffPrompt(string, AppSpecDto, List<GeneratedFileDto>, List<string>)' [C:\Users\Nhlakanipho\Documents\Projects\ABP-Group\aspnet-core\src\ABPGroup.Application\ABPGroup.Application.csproj]
C:\Users\Nhlakanipho\Documents\Projects\ABP-Group\aspnet-core\src\ABPGroup.Application\CodeGen\PromptTemplates\RepairPrompts.cs(9,21): warning CS1591: Missing XML comment for publicly visible type or member 'RepairPrompts' [C:\Users\Nhlakanipho\Documents\Projects\ABP-Group\aspnet-core\src\ABPGroup.Application\ABPGroup.Application.csproj]
C:\Users\Nhlakanipho\Documents\Projects\ABP-Group\aspnet-core\src\ABPGroup.Application\CodeGen\PromptTemplates\RepairPrompts.cs(13,26): warning CS1591: Missing XML comment for publicly visible type or member 'RepairPrompts.BuildRepairPrompt(List<ValidationResultDto>, AppSpecDto, List<GeneratedFileDto>, List<string>)' [C:\Users\Nhlakanipho\Documents\Projects\ABP-Group\aspnet-core\src\ABPGroup.Application\ABPGroup.Application.csproj]
C:\Users\Nhlakanipho\Documents\Projects\ABP-Group\aspnet-core\src\ABPGroup.Application\CodeGen\Services\CodeGenAiService.cs(13,14): warning CS1591: Missing XML comment for publicly visible type or member 'CodeGenAiService' [C:\Users\Nhlakanipho\Documents\Projects\ABP-Group\aspnet-core\src\ABPGroup.Application\ABPGroup.Application.csproj]
C:\Users\Nhlakanipho\Documents\Projects\ABP-Group\aspnet-core\src\ABPGroup.Application\CodeGen\Services\CodeGenAiService.cs(19,12): warning CS1591: Missing XML comment for publicly visible type or member 'CodeGenAiService.CodeGenAiService(IHttpClientFactory, IConfiguration, IClaudeApiClient)' [C:\Users\Nhlakanipho\Documents\Projects\ABP-Group\aspnet-core\src\ABPGroup.Application\ABPGroup.Application.csproj]
C:\Users\Nhlakanipho\Documents\Projects\ABP-Group\aspnet-core\src\ABPGroup.Application\CodeGen\Services\CodeGenAiService.cs(29,31): warning CS1591: Missing XML comment for publicly visible type or member 'CodeGenAiService.CallAiAsync(string, string)' [C:\Users\Nhlakanipho\Documents\Projects\ABP-Group\aspnet-core\src\ABPGroup.Application\ABPGroup.Application.csproj]
C:\Users\Nhlakanipho\Documents\Projects\ABP-Group\aspnet-core\src\ABPGroup.Application\CodeGen\Services\CodeGenEngine.cs(17,14): warning CS1591: Missing XML comment for publicly visible type or member 'CodeGenEngine' [C:\Users\Nhlakanipho\Documents\Projects\ABP-Group\aspnet-core\src\ABPGroup.Application\ABPGroup.Application.csproj]
C:\Users\Nhlakanipho\Documents\Projects\ABP-Group\aspnet-core\src\ABPGroup.Application\CodeGen\Services\CodeGenEngine.cs(24,12): warning CS1591: Missing XML comment for publicly visible type or member 'CodeGenEngine.CodeGenEngine(ICodeGenAiService, ICodeGenPlanner, ICodeGenScaffolder, IConfiguration)' [C:\Users\Nhlakanipho\Documents\Projects\ABP-Group\aspnet-core\src\ABPGroup.Application\ABPGroup.Application.csproj]
C:\Users\Nhlakanipho\Documents\Projects\ABP-Group\aspnet-core\src\ABPGroup.Application\CodeGen\Services\CodeGenEngine.cs(36,38): warning CS1591: Missing XML comment for publicly visible type or member 'CodeGenEngine.GenerateProjectAsync(CodeGenEngineInput, Func<string, Task>, string, AppSpecDto, string)' [C:\Users\Nhlakanipho\Documents\Projects\ABP-Group\aspnet-core\src\ABPGroup.Application\ABPGroup.Application.csproj]
C:\Users\Nhlakanipho\Documents\Projects\ABP-Group\aspnet-core\src\ABPGroup.Application\CodeGen\Services\CodeGenEngine.cs(108,31): warning CS1591: Missing XML comment for publicly visible type or member 'CodeGenEngine.GenerateLayerAsync(string, string, string, CodeGenEngineInput, StringBuilder, AppSpecDto, string, string, Func<string, Task>)' [C:\Users\Nhlakanipho\Documents\Projects\ABP-Group\aspnet-core\src\ABPGroup.Application\ABPGroup.Application.csproj]
C:\Users\Nhlakanipho\Documents\Projects\ABP-Group\aspnet-core\src\ABPGroup.Application\CodeGen\Services\CodeGenEngine.cs(127,19): warning CS1591: Missing XML comment for publicly visible type or member 'CodeGenEngine.BuildScaffoldBaseline(List<GeneratedFile>)' [C:\Users\Nhlakanipho\Documents\Projects\ABP-Group\aspnet-core\src\ABPGroup.Application\ABPGroup.Application.csproj]
C:\Users\Nhlakanipho\Documents\Projects\ABP-Group\aspnet-core\src\ABPGroup.Application\CodeGen\Services\CodeGenEngine.cs(153,38): warning CS1591: Missing XML comment for publicly visible type or member 'CodeGenEngine.BuildGenerationContext(string, CodeGenEngineInput, RequirementsSnapshot, string)' [C:\Users\Nhlakanipho\Documents\Projects\ABP-Group\aspnet-core\src\ABPGroup.Application\ABPGroup.Application.csproj]
C:\Users\Nhlakanipho\Documents\Projects\ABP-Group\aspnet-core\src\ABPGroup.Application\CodeGen\Services\CodeGenEngine.cs(180,17): warning CS1591: Missing XML comment for publicly visible type or member 'CodeGenEngine.MergeLayerResponse(CodeGenResult, string, bool)' [C:\Users\Nhlakanipho\Documents\Projects\ABP-Group\aspnet-core\src\ABPGroup.Application\ABPGroup.Application.csproj]
C:\Users\Nhlakanipho\Documents\Projects\ABP-Group\aspnet-core\src\ABPGroup.Application\CodeGen\Services\CodeGenPlanner.cs(16,14): warning CS1591: Missing XML comment for publicly visible type or member 'CodeGenPlanner' [C:\Users\Nhlakanipho\Documents\Projects\ABP-Group\aspnet-core\src\ABPGroup.Application\ABPGroup.Application.csproj]
C:\Users\Nhlakanipho\Documents\Projects\ABP-Group\aspnet-core\src\ABPGroup.Application\CodeGen\Services\CodeGenPlanner.cs(27,12): warning CS1591: Missing XML comment for publicly visible type or member 'CodeGenPlanner.CodeGenPlanner(ICodeGenAiService, ICodeGenSessionManager)' [C:\Users\Nhlakanipho\Documents\Projects\ABP-Group\aspnet-core\src\ABPGroup.Application\ABPGroup.Application.csproj]
C:\Users\Nhlakanipho\Documents\Projects\ABP-Group\aspnet-core\src\ABPGroup.Application\CodeGen\Services\CodeGenPlanner.cs(35,45): warning CS1591: Missing XML comment for publicly visible type or member 'CodeGenPlanner.LoadRequirementsSnapshotAsync(CodeGenEngineInput, AppSpecDto, string, Func<string, Task>)' [C:\Users\Nhlakanipho\Documents\Projects\ABP-Group\aspnet-core\src\ABPGroup.Application\ABPGroup.Application.csproj]
C:\Users\Nhlakanipho\Documents\Projects\ABP-Group\aspnet-core\src\ABPGroup.Application\CodeGen\Services\CodeGenPlanner.cs(50,45): warning CS1591: Missing XML comment for publicly visible type or member 'CodeGenPlanner.AnalyzeRequirementsAsync(CodeGenEngineInput, Func<string, Task>)' [C:\Users\Nhlakanipho\Documents\Projects\ABP-Group\aspnet-core\src\ABPGroup.Application\ABPGroup.Application.csproj]
C:\Users\Nhlakanipho\Documents\Projects\ABP-Group\aspnet-core\src\ABPGroup.Application\CodeGen\Services\CodeGenPlanner.cs(71,40): warning CS1591: Missing XML comment for publicly visible type or member 'CodeGenPlanner.GenerateReadmeAsync(string)' [C:\Users\Nhlakanipho\Documents\Projects\ABP-Group\aspnet-core\src\ABPGroup.Application\ABPGroup.Application.csproj]
C:\Users\Nhlakanipho\Documents\Projects\ABP-Group\aspnet-core\src\ABPGroup.Application\CodeGen\Services\CodeGenPlanner.cs(109,35): warning CS1591: Missing XML comment for publicly visible type or member 'CodeGenPlanner.GeneratePlanFromReadmeAsync(string, StackConfigDto, CodeGenSession, List<string>, List<string>)' [C:\Users\Nhlakanipho\Documents\Projects\ABP-Group\aspnet-core\src\ABPGroup.Application\ABPGroup.Application.csproj]
C:\Users\Nhlakanipho\Documents\Projects\ABP-Group\aspnet-core\src\ABPGroup.Application\CodeGen\Services\CodeGenPlanner.cs(147,33): warning CS1591: Missing XML comment for publicly visible type or member 'CodeGenPlanner.BuildRequirementsSnapshotFromPlan(AppSpecDto, string)' [C:\Users\Nhlakanipho\Documents\Projects\ABP-Group\aspnet-core\src\ABPGroup.Application\ABPGroup.Application.csproj]
C:\Users\Nhlakanipho\Documents\Projects\ABP-Group\aspnet-core\src\ABPGroup.Application\CodeGen\Services\CodeGenRefiner.cs(14,14): warning CS1591: Missing XML comment for publicly visible type or member 'CodeGenRefiner' [C:\Users\Nhlakanipho\Documents\Projects\ABP-Group\aspnet-core\src\ABPGroup.Application\ABPGroup.Application.csproj]
C:\Users\Nhlakanipho\Documents\Projects\ABP-Group\aspnet-core\src\ABPGroup.Application\CodeGen\Services\CodeGenRefiner.cs(26,12): warning CS1591: Missing XML comment for publicly visible type or member 'CodeGenRefiner.CodeGenRefiner(ICodeGenAiService, ICodeGenSessionManager, ICodeGenValidator)' [C:\Users\Nhlakanipho\Documents\Projects\ABP-Group\aspnet-core\src\ABPGroup.Application\ABPGroup.Application.csproj]
C:\Users\Nhlakanipho\Documents\Projects\ABP-Group\aspnet-core\src\ABPGroup.Application\CodeGen\Services\CodeGenRefiner.cs(36,42): warning CS1591: Missing XML comment for publicly visible type or member 'CodeGenRefiner.RepairAsync(TriggerRepairInput)' [C:\Users\Nhlakanipho\Documents\Projects\ABP-Group\aspnet-core\src\ABPGroup.Application\ABPGroup.Application.csproj]
C:\Users\Nhlakanipho\Documents\Projects\ABP-Group\aspnet-core\src\ABPGroup.Application\CodeGen\Services\CodeGenRefiner.cs(76,44): warning CS1591: Missing XML comment for publicly visible type or member 'CodeGenRefiner.RefineSessionAsync(RefinementInputDto)' [C:\Users\Nhlakanipho\Documents\Projects\ABP-Group\aspnet-core\src\ABPGroup.Application\ABPGroup.Application.csproj]
C:\Users\Nhlakanipho\Documents\Projects\ABP-Group\aspnet-core\src\ABPGroup.Application\CodeGen\Services\CodeGenScaffolder.cs(10,14): warning CS1591: Missing XML comment for publicly visible type or member 'CodeGenScaffolder' [C:\Users\Nhlakanipho\Documents\Projects\ABP-Group\aspnet-core\src\ABPGroup.Application\ABPGroup.Application.csproj]
C:\Users\Nhlakanipho\Documents\Projects\ABP-Group\aspnet-core\src\ABPGroup.Application\CodeGen\Services\CodeGenScaffolder.cs(12,19): warning CS1591: Missing XML comment for publicly visible type or member 'CodeGenScaffolder.FindTemplateDirectory(string, string)' [C:\Users\Nhlakanipho\Documents\Projects\ABP-Group\aspnet-core\src\ABPGroup.Application\ABPGroup.Application.csproj]
C:\Users\Nhlakanipho\Documents\Projects\ABP-Group\aspnet-core\src\ABPGroup.Application\CodeGen\Services\CodeGenScaffolder.cs(32,32): warning CS1591: Missing XML comment for publicly visible type or member 'CodeGenScaffolder.ReadScaffoldFiles(string)' [C:\Users\Nhlakanipho\Documents\Projects\ABP-Group\aspnet-core\src\ABPGroup.Application\ABPGroup.Application.csproj]
C:\Users\Nhlakanipho\Documents\Projects\ABP-Group\aspnet-core\src\ABPGroup.Application\CodeGen\Services\CodeGenScaffolder.cs(58,17): warning CS1591: Missing XML comment for publicly visible type or member 'CodeGenScaffolder.WriteFilesToDisk(List<GeneratedFile>, string)' [C:\Users\Nhlakanipho\Documents\Projects\ABP-Group\aspnet-core\src\ABPGroup.Application\ABPGroup.Application.csproj]
C:\Users\Nhlakanipho\Documents\Projects\ABP-Group\aspnet-core\src\ABPGroup.Application\CodeGen\Services\CodeGenScaffolder.cs(71,17): warning CS1591: Missing XML comment for publicly visible type or member 'CodeGenScaffolder.AddScaffoldFiles(List<GeneratedFile>, Framework, string)' [C:\Users\Nhlakanipho\Documents\Projects\ABP-Group\aspnet-core\src\ABPGroup.Application\ABPGroup.Application.csproj]
C:\Users\Nhlakanipho\Documents\Projects\ABP-Group\aspnet-core\src\ABPGroup.Application\CodeGen\Services\CodeGenScaffolder.cs(83,17): warning CS1591: Missing XML comment for publicly visible type or member 'CodeGenScaffolder.AddApprovedReadmeFile(List<GeneratedFile>, string)' [C:\Users\Nhlakanipho\Documents\Projects\ABP-Group\aspnet-core\src\ABPGroup.Application\ABPGroup.Application.csproj]
C:\Users\Nhlakanipho\Documents\Projects\ABP-Group\aspnet-core\src\ABPGroup.Application\CodeGen\Services\CodeGenSessionManager.cs(14,14): warning CS1591: Missing XML comment for publicly visible type or member 'CodeGenSessionManager' [C:\Users\Nhlakanipho\Documents\Projects\ABP-Group\aspnet-core\src\ABPGroup.Application\ABPGroup.Application.csproj]
C:\Users\Nhlakanipho\Documents\Projects\ABP-Group\aspnet-core\src\ABPGroup.Application\CodeGen\Services\CodeGenSessionManager.cs(27,12): warning CS1591: Missing XML comment for publicly visible type or member 'CodeGenSessionManager.CodeGenSessionManager(IRepository<CodeGenSession, Guid>, ICodeGenAiService)' [C:\Users\Nhlakanipho\Documents\Projects\ABP-Group\aspnet-core\src\ABPGroup.Application\ABPGroup.Application.csproj]
C:\Users\Nhlakanipho\Documents\Projects\ABP-Group\aspnet-core\src\ABPGroup.Application\CodeGen\Services\CodeGenSessionManager.cs(35,39): warning CS1591: Missing XML comment for publicly visible type or member 'CodeGenSessionManager.GetSessionAsync(string)' [C:\Users\Nhlakanipho\Documents\Projects\ABP-Group\aspnet-core\src\ABPGroup.Application\ABPGroup.Application.csproj]
C:\Users\Nhlakanipho\Documents\Projects\ABP-Group\aspnet-core\src\ABPGroup.Application\CodeGen\Services\CodeGenSessionManager.cs(57,42): warning CS1591: Missing XML comment for publicly visible type or member 'CodeGenSessionManager.GetSessionDtoAsync(string)' [C:\Users\Nhlakanipho\Documents\Projects\ABP-Group\aspnet-core\src\ABPGroup.Application\ABPGroup.Application.csproj]
C:\Users\Nhlakanipho\Documents\Projects\ABP-Group\aspnet-core\src\ABPGroup.Application\CodeGen\Services\CodeGenSessionManager.cs(63,23): warning CS1591: Missing XML comment for publicly visible type or member 'CodeGenSessionManager.SaveSessionAsync(CodeGenSession, bool)' [C:\Users\Nhlakanipho\Documents\Projects\ABP-Group\aspnet-core\src\ABPGroup.Application\ABPGroup.Application.csproj]
C:\Users\Nhlakanipho\Documents\Projects\ABP-Group\aspnet-core\src\ABPGroup.Application\CodeGen\Services\CodeGenSessionManager.cs(82,42): warning CS1591: Missing XML comment for publicly visible type or member 'CodeGenSessionManager.CreateSessionAsync(CreateSessionInput, long?)' [C:\Users\Nhlakanipho\Documents\Projects\ABP-Group\aspnet-core\src\ABPGroup.Application\ABPGroup.Application.csproj]
C:\Users\Nhlakanipho\Documents\Projects\ABP-Group\aspnet-core\src\ABPGroup.Application\CodeGen\Services\CodeGenSessionManager.cs(124,30): warning CS1591: Missing XML comment for publicly visible type or member 'CodeGenSessionManager.MapToDto(CodeGenSession)' [C:\Users\Nhlakanipho\Documents\Projects\ABP-Group\aspnet-core\src\ABPGroup.Application\ABPGroup.Application.csproj]
C:\Users\Nhlakanipho\Documents\Projects\ABP-Group\aspnet-core\src\ABPGroup.Application\CodeGen\Services\CodeGenValidator.cs(10,14): warning CS1591: Missing XML comment for publicly visible type or member 'CodeGenValidator' [C:\Users\Nhlakanipho\Documents\Projects\ABP-Group\aspnet-core\src\ABPGroup.Application\ABPGroup.Application.csproj]
C:\Users\Nhlakanipho\Documents\Projects\ABP-Group\aspnet-core\src\ABPGroup.Application\CodeGen\Services\CodeGenValidator.cs(12,38): warning CS1591: Missing XML comment for publicly visible type or member 'CodeGenValidator.EvaluateValidationResults(List<ValidationRuleDto>, List<GeneratedFile>, StackConfigDto)' [C:\Users\Nhlakanipho\Documents\Projects\ABP-Group\aspnet-core\src\ABPGroup.Application\ABPGroup.Application.csproj]
C:\Users\Nhlakanipho\Documents\Projects\ABP-Group\aspnet-core\src\ABPGroup.Application\CodeGen\Services\CodeGenValidator.cs(133,38): warning CS1591: Missing XML comment for publicly visible type or member 'CodeGenValidator.BuildInitialValidationResults(List<ValidationRuleDto>, StackConfigDto)' [C:\Users\Nhlakanipho\Documents\Projects\ABP-Group\aspnet-core\src\ABPGroup.Application\ABPGroup.Application.csproj]
C:\Users\Nhlakanipho\Documents\Projects\ABP-Group\aspnet-core\src\ABPGroup.Application\CodeGen\Services\CodeGenValidator.cs(186,38): warning CS1591: Missing XML comment for publicly visible type or member 'CodeGenValidator.BuildShellValidationResults(StackConfigDto, List<GeneratedFile>, HashSet<string>)' [C:\Users\Nhlakanipho\Documents\Projects\ABP-Group\aspnet-core\src\ABPGroup.Application\ABPGroup.Application.csproj]
C:\Users\Nhlakanipho\Documents\Projects\ABP-Group\aspnet-core\src\ABPGroup.Application\CodeGen\Services\CodeGenValidator.cs(254,38): warning CS1591: Missing XML comment for publicly visible type or member 'CodeGenValidator.BuildShellValidationPlaceholders(StackConfigDto)' [C:\Users\Nhlakanipho\Documents\Projects\ABP-Group\aspnet-core\src\ABPGroup.Application\ABPGroup.Application.csproj]
C:\Users\Nhlakanipho\Documents\Projects\ABP-Group\aspnet-core\src\ABPGroup.Application\Configuration\ConfigurationAppService.cs(9,14): warning CS1591: Missing XML comment for publicly visible type or member 'ConfigurationAppService' [C:\Users\Nhlakanipho\Documents\Projects\ABP-Group\aspnet-core\src\ABPGroup.Application\ABPGroup.Application.csproj]
C:\Users\Nhlakanipho\Documents\Projects\ABP-Group\aspnet-core\src\ABPGroup.Application\Configuration\ConfigurationAppService.cs(11,23): warning CS1591: Missing XML comment for publicly visible type or member 'ConfigurationAppService.ChangeUiTheme(ChangeUiThemeInput)' [C:\Users\Nhlakanipho\Documents\Projects\ABP-Group\aspnet-core\src\ABPGroup.Application\ABPGroup.Application.csproj]
C:\Users\Nhlakanipho\Documents\Projects\ABP-Group\aspnet-core\src\ABPGroup.Application\Configuration\Dto\ChangeUiThemeInput.cs(5,14): warning CS1591: Missing XML comment for publicly visible type or member 'ChangeUiThemeInput' [C:\Users\Nhlakanipho\Documents\Projects\ABP-Group\aspnet-core\src\ABPGroup.Application\ABPGroup.Application.csproj]
C:\Users\Nhlakanipho\Documents\Projects\ABP-Group\aspnet-core\src\ABPGroup.Application\Configuration\Dto\ChangeUiThemeInput.cs(9,19): warning CS1591: Missing XML comment for publicly visible type or member 'ChangeUiThemeInput.Theme' [C:\Users\Nhlakanipho\Documents\Projects\ABP-Group\aspnet-core\src\ABPGroup.Application\ABPGroup.Application.csproj]
C:\Users\Nhlakanipho\Documents\Projects\ABP-Group\aspnet-core\src\ABPGroup.Application\Configuration\IConfigurationAppService.cs(6,18): warning CS1591: Missing XML comment for publicly visible type or member 'IConfigurationAppService' [C:\Users\Nhlakanipho\Documents\Projects\ABP-Group\aspnet-core\src\ABPGroup.Application\ABPGroup.Application.csproj]
C:\Users\Nhlakanipho\Documents\Projects\ABP-Group\aspnet-core\src\ABPGroup.Application\Configuration\IConfigurationAppService.cs(8,10): warning CS1591: Missing XML comment for publicly visible type or member 'IConfigurationAppService.ChangeUiTheme(ChangeUiThemeInput)' [C:\Users\Nhlakanipho\Documents\Projects\ABP-Group\aspnet-core\src\ABPGroup.Application\ABPGroup.Application.csproj]
C:\Users\Nhlakanipho\Documents\Projects\ABP-Group\aspnet-core\src\ABPGroup.Application\Configuration\Ui\UiThemeInfo.cs(3,14): warning CS1591: Missing XML comment for publicly visible type or member 'UiThemeInfo' [C:\Users\Nhlakanipho\Documents\Projects\ABP-Group\aspnet-core\src\ABPGroup.Application\ABPGroup.Application.csproj]
C:\Users\Nhlakanipho\Documents\Projects\ABP-Group\aspnet-core\src\ABPGroup.Application\Configuration\Ui\UiThemeInfo.cs(5,19): warning CS1591: Missing XML comment for publicly visible type or member 'UiThemeInfo.Name' [C:\Users\Nhlakanipho\Documents\Projects\ABP-Group\aspnet-core\src\ABPGroup.Application\ABPGroup.Application.csproj]
C:\Users\Nhlakanipho\Documents\Projects\ABP-Group\aspnet-core\src\ABPGroup.Application\Configuration\Ui\UiThemeInfo.cs(6,19): warning CS1591: Missing XML comment for publicly visible type or member 'UiThemeInfo.CssClass' [C:\Users\Nhlakanipho\Documents\Projects\ABP-Group\aspnet-core\src\ABPGroup.Application\ABPGroup.Application.csproj]
C:\Users\Nhlakanipho\Documents\Projects\ABP-Group\aspnet-core\src\ABPGroup.Application\Configuration\Ui\UiThemeInfo.cs(8,12): warning CS1591: Missing XML comment for publicly visible type or member 'UiThemeInfo.UiThemeInfo(string, string)' [C:\Users\Nhlakanipho\Documents\Projects\ABP-Group\aspnet-core\src\ABPGroup.Application\ABPGroup.Application.csproj]
C:\Users\Nhlakanipho\Documents\Projects\ABP-Group\aspnet-core\src\ABPGroup.Application\Configuration\Ui\UiThemes.cs(5,21): warning CS1591: Missing XML comment for publicly visible type or member 'UiThemes' [C:\Users\Nhlakanipho\Documents\Projects\ABP-Group\aspnet-core\src\ABPGroup.Application\ABPGroup.Application.csproj]
C:\Users\Nhlakanipho\Documents\Projects\ABP-Group\aspnet-core\src\ABPGroup.Application\Configuration\Ui\UiThemes.cs(7,37): warning CS1591: Missing XML comment for publicly visible type or member 'UiThemes.All' [C:\Users\Nhlakanipho\Documents\Projects\ABP-Group\aspnet-core\src\ABPGroup.Application\ABPGroup.Application.csproj]
C:\Users\Nhlakanipho\Documents\Projects\ABP-Group\aspnet-core\src\ABPGroup.Application\Deployments\DeploymentAppService.cs(19,16): warning CS1591: Missing XML comment for publicly visible type or member 'DeploymentAppService.DeploymentAppService(IRepository<Deployment, long>)' [C:\Users\Nhlakanipho\Documents\Projects\ABP-Group\aspnet-core\src\ABPGroup.Application\ABPGroup.Application.csproj]
C:\Users\Nhlakanipho\Documents\Projects\ABP-Group\aspnet-core\src\ABPGroup.Application\Deployments\DeploymentAppService.cs(26,51): warning CS1591: Missing XML comment for publicly visible type or member 'DeploymentAppService.CreateFilteredQuery(PagedDeploymentResultRequestDto)' [C:\Users\Nhlakanipho\Documents\Projects\ABP-Group\aspnet-core\src\ABPGroup.Application\ABPGroup.Application.csproj]
C:\Users\Nhlakanipho\Documents\Projects\ABP-Group\aspnet-core\src\ABPGroup.Application\Deployments\DeploymentAppService.cs(33,51): warning CS1591: Missing XML comment for publicly visible type or member 'DeploymentAppService.ApplySorting(IQueryable<Deployment>, PagedDeploymentResultRequestDto)' [C:\Users\Nhlakanipho\Documents\Projects\ABP-Group\aspnet-core\src\ABPGroup.Application\ABPGroup.Application.csproj]
C:\Users\Nhlakanipho\Documents\Projects\ABP-Group\aspnet-core\src\ABPGroup.Application\Deployments\DeploymentLogAppService.cs(19,16): warning CS1591: Missing XML comment for publicly visible type or member 'DeploymentLogAppService.DeploymentLogAppService(IRepository<DeploymentLog, long>)' [C:\Users\Nhlakanipho\Documents\Projects\ABP-Group\aspnet-core\src\ABPGroup.Application\ABPGroup.Application.csproj]
C:\Users\Nhlakanipho\Documents\Projects\ABP-Group\aspnet-core\src\ABPGroup.Application\Deployments\DeploymentLogAppService.cs(26,54): warning CS1591: Missing XML comment for publicly visible type or member 'DeploymentLogAppService.CreateFilteredQuery(PagedDeploymentLogResultRequestDto)' [C:\Users\Nhlakanipho\Documents\Projects\ABP-Group\aspnet-core\src\ABPGroup.Application\ABPGroup.Application.csproj]
C:\Users\Nhlakanipho\Documents\Projects\ABP-Group\aspnet-core\src\ABPGroup.Application\Deployments\DeploymentLogAppService.cs(33,54): warning CS1591: Missing XML comment for publicly visible type or member 'DeploymentLogAppService.ApplySorting(IQueryable<DeploymentLog>, PagedDeploymentLogResultRequestDto)' [C:\Users\Nhlakanipho\Documents\Projects\ABP-Group\aspnet-core\src\ABPGroup.Application\ABPGroup.Application.csproj]
C:\Users\Nhlakanipho\Documents\Projects\ABP-Group\aspnet-core\src\ABPGroup.Application\Deployments\DeploymentMapProfile.cs(11,16): warning CS1591: Missing XML comment for publicly visible type or member 'DeploymentMapProfile.DeploymentMapProfile()' [C:\Users\Nhlakanipho\Documents\Projects\ABP-Group\aspnet-core\src\ABPGroup.Application\ABPGroup.Application.csproj]
C:\Users\Nhlakanipho\Documents\Projects\ABP-Group\aspnet-core\src\ABPGroup.Application\Deployments\Dto\CreateUpdateDeploymentDto.cs(6,18): warning CS1591: Missing XML comment for publicly visible type or member 'CreateUpdateDeploymentDto' [C:\Users\Nhlakanipho\Documents\Projects\ABP-Group\aspnet-core\src\ABPGroup.Application\ABPGroup.Application.csproj]
C:\Users\Nhlakanipho\Documents\Projects\ABP-Group\aspnet-core\src\ABPGroup.Application\Deployments\Dto\CreateUpdateDeploymentDto.cs(8,21): warning CS1591: Missing XML comment for publicly visible type or member 'CreateUpdateDeploymentDto.ProjectId' [C:\Users\Nhlakanipho\Documents\Projects\ABP-Group\aspnet-core\src\ABPGroup.Application\ABPGroup.Application.csproj]
C:\Users\Nhlakanipho\Documents\Projects\ABP-Group\aspnet-core\src\ABPGroup.Application\Deployments\Dto\CreateUpdateDeploymentDto.cs(10,21): warning CS1591: Missing XML comment for publicly visible type or member 'CreateUpdateDeploymentDto.ProjectRepositoryId' [C:\Users\Nhlakanipho\Documents\Projects\ABP-Group\aspnet-core\src\ABPGroup.Application\ABPGroup.Application.csproj]
C:\Users\Nhlakanipho\Documents\Projects\ABP-Group\aspnet-core\src\ABPGroup.Application\Deployments\Dto\CreateUpdateDeploymentDto.cs(12,33): warning CS1591: Missing XML comment for publicly visible type or member 'CreateUpdateDeploymentDto.Target' [C:\Users\Nhlakanipho\Documents\Projects\ABP-Group\aspnet-core\src\ABPGroup.Application\ABPGroup.Application.csproj]
C:\Users\Nhlakanipho\Documents\Projects\ABP-Group\aspnet-core\src\ABPGroup.Application\Deployments\Dto\CreateUpdateDeploymentDto.cs(15,23): warning CS1591: Missing XML comment for publicly visible type or member 'CreateUpdateDeploymentDto.EnvironmentName' [C:\Users\Nhlakanipho\Documents\Projects\ABP-Group\aspnet-core\src\ABPGroup.Application\ABPGroup.Application.csproj]
C:\Users\Nhlakanipho\Documents\Projects\ABP-Group\aspnet-core\src\ABPGroup.Application\Deployments\Dto\CreateUpdateDeploymentDto.cs(17,33): warning CS1591: Missing XML comment for publicly visible type or member 'CreateUpdateDeploymentDto.Status' [C:\Users\Nhlakanipho\Documents\Projects\ABP-Group\aspnet-core\src\ABPGroup.Application\ABPGroup.Application.csproj]
C:\Users\Nhlakanipho\Documents\Projects\ABP-Group\aspnet-core\src\ABPGroup.Application\Deployments\Dto\CreateUpdateDeploymentDto.cs(20,23): warning CS1591: Missing XML comment for publicly visible type or member 'CreateUpdateDeploymentDto.Url' [C:\Users\Nhlakanipho\Documents\Projects\ABP-Group\aspnet-core\src\ABPGroup.Application\ABPGroup.Application.csproj]
C:\Users\Nhlakanipho\Documents\Projects\ABP-Group\aspnet-core\src\ABPGroup.Application\Deployments\Dto\CreateUpdateDeploymentDto.cs(23,23): warning CS1591: Missing XML comment for publicly visible type or member 'CreateUpdateDeploymentDto.ProviderDeploymentId' [C:\Users\Nhlakanipho\Documents\Projects\ABP-Group\aspnet-core\src\ABPGroup.Application\ABPGroup.Application.csproj]
C:\Users\Nhlakanipho\Documents\Projects\ABP-Group\aspnet-core\src\ABPGroup.Application\Deployments\Dto\DeploymentDto.cs(6,18): warning CS1591: Missing XML comment for publicly visible type or member 'DeploymentDto' [C:\Users\Nhlakanipho\Documents\Projects\ABP-Group\aspnet-core\src\ABPGroup.Application\ABPGroup.Application.csproj]
C:\Users\Nhlakanipho\Documents\Projects\ABP-Group\aspnet-core\src\ABPGroup.Application\Deployments\Dto\DeploymentDto.cs(8,21): warning CS1591: Missing XML comment for publicly visible type or member 'DeploymentDto.ProjectId' [C:\Users\Nhlakanipho\Documents\Projects\ABP-Group\aspnet-core\src\ABPGroup.Application\ABPGroup.Application.csproj]
C:\Users\Nhlakanipho\Documents\Projects\ABP-Group\aspnet-core\src\ABPGroup.Application\Deployments\Dto\DeploymentDto.cs(9,21): warning CS1591: Missing XML comment for publicly visible type or member 'DeploymentDto.ProjectRepositoryId' [C:\Users\Nhlakanipho\Documents\Projects\ABP-Group\aspnet-core\src\ABPGroup.Application\ABPGroup.Application.csproj]
C:\Users\Nhlakanipho\Documents\Projects\ABP-Group\aspnet-core\src\ABPGroup.Application\Deployments\Dto\DeploymentDto.cs(10,33): warning CS1591: Missing XML comment for publicly visible type or member 'DeploymentDto.Target' [C:\Users\Nhlakanipho\Documents\Projects\ABP-Group\aspnet-core\src\ABPGroup.Application\ABPGroup.Application.csproj]
C:\Users\Nhlakanipho\Documents\Projects\ABP-Group\aspnet-core\src\ABPGroup.Application\Deployments\Dto\DeploymentDto.cs(11,23): warning CS1591: Missing XML comment for publicly visible type or member 'DeploymentDto.EnvironmentName' [C:\Users\Nhlakanipho\Documents\Projects\ABP-Group\aspnet-core\src\ABPGroup.Application\ABPGroup.Application.csproj]
C:\Users\Nhlakanipho\Documents\Projects\ABP-Group\aspnet-core\src\ABPGroup.Application\Deployments\Dto\DeploymentDto.cs(12,33): warning CS1591: Missing XML comment for publicly visible type or member 'DeploymentDto.Status' [C:\Users\Nhlakanipho\Documents\Projects\ABP-Group\aspnet-core\src\ABPGroup.Application\ABPGroup.Application.csproj]
C:\Users\Nhlakanipho\Documents\Projects\ABP-Group\aspnet-core\src\ABPGroup.Application\Deployments\Dto\DeploymentDto.cs(13,23): warning CS1591: Missing XML comment for publicly visible type or member 'DeploymentDto.Url' [C:\Users\Nhlakanipho\Documents\Projects\ABP-Group\aspnet-core\src\ABPGroup.Application\ABPGroup.Application.csproj]
C:\Users\Nhlakanipho\Documents\Projects\ABP-Group\aspnet-core\src\ABPGroup.Application\Deployments\Dto\DeploymentDto.cs(14,23): warning CS1591: Missing XML comment for publicly visible type or member 'DeploymentDto.ProviderDeploymentId' [C:\Users\Nhlakanipho\Documents\Projects\ABP-Group\aspnet-core\src\ABPGroup.Application\ABPGroup.Application.csproj]
C:\Users\Nhlakanipho\Documents\Projects\ABP-Group\aspnet-core\src\ABPGroup.Application\Deployments\Dto\DeploymentDto.cs(15,26): warning CS1591: Missing XML comment for publicly visible type or member 'DeploymentDto.TriggeredAt' [C:\Users\Nhlakanipho\Documents\Projects\ABP-Group\aspnet-core\src\ABPGroup.Application\ABPGroup.Application.csproj]
C:\Users\Nhlakanipho\Documents\Projects\ABP-Group\aspnet-core\src\ABPGroup.Application\Deployments\Dto\DeploymentDto.cs(16,26): warning CS1591: Missing XML comment for publicly visible type or member 'DeploymentDto.CompletedAt' [C:\Users\Nhlakanipho\Documents\Projects\ABP-Group\aspnet-core\src\ABPGroup.Application\ABPGroup.Application.csproj]
C:\Users\Nhlakanipho\Documents\Projects\ABP-Group\aspnet-core\src\ABPGroup.Application\Deployments\Dto\DeploymentDto.cs(17,23): warning CS1591: Missing XML comment for publicly visible type or member 'DeploymentDto.ErrorMessage' [C:\Users\Nhlakanipho\Documents\Projects\ABP-Group\aspnet-core\src\ABPGroup.Application\ABPGroup.Application.csproj]
C:\Users\Nhlakanipho\Documents\Projects\ABP-Group\aspnet-core\src\ABPGroup.Application\Deployments\Dto\DeploymentLogDto.cs(6,18): warning CS1591: Missing XML comment for publicly visible type or member 'DeploymentLogDto' [C:\Users\Nhlakanipho\Documents\Projects\ABP-Group\aspnet-core\src\ABPGroup.Application\ABPGroup.Application.csproj]
C:\Users\Nhlakanipho\Documents\Projects\ABP-Group\aspnet-core\src\ABPGroup.Application\Deployments\Dto\DeploymentLogDto.cs(8,21): warning CS1591: Missing XML comment for publicly visible type or member 'DeploymentLogDto.DeploymentId' [C:\Users\Nhlakanipho\Documents\Projects\ABP-Group\aspnet-core\src\ABPGroup.Application\ABPGroup.Application.csproj]
C:\Users\Nhlakanipho\Documents\Projects\ABP-Group\aspnet-core\src\ABPGroup.Application\Deployments\Dto\DeploymentLogDto.cs(9,25): warning CS1591: Missing XML comment for publicly visible type or member 'DeploymentLogDto.Level' [C:\Users\Nhlakanipho\Documents\Projects\ABP-Group\aspnet-core\src\ABPGroup.Application\ABPGroup.Application.csproj]
C:\Users\Nhlakanipho\Documents\Projects\ABP-Group\aspnet-core\src\ABPGroup.Application\Deployments\Dto\DeploymentLogDto.cs(10,23): warning CS1591: Missing XML comment for publicly visible type or member 'DeploymentLogDto.Message' [C:\Users\Nhlakanipho\Documents\Projects\ABP-Group\aspnet-core\src\ABPGroup.Application\ABPGroup.Application.csproj]
C:\Users\Nhlakanipho\Documents\Projects\ABP-Group\aspnet-core\src\ABPGroup.Application\Deployments\Dto\DeploymentLogDto.cs(11,25): warning CS1591: Missing XML comment for publicly visible type or member 'DeploymentLogDto.Timestamp' [C:\Users\Nhlakanipho\Documents\Projects\ABP-Group\aspnet-core\src\ABPGroup.Application\ABPGroup.Application.csproj]
C:\Users\Nhlakanipho\Documents\Projects\ABP-Group\aspnet-core\src\ABPGroup.Application\Deployments\Dto\DeploymentLogDto.cs(12,23): warning CS1591: Missing XML comment for publicly visible type or member 'DeploymentLogDto.Source' [C:\Users\Nhlakanipho\Documents\Projects\ABP-Group\aspnet-core\src\ABPGroup.Application\ABPGroup.Application.csproj]
C:\Users\Nhlakanipho\Documents\Projects\ABP-Group\aspnet-core\src\ABPGroup.Application\Deployments\Dto\DeploymentLogDto.cs(13,23): warning CS1591: Missing XML comment for publicly visible type or member 'DeploymentLogDto.MetadataJson' [C:\Users\Nhlakanipho\Documents\Projects\ABP-Group\aspnet-core\src\ABPGroup.Application\ABPGroup.Application.csproj]
C:\Users\Nhlakanipho\Documents\Projects\ABP-Group\aspnet-core\src\ABPGroup.Application\Deployments\Dto\PagedDeploymentLogResultRequestDto.cs(5,18): warning CS1591: Missing XML comment for publicly visible type or member 'PagedDeploymentLogResultRequestDto' [C:\Users\Nhlakanipho\Documents\Projects\ABP-Group\aspnet-core\src\ABPGroup.Application\ABPGroup.Application.csproj]
C:\Users\Nhlakanipho\Documents\Projects\ABP-Group\aspnet-core\src\ABPGroup.Application\Deployments\Dto\PagedDeploymentLogResultRequestDto.cs(7,23): warning CS1591: Missing XML comment for publicly visible type or member 'PagedDeploymentLogResultRequestDto.Keyword' [C:\Users\Nhlakanipho\Documents\Projects\ABP-Group\aspnet-core\src\ABPGroup.Application\ABPGroup.Application.csproj]
C:\Users\Nhlakanipho\Documents\Projects\ABP-Group\aspnet-core\src\ABPGroup.Application\Deployments\Dto\PagedDeploymentResultRequestDto.cs(5,18): warning CS1591: Missing XML comment for publicly visible type or member 'PagedDeploymentResultRequestDto' [C:\Users\Nhlakanipho\Documents\Projects\ABP-Group\aspnet-core\src\ABPGroup.Application\ABPGroup.Application.csproj]
C:\Users\Nhlakanipho\Documents\Projects\ABP-Group\aspnet-core\src\ABPGroup.Application\Deployments\Dto\PagedDeploymentResultRequestDto.cs(7,23): warning CS1591: Missing XML comment for publicly visible type or member 'PagedDeploymentResultRequestDto.Keyword' [C:\Users\Nhlakanipho\Documents\Projects\ABP-Group\aspnet-core\src\ABPGroup.Application\ABPGroup.Application.csproj]
C:\Users\Nhlakanipho\Documents\Projects\ABP-Group\aspnet-core\src\ABPGroup.Application\Deployments\IDeploymentAppService.cs(6,22): warning CS1591: Missing XML comment for publicly visible type or member 'IDeploymentAppService' [C:\Users\Nhlakanipho\Documents\Projects\ABP-Group\aspnet-core\src\ABPGroup.Application\ABPGroup.Application.csproj]
C:\Users\Nhlakanipho\Documents\Projects\ABP-Group\aspnet-core\src\ABPGroup.Application\Git\Dto\CreateUpdateGitProfileDto.cs(6,18): warning CS1591: Missing XML comment for publicly visible type or member 'CreateUpdateGitProfileDto' [C:\Users\Nhlakanipho\Documents\Projects\ABP-Group\aspnet-core\src\ABPGroup.Application\ABPGroup.Application.csproj]
C:\Users\Nhlakanipho\Documents\Projects\ABP-Group\aspnet-core\src\ABPGroup.Application\Git\Dto\CreateUpdateGitProfileDto.cs(8,28): warning CS1591: Missing XML comment for publicly visible type or member 'CreateUpdateGitProfileDto.Provider' [C:\Users\Nhlakanipho\Documents\Projects\ABP-Group\aspnet-core\src\ABPGroup.Application\ABPGroup.Application.csproj]
C:\Users\Nhlakanipho\Documents\Projects\ABP-Group\aspnet-core\src\ABPGroup.Application\Git\Dto\CreateUpdateGitProfileDto.cs(12,23): warning CS1591: Missing XML comment for publicly visible type or member 'CreateUpdateGitProfileDto.ProviderUserId' [C:\Users\Nhlakanipho\Documents\Projects\ABP-Group\aspnet-core\src\ABPGroup.Application\ABPGroup.Application.csproj]
C:\Users\Nhlakanipho\Documents\Projects\ABP-Group\aspnet-core\src\ABPGroup.Application\Git\Dto\CreateUpdateGitProfileDto.cs(16,23): warning CS1591: Missing XML comment for publicly visible type or member 'CreateUpdateGitProfileDto.Username' [C:\Users\Nhlakanipho\Documents\Projects\ABP-Group\aspnet-core\src\ABPGroup.Application\ABPGroup.Application.csproj]
C:\Users\Nhlakanipho\Documents\Projects\ABP-Group\aspnet-core\src\ABPGroup.Application\Git\Dto\CreateUpdateGitProfileDto.cs(19,23): warning CS1591: Missing XML comment for publicly visible type or member 'CreateUpdateGitProfileDto.AvatarUrl' [C:\Users\Nhlakanipho\Documents\Projects\ABP-Group\aspnet-core\src\ABPGroup.Application\ABPGroup.Application.csproj]
C:\Users\Nhlakanipho\Documents\Projects\ABP-Group\aspnet-core\src\ABPGroup.Application\Git\Dto\CreateUpdateGitProfileDto.cs(22,23): warning CS1591: Missing XML comment for publicly visible type or member 'CreateUpdateGitProfileDto.AccessToken' [C:\Users\Nhlakanipho\Documents\Projects\ABP-Group\aspnet-core\src\ABPGroup.Application\ABPGroup.Application.csproj]
C:\Users\Nhlakanipho\Documents\Projects\ABP-Group\aspnet-core\src\ABPGroup.Application\Git\Dto\CreateUpdateGitProfileDto.cs(24,21): warning CS1591: Missing XML comment for publicly visible type or member 'CreateUpdateGitProfileDto.IsConnected' [C:\Users\Nhlakanipho\Documents\Projects\ABP-Group\aspnet-core\src\ABPGroup.Application\ABPGroup.Application.csproj]
C:\Users\Nhlakanipho\Documents\Projects\ABP-Group\aspnet-core\src\ABPGroup.Application\Git\Dto\CreateUpdateProjectRepositoryDto.cs(6,18): warning CS1591: Missing XML comment for publicly visible type or member 'CreateUpdateProjectRepositoryDto' [C:\Users\Nhlakanipho\Documents\Projects\ABP-Group\aspnet-core\src\ABPGroup.Application\ABPGroup.Application.csproj]
C:\Users\Nhlakanipho\Documents\Projects\ABP-Group\aspnet-core\src\ABPGroup.Application\Git\Dto\CreateUpdateProjectRepositoryDto.cs(8,21): warning CS1591: Missing XML comment for publicly visible type or member 'CreateUpdateProjectRepositoryDto.ProjectId' [C:\Users\Nhlakanipho\Documents\Projects\ABP-Group\aspnet-core\src\ABPGroup.Application\ABPGroup.Application.csproj]
C:\Users\Nhlakanipho\Documents\Projects\ABP-Group\aspnet-core\src\ABPGroup.Application\Git\Dto\CreateUpdateProjectRepositoryDto.cs(10,28): warning CS1591: Missing XML comment for publicly visible type or member 'CreateUpdateProjectRepositoryDto.Provider' [C:\Users\Nhlakanipho\Documents\Projects\ABP-Group\aspnet-core\src\ABPGroup.Application\ABPGroup.Application.csproj]
C:\Users\Nhlakanipho\Documents\Projects\ABP-Group\aspnet-core\src\ABPGroup.Application\Git\Dto\CreateUpdateProjectRepositoryDto.cs(14,23): warning CS1591: Missing XML comment for publicly visible type or member 'CreateUpdateProjectRepositoryDto.Owner' [C:\Users\Nhlakanipho\Documents\Projects\ABP-Group\aspnet-core\src\ABPGroup.Application\ABPGroup.Application.csproj]
C:\Users\Nhlakanipho\Documents\Projects\ABP-Group\aspnet-core\src\ABPGroup.Application\Git\Dto\CreateUpdateProjectRepositoryDto.cs(18,23): warning CS1591: Missing XML comment for publicly visible type or member 'CreateUpdateProjectRepositoryDto.Name' [C:\Users\Nhlakanipho\Documents\Projects\ABP-Group\aspnet-core\src\ABPGroup.Application\ABPGroup.Application.csproj]
C:\Users\Nhlakanipho\Documents\Projects\ABP-Group\aspnet-core\src\ABPGroup.Application\Git\Dto\CreateUpdateProjectRepositoryDto.cs(22,23): warning CS1591: Missing XML comment for publicly visible type or member 'CreateUpdateProjectRepositoryDto.FullName' [C:\Users\Nhlakanipho\Documents\Projects\ABP-Group\aspnet-core\src\ABPGroup.Application\ABPGroup.Application.csproj]
C:\Users\Nhlakanipho\Documents\Projects\ABP-Group\aspnet-core\src\ABPGroup.Application\Git\Dto\CreateUpdateProjectRepositoryDto.cs(25,23): warning CS1591: Missing XML comment for publicly visible type or member 'CreateUpdateProjectRepositoryDto.DefaultBranch' [C:\Users\Nhlakanipho\Documents\Projects\ABP-Group\aspnet-core\src\ABPGroup.Application\ABPGroup.Application.csproj]
C:\Users\Nhlakanipho\Documents\Projects\ABP-Group\aspnet-core\src\ABPGroup.Application\Git\Dto\CreateUpdateProjectRepositoryDto.cs(27,37): warning CS1591: Missing XML comment for publicly visible type or member 'CreateUpdateProjectRepositoryDto.Visibility' [C:\Users\Nhlakanipho\Documents\Projects\ABP-Group\aspnet-core\src\ABPGroup.Application\ABPGroup.Application.csproj]
C:\Users\Nhlakanipho\Documents\Projects\ABP-Group\aspnet-core\src\ABPGroup.Application\Git\Dto\CreateUpdateProjectRepositoryDto.cs(30,23): warning CS1591: Missing XML comment for publicly visible type or member 'CreateUpdateProjectRepositoryDto.HtmlUrl' [C:\Users\Nhlakanipho\Documents\Projects\ABP-Group\aspnet-core\src\ABPGroup.Application\ABPGroup.Application.csproj]
C:\Users\Nhlakanipho\Documents\Projects\ABP-Group\aspnet-core\src\ABPGroup.Application\Git\Dto\CreateUpdateProjectRepositoryDto.cs(33,23): warning CS1591: Missing XML comment for publicly visible type or member 'CreateUpdateProjectRepositoryDto.ExternalRepositoryId' [C:\Users\Nhlakanipho\Documents\Projects\ABP-Group\aspnet-core\src\ABPGroup.Application\ABPGroup.Application.csproj]
C:\Users\Nhlakanipho\Documents\Projects\ABP-Group\aspnet-core\src\ABPGroup.Application\Git\Dto\GitProfileDto.cs(6,18): warning CS1591: Missing XML comment for publicly visible type or member 'GitProfileDto' [C:\Users\Nhlakanipho\Documents\Projects\ABP-Group\aspnet-core\src\ABPGroup.Application\ABPGroup.Application.csproj]
C:\Users\Nhlakanipho\Documents\Projects\ABP-Group\aspnet-core\src\ABPGroup.Application\Git\Dto\GitProfileDto.cs(8,21): warning CS1591: Missing XML comment for publicly visible type or member 'GitProfileDto.UserId' [C:\Users\Nhlakanipho\Documents\Projects\ABP-Group\aspnet-core\src\ABPGroup.Application\ABPGroup.Application.csproj]
C:\Users\Nhlakanipho\Documents\Projects\ABP-Group\aspnet-core\src\ABPGroup.Application\Git\Dto\GitProfileDto.cs(9,28): warning CS1591: Missing XML comment for publicly visible type or member 'GitProfileDto.Provider' [C:\Users\Nhlakanipho\Documents\Projects\ABP-Group\aspnet-core\src\ABPGroup.Application\ABPGroup.Application.csproj]
C:\Users\Nhlakanipho\Documents\Projects\ABP-Group\aspnet-core\src\ABPGroup.Application\Git\Dto\GitProfileDto.cs(10,23): warning CS1591: Missing XML comment for publicly visible type or member 'GitProfileDto.ProviderUserId' [C:\Users\Nhlakanipho\Documents\Projects\ABP-Group\aspnet-core\src\ABPGroup.Application\ABPGroup.Application.csproj]
C:\Users\Nhlakanipho\Documents\Projects\ABP-Group\aspnet-core\src\ABPGroup.Application\Git\Dto\GitProfileDto.cs(11,23): warning CS1591: Missing XML comment for publicly visible type or member 'GitProfileDto.Username' [C:\Users\Nhlakanipho\Documents\Projects\ABP-Group\aspnet-core\src\ABPGroup.Application\ABPGroup.Application.csproj]
C:\Users\Nhlakanipho\Documents\Projects\ABP-Group\aspnet-core\src\ABPGroup.Application\Git\Dto\GitProfileDto.cs(12,23): warning CS1591: Missing XML comment for publicly visible type or member 'GitProfileDto.AvatarUrl' [C:\Users\Nhlakanipho\Documents\Projects\ABP-Group\aspnet-core\src\ABPGroup.Application\ABPGroup.Application.csproj]
C:\Users\Nhlakanipho\Documents\Projects\ABP-Group\aspnet-core\src\ABPGroup.Application\Git\Dto\GitProfileDto.cs(13,21): warning CS1591: Missing XML comment for publicly visible type or member 'GitProfileDto.IsConnected' [C:\Users\Nhlakanipho\Documents\Projects\ABP-Group\aspnet-core\src\ABPGroup.Application\ABPGroup.Application.csproj]
C:\Users\Nhlakanipho\Documents\Projects\ABP-Group\aspnet-core\src\ABPGroup.Application\Git\Dto\GitProfileDto.cs(14,26): warning CS1591: Missing XML comment for publicly visible type or member 'GitProfileDto.LastSyncedAt' [C:\Users\Nhlakanipho\Documents\Projects\ABP-Group\aspnet-core\src\ABPGroup.Application\ABPGroup.Application.csproj]
C:\Users\Nhlakanipho\Documents\Projects\ABP-Group\aspnet-core\src\ABPGroup.Application\Git\Dto\GitProfileDto.cs(15,25): warning CS1591: Missing XML comment for publicly visible type or member 'GitProfileDto.CreatedAt' [C:\Users\Nhlakanipho\Documents\Projects\ABP-Group\aspnet-core\src\ABPGroup.Application\ABPGroup.Application.csproj]
C:\Users\Nhlakanipho\Documents\Projects\ABP-Group\aspnet-core\src\ABPGroup.Application\Git\Dto\GitProfileDto.cs(16,25): warning CS1591: Missing XML comment for publicly visible type or member 'GitProfileDto.UpdatedAt' [C:\Users\Nhlakanipho\Documents\Projects\ABP-Group\aspnet-core\src\ABPGroup.Application\ABPGroup.Application.csproj]
C:\Users\Nhlakanipho\Documents\Projects\ABP-Group\aspnet-core\src\ABPGroup.Application\Git\Dto\PagedGitProfileResultRequestDto.cs(5,18): warning CS1591: Missing XML comment for publicly visible type or member 'PagedGitProfileResultRequestDto' [C:\Users\Nhlakanipho\Documents\Projects\ABP-Group\aspnet-core\src\ABPGroup.Application\ABPGroup.Application.csproj]
C:\Users\Nhlakanipho\Documents\Projects\ABP-Group\aspnet-core\src\ABPGroup.Application\Git\Dto\PagedGitProfileResultRequestDto.cs(7,23): warning CS1591: Missing XML comment for publicly visible type or member 'PagedGitProfileResultRequestDto.Keyword' [C:\Users\Nhlakanipho\Documents\Projects\ABP-Group\aspnet-core\src\ABPGroup.Application\ABPGroup.Application.csproj]
C:\Users\Nhlakanipho\Documents\Projects\ABP-Group\aspnet-core\src\ABPGroup.Application\Git\Dto\PagedProjectRepositoryResultRequestDto.cs(5,18): warning CS1591: Missing XML comment for publicly visible type or member 'PagedProjectRepositoryResultRequestDto' [C:\Users\Nhlakanipho\Documents\Projects\ABP-Group\aspnet-core\src\ABPGroup.Application\ABPGroup.Application.csproj]
C:\Users\Nhlakanipho\Documents\Projects\ABP-Group\aspnet-core\src\ABPGroup.Application\Git\Dto\PagedProjectRepositoryResultRequestDto.cs(7,23): warning CS1591: Missing XML comment for publicly visible type or member 'PagedProjectRepositoryResultRequestDto.Keyword' [C:\Users\Nhlakanipho\Documents\Projects\ABP-Group\aspnet-core\src\ABPGroup.Application\ABPGroup.Application.csproj]
C:\Users\Nhlakanipho\Documents\Projects\ABP-Group\aspnet-core\src\ABPGroup.Application\Git\Dto\PagedRepositoryCommitResultRequestDto.cs(5,18): warning CS1591: Missing XML comment for publicly visible type or member 'PagedRepositoryCommitResultRequestDto' [C:\Users\Nhlakanipho\Documents\Projects\ABP-Group\aspnet-core\src\ABPGroup.Application\ABPGroup.Application.csproj]
C:\Users\Nhlakanipho\Documents\Projects\ABP-Group\aspnet-core\src\ABPGroup.Application\Git\Dto\PagedRepositoryCommitResultRequestDto.cs(7,23): warning CS1591: Missing XML comment for publicly visible type or member 'PagedRepositoryCommitResultRequestDto.Keyword' [C:\Users\Nhlakanipho\Documents\Projects\ABP-Group\aspnet-core\src\ABPGroup.Application\ABPGroup.Application.csproj]
C:\Users\Nhlakanipho\Documents\Projects\ABP-Group\aspnet-core\src\ABPGroup.Application\Git\Dto\ProjectRepositoryDto.cs(6,18): warning CS1591: Missing XML comment for publicly visible type or member 'ProjectRepositoryDto' [C:\Users\Nhlakanipho\Documents\Projects\ABP-Group\aspnet-core\src\ABPGroup.Application\ABPGroup.Application.csproj]
C:\Users\Nhlakanipho\Documents\Projects\ABP-Group\aspnet-core\src\ABPGroup.Application\Git\Dto\ProjectRepositoryDto.cs(8,21): warning CS1591: Missing XML comment for publicly visible type or member 'ProjectRepositoryDto.ProjectId' [C:\Users\Nhlakanipho\Documents\Projects\ABP-Group\aspnet-core\src\ABPGroup.Application\ABPGroup.Application.csproj]
C:\Users\Nhlakanipho\Documents\Projects\ABP-Group\aspnet-core\src\ABPGroup.Application\Git\Dto\ProjectRepositoryDto.cs(9,28): warning CS1591: Missing XML comment for publicly visible type or member 'ProjectRepositoryDto.Provider' [C:\Users\Nhlakanipho\Documents\Projects\ABP-Group\aspnet-core\src\ABPGroup.Application\ABPGroup.Application.csproj]
C:\Users\Nhlakanipho\Documents\Projects\ABP-Group\aspnet-core\src\ABPGroup.Application\Git\Dto\ProjectRepositoryDto.cs(10,23): warning CS1591: Missing XML comment for publicly visible type or member 'ProjectRepositoryDto.Owner' [C:\Users\Nhlakanipho\Documents\Projects\ABP-Group\aspnet-core\src\ABPGroup.Application\ABPGroup.Application.csproj]
C:\Users\Nhlakanipho\Documents\Projects\ABP-Group\aspnet-core\src\ABPGroup.Application\Git\Dto\ProjectRepositoryDto.cs(11,23): warning CS1591: Missing XML comment for publicly visible type or member 'ProjectRepositoryDto.Name' [C:\Users\Nhlakanipho\Documents\Projects\ABP-Group\aspnet-core\src\ABPGroup.Application\ABPGroup.Application.csproj]
C:\Users\Nhlakanipho\Documents\Projects\ABP-Group\aspnet-core\src\ABPGroup.Application\Git\Dto\ProjectRepositoryDto.cs(12,23): warning CS1591: Missing XML comment for publicly visible type or member 'ProjectRepositoryDto.FullName' [C:\Users\Nhlakanipho\Documents\Projects\ABP-Group\aspnet-core\src\ABPGroup.Application\ABPGroup.Application.csproj]
C:\Users\Nhlakanipho\Documents\Projects\ABP-Group\aspnet-core\src\ABPGroup.Application\Git\Dto\ProjectRepositoryDto.cs(13,23): warning CS1591: Missing XML comment for publicly visible type or member 'ProjectRepositoryDto.DefaultBranch' [C:\Users\Nhlakanipho\Documents\Projects\ABP-Group\aspnet-core\src\ABPGroup.Application\ABPGroup.Application.csproj]
C:\Users\Nhlakanipho\Documents\Projects\ABP-Group\aspnet-core\src\ABPGroup.Application\Git\Dto\ProjectRepositoryDto.cs(14,37): warning CS1591: Missing XML comment for publicly visible type or member 'ProjectRepositoryDto.Visibility' [C:\Users\Nhlakanipho\Documents\Projects\ABP-Group\aspnet-core\src\ABPGroup.Application\ABPGroup.Application.csproj]
C:\Users\Nhlakanipho\Documents\Projects\ABP-Group\aspnet-core\src\ABPGroup.Application\Git\Dto\ProjectRepositoryDto.cs(15,23): warning CS1591: Missing XML comment for publicly visible type or member 'ProjectRepositoryDto.HtmlUrl' [C:\Users\Nhlakanipho\Documents\Projects\ABP-Group\aspnet-core\src\ABPGroup.Application\ABPGroup.Application.csproj]
C:\Users\Nhlakanipho\Documents\Projects\ABP-Group\aspnet-core\src\ABPGroup.Application\Git\Dto\ProjectRepositoryDto.cs(16,23): warning CS1591: Missing XML comment for publicly visible type or member 'ProjectRepositoryDto.ExternalRepositoryId' [C:\Users\Nhlakanipho\Documents\Projects\ABP-Group\aspnet-core\src\ABPGroup.Application\ABPGroup.Application.csproj]
C:\Users\Nhlakanipho\Documents\Projects\ABP-Group\aspnet-core\src\ABPGroup.Application\Git\Dto\ProjectRepositoryDto.cs(17,25): warning CS1591: Missing XML comment for publicly visible type or member 'ProjectRepositoryDto.CreatedAt' [C:\Users\Nhlakanipho\Documents\Projects\ABP-Group\aspnet-core\src\ABPGroup.Application\ABPGroup.Application.csproj]
C:\Users\Nhlakanipho\Documents\Projects\ABP-Group\aspnet-core\src\ABPGroup.Application\Git\Dto\ProjectRepositoryDto.cs(18,25): warning CS1591: Missing XML comment for publicly visible type or member 'ProjectRepositoryDto.UpdatedAt' [C:\Users\Nhlakanipho\Documents\Projects\ABP-Group\aspnet-core\src\ABPGroup.Application\ABPGroup.Application.csproj]
C:\Users\Nhlakanipho\Documents\Projects\ABP-Group\aspnet-core\src\ABPGroup.Application\Git\Dto\RepositoryCommitDto.cs(6,18): warning CS1591: Missing XML comment for publicly visible type or member 'RepositoryCommitDto' [C:\Users\Nhlakanipho\Documents\Projects\ABP-Group\aspnet-core\src\ABPGroup.Application\ABPGroup.Application.csproj]
C:\Users\Nhlakanipho\Documents\Projects\ABP-Group\aspnet-core\src\ABPGroup.Application\Git\Dto\RepositoryCommitDto.cs(8,21): warning CS1591: Missing XML comment for publicly visible type or member 'RepositoryCommitDto.ProjectRepositoryId' [C:\Users\Nhlakanipho\Documents\Projects\ABP-Group\aspnet-core\src\ABPGroup.Application\ABPGroup.Application.csproj]
C:\Users\Nhlakanipho\Documents\Projects\ABP-Group\aspnet-core\src\ABPGroup.Application\Git\Dto\RepositoryCommitDto.cs(9,23): warning CS1591: Missing XML comment for publicly visible type or member 'RepositoryCommitDto.Sha' [C:\Users\Nhlakanipho\Documents\Projects\ABP-Group\aspnet-core\src\ABPGroup.Application\ABPGroup.Application.csproj]
C:\Users\Nhlakanipho\Documents\Projects\ABP-Group\aspnet-core\src\ABPGroup.Application\Git\Dto\RepositoryCommitDto.cs(10,23): warning CS1591: Missing XML comment for publicly visible type or member 'RepositoryCommitDto.Branch' [C:\Users\Nhlakanipho\Documents\Projects\ABP-Group\aspnet-core\src\ABPGroup.Application\ABPGroup.Application.csproj]
C:\Users\Nhlakanipho\Documents\Projects\ABP-Group\aspnet-core\src\ABPGroup.Application\Git\Dto\RepositoryCommitDto.cs(11,23): warning CS1591: Missing XML comment for publicly visible type or member 'RepositoryCommitDto.Message' [C:\Users\Nhlakanipho\Documents\Projects\ABP-Group\aspnet-core\src\ABPGroup.Application\ABPGroup.Application.csproj]
C:\Users\Nhlakanipho\Documents\Projects\ABP-Group\aspnet-core\src\ABPGroup.Application\Git\Dto\RepositoryCommitDto.cs(12,21): warning CS1591: Missing XML comment for publicly visible type or member 'RepositoryCommitDto.PromptVersion' [C:\Users\Nhlakanipho\Documents\Projects\ABP-Group\aspnet-core\src\ABPGroup.Application\ABPGroup.Application.csproj]
C:\Users\Nhlakanipho\Documents\Projects\ABP-Group\aspnet-core\src\ABPGroup.Application\Git\Dto\RepositoryCommitDto.cs(13,25): warning CS1591: Missing XML comment for publicly visible type or member 'RepositoryCommitDto.CreatedAt' [C:\Users\Nhlakanipho\Documents\Projects\ABP-Group\aspnet-core\src\ABPGroup.Application\ABPGroup.Application.csproj]
C:\Users\Nhlakanipho\Documents\Projects\ABP-Group\aspnet-core\src\ABPGroup.Application\Git\GitMapProfile.cs(11,16): warning CS1591: Missing XML comment for publicly visible type or member 'GitMapProfile.GitMapProfile()' [C:\Users\Nhlakanipho\Documents\Projects\ABP-Group\aspnet-core\src\ABPGroup.Application\ABPGroup.Application.csproj]
C:\Users\Nhlakanipho\Documents\Projects\ABP-Group\aspnet-core\src\ABPGroup.Application\Git\GitProfileAppService.cs(19,16): warning CS1591: Missing XML comment for publicly visible type or member 'GitProfileAppService.GitProfileAppService(IRepository<GitProfile, long>)' [C:\Users\Nhlakanipho\Documents\Projects\ABP-Group\aspnet-core\src\ABPGroup.Application\ABPGroup.Application.csproj]
C:\Users\Nhlakanipho\Documents\Projects\ABP-Group\aspnet-core\src\ABPGroup.Application\Git\GitProfileAppService.cs(26,51): warning CS1591: Missing XML comment for publicly visible type or member 'GitProfileAppService.CreateFilteredQuery(PagedGitProfileResultRequestDto)' [C:\Users\Nhlakanipho\Documents\Projects\ABP-Group\aspnet-core\src\ABPGroup.Application\ABPGroup.Application.csproj]
C:\Users\Nhlakanipho\Documents\Projects\ABP-Group\aspnet-core\src\ABPGroup.Application\Git\GitProfileAppService.cs(33,51): warning CS1591: Missing XML comment for publicly visible type or member 'GitProfileAppService.ApplySorting(IQueryable<GitProfile>, PagedGitProfileResultRequestDto)' [C:\Users\Nhlakanipho\Documents\Projects\ABP-Group\aspnet-core\src\ABPGroup.Application\ABPGroup.Application.csproj]
C:\Users\Nhlakanipho\Documents\Projects\ABP-Group\aspnet-core\src\ABPGroup.Application\Git\IGitProfileAppService.cs(6,22): warning CS1591: Missing XML comment for publicly visible type or member 'IGitProfileAppService' [C:\Users\Nhlakanipho\Documents\Projects\ABP-Group\aspnet-core\src\ABPGroup.Application\ABPGroup.Application.csproj]
C:\Users\Nhlakanipho\Documents\Projects\ABP-Group\aspnet-core\src\ABPGroup.Application\Git\IProjectRepositoryAppService.cs(6,22): warning CS1591: Missing XML comment for publicly visible type or member 'IProjectRepositoryAppService' [C:\Users\Nhlakanipho\Documents\Projects\ABP-Group\aspnet-core\src\ABPGroup.Application\ABPGroup.Application.csproj]
C:\Users\Nhlakanipho\Documents\Projects\ABP-Group\aspnet-core\src\ABPGroup.Application\Git\ProjectRepositoryAppService.cs(19,16): warning CS1591: Missing XML comment for publicly visible type or member 'ProjectRepositoryAppService.ProjectRepositoryAppService(IRepository<ProjectRepository, long>)' [C:\Users\Nhlakanipho\Documents\Projects\ABP-Group\aspnet-core\src\ABPGroup.Application\ABPGroup.Application.csproj]
C:\Users\Nhlakanipho\Documents\Projects\ABP-Group\aspnet-core\src\ABPGroup.Application\Git\ProjectRepositoryAppService.cs(26,58): warning CS1591: Missing XML comment for publicly visible type or member 'ProjectRepositoryAppService.CreateFilteredQuery(PagedProjectRepositoryResultRequestDto)' [C:\Users\Nhlakanipho\Documents\Projects\ABP-Group\aspnet-core\src\ABPGroup.Application\ABPGroup.Application.csproj]
C:\Users\Nhlakanipho\Documents\Projects\ABP-Group\aspnet-core\src\ABPGroup.Application\Git\ProjectRepositoryAppService.cs(33,58): warning CS1591: Missing XML comment for publicly visible type or member 'ProjectRepositoryAppService.ApplySorting(IQueryable<ProjectRepository>, PagedProjectRepositoryResultRequestDto)' [C:\Users\Nhlakanipho\Documents\Projects\ABP-Group\aspnet-core\src\ABPGroup.Application\ABPGroup.Application.csproj]
C:\Users\Nhlakanipho\Documents\Projects\ABP-Group\aspnet-core\src\ABPGroup.Application\Git\RepositoryCommitAppService.cs(19,16): warning CS1591: Missing XML comment for publicly visible type or member 'RepositoryCommitAppService.RepositoryCommitAppService(IRepository<RepositoryCommit, long>)' [C:\Users\Nhlakanipho\Documents\Projects\ABP-Group\aspnet-core\src\ABPGroup.Application\ABPGroup.Application.csproj]
C:\Users\Nhlakanipho\Documents\Projects\ABP-Group\aspnet-core\src\ABPGroup.Application\Git\RepositoryCommitAppService.cs(27,57): warning CS1591: Missing XML comment for publicly visible type or member 'RepositoryCommitAppService.CreateFilteredQuery(PagedRepositoryCommitResultRequestDto)' [C:\Users\Nhlakanipho\Documents\Projects\ABP-Group\aspnet-core\src\ABPGroup.Application\ABPGroup.Application.csproj]
C:\Users\Nhlakanipho\Documents\Projects\ABP-Group\aspnet-core\src\ABPGroup.Application\Git\RepositoryCommitAppService.cs(34,57): warning CS1591: Missing XML comment for publicly visible type or member 'RepositoryCommitAppService.ApplySorting(IQueryable<RepositoryCommit>, PagedRepositoryCommitResultRequestDto)' [C:\Users\Nhlakanipho\Documents\Projects\ABP-Group\aspnet-core\src\ABPGroup.Application\ABPGroup.Application.csproj]
C:\Users\Nhlakanipho\Documents\Projects\ABP-Group\aspnet-core\src\ABPGroup.Application\Invites\Dto\InviteUserInput.cs(6,18): warning CS1591: Missing XML comment for publicly visible type or member 'InviteUserInput' [C:\Users\Nhlakanipho\Documents\Projects\ABP-Group\aspnet-core\src\ABPGroup.Application\ABPGroup.Application.csproj]
C:\Users\Nhlakanipho\Documents\Projects\ABP-Group\aspnet-core\src\ABPGroup.Application\Invites\Dto\InviteUserInput.cs(10,23): warning CS1591: Missing XML comment for publicly visible type or member 'InviteUserInput.EmailAddress' [C:\Users\Nhlakanipho\Documents\Projects\ABP-Group\aspnet-core\src\ABPGroup.Application\ABPGroup.Application.csproj]
C:\Users\Nhlakanipho\Documents\Projects\ABP-Group\aspnet-core\src\ABPGroup.Application\Invites\Dto\InviteUserInput.cs(13,27): warning CS1591: Missing XML comment for publicly visible type or member 'InviteUserInput.Role' [C:\Users\Nhlakanipho\Documents\Projects\ABP-Group\aspnet-core\src\ABPGroup.Application\ABPGroup.Application.csproj]
C:\Users\Nhlakanipho\Documents\Projects\ABP-Group\aspnet-core\src\ABPGroup.Application\Invites\IInviteAppService.cs(7,22): warning CS1591: Missing XML comment for publicly visible type or member 'IInviteAppService' [C:\Users\Nhlakanipho\Documents\Projects\ABP-Group\aspnet-core\src\ABPGroup.Application\ABPGroup.Application.csproj]
C:\Users\Nhlakanipho\Documents\Projects\ABP-Group\aspnet-core\src\ABPGroup.Application\Invites\IInviteAppService.cs(9,14): warning CS1591: Missing XML comment for publicly visible type or member 'IInviteAppService.InviteUserAsync(InviteUserInput)' [C:\Users\Nhlakanipho\Documents\Projects\ABP-Group\aspnet-core\src\ABPGroup.Application\ABPGroup.Application.csproj]
C:\Users\Nhlakanipho\Documents\Projects\ABP-Group\aspnet-core\src\ABPGroup.Application\Invites\InviteAppService.cs(13,18): warning CS1591: Missing XML comment for publicly visible type or member 'InviteAppService' [C:\Users\Nhlakanipho\Documents\Projects\ABP-Group\aspnet-core\src\ABPGroup.Application\ABPGroup.Application.csproj]
C:\Users\Nhlakanipho\Documents\Projects\ABP-Group\aspnet-core\src\ABPGroup.Application\Invites\InviteAppService.cs(18,16): warning CS1591: Missing XML comment for publicly visible type or member 'InviteAppService.InviteAppService(IConfiguration, IHttpClientFactory)' [C:\Users\Nhlakanipho\Documents\Projects\ABP-Group\aspnet-core\src\ABPGroup.Application\ABPGroup.Application.csproj]
C:\Users\Nhlakanipho\Documents\Projects\ABP-Group\aspnet-core\src\ABPGroup.Application\Invites\InviteAppService.cs(26,27): warning CS1591: Missing XML comment for publicly visible type or member 'InviteAppService.InviteUserAsync(InviteUserInput)' [C:\Users\Nhlakanipho\Documents\Projects\ABP-Group\aspnet-core\src\ABPGroup.Application\ABPGroup.Application.csproj]
C:\Users\Nhlakanipho\Documents\Projects\ABP-Group\aspnet-core\src\ABPGroup.Application\MultiTenancy\Dto\CreateTenantDto.cs(9,14): warning CS1591: Missing XML comment for publicly visible type or member 'CreateTenantDto' [C:\Users\Nhlakanipho\Documents\Projects\ABP-Group\aspnet-core\src\ABPGroup.Application\ABPGroup.Application.csproj]
C:\Users\Nhlakanipho\Documents\Projects\ABP-Group\aspnet-core\src\ABPGroup.Application\MultiTenancy\Dto\CreateTenantDto.cs(14,19): warning CS1591: Missing XML comment for publicly visible type or member 'CreateTenantDto.TenancyName' [C:\Users\Nhlakanipho\Documents\Projects\ABP-Group\aspnet-core\src\ABPGroup.Application\ABPGroup.Application.csproj]
C:\Users\Nhlakanipho\Documents\Projects\ABP-Group\aspnet-core\src\ABPGroup.Application\MultiTenancy\Dto\CreateTenantDto.cs(18,19): warning CS1591: Missing XML comment for publicly visible type or member 'CreateTenantDto.Name' [C:\Users\Nhlakanipho\Documents\Projects\ABP-Group\aspnet-core\src\ABPGroup.Application\ABPGroup.Application.csproj]
C:\Users\Nhlakanipho\Documents\Projects\ABP-Group\aspnet-core\src\ABPGroup.Application\MultiTenancy\Dto\CreateTenantDto.cs(22,19): warning CS1591: Missing XML comment for publicly visible type or member 'CreateTenantDto.AdminEmailAddress' [C:\Users\Nhlakanipho\Documents\Projects\ABP-Group\aspnet-core\src\ABPGroup.Application\ABPGroup.Application.csproj]
C:\Users\Nhlakanipho\Documents\Projects\ABP-Group\aspnet-core\src\ABPGroup.Application\MultiTenancy\Dto\CreateTenantDto.cs(25,19): warning CS1591: Missing XML comment for publicly visible type or member 'CreateTenantDto.ConnectionString' [C:\Users\Nhlakanipho\Documents\Projects\ABP-Group\aspnet-core\src\ABPGroup.Application\ABPGroup.Application.csproj]
C:\Users\Nhlakanipho\Documents\Projects\ABP-Group\aspnet-core\src\ABPGroup.Application\MultiTenancy\Dto\CreateTenantDto.cs(27,17): warning CS1591: Missing XML comment for publicly visible type or member 'CreateTenantDto.IsActive' [C:\Users\Nhlakanipho\Documents\Projects\ABP-Group\aspnet-core\src\ABPGroup.Application\ABPGroup.Application.csproj]
C:\Users\Nhlakanipho\Documents\Projects\ABP-Group\aspnet-core\src\ABPGroup.Application\MultiTenancy\Dto\PagedTenantResultRequestDto.cs(6,14): warning CS1591: Missing XML comment for publicly visible type or member 'PagedTenantResultRequestDto' [C:\Users\Nhlakanipho\Documents\Projects\ABP-Group\aspnet-core\src\ABPGroup.Application\ABPGroup.Application.csproj]
C:\Users\Nhlakanipho\Documents\Projects\ABP-Group\aspnet-core\src\ABPGroup.Application\MultiTenancy\Dto\PagedTenantResultRequestDto.cs(8,19): warning CS1591: Missing XML comment for publicly visible type or member 'PagedTenantResultRequestDto.Keyword' [C:\Users\Nhlakanipho\Documents\Projects\ABP-Group\aspnet-core\src\ABPGroup.Application\ABPGroup.Application.csproj]
C:\Users\Nhlakanipho\Documents\Projects\ABP-Group\aspnet-core\src\ABPGroup.Application\MultiTenancy\Dto\PagedTenantResultRequestDto.cs(9,18): warning CS1591: Missing XML comment for publicly visible type or member 'PagedTenantResultRequestDto.IsActive' [C:\Users\Nhlakanipho\Documents\Projects\ABP-Group\aspnet-core\src\ABPGroup.Application\ABPGroup.Application.csproj]
C:\Users\Nhlakanipho\Documents\Projects\ABP-Group\aspnet-core\src\ABPGroup.Application\MultiTenancy\Dto\PagedTenantResultRequestDto.cs(11,19): warning CS1591: Missing XML comment for publicly visible type or member 'PagedTenantResultRequestDto.Sorting' [C:\Users\Nhlakanipho\Documents\Projects\ABP-Group\aspnet-core\src\ABPGroup.Application\ABPGroup.Application.csproj]
C:\Users\Nhlakanipho\Documents\Projects\ABP-Group\aspnet-core\src\ABPGroup.Application\MultiTenancy\Dto\PagedTenantResultRequestDto.cs(13,17): warning CS1591: Missing XML comment for publicly visible type or member 'PagedTenantResultRequestDto.Normalize()' [C:\Users\Nhlakanipho\Documents\Projects\ABP-Group\aspnet-core\src\ABPGroup.Application\ABPGroup.Application.csproj]
C:\Users\Nhlakanipho\Documents\Projects\ABP-Group\aspnet-core\src\ABPGroup.Application\MultiTenancy\Dto\TenantDto.cs(9,14): warning CS1591: Missing XML comment for publicly visible type or member 'TenantDto' [C:\Users\Nhlakanipho\Documents\Projects\ABP-Group\aspnet-core\src\ABPGroup.Application\ABPGroup.Application.csproj]
C:\Users\Nhlakanipho\Documents\Projects\ABP-Group\aspnet-core\src\ABPGroup.Application\MultiTenancy\Dto\TenantDto.cs(14,19): warning CS1591: Missing XML comment for publicly visible type or member 'TenantDto.TenancyName' [C:\Users\Nhlakanipho\Documents\Projects\ABP-Group\aspnet-core\src\ABPGroup.Application\ABPGroup.Application.csproj]
C:\Users\Nhlakanipho\Documents\Projects\ABP-Group\aspnet-core\src\ABPGroup.Application\MultiTenancy\Dto\TenantDto.cs(18,19): warning CS1591: Missing XML comment for publicly visible type or member 'TenantDto.Name' [C:\Users\Nhlakanipho\Documents\Projects\ABP-Group\aspnet-core\src\ABPGroup.Application\ABPGroup.Application.csproj]
C:\Users\Nhlakanipho\Documents\Projects\ABP-Group\aspnet-core\src\ABPGroup.Application\MultiTenancy\Dto\TenantDto.cs(20,17): warning CS1591: Missing XML comment for publicly visible type or member 'TenantDto.IsActive' [C:\Users\Nhlakanipho\Documents\Projects\ABP-Group\aspnet-core\src\ABPGroup.Application\ABPGroup.Application.csproj]
C:\Users\Nhlakanipho\Documents\Projects\ABP-Group\aspnet-core\src\ABPGroup.Application\MultiTenancy\ITenantAppService.cs(6,18): warning CS1591: Missing XML comment for publicly visible type or member 'ITenantAppService' [C:\Users\Nhlakanipho\Documents\Projects\ABP-Group\aspnet-core\src\ABPGroup.Application\ABPGroup.Application.csproj]
C:\Users\Nhlakanipho\Documents\Projects\ABP-Group\aspnet-core\src\ABPGroup.Application\MultiTenancy\TenantAppService.cs(23,14): warning CS1591: Missing XML comment for publicly visible type or member 'TenantAppService' [C:\Users\Nhlakanipho\Documents\Projects\ABP-Group\aspnet-core\src\ABPGroup.Application\ABPGroup.Application.csproj]
C:\Users\Nhlakanipho\Documents\Projects\ABP-Group\aspnet-core\src\ABPGroup.Application\MultiTenancy\TenantAppService.cs(31,12): warning CS1591: Missing XML comment for publicly visible type or member 'TenantAppService.TenantAppService(IRepository<Tenant, int>, TenantManager, EditionManager, UserManager, RoleManager, IAbpZeroDbMigrator)' [C:\Users\Nhlakanipho\Documents\Projects\ABP-Group\aspnet-core\src\ABPGroup.Application\ABPGroup.Application.csproj]
C:\Users\Nhlakanipho\Documents\Projects\ABP-Group\aspnet-core\src\ABPGroup.Application\MultiTenancy\TenantAppService.cs(47,43): warning CS1591: Missing XML comment for publicly visible type or member 'TenantAppService.CreateAsync(CreateTenantDto)' [C:\Users\Nhlakanipho\Documents\Projects\ABP-Group\aspnet-core\src\ABPGroup.Application\ABPGroup.Application.csproj]
C:\Users\Nhlakanipho\Documents\Projects\ABP-Group\aspnet-core\src\ABPGroup.Application\MultiTenancy\TenantAppService.cs(95,43): warning CS1591: Missing XML comment for publicly visible type or member 'TenantAppService.CreateFilteredQuery(PagedTenantResultRequestDto)' [C:\Users\Nhlakanipho\Documents\Projects\ABP-Group\aspnet-core\src\ABPGroup.Application\ABPGroup.Application.csproj]
C:\Users\Nhlakanipho\Documents\Projects\ABP-Group\aspnet-core\src\ABPGroup.Application\MultiTenancy\TenantAppService.cs(102,43): warning CS1591: Missing XML comment for publicly visible type or member 'TenantAppService.ApplySorting(IQueryable<Tenant>, PagedTenantResultRequestDto)' [C:\Users\Nhlakanipho\Documents\Projects\ABP-Group\aspnet-core\src\ABPGroup.Application\ABPGroup.Application.csproj]
C:\Users\Nhlakanipho\Documents\Projects\ABP-Group\aspnet-core\src\ABPGroup.Application\MultiTenancy\TenantAppService.cs(107,29): warning CS1591: Missing XML comment for publicly visible type or member 'TenantAppService.MapToEntity(TenantDto, Tenant)' [C:\Users\Nhlakanipho\Documents\Projects\ABP-Group\aspnet-core\src\ABPGroup.Application\ABPGroup.Application.csproj]
C:\Users\Nhlakanipho\Documents\Projects\ABP-Group\aspnet-core\src\ABPGroup.Application\MultiTenancy\TenantAppService.cs(115,32): warning CS1591: Missing XML comment for publicly visible type or member 'TenantAppService.DeleteAsync(EntityDto<int>)' [C:\Users\Nhlakanipho\Documents\Projects\ABP-Group\aspnet-core\src\ABPGroup.Application\ABPGroup.Application.csproj]
C:\Users\Nhlakanipho\Documents\Projects\ABP-Group\aspnet-core\src\ABPGroup.Application\Persons\Dto\CreateUpdatePersonDto.cs(7,18): warning CS1591: Missing XML comment for publicly visible type or member 'CreateUpdatePersonDto' [C:\Users\Nhlakanipho\Documents\Projects\ABP-Group\aspnet-core\src\ABPGroup.Application\ABPGroup.Application.csproj]
C:\Users\Nhlakanipho\Documents\Projects\ABP-Group\aspnet-core\src\ABPGroup.Application\Persons\Dto\CreateUpdatePersonDto.cs(11,23): warning CS1591: Missing XML comment for publicly visible type or member 'CreateUpdatePersonDto.UserName' [C:\Users\Nhlakanipho\Documents\Projects\ABP-Group\aspnet-core\src\ABPGroup.Application\ABPGroup.Application.csproj]
C:\Users\Nhlakanipho\Documents\Projects\ABP-Group\aspnet-core\src\ABPGroup.Application\Persons\Dto\CreateUpdatePersonDto.cs(15,23): warning CS1591: Missing XML comment for publicly visible type or member 'CreateUpdatePersonDto.EmailAddress' [C:\Users\Nhlakanipho\Documents\Projects\ABP-Group\aspnet-core\src\ABPGroup.Application\ABPGroup.Application.csproj]
C:\Users\Nhlakanipho\Documents\Projects\ABP-Group\aspnet-core\src\ABPGroup.Application\Persons\Dto\CreateUpdatePersonDto.cs(18,23): warning CS1591: Missing XML comment for publicly visible type or member 'CreateUpdatePersonDto.DisplayName' [C:\Users\Nhlakanipho\Documents\Projects\ABP-Group\aspnet-core\src\ABPGroup.Application\ABPGroup.Application.csproj]
C:\Users\Nhlakanipho\Documents\Projects\ABP-Group\aspnet-core\src\ABPGroup.Application\Persons\Dto\CreateUpdatePersonDto.cs(20,27): warning CS1591: Missing XML comment for publicly visible type or member 'CreateUpdatePersonDto.Role' [C:\Users\Nhlakanipho\Documents\Projects\ABP-Group\aspnet-core\src\ABPGroup.Application\ABPGroup.Application.csproj]
C:\Users\Nhlakanipho\Documents\Projects\ABP-Group\aspnet-core\src\ABPGroup.Application\Persons\Dto\CreateUpdatePersonDto.cs(23,23): warning CS1591: Missing XML comment for publicly visible type or member 'CreateUpdatePersonDto.GitHubUsername' [C:\Users\Nhlakanipho\Documents\Projects\ABP-Group\aspnet-core\src\ABPGroup.Application\ABPGroup.Application.csproj]
C:\Users\Nhlakanipho\Documents\Projects\ABP-Group\aspnet-core\src\ABPGroup.Application\Persons\Dto\CreateUpdatePersonDto.cs(26,23): warning CS1591: Missing XML comment for publicly visible type or member 'CreateUpdatePersonDto.GitHubAccessToken' [C:\Users\Nhlakanipho\Documents\Projects\ABP-Group\aspnet-core\src\ABPGroup.Application\ABPGroup.Application.csproj]
C:\Users\Nhlakanipho\Documents\Projects\ABP-Group\aspnet-core\src\ABPGroup.Application\Persons\Dto\CreateUpdatePersonDto.cs(29,23): warning CS1591: Missing XML comment for publicly visible type or member 'CreateUpdatePersonDto.AvatarUrl' [C:\Users\Nhlakanipho\Documents\Projects\ABP-Group\aspnet-core\src\ABPGroup.Application\ABPGroup.Application.csproj]
C:\Users\Nhlakanipho\Documents\Projects\ABP-Group\aspnet-core\src\ABPGroup.Application\Persons\Dto\PagedPersonResultRequestDto.cs(5,18): warning CS1591: Missing XML comment for publicly visible type or member 'PagedPersonResultRequestDto' [C:\Users\Nhlakanipho\Documents\Projects\ABP-Group\aspnet-core\src\ABPGroup.Application\ABPGroup.Application.csproj]
C:\Users\Nhlakanipho\Documents\Projects\ABP-Group\aspnet-core\src\ABPGroup.Application\Persons\Dto\PagedPersonResultRequestDto.cs(7,23): warning CS1591: Missing XML comment for publicly visible type or member 'PagedPersonResultRequestDto.Keyword' [C:\Users\Nhlakanipho\Documents\Projects\ABP-Group\aspnet-core\src\ABPGroup.Application\ABPGroup.Application.csproj]
C:\Users\Nhlakanipho\Documents\Projects\ABP-Group\aspnet-core\src\ABPGroup.Application\Persons\Dto\PersonDto.cs(6,18): warning CS1591: Missing XML comment for publicly visible type or member 'PersonDto' [C:\Users\Nhlakanipho\Documents\Projects\ABP-Group\aspnet-core\src\ABPGroup.Application\ABPGroup.Application.csproj]
C:\Users\Nhlakanipho\Documents\Projects\ABP-Group\aspnet-core\src\ABPGroup.Application\Persons\Dto\PersonDto.cs(8,23): warning CS1591: Missing XML comment for publicly visible type or member 'PersonDto.UserName' [C:\Users\Nhlakanipho\Documents\Projects\ABP-Group\aspnet-core\src\ABPGroup.Application\ABPGroup.Application.csproj]
C:\Users\Nhlakanipho\Documents\Projects\ABP-Group\aspnet-core\src\ABPGroup.Application\Persons\Dto\PersonDto.cs(9,23): warning CS1591: Missing XML comment for publicly visible type or member 'PersonDto.EmailAddress' [C:\Users\Nhlakanipho\Documents\Projects\ABP-Group\aspnet-core\src\ABPGroup.Application\ABPGroup.Application.csproj]
C:\Users\Nhlakanipho\Documents\Projects\ABP-Group\aspnet-core\src\ABPGroup.Application\Persons\Dto\PersonDto.cs(10,23): warning CS1591: Missing XML comment for publicly visible type or member 'PersonDto.DisplayName' [C:\Users\Nhlakanipho\Documents\Projects\ABP-Group\aspnet-core\src\ABPGroup.Application\ABPGroup.Application.csproj]
C:\Users\Nhlakanipho\Documents\Projects\ABP-Group\aspnet-core\src\ABPGroup.Application\Persons\Dto\PersonDto.cs(11,27): warning CS1591: Missing XML comment for publicly visible type or member 'PersonDto.Role' [C:\Users\Nhlakanipho\Documents\Projects\ABP-Group\aspnet-core\src\ABPGroup.Application\ABPGroup.Application.csproj]
C:\Users\Nhlakanipho\Documents\Projects\ABP-Group\aspnet-core\src\ABPGroup.Application\Persons\Dto\PersonDto.cs(12,23): warning CS1591: Missing XML comment for publicly visible type or member 'PersonDto.GitHubUsername' [C:\Users\Nhlakanipho\Documents\Projects\ABP-Group\aspnet-core\src\ABPGroup.Application\ABPGroup.Application.csproj]
C:\Users\Nhlakanipho\Documents\Projects\ABP-Group\aspnet-core\src\ABPGroup.Application\Persons\Dto\PersonDto.cs(13,23): warning CS1591: Missing XML comment for publicly visible type or member 'PersonDto.GitHubAccessToken' [C:\Users\Nhlakanipho\Documents\Projects\ABP-Group\aspnet-core\src\ABPGroup.Application\ABPGroup.Application.csproj]
C:\Users\Nhlakanipho\Documents\Projects\ABP-Group\aspnet-core\src\ABPGroup.Application\Persons\Dto\PersonDto.cs(14,23): warning CS1591: Missing XML comment for publicly visible type or member 'PersonDto.AvatarUrl' [C:\Users\Nhlakanipho\Documents\Projects\ABP-Group\aspnet-core\src\ABPGroup.Application\ABPGroup.Application.csproj]
C:\Users\Nhlakanipho\Documents\Projects\ABP-Group\aspnet-core\src\ABPGroup.Application\Persons\IPersonAppService.cs(6,22): warning CS1591: Missing XML comment for publicly visible type or member 'IPersonAppService' [C:\Users\Nhlakanipho\Documents\Projects\ABP-Group\aspnet-core\src\ABPGroup.Application\ABPGroup.Application.csproj]
C:\Users\Nhlakanipho\Documents\Projects\ABP-Group\aspnet-core\src\ABPGroup.Application\Persons\PersonAppService.cs(13,18): warning CS1591: Missing XML comment for publicly visible type or member 'PersonAppService' [C:\Users\Nhlakanipho\Documents\Projects\ABP-Group\aspnet-core\src\ABPGroup.Application\ABPGroup.Application.csproj]
C:\Users\Nhlakanipho\Documents\Projects\ABP-Group\aspnet-core\src\ABPGroup.Application\Persons\PersonAppService.cs(17,16): warning CS1591: Missing XML comment for publicly visible type or member 'PersonAppService.PersonAppService(IRepository<User, long>)' [C:\Users\Nhlakanipho\Documents\Projects\ABP-Group\aspnet-core\src\ABPGroup.Application\ABPGroup.Application.csproj]
C:\Users\Nhlakanipho\Documents\Projects\ABP-Group\aspnet-core\src\ABPGroup.Application\Persons\PersonAppService.cs(26,45): warning CS1591: Missing XML comment for publicly visible type or member 'PersonAppService.CreateFilteredQuery(PagedPersonResultRequestDto)' [C:\Users\Nhlakanipho\Documents\Projects\ABP-Group\aspnet-core\src\ABPGroup.Application\ABPGroup.Application.csproj]
C:\Users\Nhlakanipho\Documents\Projects\ABP-Group\aspnet-core\src\ABPGroup.Application\Persons\PersonAppService.cs(36,45): warning CS1591: Missing XML comment for publicly visible type or member 'PersonAppService.ApplySorting(IQueryable<User>, PagedPersonResultRequestDto)' [C:\Users\Nhlakanipho\Documents\Projects\ABP-Group\aspnet-core\src\ABPGroup.Application\ABPGroup.Application.csproj]
C:\Users\Nhlakanipho\Documents\Projects\ABP-Group\aspnet-core\src\ABPGroup.Application\Persons\PersonMapProfile.cs(7,18): warning CS1591: Missing XML comment for publicly visible type or member 'PersonMapProfile' [C:\Users\Nhlakanipho\Documents\Projects\ABP-Group\aspnet-core\src\ABPGroup.Application\ABPGroup.Application.csproj]
C:\Users\Nhlakanipho\Documents\Projects\ABP-Group\aspnet-core\src\ABPGroup.Application\Persons\PersonMapProfile.cs(9,16): warning CS1591: Missing XML comment for publicly visible type or member 'PersonMapProfile.PersonMapProfile()' [C:\Users\Nhlakanipho\Documents\Projects\ABP-Group\aspnet-core\src\ABPGroup.Application\ABPGroup.Application.csproj]
C:\Users\Nhlakanipho\Documents\Projects\ABP-Group\aspnet-core\src\ABPGroup.Application\Projects\Dto\CreateUpdateProjectDto.cs(9,14): warning CS1591: Missing XML comment for publicly visible type or member 'CreateUpdateProjectDto' [C:\Users\Nhlakanipho\Documents\Projects\ABP-Group\aspnet-core\src\ABPGroup.Application\ABPGroup.Application.csproj]
C:\Users\Nhlakanipho\Documents\Projects\ABP-Group\aspnet-core\src\ABPGroup.Application\Projects\Dto\CreateUpdateProjectDto.cs(11,17): warning CS1591: Missing XML comment for publicly visible type or member 'CreateUpdateProjectDto.WorkspaceId' [C:\Users\Nhlakanipho\Documents\Projects\ABP-Group\aspnet-core\src\ABPGroup.Application\ABPGroup.Application.csproj]
C:\Users\Nhlakanipho\Documents\Projects\ABP-Group\aspnet-core\src\ABPGroup.Application\Projects\Dto\CreateUpdateProjectDto.cs(15,19): warning CS1591: Missing XML comment for publicly visible type or member 'CreateUpdateProjectDto.Name' [C:\Users\Nhlakanipho\Documents\Projects\ABP-Group\aspnet-core\src\ABPGroup.Application\ABPGroup.Application.csproj]
C:\Users\Nhlakanipho\Documents\Projects\ABP-Group\aspnet-core\src\ABPGroup.Application\Projects\Dto\CreateUpdateProjectDto.cs(17,18): warning CS1591: Missing XML comment for publicly visible type or member 'CreateUpdateProjectDto.PromptId' [C:\Users\Nhlakanipho\Documents\Projects\ABP-Group\aspnet-core\src\ABPGroup.Application\ABPGroup.Application.csproj]
C:\Users\Nhlakanipho\Documents\Projects\ABP-Group\aspnet-core\src\ABPGroup.Application\Projects\Dto\CreateUpdateProjectDto.cs(20,19): warning CS1591: Missing XML comment for publicly visible type or member 'CreateUpdateProjectDto.Prompt' [C:\Users\Nhlakanipho\Documents\Projects\ABP-Group\aspnet-core\src\ABPGroup.Application\ABPGroup.Application.csproj]
C:\Users\Nhlakanipho\Documents\Projects\ABP-Group\aspnet-core\src\ABPGroup.Application\Projects\Dto\CreateUpdateProjectDto.cs(22,16): warning CS1591: Missing XML comment for publicly visible type or member 'CreateUpdateProjectDto.PromptVersion' [C:\Users\Nhlakanipho\Documents\Projects\ABP-Group\aspnet-core\src\ABPGroup.Application\ABPGroup.Application.csproj]
C:\Users\Nhlakanipho\Documents\Projects\ABP-Group\aspnet-core\src\ABPGroup.Application\Projects\Dto\CreateUpdateProjectDto.cs(24,22): warning CS1591: Missing XML comment for publicly visible type or member 'CreateUpdateProjectDto.PromptSubmittedAt' [C:\Users\Nhlakanipho\Documents\Projects\ABP-Group\aspnet-core\src\ABPGroup.Application\ABPGroup.Application.csproj]
C:\Users\Nhlakanipho\Documents\Projects\ABP-Group\aspnet-core\src\ABPGroup.Application\Projects\Dto\CreateUpdateProjectDto.cs(26,22): warning CS1591: Missing XML comment for publicly visible type or member 'CreateUpdateProjectDto.Framework' [C:\Users\Nhlakanipho\Documents\Projects\ABP-Group\aspnet-core\src\ABPGroup.Application\ABPGroup.Application.csproj]
C:\Users\Nhlakanipho\Documents\Projects\ABP-Group\aspnet-core\src\ABPGroup.Application\Projects\Dto\CreateUpdateProjectDto.cs(28,32): warning CS1591: Missing XML comment for publicly visible type or member 'CreateUpdateProjectDto.Language' [C:\Users\Nhlakanipho\Documents\Projects\ABP-Group\aspnet-core\src\ABPGroup.Application\ABPGroup.Application.csproj]
C:\Users\Nhlakanipho\Documents\Projects\ABP-Group\aspnet-core\src\ABPGroup.Application\Projects\Dto\CreateUpdateProjectDto.cs(30,27): warning CS1591: Missing XML comment for publicly visible type or member 'CreateUpdateProjectDto.DatabaseOption' [C:\Users\Nhlakanipho\Documents\Projects\ABP-Group\aspnet-core\src\ABPGroup.Application\ABPGroup.Application.csproj]
C:\Users\Nhlakanipho\Documents\Projects\ABP-Group\aspnet-core\src\ABPGroup.Application\Projects\Dto\CreateUpdateProjectDto.cs(32,17): warning CS1591: Missing XML comment for publicly visible type or member 'CreateUpdateProjectDto.IncludeAuth' [C:\Users\Nhlakanipho\Documents\Projects\ABP-Group\aspnet-core\src\ABPGroup.Application\ABPGroup.Application.csproj]
C:\Users\Nhlakanipho\Documents\Projects\ABP-Group\aspnet-core\src\ABPGroup.Application\Projects\Dto\CreateUpdateProjectDto.cs(34,26): warning CS1591: Missing XML comment for publicly visible type or member 'CreateUpdateProjectDto.Status' [C:\Users\Nhlakanipho\Documents\Projects\ABP-Group\aspnet-core\src\ABPGroup.Application\ABPGroup.Application.csproj]
C:\Users\Nhlakanipho\Documents\Projects\ABP-Group\aspnet-core\src\ABPGroup.Application\Projects\Dto\CreateUpdateProjectDto.cs(36,17): warning CS1591: Missing XML comment for publicly visible type or member 'CreateUpdateProjectDto.TemplateId' [C:\Users\Nhlakanipho\Documents\Projects\ABP-Group\aspnet-core\src\ABPGroup.Application\ABPGroup.Application.csproj]
C:\Users\Nhlakanipho\Documents\Projects\ABP-Group\aspnet-core\src\ABPGroup.Application\Projects\Dto\PagedProjectResultRequestDto.cs(7,14): warning CS1591: Missing XML comment for publicly visible type or member 'PagedProjectResultRequestDto' [C:\Users\Nhlakanipho\Documents\Projects\ABP-Group\aspnet-core\src\ABPGroup.Application\ABPGroup.Application.csproj]
C:\Users\Nhlakanipho\Documents\Projects\ABP-Group\aspnet-core\src\ABPGroup.Application\Projects\Dto\PagedProjectResultRequestDto.cs(9,19): warning CS1591: Missing XML comment for publicly visible type or member 'PagedProjectResultRequestDto.Keyword' [C:\Users\Nhlakanipho\Documents\Projects\ABP-Group\aspnet-core\src\ABPGroup.Application\ABPGroup.Application.csproj]
C:\Users\Nhlakanipho\Documents\Projects\ABP-Group\aspnet-core\src\ABPGroup.Application\Projects\Dto\PagedProjectResultRequestDto.cs(11,17): warning CS1591: Missing XML comment for publicly visible type or member 'PagedProjectResultRequestDto.WorkspaceId' [C:\Users\Nhlakanipho\Documents\Projects\ABP-Group\aspnet-core\src\ABPGroup.Application\ABPGroup.Application.csproj]
C:\Users\Nhlakanipho\Documents\Projects\ABP-Group\aspnet-core\src\ABPGroup.Application\Projects\Dto\PagedProjectResultRequestDto.cs(13,17): warning CS1591: Missing XML comment for publicly visible type or member 'PagedProjectResultRequestDto.Normalize()' [C:\Users\Nhlakanipho\Documents\Projects\ABP-Group\aspnet-core\src\ABPGroup.Application\ABPGroup.Application.csproj]
C:\Users\Nhlakanipho\Documents\Projects\ABP-Group\aspnet-core\src\ABPGroup.Application\Projects\Dto\ProjectDto.cs(8,14): warning CS1591: Missing XML comment for publicly visible type or member 'ProjectDto' [C:\Users\Nhlakanipho\Documents\Projects\ABP-Group\aspnet-core\src\ABPGroup.Application\ABPGroup.Application.csproj]
C:\Users\Nhlakanipho\Documents\Projects\ABP-Group\aspnet-core\src\ABPGroup.Application\Projects\Dto\ProjectDto.cs(10,16): warning CS1591: Missing XML comment for publicly visible type or member 'ProjectDto.WorkspaceId' [C:\Users\Nhlakanipho\Documents\Projects\ABP-Group\aspnet-core\src\ABPGroup.Application\ABPGroup.Application.csproj]
C:\Users\Nhlakanipho\Documents\Projects\ABP-Group\aspnet-core\src\ABPGroup.Application\Projects\Dto\ProjectDto.cs(12,18): warning CS1591: Missing XML comment for publicly visible type or member 'ProjectDto.PromptId' [C:\Users\Nhlakanipho\Documents\Projects\ABP-Group\aspnet-core\src\ABPGroup.Application\ABPGroup.Application.csproj]
C:\Users\Nhlakanipho\Documents\Projects\ABP-Group\aspnet-core\src\ABPGroup.Application\Projects\Dto\ProjectDto.cs(14,19): warning CS1591: Missing XML comment for publicly visible type or member 'ProjectDto.Name' [C:\Users\Nhlakanipho\Documents\Projects\ABP-Group\aspnet-core\src\ABPGroup.Application\ABPGroup.Application.csproj]
C:\Users\Nhlakanipho\Documents\Projects\ABP-Group\aspnet-core\src\ABPGroup.Application\Projects\Dto\ProjectDto.cs(16,19): warning CS1591: Missing XML comment for publicly visible type or member 'ProjectDto.Prompt' [C:\Users\Nhlakanipho\Documents\Projects\ABP-Group\aspnet-core\src\ABPGroup.Application\ABPGroup.Application.csproj]
C:\Users\Nhlakanipho\Documents\Projects\ABP-Group\aspnet-core\src\ABPGroup.Application\Projects\Dto\ProjectDto.cs(18,16): warning CS1591: Missing XML comment for publicly visible type or member 'ProjectDto.PromptVersion' [C:\Users\Nhlakanipho\Documents\Projects\ABP-Group\aspnet-core\src\ABPGroup.Application\ABPGroup.Application.csproj]
C:\Users\Nhlakanipho\Documents\Projects\ABP-Group\aspnet-core\src\ABPGroup.Application\Projects\Dto\ProjectDto.cs(20,22): warning CS1591: Missing XML comment for publicly visible type or member 'ProjectDto.PromptSubmittedAt' [C:\Users\Nhlakanipho\Documents\Projects\ABP-Group\aspnet-core\src\ABPGroup.Application\ABPGroup.Application.csproj]
C:\Users\Nhlakanipho\Documents\Projects\ABP-Group\aspnet-core\src\ABPGroup.Application\Projects\Dto\ProjectDto.cs(22,22): warning CS1591: Missing XML comment for publicly visible type or member 'ProjectDto.Framework' [C:\Users\Nhlakanipho\Documents\Projects\ABP-Group\aspnet-core\src\ABPGroup.Application\ABPGroup.Application.csproj]
C:\Users\Nhlakanipho\Documents\Projects\ABP-Group\aspnet-core\src\ABPGroup.Application\Projects\Dto\ProjectDto.cs(24,32): warning CS1591: Missing XML comment for publicly visible type or member 'ProjectDto.Language' [C:\Users\Nhlakanipho\Documents\Projects\ABP-Group\aspnet-core\src\ABPGroup.Application\ABPGroup.Application.csproj]
C:\Users\Nhlakanipho\Documents\Projects\ABP-Group\aspnet-core\src\ABPGroup.Application\Projects\Dto\ProjectDto.cs(26,27): warning CS1591: Missing XML comment for publicly visible type or member 'ProjectDto.DatabaseOption' [C:\Users\Nhlakanipho\Documents\Projects\ABP-Group\aspnet-core\src\ABPGroup.Application\ABPGroup.Application.csproj]
C:\Users\Nhlakanipho\Documents\Projects\ABP-Group\aspnet-core\src\ABPGroup.Application\Projects\Dto\ProjectDto.cs(28,17): warning CS1591: Missing XML comment for publicly visible type or member 'ProjectDto.IncludeAuth' [C:\Users\Nhlakanipho\Documents\Projects\ABP-Group\aspnet-core\src\ABPGroup.Application\ABPGroup.Application.csproj]
C:\Users\Nhlakanipho\Documents\Projects\ABP-Group\aspnet-core\src\ABPGroup.Application\Projects\Dto\ProjectDto.cs(30,26): warning CS1591: Missing XML comment for publicly visible type or member 'ProjectDto.Status' [C:\Users\Nhlakanipho\Documents\Projects\ABP-Group\aspnet-core\src\ABPGroup.Application\ABPGroup.Application.csproj]
C:\Users\Nhlakanipho\Documents\Projects\ABP-Group\aspnet-core\src\ABPGroup.Application\Projects\Dto\ProjectDto.cs(32,21): warning CS1591: Missing XML comment for publicly visible type or member 'ProjectDto.CreatedAt' [C:\Users\Nhlakanipho\Documents\Projects\ABP-Group\aspnet-core\src\ABPGroup.Application\ABPGroup.Application.csproj]
C:\Users\Nhlakanipho\Documents\Projects\ABP-Group\aspnet-core\src\ABPGroup.Application\Projects\Dto\ProjectDto.cs(34,21): warning CS1591: Missing XML comment for publicly visible type or member 'ProjectDto.UpdatedAt' [C:\Users\Nhlakanipho\Documents\Projects\ABP-Group\aspnet-core\src\ABPGroup.Application\ABPGroup.Application.csproj]
C:\Users\Nhlakanipho\Documents\Projects\ABP-Group\aspnet-core\src\ABPGroup.Application\Projects\Dto\ProjectDto.cs(36,17): warning CS1591: Missing XML comment for publicly visible type or member 'ProjectDto.TemplateId' [C:\Users\Nhlakanipho\Documents\Projects\ABP-Group\aspnet-core\src\ABPGroup.Application\ABPGroup.Application.csproj]
C:\Users\Nhlakanipho\Documents\Projects\ABP-Group\aspnet-core\src\ABPGroup.Application\Projects\Dto\ProjectDto.cs(38,19): warning CS1591: Missing XML comment for publicly visible type or member 'ProjectDto.ArchitectureSummary' [C:\Users\Nhlakanipho\Documents\Projects\ABP-Group\aspnet-core\src\ABPGroup.Application\ABPGroup.Application.csproj]
C:\Users\Nhlakanipho\Documents\Projects\ABP-Group\aspnet-core\src\ABPGroup.Application\Projects\Dto\ProjectDto.cs(40,19): warning CS1591: Missing XML comment for publicly visible type or member 'ProjectDto.GeneratedModules' [C:\Users\Nhlakanipho\Documents\Projects\ABP-Group\aspnet-core\src\ABPGroup.Application\ABPGroup.Application.csproj]
C:\Users\Nhlakanipho\Documents\Projects\ABP-Group\aspnet-core\src\ABPGroup.Application\Projects\Dto\ProjectDto.cs(42,19): warning CS1591: Missing XML comment for publicly visible type or member 'ProjectDto.StatusMessage' [C:\Users\Nhlakanipho\Documents\Projects\ABP-Group\aspnet-core\src\ABPGroup.Application\ABPGroup.Application.csproj]
C:\Users\Nhlakanipho\Documents\Projects\ABP-Group\aspnet-core\src\ABPGroup.Application\Projects\IProjectAppService.cs(6,18): warning CS1591: Missing XML comment for publicly visible type or member 'IProjectAppService' [C:\Users\Nhlakanipho\Documents\Projects\ABP-Group\aspnet-core\src\ABPGroup.Application\ABPGroup.Application.csproj]
C:\Users\Nhlakanipho\Documents\Projects\ABP-Group\aspnet-core\src\ABPGroup.Application\Projects\ProjectAppService.cs(17,14): warning CS1591: Missing XML comment for publicly visible type or member 'ProjectAppService' [C:\Users\Nhlakanipho\Documents\Projects\ABP-Group\aspnet-core\src\ABPGroup.Application\ABPGroup.Application.csproj]
C:\Users\Nhlakanipho\Documents\Projects\ABP-Group\aspnet-core\src\ABPGroup.Application\Projects\ProjectAppService.cs(24,12): warning CS1591: Missing XML comment for publicly visible type or member 'ProjectAppService.ProjectAppService(IRepository<Project, long>, IRepository<Prompt, long>, IRepository<Tenant, int>, TenantManager, ICodeGenAppService)' [C:\Users\Nhlakanipho\Documents\Projects\ABP-Group\aspnet-core\src\ABPGroup.Application\ABPGroup.Application.csproj]
C:\Users\Nhlakanipho\Documents\Projects\ABP-Group\aspnet-core\src\ABPGroup.Application\Projects\ProjectAppService.cs(43,60): warning CS1591: Missing XML comment for publicly visible type or member 'ProjectAppService.GetAllAsync(PagedProjectResultRequestDto)' [C:\Users\Nhlakanipho\Documents\Projects\ABP-Group\aspnet-core\src\ABPGroup.Application\ABPGroup.Application.csproj]
C:\Users\Nhlakanipho\Documents\Projects\ABP-Group\aspnet-core\src\ABPGroup.Application\Projects\ProjectAppService.cs(53,44): warning CS1591: Missing XML comment for publicly visible type or member 'ProjectAppService.CreateAsync(CreateUpdateProjectDto)' [C:\Users\Nhlakanipho\Documents\Projects\ABP-Group\aspnet-core\src\ABPGroup.Application\ABPGroup.Application.csproj]
C:\Users\Nhlakanipho\Documents\Projects\ABP-Group\aspnet-core\src\ABPGroup.Application\Projects\ProjectAppService.cs(194,44): warning CS1591: Missing XML comment for publicly visible type or member 'ProjectAppService.UpdateAsync(CreateUpdateProjectDto)' [C:\Users\Nhlakanipho\Documents\Projects\ABP-Group\aspnet-core\src\ABPGroup.Application\ABPGroup.Application.csproj]
C:\Users\Nhlakanipho\Documents\Projects\ABP-Group\aspnet-core\src\ABPGroup.Application\Projects\ProjectAppService.cs(211,44): warning CS1591: Missing XML comment for publicly visible type or member 'ProjectAppService.CreateFilteredQuery(PagedProjectResultRequestDto)' [C:\Users\Nhlakanipho\Documents\Projects\ABP-Group\aspnet-core\src\ABPGroup.Application\ABPGroup.Application.csproj]
C:\Users\Nhlakanipho\Documents\Projects\ABP-Group\aspnet-core\src\ABPGroup.Application\Projects\ProjectAppService.cs(219,44): warning CS1591: Missing XML comment for publicly visible type or member 'ProjectAppService.ApplySorting(IQueryable<Project>, PagedProjectResultRequestDto)' [C:\Users\Nhlakanipho\Documents\Projects\ABP-Group\aspnet-core\src\ABPGroup.Application\ABPGroup.Application.csproj]
C:\Users\Nhlakanipho\Documents\Projects\ABP-Group\aspnet-core\src\ABPGroup.Application\Prompts\Dto\CreateUpdatePromptDto.cs(10,14): warning CS1591: Missing XML comment for publicly visible type or member 'CreateUpdatePromptDto' [C:\Users\Nhlakanipho\Documents\Projects\ABP-Group\aspnet-core\src\ABPGroup.Application\ABPGroup.Application.csproj]
C:\Users\Nhlakanipho\Documents\Projects\ABP-Group\aspnet-core\src\ABPGroup.Application\Prompts\Dto\CreateUpdatePromptDto.cs(13,17): warning CS1591: Missing XML comment for publicly visible type or member 'CreateUpdatePromptDto.ProjectId' [C:\Users\Nhlakanipho\Documents\Projects\ABP-Group\aspnet-core\src\ABPGroup.Application\ABPGroup.Application.csproj]
C:\Users\Nhlakanipho\Documents\Projects\ABP-Group\aspnet-core\src\ABPGroup.Application\Prompts\Dto\CreateUpdatePromptDto.cs(16,19): warning CS1591: Missing XML comment for publicly visible type or member 'CreateUpdatePromptDto.Content' [C:\Users\Nhlakanipho\Documents\Projects\ABP-Group\aspnet-core\src\ABPGroup.Application\ABPGroup.Application.csproj]
C:\Users\Nhlakanipho\Documents\Projects\ABP-Group\aspnet-core\src\ABPGroup.Application\Prompts\Dto\CreateUpdatePromptDto.cs(18,16): warning CS1591: Missing XML comment for publicly visible type or member 'CreateUpdatePromptDto.Version' [C:\Users\Nhlakanipho\Documents\Projects\ABP-Group\aspnet-core\src\ABPGroup.Application\ABPGroup.Application.csproj]
C:\Users\Nhlakanipho\Documents\Projects\ABP-Group\aspnet-core\src\ABPGroup.Application\Prompts\Dto\CreateUpdatePromptDto.cs(20,22): warning CS1591: Missing XML comment for publicly visible type or member 'CreateUpdatePromptDto.SubmittedAt' [C:\Users\Nhlakanipho\Documents\Projects\ABP-Group\aspnet-core\src\ABPGroup.Application\ABPGroup.Application.csproj]
C:\Users\Nhlakanipho\Documents\Projects\ABP-Group\aspnet-core\src\ABPGroup.Application\Prompts\Dto\PagedPromptResultRequestDto.cs(7,14): warning CS1591: Missing XML comment for publicly visible type or member 'PagedPromptResultRequestDto' [C:\Users\Nhlakanipho\Documents\Projects\ABP-Group\aspnet-core\src\ABPGroup.Application\ABPGroup.Application.csproj]
C:\Users\Nhlakanipho\Documents\Projects\ABP-Group\aspnet-core\src\ABPGroup.Application\Prompts\Dto\PagedPromptResultRequestDto.cs(9,19): warning CS1591: Missing XML comment for publicly visible type or member 'PagedPromptResultRequestDto.Keyword' [C:\Users\Nhlakanipho\Documents\Projects\ABP-Group\aspnet-core\src\ABPGroup.Application\ABPGroup.Application.csproj]
C:\Users\Nhlakanipho\Documents\Projects\ABP-Group\aspnet-core\src\ABPGroup.Application\Prompts\Dto\PagedPromptResultRequestDto.cs(11,18): warning CS1591: Missing XML comment for publicly visible type or member 'PagedPromptResultRequestDto.ProjectId' [C:\Users\Nhlakanipho\Documents\Projects\ABP-Group\aspnet-core\src\ABPGroup.Application\ABPGroup.Application.csproj]
C:\Users\Nhlakanipho\Documents\Projects\ABP-Group\aspnet-core\src\ABPGroup.Application\Prompts\Dto\PagedPromptResultRequestDto.cs(13,17): warning CS1591: Missing XML comment for publicly visible type or member 'PagedPromptResultRequestDto.Normalize()' [C:\Users\Nhlakanipho\Documents\Projects\ABP-Group\aspnet-core\src\ABPGroup.Application\ABPGroup.Application.csproj]
C:\Users\Nhlakanipho\Documents\Projects\ABP-Group\aspnet-core\src\ABPGroup.Application\Prompts\Dto\PromptDto.cs(9,14): warning CS1591: Missing XML comment for publicly visible type or member 'PromptDto' [C:\Users\Nhlakanipho\Documents\Projects\ABP-Group\aspnet-core\src\ABPGroup.Application\ABPGroup.Application.csproj]
C:\Users\Nhlakanipho\Documents\Projects\ABP-Group\aspnet-core\src\ABPGroup.Application\Prompts\Dto\PromptDto.cs(11,17): warning CS1591: Missing XML comment for publicly visible type or member 'PromptDto.ProjectId' [C:\Users\Nhlakanipho\Documents\Projects\ABP-Group\aspnet-core\src\ABPGroup.Application\ABPGroup.Application.csproj]
C:\Users\Nhlakanipho\Documents\Projects\ABP-Group\aspnet-core\src\ABPGroup.Application\Prompts\Dto\PromptDto.cs(13,19): warning CS1591: Missing XML comment for publicly visible type or member 'PromptDto.Content' [C:\Users\Nhlakanipho\Documents\Projects\ABP-Group\aspnet-core\src\ABPGroup.Application\ABPGroup.Application.csproj]
C:\Users\Nhlakanipho\Documents\Projects\ABP-Group\aspnet-core\src\ABPGroup.Application\Prompts\Dto\PromptDto.cs(15,16): warning CS1591: Missing XML comment for publicly visible type or member 'PromptDto.Version' [C:\Users\Nhlakanipho\Documents\Projects\ABP-Group\aspnet-core\src\ABPGroup.Application\ABPGroup.Application.csproj]
C:\Users\Nhlakanipho\Documents\Projects\ABP-Group\aspnet-core\src\ABPGroup.Application\Prompts\Dto\PromptDto.cs(17,22): warning CS1591: Missing XML comment for publicly visible type or member 'PromptDto.SubmittedAt' [C:\Users\Nhlakanipho\Documents\Projects\ABP-Group\aspnet-core\src\ABPGroup.Application\ABPGroup.Application.csproj]
C:\Users\Nhlakanipho\Documents\Projects\ABP-Group\aspnet-core\src\ABPGroup.Application\Prompts\Dto\PromptDto.cs(19,21): warning CS1591: Missing XML comment for publicly visible type or member 'PromptDto.CreatedAt' [C:\Users\Nhlakanipho\Documents\Projects\ABP-Group\aspnet-core\src\ABPGroup.Application\ABPGroup.Application.csproj]
C:\Users\Nhlakanipho\Documents\Projects\ABP-Group\aspnet-core\src\ABPGroup.Application\Prompts\IPromptAppService.cs(6,18): warning CS1591: Missing XML comment for publicly visible type or member 'IPromptAppService' [C:\Users\Nhlakanipho\Documents\Projects\ABP-Group\aspnet-core\src\ABPGroup.Application\ABPGroup.Application.csproj]
C:\Users\Nhlakanipho\Documents\Projects\ABP-Group\aspnet-core\src\ABPGroup.Application\Prompts\PromptAppService.cs(13,14): warning CS1591: Missing XML comment for publicly visible type or member 'PromptAppService' [C:\Users\Nhlakanipho\Documents\Projects\ABP-Group\aspnet-core\src\ABPGroup.Application\ABPGroup.Application.csproj]
C:\Users\Nhlakanipho\Documents\Projects\ABP-Group\aspnet-core\src\ABPGroup.Application\Prompts\PromptAppService.cs(15,12): warning CS1591: Missing XML comment for publicly visible type or member 'PromptAppService.PromptAppService(IRepository<Prompt, long>)' [C:\Users\Nhlakanipho\Documents\Projects\ABP-Group\aspnet-core\src\ABPGroup.Application\ABPGroup.Application.csproj]
C:\Users\Nhlakanipho\Documents\Projects\ABP-Group\aspnet-core\src\ABPGroup.Application\Prompts\PromptAppService.cs(25,31): warning CS1591: Missing XML comment for publicly visible type or member 'PromptAppService.MapToEntity(CreateUpdatePromptDto)' [C:\Users\Nhlakanipho\Documents\Projects\ABP-Group\aspnet-core\src\ABPGroup.Application\ABPGroup.Application.csproj]
C:\Users\Nhlakanipho\Documents\Projects\ABP-Group\aspnet-core\src\ABPGroup.Application\Prompts\PromptAppService.cs(32,43): warning CS1591: Missing XML comment for publicly visible type or member 'PromptAppService.CreateFilteredQuery(PagedPromptResultRequestDto)' [C:\Users\Nhlakanipho\Documents\Projects\ABP-Group\aspnet-core\src\ABPGroup.Application\ABPGroup.Application.csproj]
C:\Users\Nhlakanipho\Documents\Projects\ABP-Group\aspnet-core\src\ABPGroup.Application\Prompts\PromptAppService.cs(39,43): warning CS1591: Missing XML comment for publicly visible type or member 'PromptAppService.ApplySorting(IQueryable<Prompt>, PagedPromptResultRequestDto)' [C:\Users\Nhlakanipho\Documents\Projects\ABP-Group\aspnet-core\src\ABPGroup.Application\ABPGroup.Application.csproj]
C:\Users\Nhlakanipho\Documents\Projects\ABP-Group\aspnet-core\src\ABPGroup.Application\Roles\Dto\CreateRoleDto.cs(8,14): warning CS1591: Missing XML comment for publicly visible type or member 'CreateRoleDto' [C:\Users\Nhlakanipho\Documents\Projects\ABP-Group\aspnet-core\src\ABPGroup.Application\ABPGroup.Application.csproj]
C:\Users\Nhlakanipho\Documents\Projects\ABP-Group\aspnet-core\src\ABPGroup.Application\Roles\Dto\CreateRoleDto.cs(12,19): warning CS1591: Missing XML comment for publicly visible type or member 'CreateRoleDto.Name' [C:\Users\Nhlakanipho\Documents\Projects\ABP-Group\aspnet-core\src\ABPGroup.Application\ABPGroup.Application.csproj]
C:\Users\Nhlakanipho\Documents\Projects\ABP-Group\aspnet-core\src\ABPGroup.Application\Roles\Dto\CreateRoleDto.cs(16,19): warning CS1591: Missing XML comment for publicly visible type or member 'CreateRoleDto.DisplayName' [C:\Users\Nhlakanipho\Documents\Projects\ABP-Group\aspnet-core\src\ABPGroup.Application\ABPGroup.Application.csproj]
C:\Users\Nhlakanipho\Documents\Projects\ABP-Group\aspnet-core\src\ABPGroup.Application\Roles\Dto\CreateRoleDto.cs(18,19): warning CS1591: Missing XML comment for publicly visible type or member 'CreateRoleDto.NormalizedName' [C:\Users\Nhlakanipho\Documents\Projects\ABP-Group\aspnet-core\src\ABPGroup.Application\ABPGroup.Application.csproj]
C:\Users\Nhlakanipho\Documents\Projects\ABP-Group\aspnet-core\src\ABPGroup.Application\Roles\Dto\CreateRoleDto.cs(21,19): warning CS1591: Missing XML comment for publicly visible type or member 'CreateRoleDto.Description' [C:\Users\Nhlakanipho\Documents\Projects\ABP-Group\aspnet-core\src\ABPGroup.Application\ABPGroup.Application.csproj]
C:\Users\Nhlakanipho\Documents\Projects\ABP-Group\aspnet-core\src\ABPGroup.Application\Roles\Dto\CreateRoleDto.cs(23,25): warning CS1591: Missing XML comment for publicly visible type or member 'CreateRoleDto.GrantedPermissions' [C:\Users\Nhlakanipho\Documents\Projects\ABP-Group\aspnet-core\src\ABPGroup.Application\ABPGroup.Application.csproj]
C:\Users\Nhlakanipho\Documents\Projects\ABP-Group\aspnet-core\src\ABPGroup.Application\Roles\Dto\CreateRoleDto.cs(25,12): warning CS1591: Missing XML comment for publicly visible type or member 'CreateRoleDto.CreateRoleDto()' [C:\Users\Nhlakanipho\Documents\Projects\ABP-Group\aspnet-core\src\ABPGroup.Application\ABPGroup.Application.csproj]
C:\Users\Nhlakanipho\Documents\Projects\ABP-Group\aspnet-core\src\ABPGroup.Application\Roles\Dto\FlatPermissionDto.cs(3,14): warning CS1591: Missing XML comment for publicly visible type or member 'FlatPermissionDto' [C:\Users\Nhlakanipho\Documents\Projects\ABP-Group\aspnet-core\src\ABPGroup.Application\ABPGroup.Application.csproj]
C:\Users\Nhlakanipho\Documents\Projects\ABP-Group\aspnet-core\src\ABPGroup.Application\Roles\Dto\FlatPermissionDto.cs(5,19): warning CS1591: Missing XML comment for publicly visible type or member 'FlatPermissionDto.Name' [C:\Users\Nhlakanipho\Documents\Projects\ABP-Group\aspnet-core\src\ABPGroup.Application\ABPGroup.Application.csproj]
C:\Users\Nhlakanipho\Documents\Projects\ABP-Group\aspnet-core\src\ABPGroup.Application\Roles\Dto\FlatPermissionDto.cs(7,19): warning CS1591: Missing XML comment for publicly visible type or member 'FlatPermissionDto.DisplayName' [C:\Users\Nhlakanipho\Documents\Projects\ABP-Group\aspnet-core\src\ABPGroup.Application\ABPGroup.Application.csproj]
C:\Users\Nhlakanipho\Documents\Projects\ABP-Group\aspnet-core\src\ABPGroup.Application\Roles\Dto\FlatPermissionDto.cs(9,19): warning CS1591: Missing XML comment for publicly visible type or member 'FlatPermissionDto.Description' [C:\Users\Nhlakanipho\Documents\Projects\ABP-Group\aspnet-core\src\ABPGroup.Application\ABPGroup.Application.csproj]
C:\Users\Nhlakanipho\Documents\Projects\ABP-Group\aspnet-core\src\ABPGroup.Application\Roles\Dto\GetRoleForEditOutput.cs(5,14): warning CS1591: Missing XML comment for publicly visible type or member 'GetRoleForEditOutput' [C:\Users\Nhlakanipho\Documents\Projects\ABP-Group\aspnet-core\src\ABPGroup.Application\ABPGroup.Application.csproj]
C:\Users\Nhlakanipho\Documents\Projects\ABP-Group\aspnet-core\src\ABPGroup.Application\Roles\Dto\GetRoleForEditOutput.cs(7,24): warning CS1591: Missing XML comment for publicly visible type or member 'GetRoleForEditOutput.Role' [C:\Users\Nhlakanipho\Documents\Projects\ABP-Group\aspnet-core\src\ABPGroup.Application\ABPGroup.Application.csproj]
C:\Users\Nhlakanipho\Documents\Projects\ABP-Group\aspnet-core\src\ABPGroup.Application\Roles\Dto\GetRoleForEditOutput.cs(9,36): warning CS1591: Missing XML comment for publicly visible type or member 'GetRoleForEditOutput.Permissions' [C:\Users\Nhlakanipho\Documents\Projects\ABP-Group\aspnet-core\src\ABPGroup.Application\ABPGroup.Application.csproj]
C:\Users\Nhlakanipho\Documents\Projects\ABP-Group\aspnet-core\src\ABPGroup.Application\Roles\Dto\GetRoleForEditOutput.cs(11,25): warning CS1591: Missing XML comment for publicly visible type or member 'GetRoleForEditOutput.GrantedPermissionNames' [C:\Users\Nhlakanipho\Documents\Projects\ABP-Group\aspnet-core\src\ABPGroup.Application\ABPGroup.Application.csproj]
C:\Users\Nhlakanipho\Documents\Projects\ABP-Group\aspnet-core\src\ABPGroup.Application\Roles\Dto\GetRolesInput.cs(3,14): warning CS1591: Missing XML comment for publicly visible type or member 'GetRolesInput' [C:\Users\Nhlakanipho\Documents\Projects\ABP-Group\aspnet-core\src\ABPGroup.Application\ABPGroup.Application.csproj]
C:\Users\Nhlakanipho\Documents\Projects\ABP-Group\aspnet-core\src\ABPGroup.Application\Roles\Dto\GetRolesInput.cs(5,19): warning CS1591: Missing XML comment for publicly visible type or member 'GetRolesInput.Permission' [C:\Users\Nhlakanipho\Documents\Projects\ABP-Group\aspnet-core\src\ABPGroup.Application\ABPGroup.Application.csproj]
C:\Users\Nhlakanipho\Documents\Projects\ABP-Group\aspnet-core\src\ABPGroup.Application\Roles\Dto\PagedRoleResultRequestDto.cs(6,14): warning CS1591: Missing XML comment for publicly visible type or member 'PagedRoleResultRequestDto' [C:\Users\Nhlakanipho\Documents\Projects\ABP-Group\aspnet-core\src\ABPGroup.Application\ABPGroup.Application.csproj]
C:\Users\Nhlakanipho\Documents\Projects\ABP-Group\aspnet-core\src\ABPGroup.Application\Roles\Dto\PagedRoleResultRequestDto.cs(8,19): warning CS1591: Missing XML comment for publicly visible type or member 'PagedRoleResultRequestDto.Keyword' [C:\Users\Nhlakanipho\Documents\Projects\ABP-Group\aspnet-core\src\ABPGroup.Application\ABPGroup.Application.csproj]
C:\Users\Nhlakanipho\Documents\Projects\ABP-Group\aspnet-core\src\ABPGroup.Application\Roles\Dto\PagedRoleResultRequestDto.cs(9,19): warning CS1591: Missing XML comment for publicly visible type or member 'PagedRoleResultRequestDto.Sorting' [C:\Users\Nhlakanipho\Documents\Projects\ABP-Group\aspnet-core\src\ABPGroup.Application\ABPGroup.Application.csproj]
C:\Users\Nhlakanipho\Documents\Projects\ABP-Group\aspnet-core\src\ABPGroup.Application\Roles\Dto\PagedRoleResultRequestDto.cs(11,17): warning CS1591: Missing XML comment for publicly visible type or member 'PagedRoleResultRequestDto.Normalize()' [C:\Users\Nhlakanipho\Documents\Projects\ABP-Group\aspnet-core\src\ABPGroup.Application\ABPGroup.Application.csproj]
C:\Users\Nhlakanipho\Documents\Projects\ABP-Group\aspnet-core\src\ABPGroup.Application\Roles\Dto\PermissionDto.cs(8,14): warning CS1591: Missing XML comment for publicly visible type or member 'PermissionDto' [C:\Users\Nhlakanipho\Documents\Projects\ABP-Group\aspnet-core\src\ABPGroup.Application\ABPGroup.Application.csproj]
C:\Users\Nhlakanipho\Documents\Projects\ABP-Group\aspnet-core\src\ABPGroup.Application\Roles\Dto\PermissionDto.cs(10,19): warning CS1591: Missing XML comment for publicly visible type or member 'PermissionDto.Name' [C:\Users\Nhlakanipho\Documents\Projects\ABP-Group\aspnet-core\src\ABPGroup.Application\ABPGroup.Application.csproj]
C:\Users\Nhlakanipho\Documents\Projects\ABP-Group\aspnet-core\src\ABPGroup.Application\Roles\Dto\PermissionDto.cs(12,19): warning CS1591: Missing XML comment for publicly visible type or member 'PermissionDto.DisplayName' [C:\Users\Nhlakanipho\Documents\Projects\ABP-Group\aspnet-core\src\ABPGroup.Application\ABPGroup.Application.csproj]
C:\Users\Nhlakanipho\Documents\Projects\ABP-Group\aspnet-core\src\ABPGroup.Application\Roles\Dto\PermissionDto.cs(14,19): warning CS1591: Missing XML comment for publicly visible type or member 'PermissionDto.Description' [C:\Users\Nhlakanipho\Documents\Projects\ABP-Group\aspnet-core\src\ABPGroup.Application\ABPGroup.Application.csproj]
C:\Users\Nhlakanipho\Documents\Projects\ABP-Group\aspnet-core\src\ABPGroup.Application\Roles\Dto\RoleDto.cs(9,14): warning CS1591: Missing XML comment for publicly visible type or member 'RoleDto' [C:\Users\Nhlakanipho\Documents\Projects\ABP-Group\aspnet-core\src\ABPGroup.Application\ABPGroup.Application.csproj]
C:\Users\Nhlakanipho\Documents\Projects\ABP-Group\aspnet-core\src\ABPGroup.Application\Roles\Dto\RoleDto.cs(13,19): warning CS1591: Missing XML comment for publicly visible type or member 'RoleDto.Name' [C:\Users\Nhlakanipho\Documents\Projects\ABP-Group\aspnet-core\src\ABPGroup.Application\ABPGroup.Application.csproj]
C:\Users\Nhlakanipho\Documents\Projects\ABP-Group\aspnet-core\src\ABPGroup.Application\Roles\Dto\RoleDto.cs(17,19): warning CS1591: Missing XML comment for publicly visible type or member 'RoleDto.DisplayName' [C:\Users\Nhlakanipho\Documents\Projects\ABP-Group\aspnet-core\src\ABPGroup.Application\ABPGroup.Application.csproj]
C:\Users\Nhlakanipho\Documents\Projects\ABP-Group\aspnet-core\src\ABPGroup.Application\Roles\Dto\RoleDto.cs(19,19): warning CS1591: Missing XML comment for publicly visible type or member 'RoleDto.NormalizedName' [C:\Users\Nhlakanipho\Documents\Projects\ABP-Group\aspnet-core\src\ABPGroup.Application\ABPGroup.Application.csproj]
C:\Users\Nhlakanipho\Documents\Projects\ABP-Group\aspnet-core\src\ABPGroup.Application\Roles\Dto\RoleDto.cs(22,19): warning CS1591: Missing XML comment for publicly visible type or member 'RoleDto.Description' [C:\Users\Nhlakanipho\Documents\Projects\ABP-Group\aspnet-core\src\ABPGroup.Application\ABPGroup.Application.csproj]
C:\Users\Nhlakanipho\Documents\Projects\ABP-Group\aspnet-core\src\ABPGroup.Application\Roles\Dto\RoleDto.cs(24,25): warning CS1591: Missing XML comment for publicly visible type or member 'RoleDto.GrantedPermissions' [C:\Users\Nhlakanipho\Documents\Projects\ABP-Group\aspnet-core\src\ABPGroup.Application\ABPGroup.Application.csproj]
C:\Users\Nhlakanipho\Documents\Projects\ABP-Group\aspnet-core\src\ABPGroup.Application\Roles\Dto\RoleEditDto.cs(8,14): warning CS1591: Missing XML comment for publicly visible type or member 'RoleEditDto' [C:\Users\Nhlakanipho\Documents\Projects\ABP-Group\aspnet-core\src\ABPGroup.Application\ABPGroup.Application.csproj]
C:\Users\Nhlakanipho\Documents\Projects\ABP-Group\aspnet-core\src\ABPGroup.Application\Roles\Dto\RoleEditDto.cs(12,19): warning CS1591: Missing XML comment for publicly visible type or member 'RoleEditDto.Name' [C:\Users\Nhlakanipho\Documents\Projects\ABP-Group\aspnet-core\src\ABPGroup.Application\ABPGroup.Application.csproj]
C:\Users\Nhlakanipho\Documents\Projects\ABP-Group\aspnet-core\src\ABPGroup.Application\Roles\Dto\RoleEditDto.cs(16,19): warning CS1591: Missing XML comment for publicly visible type or member 'RoleEditDto.DisplayName' [C:\Users\Nhlakanipho\Documents\Projects\ABP-Group\aspnet-core\src\ABPGroup.Application\ABPGroup.Application.csproj]
C:\Users\Nhlakanipho\Documents\Projects\ABP-Group\aspnet-core\src\ABPGroup.Application\Roles\Dto\RoleEditDto.cs(19,19): warning CS1591: Missing XML comment for publicly visible type or member 'RoleEditDto.Description' [C:\Users\Nhlakanipho\Documents\Projects\ABP-Group\aspnet-core\src\ABPGroup.Application\ABPGroup.Application.csproj]
C:\Users\Nhlakanipho\Documents\Projects\ABP-Group\aspnet-core\src\ABPGroup.Application\Roles\Dto\RoleEditDto.cs(21,17): warning CS1591: Missing XML comment for publicly visible type or member 'RoleEditDto.IsStatic' [C:\Users\Nhlakanipho\Documents\Projects\ABP-Group\aspnet-core\src\ABPGroup.Application\ABPGroup.Application.csproj]
C:\Users\Nhlakanipho\Documents\Projects\ABP-Group\aspnet-core\src\ABPGroup.Application\Roles\Dto\RoleListDto.cs(7,14): warning CS1591: Missing XML comment for publicly visible type or member 'RoleListDto' [C:\Users\Nhlakanipho\Documents\Projects\ABP-Group\aspnet-core\src\ABPGroup.Application\ABPGroup.Application.csproj]
C:\Users\Nhlakanipho\Documents\Projects\ABP-Group\aspnet-core\src\ABPGroup.Application\Roles\Dto\RoleListDto.cs(9,19): warning CS1591: Missing XML comment for publicly visible type or member 'RoleListDto.Name' [C:\Users\Nhlakanipho\Documents\Projects\ABP-Group\aspnet-core\src\ABPGroup.Application\ABPGroup.Application.csproj]
C:\Users\Nhlakanipho\Documents\Projects\ABP-Group\aspnet-core\src\ABPGroup.Application\Roles\Dto\RoleListDto.cs(11,19): warning CS1591: Missing XML comment for publicly visible type or member 'RoleListDto.DisplayName' [C:\Users\Nhlakanipho\Documents\Projects\ABP-Group\aspnet-core\src\ABPGroup.Application\ABPGroup.Application.csproj]
C:\Users\Nhlakanipho\Documents\Projects\ABP-Group\aspnet-core\src\ABPGroup.Application\Roles\Dto\RoleListDto.cs(13,17): warning CS1591: Missing XML comment for publicly visible type or member 'RoleListDto.IsStatic' [C:\Users\Nhlakanipho\Documents\Projects\ABP-Group\aspnet-core\src\ABPGroup.Application\ABPGroup.Application.csproj]
C:\Users\Nhlakanipho\Documents\Projects\ABP-Group\aspnet-core\src\ABPGroup.Application\Roles\Dto\RoleListDto.cs(15,17): warning CS1591: Missing XML comment for publicly visible type or member 'RoleListDto.IsDefault' [C:\Users\Nhlakanipho\Documents\Projects\ABP-Group\aspnet-core\src\ABPGroup.Application\ABPGroup.Application.csproj]
C:\Users\Nhlakanipho\Documents\Projects\ABP-Group\aspnet-core\src\ABPGroup.Application\Roles\Dto\RoleListDto.cs(17,21): warning CS1591: Missing XML comment for publicly visible type or member 'RoleListDto.CreationTime' [C:\Users\Nhlakanipho\Documents\Projects\ABP-Group\aspnet-core\src\ABPGroup.Application\ABPGroup.Application.csproj]
C:\Users\Nhlakanipho\Documents\Projects\ABP-Group\aspnet-core\src\ABPGroup.Application\Roles\Dto\RoleMapProfile.cs(9,14): warning CS1591: Missing XML comment for publicly visible type or member 'RoleMapProfile' [C:\Users\Nhlakanipho\Documents\Projects\ABP-Group\aspnet-core\src\ABPGroup.Application\ABPGroup.Application.csproj]
C:\Users\Nhlakanipho\Documents\Projects\ABP-Group\aspnet-core\src\ABPGroup.Application\Roles\Dto\RoleMapProfile.cs(11,12): warning CS1591: Missing XML comment for publicly visible type or member 'RoleMapProfile.RoleMapProfile()' [C:\Users\Nhlakanipho\Documents\Projects\ABP-Group\aspnet-core\src\ABPGroup.Application\ABPGroup.Application.csproj]
C:\Users\Nhlakanipho\Documents\Projects\ABP-Group\aspnet-core\src\ABPGroup.Application\Roles\IRoleAppService.cs(8,18): warning CS1591: Missing XML comment for publicly visible type or member 'IRoleAppService' [C:\Users\Nhlakanipho\Documents\Projects\ABP-Group\aspnet-core\src\ABPGroup.Application\ABPGroup.Application.csproj]
C:\Users\Nhlakanipho\Documents\Projects\ABP-Group\aspnet-core\src\ABPGroup.Application\Roles\IRoleAppService.cs(10,40): warning CS1591: Missing XML comment for publicly visible type or member 'IRoleAppService.GetAllPermissions()' [C:\Users\Nhlakanipho\Documents\Projects\ABP-Group\aspnet-core\src\ABPGroup.Application\ABPGroup.Application.csproj]
C:\Users\Nhlakanipho\Documents\Projects\ABP-Group\aspnet-core\src\ABPGroup.Application\Roles\IRoleAppService.cs(12,32): warning CS1591: Missing XML comment for publicly visible type or member 'IRoleAppService.GetRoleForEdit(EntityDto)' [C:\Users\Nhlakanipho\Documents\Projects\ABP-Group\aspnet-core\src\ABPGroup.Application\ABPGroup.Application.csproj]
C:\Users\Nhlakanipho\Documents\Projects\ABP-Group\aspnet-core\src\ABPGroup.Application\Roles\IRoleAppService.cs(14,38): warning CS1591: Missing XML comment for publicly visible type or member 'IRoleAppService.GetRolesAsync(GetRolesInput)' [C:\Users\Nhlakanipho\Documents\Projects\ABP-Group\aspnet-core\src\ABPGroup.Application\ABPGroup.Application.csproj]
C:\Users\Nhlakanipho\Documents\Projects\ABP-Group\aspnet-core\src\ABPGroup.Application\Roles\RoleAppService.cs(22,14): warning CS1591: Missing XML comment for publicly visible type or member 'RoleAppService' [C:\Users\Nhlakanipho\Documents\Projects\ABP-Group\aspnet-core\src\ABPGroup.Application\ABPGroup.Application.csproj]
C:\Users\Nhlakanipho\Documents\Projects\ABP-Group\aspnet-core\src\ABPGroup.Application\Roles\RoleAppService.cs(27,12): warning CS1591: Missing XML comment for publicly visible type or member 'RoleAppService.RoleAppService(IRepository<Role>, RoleManager, UserManager)' [C:\Users\Nhlakanipho\Documents\Projects\ABP-Group\aspnet-core\src\ABPGroup.Application\ABPGroup.Application.csproj]
C:\Users\Nhlakanipho\Documents\Projects\ABP-Group\aspnet-core\src\ABPGroup.Application\Roles\RoleAppService.cs(34,41): warning CS1591: Missing XML comment for publicly visible type or member 'RoleAppService.CreateAsync(CreateRoleDto)' [C:\Users\Nhlakanipho\Documents\Projects\ABP-Group\aspnet-core\src\ABPGroup.Application\ABPGroup.Application.csproj]
C:\Users\Nhlakanipho\Documents\Projects\ABP-Group\aspnet-core\src\ABPGroup.Application\Roles\RoleAppService.cs(53,51): warning CS1591: Missing XML comment for publicly visible type or member 'RoleAppService.GetRolesAsync(GetRolesInput)' [C:\Users\Nhlakanipho\Documents\Projects\ABP-Group\aspnet-core\src\ABPGroup.Application\ABPGroup.Application.csproj]
C:\Users\Nhlakanipho\Documents\Projects\ABP-Group\aspnet-core\src\ABPGroup.Application\Roles\RoleAppService.cs(66,41): warning CS1591: Missing XML comment for publicly visible type or member 'RoleAppService.UpdateAsync(RoleDto)' [C:\Users\Nhlakanipho\Documents\Projects\ABP-Group\aspnet-core\src\ABPGroup.Application\ABPGroup.Application.csproj]
C:\Users\Nhlakanipho\Documents\Projects\ABP-Group\aspnet-core\src\ABPGroup.Application\Roles\RoleAppService.cs(86,32): warning CS1591: Missing XML comment for publicly visible type or member 'RoleAppService.DeleteAsync(EntityDto<int>)' [C:\Users\Nhlakanipho\Documents\Projects\ABP-Group\aspnet-core\src\ABPGroup.Application\ABPGroup.Application.csproj]
C:\Users\Nhlakanipho\Documents\Projects\ABP-Group\aspnet-core\src\ABPGroup.Application\Roles\RoleAppService.cs(101,47): warning CS1591: Missing XML comment for publicly visible type or member 'RoleAppService.GetAllPermissions()' [C:\Users\Nhlakanipho\Documents\Projects\ABP-Group\aspnet-core\src\ABPGroup.Application\ABPGroup.Application.csproj]
C:\Users\Nhlakanipho\Documents\Projects\ABP-Group\aspnet-core\src\ABPGroup.Application\Roles\RoleAppService.cs(110,41): warning CS1591: Missing XML comment for publicly visible type or member 'RoleAppService.CreateFilteredQuery(PagedRoleResultRequestDto)' [C:\Users\Nhlakanipho\Documents\Projects\ABP-Group\aspnet-core\src\ABPGroup.Application\ABPGroup.Application.csproj]
C:\Users\Nhlakanipho\Documents\Projects\ABP-Group\aspnet-core\src\ABPGroup.Application\Roles\RoleAppService.cs(118,41): warning CS1591: Missing XML comment for publicly visible type or member 'RoleAppService.GetEntityByIdAsync(int)' [C:\Users\Nhlakanipho\Documents\Projects\ABP-Group\aspnet-core\src\ABPGroup.Application\ABPGroup.Application.csproj]
C:\Users\Nhlakanipho\Documents\Projects\ABP-Group\aspnet-core\src\ABPGroup.Application\Roles\RoleAppService.cs(123,41): warning CS1591: Missing XML comment for publicly visible type or member 'RoleAppService.ApplySorting(IQueryable<Role>, PagedRoleResultRequestDto)' [C:\Users\Nhlakanipho\Documents\Projects\ABP-Group\aspnet-core\src\ABPGroup.Application\ABPGroup.Application.csproj]
C:\Users\Nhlakanipho\Documents\Projects\ABP-Group\aspnet-core\src\ABPGroup.Application\Roles\RoleAppService.cs(128,28): warning CS1591: Missing XML comment for publicly visible type or member 'RoleAppService.CheckErrors(IdentityResult)' [C:\Users\Nhlakanipho\Documents\Projects\ABP-Group\aspnet-core\src\ABPGroup.Application\ABPGroup.Application.csproj]
C:\Users\Nhlakanipho\Documents\Projects\ABP-Group\aspnet-core\src\ABPGroup.Application\Roles\RoleAppService.cs(133,45): warning CS1591: Missing XML comment for publicly visible type or member 'RoleAppService.GetRoleForEdit(EntityDto)' [C:\Users\Nhlakanipho\Documents\Projects\ABP-Group\aspnet-core\src\ABPGroup.Application\ABPGroup.Application.csproj]
C:\Users\Nhlakanipho\Documents\Projects\ABP-Group\aspnet-core\src\ABPGroup.Application\Sessions\Dto\ApplicationInfoDto.cs(6,14): warning CS1591: Missing XML comment for publicly visible type or member 'ApplicationInfoDto' [C:\Users\Nhlakanipho\Documents\Projects\ABP-Group\aspnet-core\src\ABPGroup.Application\ABPGroup.Application.csproj]
C:\Users\Nhlakanipho\Documents\Projects\ABP-Group\aspnet-core\src\ABPGroup.Application\Sessions\Dto\ApplicationInfoDto.cs(8,19): warning CS1591: Missing XML comment for publicly visible type or member 'ApplicationInfoDto.Version' [C:\Users\Nhlakanipho\Documents\Projects\ABP-Group\aspnet-core\src\ABPGroup.Application\ABPGroup.Application.csproj]
C:\Users\Nhlakanipho\Documents\Projects\ABP-Group\aspnet-core\src\ABPGroup.Application\Sessions\Dto\ApplicationInfoDto.cs(10,21): warning CS1591: Missing XML comment for publicly visible type or member 'ApplicationInfoDto.ReleaseDate' [C:\Users\Nhlakanipho\Documents\Projects\ABP-Group\aspnet-core\src\ABPGroup.Application\ABPGroup.Application.csproj]
C:\Users\Nhlakanipho\Documents\Projects\ABP-Group\aspnet-core\src\ABPGroup.Application\Sessions\Dto\ApplicationInfoDto.cs(12,37): warning CS1591: Missing XML comment for publicly visible type or member 'ApplicationInfoDto.Features' [C:\Users\Nhlakanipho\Documents\Projects\ABP-Group\aspnet-core\src\ABPGroup.Application\ABPGroup.Application.csproj]
C:\Users\Nhlakanipho\Documents\Projects\ABP-Group\aspnet-core\src\ABPGroup.Application\Sessions\Dto\GetCurrentLoginInformationsOutput.cs(3,14): warning CS1591: Missing XML comment for publicly visible type or member 'GetCurrentLoginInformationsOutput' [C:\Users\Nhlakanipho\Documents\Projects\ABP-Group\aspnet-core\src\ABPGroup.Application\ABPGroup.Application.csproj]
C:\Users\Nhlakanipho\Documents\Projects\ABP-Group\aspnet-core\src\ABPGroup.Application\Sessions\Dto\GetCurrentLoginInformationsOutput.cs(5,31): warning CS1591: Missing XML comment for publicly visible type or member 'GetCurrentLoginInformationsOutput.Application' [C:\Users\Nhlakanipho\Documents\Projects\ABP-Group\aspnet-core\src\ABPGroup.Application\ABPGroup.Application.csproj]
C:\Users\Nhlakanipho\Documents\Projects\ABP-Group\aspnet-core\src\ABPGroup.Application\Sessions\Dto\GetCurrentLoginInformationsOutput.cs(7,29): warning CS1591: Missing XML comment for publicly visible type or member 'GetCurrentLoginInformationsOutput.User' [C:\Users\Nhlakanipho\Documents\Projects\ABP-Group\aspnet-core\src\ABPGroup.Application\ABPGroup.Application.csproj]
C:\Users\Nhlakanipho\Documents\Projects\ABP-Group\aspnet-core\src\ABPGroup.Application\Sessions\Dto\GetCurrentLoginInformationsOutput.cs(9,31): warning CS1591: Missing XML comment for publicly visible type or member 'GetCurrentLoginInformationsOutput.Tenant' [C:\Users\Nhlakanipho\Documents\Projects\ABP-Group\aspnet-core\src\ABPGroup.Application\ABPGroup.Application.csproj]
C:\Users\Nhlakanipho\Documents\Projects\ABP-Group\aspnet-core\src\ABPGroup.Application\Sessions\Dto\TenantLoginInfoDto.cs(8,14): warning CS1591: Missing XML comment for publicly visible type or member 'TenantLoginInfoDto' [C:\Users\Nhlakanipho\Documents\Projects\ABP-Group\aspnet-core\src\ABPGroup.Application\ABPGroup.Application.csproj]
C:\Users\Nhlakanipho\Documents\Projects\ABP-Group\aspnet-core\src\ABPGroup.Application\Sessions\Dto\TenantLoginInfoDto.cs(10,19): warning CS1591: Missing XML comment for publicly visible type or member 'TenantLoginInfoDto.TenancyName' [C:\Users\Nhlakanipho\Documents\Projects\ABP-Group\aspnet-core\src\ABPGroup.Application\ABPGroup.Application.csproj]
C:\Users\Nhlakanipho\Documents\Projects\ABP-Group\aspnet-core\src\ABPGroup.Application\Sessions\Dto\TenantLoginInfoDto.cs(12,19): warning CS1591: Missing XML comment for publicly visible type or member 'TenantLoginInfoDto.Name' [C:\Users\Nhlakanipho\Documents\Projects\ABP-Group\aspnet-core\src\ABPGroup.Application\ABPGroup.Application.csproj]
C:\Users\Nhlakanipho\Documents\Projects\ABP-Group\aspnet-core\src\ABPGroup.Application\Sessions\Dto\UserLoginInfoDto.cs(8,14): warning CS1591: Missing XML comment for publicly visible type or member 'UserLoginInfoDto' [C:\Users\Nhlakanipho\Documents\Projects\ABP-Group\aspnet-core\src\ABPGroup.Application\ABPGroup.Application.csproj]
C:\Users\Nhlakanipho\Documents\Projects\ABP-Group\aspnet-core\src\ABPGroup.Application\Sessions\Dto\UserLoginInfoDto.cs(10,19): warning CS1591: Missing XML comment for publicly visible type or member 'UserLoginInfoDto.Name' [C:\Users\Nhlakanipho\Documents\Projects\ABP-Group\aspnet-core\src\ABPGroup.Application\ABPGroup.Application.csproj]
C:\Users\Nhlakanipho\Documents\Projects\ABP-Group\aspnet-core\src\ABPGroup.Application\Sessions\Dto\UserLoginInfoDto.cs(12,19): warning CS1591: Missing XML comment for publicly visible type or member 'UserLoginInfoDto.Surname' [C:\Users\Nhlakanipho\Documents\Projects\ABP-Group\aspnet-core\src\ABPGroup.Application\ABPGroup.Application.csproj]
C:\Users\Nhlakanipho\Documents\Projects\ABP-Group\aspnet-core\src\ABPGroup.Application\Sessions\Dto\UserLoginInfoDto.cs(14,19): warning CS1591: Missing XML comment for publicly visible type or member 'UserLoginInfoDto.UserName' [C:\Users\Nhlakanipho\Documents\Projects\ABP-Group\aspnet-core\src\ABPGroup.Application\ABPGroup.Application.csproj]
C:\Users\Nhlakanipho\Documents\Projects\ABP-Group\aspnet-core\src\ABPGroup.Application\Sessions\Dto\UserLoginInfoDto.cs(16,19): warning CS1591: Missing XML comment for publicly visible type or member 'UserLoginInfoDto.EmailAddress' [C:\Users\Nhlakanipho\Documents\Projects\ABP-Group\aspnet-core\src\ABPGroup.Application\ABPGroup.Application.csproj]
C:\Users\Nhlakanipho\Documents\Projects\ABP-Group\aspnet-core\src\ABPGroup.Application\Sessions\Dto\UserLoginInfoDto.cs(18,21): warning CS1591: Missing XML comment for publicly visible type or member 'UserLoginInfoDto.RoleNames' [C:\Users\Nhlakanipho\Documents\Projects\ABP-Group\aspnet-core\src\ABPGroup.Application\ABPGroup.Application.csproj]
C:\Users\Nhlakanipho\Documents\Projects\ABP-Group\aspnet-core\src\ABPGroup.Application\Sessions\ISessionAppService.cs(7,18): warning CS1591: Missing XML comment for publicly visible type or member 'ISessionAppService' [C:\Users\Nhlakanipho\Documents\Projects\ABP-Group\aspnet-core\src\ABPGroup.Application\ABPGroup.Application.csproj]
C:\Users\Nhlakanipho\Documents\Projects\ABP-Group\aspnet-core\src\ABPGroup.Application\Sessions\ISessionAppService.cs(9,45): warning CS1591: Missing XML comment for publicly visible type or member 'ISessionAppService.GetCurrentLoginInformations()' [C:\Users\Nhlakanipho\Documents\Projects\ABP-Group\aspnet-core\src\ABPGroup.Application\ABPGroup.Application.csproj]
C:\Users\Nhlakanipho\Documents\Projects\ABP-Group\aspnet-core\src\ABPGroup.Application\Sessions\SessionAppService.cs(9,14): warning CS1591: Missing XML comment for publicly visible type or member 'SessionAppService' [C:\Users\Nhlakanipho\Documents\Projects\ABP-Group\aspnet-core\src\ABPGroup.Application\ABPGroup.Application.csproj]
C:\Users\Nhlakanipho\Documents\Projects\ABP-Group\aspnet-core\src\ABPGroup.Application\Sessions\SessionAppService.cs(12,58): warning CS1591: Missing XML comment for publicly visible type or member 'SessionAppService.GetCurrentLoginInformations()' [C:\Users\Nhlakanipho\Documents\Projects\ABP-Group\aspnet-core\src\ABPGroup.Application\ABPGroup.Application.csproj]
C:\Users\Nhlakanipho\Documents\Projects\ABP-Group\aspnet-core\src\ABPGroup.Application\Templates\Dto\CreateUpdateTemplateDto.cs(7,14): warning CS1591: Missing XML comment for publicly visible type or member 'CreateUpdateTemplateDto' [C:\Users\Nhlakanipho\Documents\Projects\ABP-Group\aspnet-core\src\ABPGroup.Application\ABPGroup.Application.csproj]
C:\Users\Nhlakanipho\Documents\Projects\ABP-Group\aspnet-core\src\ABPGroup.Application\Templates\Dto\CreateUpdateTemplateDto.cs(11,19): warning CS1591: Missing XML comment for publicly visible type or member 'CreateUpdateTemplateDto.Name' [C:\Users\Nhlakanipho\Documents\Projects\ABP-Group\aspnet-core\src\ABPGroup.Application\ABPGroup.Application.csproj]
C:\Users\Nhlakanipho\Documents\Projects\ABP-Group\aspnet-core\src\ABPGroup.Application\Templates\Dto\CreateUpdateTemplateDto.cs(14,19): warning CS1591: Missing XML comment for publicly visible type or member 'CreateUpdateTemplateDto.Description' [C:\Users\Nhlakanipho\Documents\Projects\ABP-Group\aspnet-core\src\ABPGroup.Application\ABPGroup.Application.csproj]
C:\Users\Nhlakanipho\Documents\Projects\ABP-Group\aspnet-core\src\ABPGroup.Application\Templates\Dto\CreateUpdateTemplateDto.cs(17,19): warning CS1591: Missing XML comment for publicly visible type or member 'CreateUpdateTemplateDto.Author' [C:\Users\Nhlakanipho\Documents\Projects\ABP-Group\aspnet-core\src\ABPGroup.Application\ABPGroup.Application.csproj]
C:\Users\Nhlakanipho\Documents\Projects\ABP-Group\aspnet-core\src\ABPGroup.Application\Templates\Dto\CreateUpdateTemplateDto.cs(20,29): warning CS1591: Missing XML comment for publicly visible type or member 'CreateUpdateTemplateDto.Category' [C:\Users\Nhlakanipho\Documents\Projects\ABP-Group\aspnet-core\src\ABPGroup.Application\ABPGroup.Application.csproj]
C:\Users\Nhlakanipho\Documents\Projects\ABP-Group\aspnet-core\src\ABPGroup.Application\Templates\Dto\CreateUpdateTemplateDto.cs(23,22): warning CS1591: Missing XML comment for publicly visible type or member 'CreateUpdateTemplateDto.Framework' [C:\Users\Nhlakanipho\Documents\Projects\ABP-Group\aspnet-core\src\ABPGroup.Application\ABPGroup.Application.csproj]
C:\Users\Nhlakanipho\Documents\Projects\ABP-Group\aspnet-core\src\ABPGroup.Application\Templates\Dto\CreateUpdateTemplateDto.cs(26,32): warning CS1591: Missing XML comment for publicly visible type or member 'CreateUpdateTemplateDto.Language' [C:\Users\Nhlakanipho\Documents\Projects\ABP-Group\aspnet-core\src\ABPGroup.Application\ABPGroup.Application.csproj]
C:\Users\Nhlakanipho\Documents\Projects\ABP-Group\aspnet-core\src\ABPGroup.Application\Templates\Dto\CreateUpdateTemplateDto.cs(29,27): warning CS1591: Missing XML comment for publicly visible type or member 'CreateUpdateTemplateDto.Database' [C:\Users\Nhlakanipho\Documents\Projects\ABP-Group\aspnet-core\src\ABPGroup.Application\ABPGroup.Application.csproj]
C:\Users\Nhlakanipho\Documents\Projects\ABP-Group\aspnet-core\src\ABPGroup.Application\Templates\Dto\CreateUpdateTemplateDto.cs(31,17): warning CS1591: Missing XML comment for publicly visible type or member 'CreateUpdateTemplateDto.IncludesAuth' [C:\Users\Nhlakanipho\Documents\Projects\ABP-Group\aspnet-core\src\ABPGroup.Application\ABPGroup.Application.csproj]
C:\Users\Nhlakanipho\Documents\Projects\ABP-Group\aspnet-core\src\ABPGroup.Application\Templates\Dto\CreateUpdateTemplateDto.cs(34,19): warning CS1591: Missing XML comment for publicly visible type or member 'CreateUpdateTemplateDto.Tags' [C:\Users\Nhlakanipho\Documents\Projects\ABP-Group\aspnet-core\src\ABPGroup.Application\ABPGroup.Application.csproj]
C:\Users\Nhlakanipho\Documents\Projects\ABP-Group\aspnet-core\src\ABPGroup.Application\Templates\Dto\CreateUpdateTemplateDto.cs(37,19): warning CS1591: Missing XML comment for publicly visible type or member 'CreateUpdateTemplateDto.ThumbnailUrl' [C:\Users\Nhlakanipho\Documents\Projects\ABP-Group\aspnet-core\src\ABPGroup.Application\ABPGroup.Application.csproj]
C:\Users\Nhlakanipho\Documents\Projects\ABP-Group\aspnet-core\src\ABPGroup.Application\Templates\Dto\CreateUpdateTemplateDto.cs(40,19): warning CS1591: Missing XML comment for publicly visible type or member 'CreateUpdateTemplateDto.PreviewUrl' [C:\Users\Nhlakanipho\Documents\Projects\ABP-Group\aspnet-core\src\ABPGroup.Application\ABPGroup.Application.csproj]
C:\Users\Nhlakanipho\Documents\Projects\ABP-Group\aspnet-core\src\ABPGroup.Application\Templates\Dto\CreateUpdateTemplateDto.cs(43,27): warning CS1591: Missing XML comment for publicly visible type or member 'CreateUpdateTemplateDto.Status' [C:\Users\Nhlakanipho\Documents\Projects\ABP-Group\aspnet-core\src\ABPGroup.Application\ABPGroup.Application.csproj]
C:\Users\Nhlakanipho\Documents\Projects\ABP-Group\aspnet-core\src\ABPGroup.Application\Templates\Dto\CreateUpdateTemplateDto.cs(45,19): warning CS1591: Missing XML comment for publicly visible type or member 'CreateUpdateTemplateDto.Version' [C:\Users\Nhlakanipho\Documents\Projects\ABP-Group\aspnet-core\src\ABPGroup.Application\ABPGroup.Application.csproj]
C:\Users\Nhlakanipho\Documents\Projects\ABP-Group\aspnet-core\src\ABPGroup.Application\Templates\Dto\CreateUpdateTemplateDto.cs(47,17): warning CS1591: Missing XML comment for publicly visible type or member 'CreateUpdateTemplateDto.IsFeatured' [C:\Users\Nhlakanipho\Documents\Projects\ABP-Group\aspnet-core\src\ABPGroup.Application\ABPGroup.Application.csproj]
C:\Users\Nhlakanipho\Documents\Projects\ABP-Group\aspnet-core\src\ABPGroup.Application\Templates\Dto\CreateUpdateTemplateDto.cs(51,19): warning CS1591: Missing XML comment for publicly visible type or member 'CreateUpdateTemplateDto.ScaffoldConfig' [C:\Users\Nhlakanipho\Documents\Projects\ABP-Group\aspnet-core\src\ABPGroup.Application\ABPGroup.Application.csproj]
C:\Users\Nhlakanipho\Documents\Projects\ABP-Group\aspnet-core\src\ABPGroup.Application\Templates\Dto\PagedTemplateResultRequestDto.cs(6,14): warning CS1591: Missing XML comment for publicly visible type or member 'TemplateListInput' [C:\Users\Nhlakanipho\Documents\Projects\ABP-Group\aspnet-core\src\ABPGroup.Application\ABPGroup.Application.csproj]
C:\Users\Nhlakanipho\Documents\Projects\ABP-Group\aspnet-core\src\ABPGroup.Application\Templates\Dto\PagedTemplateResultRequestDto.cs(8,33): warning CS1591: Missing XML comment for publicly visible type or member 'TemplateListInput.Category' [C:\Users\Nhlakanipho\Documents\Projects\ABP-Group\aspnet-core\src\ABPGroup.Application\ABPGroup.Application.csproj]
C:\Users\Nhlakanipho\Documents\Projects\ABP-Group\aspnet-core\src\ABPGroup.Application\Templates\Dto\PagedTemplateResultRequestDto.cs(9,33): warning CS1591: Missing XML comment for publicly visible type or member 'TemplateListInput.Framework' [C:\Users\Nhlakanipho\Documents\Projects\ABP-Group\aspnet-core\src\ABPGroup.Application\ABPGroup.Application.csproj]
C:\Users\Nhlakanipho\Documents\Projects\ABP-Group\aspnet-core\src\ABPGroup.Application\Templates\Dto\PagedTemplateResultRequestDto.cs(10,33): warning CS1591: Missing XML comment for publicly visible type or member 'TemplateListInput.Database' [C:\Users\Nhlakanipho\Documents\Projects\ABP-Group\aspnet-core\src\ABPGroup.Application\ABPGroup.Application.csproj]
C:\Users\Nhlakanipho\Documents\Projects\ABP-Group\aspnet-core\src\ABPGroup.Application\Templates\Dto\PagedTemplateResultRequestDto.cs(11,33): warning CS1591: Missing XML comment for publicly visible type or member 'TemplateListInput.IncludesAuth' [C:\Users\Nhlakanipho\Documents\Projects\ABP-Group\aspnet-core\src\ABPGroup.Application\ABPGroup.Application.csproj]
C:\Users\Nhlakanipho\Documents\Projects\ABP-Group\aspnet-core\src\ABPGroup.Application\Templates\Dto\PagedTemplateResultRequestDto.cs(12,33): warning CS1591: Missing XML comment for publicly visible type or member 'TemplateListInput.Status' [C:\Users\Nhlakanipho\Documents\Projects\ABP-Group\aspnet-core\src\ABPGroup.Application\ABPGroup.Application.csproj]
C:\Users\Nhlakanipho\Documents\Projects\ABP-Group\aspnet-core\src\ABPGroup.Application\Templates\Dto\PagedTemplateResultRequestDto.cs(13,33): warning CS1591: Missing XML comment for publicly visible type or member 'TemplateListInput.SearchTerm' [C:\Users\Nhlakanipho\Documents\Projects\ABP-Group\aspnet-core\src\ABPGroup.Application\ABPGroup.Application.csproj]
C:\Users\Nhlakanipho\Documents\Projects\ABP-Group\aspnet-core\src\ABPGroup.Application\Templates\Dto\PagedTemplateResultRequestDto.cs(14,33): warning CS1591: Missing XML comment for publicly visible type or member 'TemplateListInput.IsFeatured' [C:\Users\Nhlakanipho\Documents\Projects\ABP-Group\aspnet-core\src\ABPGroup.Application\ABPGroup.Application.csproj]
C:\Users\Nhlakanipho\Documents\Projects\ABP-Group\aspnet-core\src\ABPGroup.Application\Templates\Dto\PagedTemplateResultRequestDto.cs(15,33): warning CS1591: Missing XML comment for publicly visible type or member 'TemplateListInput.IsMyTemplates' [C:\Users\Nhlakanipho\Documents\Projects\ABP-Group\aspnet-core\src\ABPGroup.Application\ABPGroup.Application.csproj]
C:\Users\Nhlakanipho\Documents\Projects\ABP-Group\aspnet-core\src\ABPGroup.Application\Templates\Dto\TemplateDto.cs(7,14): warning CS1591: Missing XML comment for publicly visible type or member 'TemplateDto' [C:\Users\Nhlakanipho\Documents\Projects\ABP-Group\aspnet-core\src\ABPGroup.Application\ABPGroup.Application.csproj]
C:\Users\Nhlakanipho\Documents\Projects\ABP-Group\aspnet-core\src\ABPGroup.Application\Templates\Dto\TemplateDto.cs(9,32): warning CS1591: Missing XML comment for publicly visible type or member 'TemplateDto.Name' [C:\Users\Nhlakanipho\Documents\Projects\ABP-Group\aspnet-core\src\ABPGroup.Application\ABPGroup.Application.csproj]
C:\Users\Nhlakanipho\Documents\Projects\ABP-Group\aspnet-core\src\ABPGroup.Application\Templates\Dto\TemplateDto.cs(10,32): warning CS1591: Missing XML comment for publicly visible type or member 'TemplateDto.Description' [C:\Users\Nhlakanipho\Documents\Projects\ABP-Group\aspnet-core\src\ABPGroup.Application\ABPGroup.Application.csproj]
C:\Users\Nhlakanipho\Documents\Projects\ABP-Group\aspnet-core\src\ABPGroup.Application\Templates\Dto\TemplateDto.cs(11,32): warning CS1591: Missing XML comment for publicly visible type or member 'TemplateDto.Author' [C:\Users\Nhlakanipho\Documents\Projects\ABP-Group\aspnet-core\src\ABPGroup.Application\ABPGroup.Application.csproj]
C:\Users\Nhlakanipho\Documents\Projects\ABP-Group\aspnet-core\src\ABPGroup.Application\Templates\Dto\TemplateDto.cs(12,32): warning CS1591: Missing XML comment for publicly visible type or member 'TemplateDto.Category' [C:\Users\Nhlakanipho\Documents\Projects\ABP-Group\aspnet-core\src\ABPGroup.Application\ABPGroup.Application.csproj]
C:\Users\Nhlakanipho\Documents\Projects\ABP-Group\aspnet-core\src\ABPGroup.Application\Templates\Dto\TemplateDto.cs(13,32): warning CS1591: Missing XML comment for publicly visible type or member 'TemplateDto.CategoryName' [C:\Users\Nhlakanipho\Documents\Projects\ABP-Group\aspnet-core\src\ABPGroup.Application\ABPGroup.Application.csproj]
C:\Users\Nhlakanipho\Documents\Projects\ABP-Group\aspnet-core\src\ABPGroup.Application\Templates\Dto\TemplateDto.cs(14,32): warning CS1591: Missing XML comment for publicly visible type or member 'TemplateDto.Framework' [C:\Users\Nhlakanipho\Documents\Projects\ABP-Group\aspnet-core\src\ABPGroup.Application\ABPGroup.Application.csproj]
C:\Users\Nhlakanipho\Documents\Projects\ABP-Group\aspnet-core\src\ABPGroup.Application\Templates\Dto\TemplateDto.cs(15,32): warning CS1591: Missing XML comment for publicly visible type or member 'TemplateDto.Language' [C:\Users\Nhlakanipho\Documents\Projects\ABP-Group\aspnet-core\src\ABPGroup.Application\ABPGroup.Application.csproj]
C:\Users\Nhlakanipho\Documents\Projects\ABP-Group\aspnet-core\src\ABPGroup.Application\Templates\Dto\TemplateDto.cs(16,32): warning CS1591: Missing XML comment for publicly visible type or member 'TemplateDto.Database' [C:\Users\Nhlakanipho\Documents\Projects\ABP-Group\aspnet-core\src\ABPGroup.Application\ABPGroup.Application.csproj]
C:\Users\Nhlakanipho\Documents\Projects\ABP-Group\aspnet-core\src\ABPGroup.Application\Templates\Dto\TemplateDto.cs(17,32): warning CS1591: Missing XML comment for publicly visible type or member 'TemplateDto.IncludesAuth' [C:\Users\Nhlakanipho\Documents\Projects\ABP-Group\aspnet-core\src\ABPGroup.Application\ABPGroup.Application.csproj]
C:\Users\Nhlakanipho\Documents\Projects\ABP-Group\aspnet-core\src\ABPGroup.Application\Templates\Dto\TemplateDto.cs(18,32): warning CS1591: Missing XML comment for publicly visible type or member 'TemplateDto.Tags' [C:\Users\Nhlakanipho\Documents\Projects\ABP-Group\aspnet-core\src\ABPGroup.Application\ABPGroup.Application.csproj]
C:\Users\Nhlakanipho\Documents\Projects\ABP-Group\aspnet-core\src\ABPGroup.Application\Templates\Dto\TemplateDto.cs(19,32): warning CS1591: Missing XML comment for publicly visible type or member 'TemplateDto.ThumbnailUrl' [C:\Users\Nhlakanipho\Documents\Projects\ABP-Group\aspnet-core\src\ABPGroup.Application\ABPGroup.Application.csproj]
C:\Users\Nhlakanipho\Documents\Projects\ABP-Group\aspnet-core\src\ABPGroup.Application\Templates\Dto\TemplateDto.cs(20,32): warning CS1591: Missing XML comment for publicly visible type or member 'TemplateDto.PreviewUrl' [C:\Users\Nhlakanipho\Documents\Projects\ABP-Group\aspnet-core\src\ABPGroup.Application\ABPGroup.Application.csproj]
C:\Users\Nhlakanipho\Documents\Projects\ABP-Group\aspnet-core\src\ABPGroup.Application\Templates\Dto\TemplateDto.cs(21,32): warning CS1591: Missing XML comment for publicly visible type or member 'TemplateDto.Status' [C:\Users\Nhlakanipho\Documents\Projects\ABP-Group\aspnet-core\src\ABPGroup.Application\ABPGroup.Application.csproj]
C:\Users\Nhlakanipho\Documents\Projects\ABP-Group\aspnet-core\src\ABPGroup.Application\Templates\Dto\TemplateDto.cs(22,32): warning CS1591: Missing XML comment for publicly visible type or member 'TemplateDto.Version' [C:\Users\Nhlakanipho\Documents\Projects\ABP-Group\aspnet-core\src\ABPGroup.Application\ABPGroup.Application.csproj]
C:\Users\Nhlakanipho\Documents\Projects\ABP-Group\aspnet-core\src\ABPGroup.Application\Templates\Dto\TemplateDto.cs(23,32): warning CS1591: Missing XML comment for publicly visible type or member 'TemplateDto.IsFeatured' [C:\Users\Nhlakanipho\Documents\Projects\ABP-Group\aspnet-core\src\ABPGroup.Application\ABPGroup.Application.csproj]
C:\Users\Nhlakanipho\Documents\Projects\ABP-Group\aspnet-core\src\ABPGroup.Application\Templates\Dto\TemplateDto.cs(24,32): warning CS1591: Missing XML comment for publicly visible type or member 'TemplateDto.ForkCount' [C:\Users\Nhlakanipho\Documents\Projects\ABP-Group\aspnet-core\src\ABPGroup.Application\ABPGroup.Application.csproj]
C:\Users\Nhlakanipho\Documents\Projects\ABP-Group\aspnet-core\src\ABPGroup.Application\Templates\Dto\TemplateDto.cs(25,32): warning CS1591: Missing XML comment for publicly visible type or member 'TemplateDto.IsFavorite' [C:\Users\Nhlakanipho\Documents\Projects\ABP-Group\aspnet-core\src\ABPGroup.Application\ABPGroup.Application.csproj]
C:\Users\Nhlakanipho\Documents\Projects\ABP-Group\aspnet-core\src\ABPGroup.Application\Templates\Dto\TemplateDto.cs(26,32): warning CS1591: Missing XML comment for publicly visible type or member 'TemplateDto.CreatedAt' [C:\Users\Nhlakanipho\Documents\Projects\ABP-Group\aspnet-core\src\ABPGroup.Application\ABPGroup.Application.csproj]
C:\Users\Nhlakanipho\Documents\Projects\ABP-Group\aspnet-core\src\ABPGroup.Application\Templates\ITemplateAppService.cs(8,18): warning CS1591: Missing XML comment for publicly visible type or member 'ITemplateAppService' [C:\Users\Nhlakanipho\Documents\Projects\ABP-Group\aspnet-core\src\ABPGroup.Application\ABPGroup.Application.csproj]
C:\Users\Nhlakanipho\Documents\Projects\ABP-Group\aspnet-core\src\ABPGroup.Application\Templates\ITemplateAppService.cs(11,39): warning CS1591: Missing XML comment for publicly visible type or member 'ITemplateAppService.GetListAsync(TemplateListInput)' [C:\Users\Nhlakanipho\Documents\Projects\ABP-Group\aspnet-core\src\ABPGroup.Application\ABPGroup.Application.csproj]
C:\Users\Nhlakanipho\Documents\Projects\ABP-Group\aspnet-core\src\ABPGroup.Application\Templates\ITemplateAppService.cs(12,39): warning CS1591: Missing XML comment for publicly visible type or member 'ITemplateAppService.GetAsync(EntityDto<int>)' [C:\Users\Nhlakanipho\Documents\Projects\ABP-Group\aspnet-core\src\ABPGroup.Application\ABPGroup.Application.csproj]
C:\Users\Nhlakanipho\Documents\Projects\ABP-Group\aspnet-core\src\ABPGroup.Application\Templates\ITemplateAppService.cs(15,23): warning CS1591: Missing XML comment for publicly visible type or member 'ITemplateAppService.CreateAsync(CreateUpdateTemplateDto)' [C:\Users\Nhlakanipho\Documents\Projects\ABP-Group\aspnet-core\src\ABPGroup.Application\ABPGroup.Application.csproj]
C:\Users\Nhlakanipho\Documents\Projects\ABP-Group\aspnet-core\src\ABPGroup.Application\Templates\ITemplateAppService.cs(16,23): warning CS1591: Missing XML comment for publicly visible type or member 'ITemplateAppService.UpdateAsync(CreateUpdateTemplateDto)' [C:\Users\Nhlakanipho\Documents\Projects\ABP-Group\aspnet-core\src\ABPGroup.Application\ABPGroup.Application.csproj]
C:\Users\Nhlakanipho\Documents\Projects\ABP-Group\aspnet-core\src\ABPGroup.Application\Templates\ITemplateAppService.cs(17,23): warning CS1591: Missing XML comment for publicly visible type or member 'ITemplateAppService.DeleteAsync(EntityDto<int>)' [C:\Users\Nhlakanipho\Documents\Projects\ABP-Group\aspnet-core\src\ABPGroup.Application\ABPGroup.Application.csproj]
C:\Users\Nhlakanipho\Documents\Projects\ABP-Group\aspnet-core\src\ABPGroup.Application\Templates\ITemplateAppService.cs(18,23): warning CS1591: Missing XML comment for publicly visible type or member 'ITemplateAppService.PublishAsync(int)' [C:\Users\Nhlakanipho\Documents\Projects\ABP-Group\aspnet-core\src\ABPGroup.Application\ABPGroup.Application.csproj]
C:\Users\Nhlakanipho\Documents\Projects\ABP-Group\aspnet-core\src\ABPGroup.Application\Templates\ITemplateAppService.cs(19,23): warning CS1591: Missing XML comment for publicly visible type or member 'ITemplateAppService.DeprecateAsync(int)' [C:\Users\Nhlakanipho\Documents\Projects\ABP-Group\aspnet-core\src\ABPGroup.Application\ABPGroup.Application.csproj]
C:\Users\Nhlakanipho\Documents\Projects\ABP-Group\aspnet-core\src\ABPGroup.Application\Templates\ITemplateAppService.cs(20,23): warning CS1591: Missing XML comment for publicly visible type or member 'ITemplateAppService.SetFeaturedAsync(int, bool)' [C:\Users\Nhlakanipho\Documents\Projects\ABP-Group\aspnet-core\src\ABPGroup.Application\ABPGroup.Application.csproj]
C:\Users\Nhlakanipho\Documents\Projects\ABP-Group\aspnet-core\src\ABPGroup.Application\Templates\ITemplateAppService.cs(21,23): warning CS1591: Missing XML comment for publicly visible type or member 'ITemplateAppService.ToggleFavoriteAsync(int)' [C:\Users\Nhlakanipho\Documents\Projects\ABP-Group\aspnet-core\src\ABPGroup.Application\ABPGroup.Application.csproj]
C:\Users\Nhlakanipho\Documents\Projects\ABP-Group\aspnet-core\src\ABPGroup.Application\Templates\TemplateAppService.cs(20,14): warning CS1591: Missing XML comment for publicly visible type or member 'TemplateAppService' [C:\Users\Nhlakanipho\Documents\Projects\ABP-Group\aspnet-core\src\ABPGroup.Application\ABPGroup.Application.csproj]
C:\Users\Nhlakanipho\Documents\Projects\ABP-Group\aspnet-core\src\ABPGroup.Application\Templates\TemplateAppService.cs(27,12): warning CS1591: Missing XML comment for publicly visible type or member 'TemplateAppService.TemplateAppService(IRepository<Template, int>, IRepository<UserFavoriteTemplate, long>, UserManager)' [C:\Users\Nhlakanipho\Documents\Projects\ABP-Group\aspnet-core\src\ABPGroup.Application\ABPGroup.Application.csproj]
C:\Users\Nhlakanipho\Documents\Projects\ABP-Group\aspnet-core\src\ABPGroup.Application\Templates\TemplateAppService.cs(41,45): warning CS1591: Missing XML comment for publicly visible type or member 'TemplateAppService.CreateAsync(CreateUpdateTemplateDto)' [C:\Users\Nhlakanipho\Documents\Projects\ABP-Group\aspnet-core\src\ABPGroup.Application\ABPGroup.Application.csproj]
C:\Users\Nhlakanipho\Documents\Projects\ABP-Group\aspnet-core\src\ABPGroup.Application\Templates\TemplateAppService.cs(56,52): warning CS1591: Missing XML comment for publicly visible type or member 'TemplateAppService.GetListAsync(TemplateListInput)' [C:\Users\Nhlakanipho\Documents\Projects\ABP-Group\aspnet-core\src\ABPGroup.Application\ABPGroup.Application.csproj]
C:\Users\Nhlakanipho\Documents\Projects\ABP-Group\aspnet-core\src\ABPGroup.Application\Templates\TemplateAppService.cs(93,45): warning CS1591: Missing XML comment for publicly visible type or member 'TemplateAppService.GetAsync(EntityDto<int>)' [C:\Users\Nhlakanipho\Documents\Projects\ABP-Group\aspnet-core\src\ABPGroup.Application\ABPGroup.Application.csproj]
C:\Users\Nhlakanipho\Documents\Projects\ABP-Group\aspnet-core\src\ABPGroup.Application\Templates\TemplateAppService.cs(107,45): warning CS1591: Missing XML comment for publicly visible type or member 'TemplateAppService.UpdateAsync(CreateUpdateTemplateDto)' [C:\Users\Nhlakanipho\Documents\Projects\ABP-Group\aspnet-core\src\ABPGroup.Application\ABPGroup.Application.csproj]
C:\Users\Nhlakanipho\Documents\Projects\ABP-Group\aspnet-core\src\ABPGroup.Application\Templates\TemplateAppService.cs(112,32): warning CS1591: Missing XML comment for publicly visible type or member 'TemplateAppService.DeleteAsync(EntityDto<int>)' [C:\Users\Nhlakanipho\Documents\Projects\ABP-Group\aspnet-core\src\ABPGroup.Application\ABPGroup.Application.csproj]
C:\Users\Nhlakanipho\Documents\Projects\ABP-Group\aspnet-core\src\ABPGroup.Application\Templates\TemplateAppService.cs(117,23): warning CS1591: Missing XML comment for publicly visible type or member 'TemplateAppService.ToggleFavoriteAsync(int)' [C:\Users\Nhlakanipho\Documents\Projects\ABP-Group\aspnet-core\src\ABPGroup.Application\ABPGroup.Application.csproj]
C:\Users\Nhlakanipho\Documents\Projects\ABP-Group\aspnet-core\src\ABPGroup.Application\Templates\TemplateAppService.cs(147,45): warning CS1591: Missing XML comment for publicly visible type or member 'TemplateAppService.CreateFilteredQuery(TemplateListInput)' [C:\Users\Nhlakanipho\Documents\Projects\ABP-Group\aspnet-core\src\ABPGroup.Application\ABPGroup.Application.csproj]
C:\Users\Nhlakanipho\Documents\Projects\ABP-Group\aspnet-core\src\ABPGroup.Application\Templates\TemplateAppService.cs(178,45): warning CS1591: Missing XML comment for publicly visible type or member 'TemplateAppService.ApplySorting(IQueryable<Template>, TemplateListInput)' [C:\Users\Nhlakanipho\Documents\Projects\ABP-Group\aspnet-core\src\ABPGroup.Application\ABPGroup.Application.csproj]
C:\Users\Nhlakanipho\Documents\Projects\ABP-Group\aspnet-core\src\ABPGroup.Application\Templates\TemplateAppService.cs(189,36): warning CS1591: Missing XML comment for publicly visible type or member 'TemplateAppService.PublishAsync(int)' [C:\Users\Nhlakanipho\Documents\Projects\ABP-Group\aspnet-core\src\ABPGroup.Application\ABPGroup.Application.csproj]
C:\Users\Nhlakanipho\Documents\Projects\ABP-Group\aspnet-core\src\ABPGroup.Application\Templates\TemplateAppService.cs(199,36): warning CS1591: Missing XML comment for publicly visible type or member 'TemplateAppService.DeprecateAsync(int)' [C:\Users\Nhlakanipho\Documents\Projects\ABP-Group\aspnet-core\src\ABPGroup.Application\ABPGroup.Application.csproj]
C:\Users\Nhlakanipho\Documents\Projects\ABP-Group\aspnet-core\src\ABPGroup.Application\Templates\TemplateAppService.cs(209,36): warning CS1591: Missing XML comment for publicly visible type or member 'TemplateAppService.SetFeaturedAsync(int, bool)' [C:\Users\Nhlakanipho\Documents\Projects\ABP-Group\aspnet-core\src\ABPGroup.Application\ABPGroup.Application.csproj]
C:\Users\Nhlakanipho\Documents\Projects\ABP-Group\aspnet-core\src\ABPGroup.Application\Templates\TemplateMapProfile.cs(7,14): warning CS1591: Missing XML comment for publicly visible type or member 'TemplateMapProfile' [C:\Users\Nhlakanipho\Documents\Projects\ABP-Group\aspnet-core\src\ABPGroup.Application\ABPGroup.Application.csproj]
C:\Users\Nhlakanipho\Documents\Projects\ABP-Group\aspnet-core\src\ABPGroup.Application\Templates\TemplateMapProfile.cs(9,12): warning CS1591: Missing XML comment for publicly visible type or member 'TemplateMapProfile.TemplateMapProfile()' [C:\Users\Nhlakanipho\Documents\Projects\ABP-Group\aspnet-core\src\ABPGroup.Application\ABPGroup.Application.csproj]
C:\Users\Nhlakanipho\Documents\Projects\ABP-Group\aspnet-core\src\ABPGroup.Application\Users\Dto\ChangePasswordDto.cs(5,14): warning CS1591: Missing XML comment for publicly visible type or member 'ChangePasswordDto' [C:\Users\Nhlakanipho\Documents\Projects\ABP-Group\aspnet-core\src\ABPGroup.Application\ABPGroup.Application.csproj]
C:\Users\Nhlakanipho\Documents\Projects\ABP-Group\aspnet-core\src\ABPGroup.Application\Users\Dto\ChangePasswordDto.cs(8,19): warning CS1591: Missing XML comment for publicly visible type or member 'ChangePasswordDto.CurrentPassword' [C:\Users\Nhlakanipho\Documents\Projects\ABP-Group\aspnet-core\src\ABPGroup.Application\ABPGroup.Application.csproj]
C:\Users\Nhlakanipho\Documents\Projects\ABP-Group\aspnet-core\src\ABPGroup.Application\Users\Dto\ChangePasswordDto.cs(11,19): warning CS1591: Missing XML comment for publicly visible type or member 'ChangePasswordDto.NewPassword' [C:\Users\Nhlakanipho\Documents\Projects\ABP-Group\aspnet-core\src\ABPGroup.Application\ABPGroup.Application.csproj]
C:\Users\Nhlakanipho\Documents\Projects\ABP-Group\aspnet-core\src\ABPGroup.Application\Users\Dto\ChangeUserLanguageDto.cs(5,14): warning CS1591: Missing XML comment for publicly visible type or member 'ChangeUserLanguageDto' [C:\Users\Nhlakanipho\Documents\Projects\ABP-Group\aspnet-core\src\ABPGroup.Application\ABPGroup.Application.csproj]
C:\Users\Nhlakanipho\Documents\Projects\ABP-Group\aspnet-core\src\ABPGroup.Application\Users\Dto\ChangeUserLanguageDto.cs(8,19): warning CS1591: Missing XML comment for publicly visible type or member 'ChangeUserLanguageDto.LanguageName' [C:\Users\Nhlakanipho\Documents\Projects\ABP-Group\aspnet-core\src\ABPGroup.Application\ABPGroup.Application.csproj]
C:\Users\Nhlakanipho\Documents\Projects\ABP-Group\aspnet-core\src\ABPGroup.Application\Users\Dto\CreateUserDto.cs(11,14): warning CS1591: Missing XML comment for publicly visible type or member 'CreateUserDto' [C:\Users\Nhlakanipho\Documents\Projects\ABP-Group\aspnet-core\src\ABPGroup.Application\ABPGroup.Application.csproj]
C:\Users\Nhlakanipho\Documents\Projects\ABP-Group\aspnet-core\src\ABPGroup.Application\Users\Dto\CreateUserDto.cs(15,19): warning CS1591: Missing XML comment for publicly visible type or member 'CreateUserDto.UserName' [C:\Users\Nhlakanipho\Documents\Projects\ABP-Group\aspnet-core\src\ABPGroup.Application\ABPGroup.Application.csproj]
C:\Users\Nhlakanipho\Documents\Projects\ABP-Group\aspnet-core\src\ABPGroup.Application\Users\Dto\CreateUserDto.cs(19,19): warning CS1591: Missing XML comment for publicly visible type or member 'CreateUserDto.Name' [C:\Users\Nhlakanipho\Documents\Projects\ABP-Group\aspnet-core\src\ABPGroup.Application\ABPGroup.Application.csproj]
C:\Users\Nhlakanipho\Documents\Projects\ABP-Group\aspnet-core\src\ABPGroup.Application\Users\Dto\CreateUserDto.cs(23,19): warning CS1591: Missing XML comment for publicly visible type or member 'CreateUserDto.Surname' [C:\Users\Nhlakanipho\Documents\Projects\ABP-Group\aspnet-core\src\ABPGroup.Application\ABPGroup.Application.csproj]
C:\Users\Nhlakanipho\Documents\Projects\ABP-Group\aspnet-core\src\ABPGroup.Application\Users\Dto\CreateUserDto.cs(28,19): warning CS1591: Missing XML comment for publicly visible type or member 'CreateUserDto.EmailAddress' [C:\Users\Nhlakanipho\Documents\Projects\ABP-Group\aspnet-core\src\ABPGroup.Application\ABPGroup.Application.csproj]
C:\Users\Nhlakanipho\Documents\Projects\ABP-Group\aspnet-core\src\ABPGroup.Application\Users\Dto\CreateUserDto.cs(30,17): warning CS1591: Missing XML comment for publicly visible type or member 'CreateUserDto.IsActive' [C:\Users\Nhlakanipho\Documents\Projects\ABP-Group\aspnet-core\src\ABPGroup.Application\ABPGroup.Application.csproj]
C:\Users\Nhlakanipho\Documents\Projects\ABP-Group\aspnet-core\src\ABPGroup.Application\Users\Dto\CreateUserDto.cs(32,21): warning CS1591: Missing XML comment for publicly visible type or member 'CreateUserDto.RoleNames' [C:\Users\Nhlakanipho\Documents\Projects\ABP-Group\aspnet-core\src\ABPGroup.Application\ABPGroup.Application.csproj]
C:\Users\Nhlakanipho\Documents\Projects\ABP-Group\aspnet-core\src\ABPGroup.Application\Users\Dto\CreateUserDto.cs(37,19): warning CS1591: Missing XML comment for publicly visible type or member 'CreateUserDto.Password' [C:\Users\Nhlakanipho\Documents\Projects\ABP-Group\aspnet-core\src\ABPGroup.Application\ABPGroup.Application.csproj]
C:\Users\Nhlakanipho\Documents\Projects\ABP-Group\aspnet-core\src\ABPGroup.Application\Users\Dto\CreateUserDto.cs(39,17): warning CS1591: Missing XML comment for publicly visible type or member 'CreateUserDto.Normalize()' [C:\Users\Nhlakanipho\Documents\Projects\ABP-Group\aspnet-core\src\ABPGroup.Application\ABPGroup.Application.csproj]
C:\Users\Nhlakanipho\Documents\Projects\ABP-Group\aspnet-core\src\ABPGroup.Application\Users\Dto\PagedUserResultRequestDto.cs(7,14): warning CS1591: Missing XML comment for publicly visible type or member 'PagedUserResultRequestDto' [C:\Users\Nhlakanipho\Documents\Projects\ABP-Group\aspnet-core\src\ABPGroup.Application\ABPGroup.Application.csproj]
C:\Users\Nhlakanipho\Documents\Projects\ABP-Group\aspnet-core\src\ABPGroup.Application\Users\Dto\PagedUserResultRequestDto.cs(9,19): warning CS1591: Missing XML comment for publicly visible type or member 'PagedUserResultRequestDto.Keyword' [C:\Users\Nhlakanipho\Documents\Projects\ABP-Group\aspnet-core\src\ABPGroup.Application\ABPGroup.Application.csproj]
C:\Users\Nhlakanipho\Documents\Projects\ABP-Group\aspnet-core\src\ABPGroup.Application\Users\Dto\PagedUserResultRequestDto.cs(10,18): warning CS1591: Missing XML comment for publicly visible type or member 'PagedUserResultRequestDto.IsActive' [C:\Users\Nhlakanipho\Documents\Projects\ABP-Group\aspnet-core\src\ABPGroup.Application\ABPGroup.Application.csproj]
C:\Users\Nhlakanipho\Documents\Projects\ABP-Group\aspnet-core\src\ABPGroup.Application\Users\Dto\PagedUserResultRequestDto.cs(12,19): warning CS1591: Missing XML comment for publicly visible type or member 'PagedUserResultRequestDto.Sorting' [C:\Users\Nhlakanipho\Documents\Projects\ABP-Group\aspnet-core\src\ABPGroup.Application\ABPGroup.Application.csproj]
C:\Users\Nhlakanipho\Documents\Projects\ABP-Group\aspnet-core\src\ABPGroup.Application\Users\Dto\PagedUserResultRequestDto.cs(14,17): warning CS1591: Missing XML comment for publicly visible type or member 'PagedUserResultRequestDto.Normalize()' [C:\Users\Nhlakanipho\Documents\Projects\ABP-Group\aspnet-core\src\ABPGroup.Application\ABPGroup.Application.csproj]
C:\Users\Nhlakanipho\Documents\Projects\ABP-Group\aspnet-core\src\ABPGroup.Application\Users\Dto\ResetPasswordDto.cs(5,14): warning CS1591: Missing XML comment for publicly visible type or member 'ResetPasswordDto' [C:\Users\Nhlakanipho\Documents\Projects\ABP-Group\aspnet-core\src\ABPGroup.Application\ABPGroup.Application.csproj]
C:\Users\Nhlakanipho\Documents\Projects\ABP-Group\aspnet-core\src\ABPGroup.Application\Users\Dto\ResetPasswordDto.cs(8,19): warning CS1591: Missing XML comment for publicly visible type or member 'ResetPasswordDto.AdminPassword' [C:\Users\Nhlakanipho\Documents\Projects\ABP-Group\aspnet-core\src\ABPGroup.Application\ABPGroup.Application.csproj]
C:\Users\Nhlakanipho\Documents\Projects\ABP-Group\aspnet-core\src\ABPGroup.Application\Users\Dto\ResetPasswordDto.cs(11,17): warning CS1591: Missing XML comment for publicly visible type or member 'ResetPasswordDto.UserId' [C:\Users\Nhlakanipho\Documents\Projects\ABP-Group\aspnet-core\src\ABPGroup.Application\ABPGroup.Application.csproj]
C:\Users\Nhlakanipho\Documents\Projects\ABP-Group\aspnet-core\src\ABPGroup.Application\Users\Dto\ResetPasswordDto.cs(14,19): warning CS1591: Missing XML comment for publicly visible type or member 'ResetPasswordDto.NewPassword' [C:\Users\Nhlakanipho\Documents\Projects\ABP-Group\aspnet-core\src\ABPGroup.Application\ABPGroup.Application.csproj]
C:\Users\Nhlakanipho\Documents\Projects\ABP-Group\aspnet-core\src\ABPGroup.Application\Users\Dto\UserDto.cs(11,14): warning CS1591: Missing XML comment for publicly visible type or member 'UserDto' [C:\Users\Nhlakanipho\Documents\Projects\ABP-Group\aspnet-core\src\ABPGroup.Application\ABPGroup.Application.csproj]
C:\Users\Nhlakanipho\Documents\Projects\ABP-Group\aspnet-core\src\ABPGroup.Application\Users\Dto\UserDto.cs(15,19): warning CS1591: Missing XML comment for publicly visible type or member 'UserDto.UserName' [C:\Users\Nhlakanipho\Documents\Projects\ABP-Group\aspnet-core\src\ABPGroup.Application\ABPGroup.Application.csproj]
C:\Users\Nhlakanipho\Documents\Projects\ABP-Group\aspnet-core\src\ABPGroup.Application\Users\Dto\UserDto.cs(19,19): warning CS1591: Missing XML comment for publicly visible type or member 'UserDto.Name' [C:\Users\Nhlakanipho\Documents\Projects\ABP-Group\aspnet-core\src\ABPGroup.Application\ABPGroup.Application.csproj]
C:\Users\Nhlakanipho\Documents\Projects\ABP-Group\aspnet-core\src\ABPGroup.Application\Users\Dto\UserDto.cs(23,19): warning CS1591: Missing XML comment for publicly visible type or member 'UserDto.Surname' [C:\Users\Nhlakanipho\Documents\Projects\ABP-Group\aspnet-core\src\ABPGroup.Application\ABPGroup.Application.csproj]
C:\Users\Nhlakanipho\Documents\Projects\ABP-Group\aspnet-core\src\ABPGroup.Application\Users\Dto\UserDto.cs(28,19): warning CS1591: Missing XML comment for publicly visible type or member 'UserDto.EmailAddress' [C:\Users\Nhlakanipho\Documents\Projects\ABP-Group\aspnet-core\src\ABPGroup.Application\ABPGroup.Application.csproj]
C:\Users\Nhlakanipho\Documents\Projects\ABP-Group\aspnet-core\src\ABPGroup.Application\Users\Dto\UserDto.cs(30,17): warning CS1591: Missing XML comment for publicly visible type or member 'UserDto.IsActive' [C:\Users\Nhlakanipho\Documents\Projects\ABP-Group\aspnet-core\src\ABPGroup.Application\ABPGroup.Application.csproj]
C:\Users\Nhlakanipho\Documents\Projects\ABP-Group\aspnet-core\src\ABPGroup.Application\Users\Dto\UserDto.cs(32,19): warning CS1591: Missing XML comment for publicly visible type or member 'UserDto.FullName' [C:\Users\Nhlakanipho\Documents\Projects\ABP-Group\aspnet-core\src\ABPGroup.Application\ABPGroup.Application.csproj]
C:\Users\Nhlakanipho\Documents\Projects\ABP-Group\aspnet-core\src\ABPGroup.Application\Users\Dto\UserDto.cs(34,22): warning CS1591: Missing XML comment for publicly visible type or member 'UserDto.LastLoginTime' [C:\Users\Nhlakanipho\Documents\Projects\ABP-Group\aspnet-core\src\ABPGroup.Application\ABPGroup.Application.csproj]
C:\Users\Nhlakanipho\Documents\Projects\ABP-Group\aspnet-core\src\ABPGroup.Application\Users\Dto\UserDto.cs(36,21): warning CS1591: Missing XML comment for publicly visible type or member 'UserDto.CreationTime' [C:\Users\Nhlakanipho\Documents\Projects\ABP-Group\aspnet-core\src\ABPGroup.Application\ABPGroup.Application.csproj]
C:\Users\Nhlakanipho\Documents\Projects\ABP-Group\aspnet-core\src\ABPGroup.Application\Users\Dto\UserDto.cs(38,21): warning CS1591: Missing XML comment for publicly visible type or member 'UserDto.RoleNames' [C:\Users\Nhlakanipho\Documents\Projects\ABP-Group\aspnet-core\src\ABPGroup.Application\ABPGroup.Application.csproj]
C:\Users\Nhlakanipho\Documents\Projects\ABP-Group\aspnet-core\src\ABPGroup.Application\Users\Dto\UserMapProfile.cs(6,14): warning CS1591: Missing XML comment for publicly visible type or member 'UserMapProfile' [C:\Users\Nhlakanipho\Documents\Projects\ABP-Group\aspnet-core\src\ABPGroup.Application\ABPGroup.Application.csproj]
C:\Users\Nhlakanipho\Documents\Projects\ABP-Group\aspnet-core\src\ABPGroup.Application\Users\Dto\UserMapProfile.cs(8,12): warning CS1591: Missing XML comment for publicly visible type or member 'UserMapProfile.UserMapProfile()' [C:\Users\Nhlakanipho\Documents\Projects\ABP-Group\aspnet-core\src\ABPGroup.Application\ABPGroup.Application.csproj]
C:\Users\Nhlakanipho\Documents\Projects\ABP-Group\aspnet-core\src\ABPGroup.Application\Users\IUserAppService.cs(9,18): warning CS1591: Missing XML comment for publicly visible type or member 'IUserAppService' [C:\Users\Nhlakanipho\Documents\Projects\ABP-Group\aspnet-core\src\ABPGroup.Application\ABPGroup.Application.csproj]
C:\Users\Nhlakanipho\Documents\Projects\ABP-Group\aspnet-core\src\ABPGroup.Application\Users\IUserAppService.cs(11,10): warning CS1591: Missing XML comment for publicly visible type or member 'IUserAppService.DeActivate(EntityDto<long>)' [C:\Users\Nhlakanipho\Documents\Projects\ABP-Group\aspnet-core\src\ABPGroup.Application\ABPGroup.Application.csproj]
C:\Users\Nhlakanipho\Documents\Projects\ABP-Group\aspnet-core\src\ABPGroup.Application\Users\IUserAppService.cs(12,10): warning CS1591: Missing XML comment for publicly visible type or member 'IUserAppService.Activate(EntityDto<long>)' [C:\Users\Nhlakanipho\Documents\Projects\ABP-Group\aspnet-core\src\ABPGroup.Application\ABPGroup.Application.csproj]
C:\Users\Nhlakanipho\Documents\Projects\ABP-Group\aspnet-core\src\ABPGroup.Application\Users\IUserAppService.cs(13,34): warning CS1591: Missing XML comment for publicly visible type or member 'IUserAppService.GetRoles()' [C:\Users\Nhlakanipho\Documents\Projects\ABP-Group\aspnet-core\src\ABPGroup.Application\ABPGroup.Application.csproj]
C:\Users\Nhlakanipho\Documents\Projects\ABP-Group\aspnet-core\src\ABPGroup.Application\Users\IUserAppService.cs(14,10): warning CS1591: Missing XML comment for publicly visible type or member 'IUserAppService.ChangeLanguage(ChangeUserLanguageDto)' [C:\Users\Nhlakanipho\Documents\Projects\ABP-Group\aspnet-core\src\ABPGroup.Application\ABPGroup.Application.csproj]
C:\Users\Nhlakanipho\Documents\Projects\ABP-Group\aspnet-core\src\ABPGroup.Application\Users\IUserAppService.cs(16,16): warning CS1591: Missing XML comment for publicly visible type or member 'IUserAppService.ChangePassword(ChangePasswordDto)' [C:\Users\Nhlakanipho\Documents\Projects\ABP-Group\aspnet-core\src\ABPGroup.Application\ABPGroup.Application.csproj]
C:\Users\Nhlakanipho\Documents\Projects\ABP-Group\aspnet-core\src\ABPGroup.Application\Users\IUserAppService.cs(17,16): warning CS1591: Missing XML comment for publicly visible type or member 'IUserAppService.ResetPassword(ResetPasswordDto)' [C:\Users\Nhlakanipho\Documents\Projects\ABP-Group\aspnet-core\src\ABPGroup.Application\ABPGroup.Application.csproj]
C:\Users\Nhlakanipho\Documents\Projects\ABP-Group\aspnet-core\src\ABPGroup.Application\Users\UserAppService.cs(28,14): warning CS1591: Missing XML comment for publicly visible type or member 'UserAppService' [C:\Users\Nhlakanipho\Documents\Projects\ABP-Group\aspnet-core\src\ABPGroup.Application\ABPGroup.Application.csproj]
C:\Users\Nhlakanipho\Documents\Projects\ABP-Group\aspnet-core\src\ABPGroup.Application\Users\UserAppService.cs(37,12): warning CS1591: Missing XML comment for publicly visible type or member 'UserAppService.UserAppService(IRepository<User, long>, UserManager, RoleManager, IRepository<Role>, IPasswordHasher<User>, IAbpSession, LogInManager)' [C:\Users\Nhlakanipho\Documents\Projects\ABP-Group\aspnet-core\src\ABPGroup.Application\ABPGroup.Application.csproj]
C:\Users\Nhlakanipho\Documents\Projects\ABP-Group\aspnet-core\src\ABPGroup.Application\Users\UserAppService.cs(55,41): warning CS1591: Missing XML comment for publicly visible type or member 'UserAppService.CreateAsync(CreateUserDto)' [C:\Users\Nhlakanipho\Documents\Projects\ABP-Group\aspnet-core\src\ABPGroup.Application\ABPGroup.Application.csproj]
C:\Users\Nhlakanipho\Documents\Projects\ABP-Group\aspnet-core\src\ABPGroup.Application\Users\UserAppService.cs(78,41): warning CS1591: Missing XML comment for publicly visible type or member 'UserAppService.UpdateAsync(UserDto)' [C:\Users\Nhlakanipho\Documents\Projects\ABP-Group\aspnet-core\src\ABPGroup.Application\ABPGroup.Application.csproj]
C:\Users\Nhlakanipho\Documents\Projects\ABP-Group\aspnet-core\src\ABPGroup.Application\Users\UserAppService.cs(96,32): warning CS1591: Missing XML comment for publicly visible type or member 'UserAppService.DeleteAsync(EntityDto<long>)' [C:\Users\Nhlakanipho\Documents\Projects\ABP-Group\aspnet-core\src\ABPGroup.Application\ABPGroup.Application.csproj]
C:\Users\Nhlakanipho\Documents\Projects\ABP-Group\aspnet-core\src\ABPGroup.Application\Users\UserAppService.cs(103,23): warning CS1591: Missing XML comment for publicly visible type or member 'UserAppService.Activate(EntityDto<long>)' [C:\Users\Nhlakanipho\Documents\Projects\ABP-Group\aspnet-core\src\ABPGroup.Application\ABPGroup.Application.csproj]
C:\Users\Nhlakanipho\Documents\Projects\ABP-Group\aspnet-core\src\ABPGroup.Application\Users\UserAppService.cs(112,23): warning CS1591: Missing XML comment for publicly visible type or member 'UserAppService.DeActivate(EntityDto<long>)' [C:\Users\Nhlakanipho\Documents\Projects\ABP-Group\aspnet-core\src\ABPGroup.Application\ABPGroup.Application.csproj]
C:\Users\Nhlakanipho\Documents\Projects\ABP-Group\aspnet-core\src\ABPGroup.Application\Users\UserAppService.cs(120,47): warning CS1591: Missing XML comment for publicly visible type or member 'UserAppService.GetRoles()' [C:\Users\Nhlakanipho\Documents\Projects\ABP-Group\aspnet-core\src\ABPGroup.Application\ABPGroup.Application.csproj]
C:\Users\Nhlakanipho\Documents\Projects\ABP-Group\aspnet-core\src\ABPGroup.Application\Users\UserAppService.cs(126,23): warning CS1591: Missing XML comment for publicly visible type or member 'UserAppService.ChangeLanguage(ChangeUserLanguageDto)' [C:\Users\Nhlakanipho\Documents\Projects\ABP-Group\aspnet-core\src\ABPGroup.Application\ABPGroup.Application.csproj]
C:\Users\Nhlakanipho\Documents\Projects\ABP-Group\aspnet-core\src\ABPGroup.Application\Users\UserAppService.cs(135,29): warning CS1591: Missing XML comment for publicly visible type or member 'UserAppService.MapToEntity(CreateUserDto)' [C:\Users\Nhlakanipho\Documents\Projects\ABP-Group\aspnet-core\src\ABPGroup.Application\ABPGroup.Application.csproj]
C:\Users\Nhlakanipho\Documents\Projects\ABP-Group\aspnet-core\src\ABPGroup.Application\Users\UserAppService.cs(142,29): warning CS1591: Missing XML comment for publicly visible type or member 'UserAppService.MapToEntity(UserDto, User)' [C:\Users\Nhlakanipho\Documents\Projects\ABP-Group\aspnet-core\src\ABPGroup.Application\ABPGroup.Application.csproj]
C:\Users\Nhlakanipho\Documents\Projects\ABP-Group\aspnet-core\src\ABPGroup.Application\Users\UserAppService.cs(148,32): warning CS1591: Missing XML comment for publicly visible type or member 'UserAppService.MapToEntityDto(User)' [C:\Users\Nhlakanipho\Documents\Projects\ABP-Group\aspnet-core\src\ABPGroup.Application\ABPGroup.Application.csproj]
C:\Users\Nhlakanipho\Documents\Projects\ABP-Group\aspnet-core\src\ABPGroup.Application\Users\UserAppService.cs(160,41): warning CS1591: Missing XML comment for publicly visible type or member 'UserAppService.CreateFilteredQuery(PagedUserResultRequestDto)' [C:\Users\Nhlakanipho\Documents\Projects\ABP-Group\aspnet-core\src\ABPGroup.Application\ABPGroup.Application.csproj]
C:\Users\Nhlakanipho\Documents\Projects\ABP-Group\aspnet-core\src\ABPGroup.Application\Users\UserAppService.cs(167,41): warning CS1591: Missing XML comment for publicly visible type or member 'UserAppService.GetEntityByIdAsync(long)' [C:\Users\Nhlakanipho\Documents\Projects\ABP-Group\aspnet-core\src\ABPGroup.Application\ABPGroup.Application.csproj]
C:\Users\Nhlakanipho\Documents\Projects\ABP-Group\aspnet-core\src\ABPGroup.Application\Users\UserAppService.cs(179,41): warning CS1591: Missing XML comment for publicly visible type or member 'UserAppService.ApplySorting(IQueryable<User>, PagedUserResultRequestDto)' [C:\Users\Nhlakanipho\Documents\Projects\ABP-Group\aspnet-core\src\ABPGroup.Application\ABPGroup.Application.csproj]
C:\Users\Nhlakanipho\Documents\Projects\ABP-Group\aspnet-core\src\ABPGroup.Application\Users\UserAppService.cs(184,28): warning CS1591: Missing XML comment for publicly visible type or member 'UserAppService.CheckErrors(IdentityResult)' [C:\Users\Nhlakanipho\Documents\Projects\ABP-Group\aspnet-core\src\ABPGroup.Application\ABPGroup.Application.csproj]
C:\Users\Nhlakanipho\Documents\Projects\ABP-Group\aspnet-core\src\ABPGroup.Application\Users\UserAppService.cs(189,29): warning CS1591: Missing XML comment for publicly visible type or member 'UserAppService.ChangePassword(ChangePasswordDto)' [C:\Users\Nhlakanipho\Documents\Projects\ABP-Group\aspnet-core\src\ABPGroup.Application\ABPGroup.Application.csproj]
C:\Users\Nhlakanipho\Documents\Projects\ABP-Group\aspnet-core\src\ABPGroup.Application\Users\UserAppService.cs(214,29): warning CS1591: Missing XML comment for publicly visible type or member 'UserAppService.ResetPassword(ResetPasswordDto)' [C:\Users\Nhlakanipho\Documents\Projects\ABP-Group\aspnet-core\src\ABPGroup.Application\ABPGroup.Application.csproj]
C:\Users\Nhlakanipho\Documents\Projects\ABP-Group\aspnet-core\src\ABPGroup.Application\Workspaces\Dto\CreateWorkspaceDto.cs(9,14): warning CS1591: Missing XML comment for publicly visible type or member 'CreateWorkspaceDto' [C:\Users\Nhlakanipho\Documents\Projects\ABP-Group\aspnet-core\src\ABPGroup.Application\ABPGroup.Application.csproj]
C:\Users\Nhlakanipho\Documents\Projects\ABP-Group\aspnet-core\src\ABPGroup.Application\Workspaces\Dto\CreateWorkspaceDto.cs(13,19): warning CS1591: Missing XML comment for publicly visible type or member 'CreateWorkspaceDto.TenancyName' [C:\Users\Nhlakanipho\Documents\Projects\ABP-Group\aspnet-core\src\ABPGroup.Application\ABPGroup.Application.csproj]
C:\Users\Nhlakanipho\Documents\Projects\ABP-Group\aspnet-core\src\ABPGroup.Application\Workspaces\Dto\CreateWorkspaceDto.cs(17,19): warning CS1591: Missing XML comment for publicly visible type or member 'CreateWorkspaceDto.Name' [C:\Users\Nhlakanipho\Documents\Projects\ABP-Group\aspnet-core\src\ABPGroup.Application\ABPGroup.Application.csproj]
C:\Users\Nhlakanipho\Documents\Projects\ABP-Group\aspnet-core\src\ABPGroup.Application\Workspaces\Dto\CreateWorkspaceDto.cs(19,17): warning CS1591: Missing XML comment for publicly visible type or member 'CreateWorkspaceDto.IsActive' [C:\Users\Nhlakanipho\Documents\Projects\ABP-Group\aspnet-core\src\ABPGroup.Application\ABPGroup.Application.csproj]
C:\Users\Nhlakanipho\Documents\Projects\ABP-Group\aspnet-core\src\ABPGroup.Application\Workspaces\Dto\PagedWorkspaceResultRequestDto.cs(7,14): warning CS1591: Missing XML comment for publicly visible type or member 'PagedWorkspaceResultRequestDto' [C:\Users\Nhlakanipho\Documents\Projects\ABP-Group\aspnet-core\src\ABPGroup.Application\ABPGroup.Application.csproj]
C:\Users\Nhlakanipho\Documents\Projects\ABP-Group\aspnet-core\src\ABPGroup.Application\Workspaces\Dto\PagedWorkspaceResultRequestDto.cs(9,19): warning CS1591: Missing XML comment for publicly visible type or member 'PagedWorkspaceResultRequestDto.Keyword' [C:\Users\Nhlakanipho\Documents\Projects\ABP-Group\aspnet-core\src\ABPGroup.Application\ABPGroup.Application.csproj]
C:\Users\Nhlakanipho\Documents\Projects\ABP-Group\aspnet-core\src\ABPGroup.Application\Workspaces\Dto\PagedWorkspaceResultRequestDto.cs(11,17): warning CS1591: Missing XML comment for publicly visible type or member 'PagedWorkspaceResultRequestDto.Normalize()' [C:\Users\Nhlakanipho\Documents\Projects\ABP-Group\aspnet-core\src\ABPGroup.Application\ABPGroup.Application.csproj]
C:\Users\Nhlakanipho\Documents\Projects\ABP-Group\aspnet-core\src\ABPGroup.Application\Workspaces\Dto\WorkspaceDto.cs(9,14): warning CS1591: Missing XML comment for publicly visible type or member 'WorkspaceDto' [C:\Users\Nhlakanipho\Documents\Projects\ABP-Group\aspnet-core\src\ABPGroup.Application\ABPGroup.Application.csproj]
C:\Users\Nhlakanipho\Documents\Projects\ABP-Group\aspnet-core\src\ABPGroup.Application\Workspaces\Dto\WorkspaceDto.cs(11,19): warning CS1591: Missing XML comment for publicly visible type or member 'WorkspaceDto.TenancyName' [C:\Users\Nhlakanipho\Documents\Projects\ABP-Group\aspnet-core\src\ABPGroup.Application\ABPGroup.Application.csproj]
C:\Users\Nhlakanipho\Documents\Projects\ABP-Group\aspnet-core\src\ABPGroup.Application\Workspaces\Dto\WorkspaceDto.cs(13,19): warning CS1591: Missing XML comment for publicly visible type or member 'WorkspaceDto.Name' [C:\Users\Nhlakanipho\Documents\Projects\ABP-Group\aspnet-core\src\ABPGroup.Application\ABPGroup.Application.csproj]
C:\Users\Nhlakanipho\Documents\Projects\ABP-Group\aspnet-core\src\ABPGroup.Application\Workspaces\Dto\WorkspaceDto.cs(15,17): warning CS1591: Missing XML comment for publicly visible type or member 'WorkspaceDto.IsActive' [C:\Users\Nhlakanipho\Documents\Projects\ABP-Group\aspnet-core\src\ABPGroup.Application\ABPGroup.Application.csproj]
C:\Users\Nhlakanipho\Documents\Projects\ABP-Group\aspnet-core\src\ABPGroup.Application\Workspaces\Dto\WorkspaceDto.cs(17,21): warning CS1591: Missing XML comment for publicly visible type or member 'WorkspaceDto.CreationTime' [C:\Users\Nhlakanipho\Documents\Projects\ABP-Group\aspnet-core\src\ABPGroup.Application\ABPGroup.Application.csproj]
C:\Users\Nhlakanipho\Documents\Projects\ABP-Group\aspnet-core\src\ABPGroup.Application\Workspaces\IWorkspaceAppService.cs(6,18): warning CS1591: Missing XML comment for publicly visible type or member 'IWorkspaceAppService' [C:\Users\Nhlakanipho\Documents\Projects\ABP-Group\aspnet-core\src\ABPGroup.Application\ABPGroup.Application.csproj]
C:\Users\Nhlakanipho\Documents\Projects\ABP-Group\aspnet-core\src\ABPGroup.Application\Workspaces\WorkspaceAppService.cs(17,14): warning CS1591: Missing XML comment for publicly visible type or member 'WorkspaceAppService' [C:\Users\Nhlakanipho\Documents\Projects\ABP-Group\aspnet-core\src\ABPGroup.Application\ABPGroup.Application.csproj]
C:\Users\Nhlakanipho\Documents\Projects\ABP-Group\aspnet-core\src\ABPGroup.Application\Workspaces\WorkspaceAppService.cs(21,12): warning CS1591: Missing XML comment for publicly visible type or member 'WorkspaceAppService.WorkspaceAppService(IRepository<Tenant, int>, TenantManager)' [C:\Users\Nhlakanipho\Documents\Projects\ABP-Group\aspnet-core\src\ABPGroup.Application\ABPGroup.Application.csproj]
C:\Users\Nhlakanipho\Documents\Projects\ABP-Group\aspnet-core\src\ABPGroup.Application\Workspaces\WorkspaceAppService.cs(32,46): warning CS1591: Missing XML comment for publicly visible type or member 'WorkspaceAppService.CreateAsync(CreateWorkspaceDto)' [C:\Users\Nhlakanipho\Documents\Projects\ABP-Group\aspnet-core\src\ABPGroup.Application\ABPGroup.Application.csproj]
C:\Users\Nhlakanipho\Documents\Projects\ABP-Group\aspnet-core\src\ABPGroup.Application\Workspaces\WorkspaceAppService.cs(47,46): warning CS1591: Missing XML comment for publicly visible type or member 'WorkspaceAppService.GetAsync(EntityDto<int>)' [C:\Users\Nhlakanipho\Documents\Projects\ABP-Group\aspnet-core\src\ABPGroup.Application\ABPGroup.Application.csproj]
C:\Users\Nhlakanipho\Documents\Projects\ABP-Group\aspnet-core\src\ABPGroup.Application\Workspaces\WorkspaceAppService.cs(64,43): warning CS1591: Missing XML comment for publicly visible type or member 'WorkspaceAppService.CreateFilteredQuery(PagedWorkspaceResultRequestDto)' [C:\Users\Nhlakanipho\Documents\Projects\ABP-Group\aspnet-core\src\ABPGroup.Application\ABPGroup.Application.csproj]
C:\Users\Nhlakanipho\Documents\Projects\ABP-Group\aspnet-core\src\ABPGroup.Application\Workspaces\WorkspaceAppService.cs(71,43): warning CS1591: Missing XML comment for publicly visible type or member 'WorkspaceAppService.ApplySorting(IQueryable<Tenant>, PagedWorkspaceResultRequestDto)' [C:\Users\Nhlakanipho\Documents\Projects\ABP-Group\aspnet-core\src\ABPGroup.Application\ABPGroup.Application.csproj]
C:\Users\Nhlakanipho\Documents\Projects\ABP-Group\aspnet-core\src\ABPGroup.Application\Workspaces\WorkspaceAppService.cs(81,29): warning CS1591: Missing XML comment for publicly visible type or member 'WorkspaceAppService.MapToEntity(WorkspaceDto, Tenant)' [C:\Users\Nhlakanipho\Documents\Projects\ABP-Group\aspnet-core\src\ABPGroup.Application\ABPGroup.Application.csproj]
C:\Users\Nhlakanipho\Documents\Projects\ABP-Group\aspnet-core\src\ABPGroup.Web.Host\Controllers\AntiForgeryController.cs(7,18): warning CS1591: Missing XML comment for publicly visible type or member 'AntiForgeryController' [C:\Users\Nhlakanipho\Documents\Projects\ABP-Group\aspnet-core\src\ABPGroup.Web.Host\ABPGroup.Web.Host.csproj]
C:\Users\Nhlakanipho\Documents\Projects\ABP-Group\aspnet-core\src\ABPGroup.Web.Host\Controllers\AntiForgeryController.cs(12,16): warning CS1591: Missing XML comment for publicly visible type or member 'AntiForgeryController.AntiForgeryController(IAntiforgery, IAbpAntiForgeryManager)' [C:\Users\Nhlakanipho\Documents\Projects\ABP-Group\aspnet-core\src\ABPGroup.Web.Host\ABPGroup.Web.Host.csproj]
C:\Users\Nhlakanipho\Documents\Projects\ABP-Group\aspnet-core\src\ABPGroup.Web.Host\Controllers\AntiForgeryController.cs(18,21): warning CS1591: Missing XML comment for publicly visible type or member 'AntiForgeryController.GetToken()' [C:\Users\Nhlakanipho\Documents\Projects\ABP-Group\aspnet-core\src\ABPGroup.Web.Host\ABPGroup.Web.Host.csproj]
C:\Users\Nhlakanipho\Documents\Projects\ABP-Group\aspnet-core\src\ABPGroup.Web.Host\Controllers\AntiForgeryController.cs(23,21): warning CS1591: Missing XML comment for publicly visible type or member 'AntiForgeryController.SetCookie()' [C:\Users\Nhlakanipho\Documents\Projects\ABP-Group\aspnet-core\src\ABPGroup.Web.Host\ABPGroup.Web.Host.csproj]
C:\Users\Nhlakanipho\Documents\Projects\ABP-Group\aspnet-core\src\ABPGroup.Web.Host\Controllers\HomeController.cs(11,18): warning CS1591: Missing XML comment for publicly visible type or member 'HomeController' [C:\Users\Nhlakanipho\Documents\Projects\ABP-Group\aspnet-core\src\ABPGroup.Web.Host\ABPGroup.Web.Host.csproj]
C:\Users\Nhlakanipho\Documents\Projects\ABP-Group\aspnet-core\src\ABPGroup.Web.Host\Controllers\HomeController.cs(15,16): warning CS1591: Missing XML comment for publicly visible type or member 'HomeController.HomeController(INotificationPublisher)' [C:\Users\Nhlakanipho\Documents\Projects\ABP-Group\aspnet-core\src\ABPGroup.Web.Host\ABPGroup.Web.Host.csproj]
C:\Users\Nhlakanipho\Documents\Projects\ABP-Group\aspnet-core\src\ABPGroup.Web.Host\Controllers\HomeController.cs(20,30): warning CS1591: Missing XML comment for publicly visible type or member 'HomeController.Index()' [C:\Users\Nhlakanipho\Documents\Projects\ABP-Group\aspnet-core\src\ABPGroup.Web.Host\ABPGroup.Web.Host.csproj]
C:\Users\Nhlakanipho\Documents\Projects\ABP-Group\aspnet-core\src\ABPGroup.Web.Host\Startup\ABPGroupWebHostModule.cs(11,18): warning CS1591: Missing XML comment for publicly visible type or member 'ABPGroupWebHostModule' [C:\Users\Nhlakanipho\Documents\Projects\ABP-Group\aspnet-core\src\ABPGroup.Web.Host\ABPGroup.Web.Host.csproj]
C:\Users\Nhlakanipho\Documents\Projects\ABP-Group\aspnet-core\src\ABPGroup.Web.Host\Startup\ABPGroupWebHostModule.cs(16,16): warning CS1591: Missing XML comment for publicly visible type or member 'ABPGroupWebHostModule.ABPGroupWebHostModule(IWebHostEnvironment)' [C:\Users\Nhlakanipho\Documents\Projects\ABP-Group\aspnet-core\src\ABPGroup.Web.Host\ABPGroup.Web.Host.csproj]
C:\Users\Nhlakanipho\Documents\Projects\ABP-Group\aspnet-core\src\ABPGroup.Web.Host\Startup\ABPGroupWebHostModule.cs(22,30): warning CS1591: Missing XML comment for publicly visible type or member 'ABPGroupWebHostModule.PreInitialize()' [C:\Users\Nhlakanipho\Documents\Projects\ABP-Group\aspnet-core\src\ABPGroup.Web.Host\ABPGroup.Web.Host.csproj]
C:\Users\Nhlakanipho\Documents\Projects\ABP-Group\aspnet-core\src\ABPGroup.Web.Host\Startup\ABPGroupWebHostModule.cs(27,30): warning CS1591: Missing XML comment for publicly visible type or member 'ABPGroupWebHostModule.Initialize()' [C:\Users\Nhlakanipho\Documents\Projects\ABP-Group\aspnet-core\src\ABPGroup.Web.Host\ABPGroup.Web.Host.csproj]
C:\Users\Nhlakanipho\Documents\Projects\ABP-Group\aspnet-core\src\ABPGroup.Web.Host\Startup\AuthConfigurer.cs(17,25): warning CS1591: Missing XML comment for publicly visible type or member 'AuthConfigurer' [C:\Users\Nhlakanipho\Documents\Projects\ABP-Group\aspnet-core\src\ABPGroup.Web.Host\ABPGroup.Web.Host.csproj]
C:\Users\Nhlakanipho\Documents\Projects\ABP-Group\aspnet-core\src\ABPGroup.Web.Host\Startup\AuthConfigurer.cs(19,28): warning CS1591: Missing XML comment for publicly visible type or member 'AuthConfigurer.Configure(IServiceCollection, IConfiguration)' [C:\Users\Nhlakanipho\Documents\Projects\ABP-Group\aspnet-core\src\ABPGroup.Web.Host\ABPGroup.Web.Host.csproj]
C:\Users\Nhlakanipho\Documents\Projects\ABP-Group\aspnet-core\src\ABPGroup.Web.Host\Startup\Program.cs(9,18): warning CS1591: Missing XML comment for publicly visible type or member 'Program' [C:\Users\Nhlakanipho\Documents\Projects\ABP-Group\aspnet-core\src\ABPGroup.Web.Host\ABPGroup.Web.Host.csproj]
C:\Users\Nhlakanipho\Documents\Projects\ABP-Group\aspnet-core\src\ABPGroup.Web.Host\Startup\Program.cs(11,28): warning CS1591: Missing XML comment for publicly visible type or member 'Program.Main(string[])' [C:\Users\Nhlakanipho\Documents\Projects\ABP-Group\aspnet-core\src\ABPGroup.Web.Host\ABPGroup.Web.Host.csproj]
C:\Users\Nhlakanipho\Documents\Projects\ABP-Group\aspnet-core\src\ABPGroup.Web.Host\Startup\Startup.cs(22,18): warning CS1591: Missing XML comment for publicly visible type or member 'Startup' [C:\Users\Nhlakanipho\Documents\Projects\ABP-Group\aspnet-core\src\ABPGroup.Web.Host\ABPGroup.Web.Host.csproj]
C:\Users\Nhlakanipho\Documents\Projects\ABP-Group\aspnet-core\src\ABPGroup.Web.Host\Startup\Startup.cs(31,16): warning CS1591: Missing XML comment for publicly visible type or member 'Startup.Startup(IWebHostEnvironment)' [C:\Users\Nhlakanipho\Documents\Projects\ABP-Group\aspnet-core\src\ABPGroup.Web.Host\ABPGroup.Web.Host.csproj]
C:\Users\Nhlakanipho\Documents\Projects\ABP-Group\aspnet-core\src\ABPGroup.Web.Host\Startup\Startup.cs(37,21): warning CS1591: Missing XML comment for publicly visible type or member 'Startup.ConfigureServices(IServiceCollection)' [C:\Users\Nhlakanipho\Documents\Projects\ABP-Group\aspnet-core\src\ABPGroup.Web.Host\ABPGroup.Web.Host.csproj]
C:\Users\Nhlakanipho\Documents\Projects\ABP-Group\aspnet-core\src\ABPGroup.Web.Host\Startup\Startup.cs(79,21): warning CS1591: Missing XML comment for publicly visible type or member 'Startup.Configure(IApplicationBuilder, IWebHostEnvironment, ILoggerFactory)' [C:\Users\Nhlakanipho\Documents\Projects\ABP-Group\aspnet-core\src\ABPGroup.Web.Host\ABPGroup.Web.Host.csproj]
C:\Program Files\dotnet\sdk\10.0.201\Microsoft.Common.CurrentVersion.targets(5094,5): warning MSB3026: Could not copy "C:\Users\Nhlakanipho\Documents\Projects\ABP-Group\aspnet-core\src\ABPGroup.Web.Core\bin\Debug\net9.0\ABPGroup.Web.Core.dll" to "bin\Debug\net9.0\ABPGroup.Web.Core.dll". Beginning retry 1 in 1000ms. The process cannot access the file 'C:\Users\Nhlakanipho\Documents\Projects\ABP-Group\aspnet-core\src\ABPGroup.Web.Host\bin\Debug\net9.0\ABPGroup.Web.Core.dll' because it is being used by another process. The file is locked by: "ABPGroup.Web.Host (72472)" [C:\Users\Nhlakanipho\Documents\Projects\ABP-Group\aspnet-core\src\ABPGroup.Web.Host\ABPGroup.Web.Host.csproj]
C:\Program Files\dotnet\sdk\10.0.201\Microsoft.Common.CurrentVersion.targets(5094,5): warning MSB3026: Could not copy "c:\Users\Nhlakanipho\Documents\Projects\ABP-Group\aspnet-core\src\ABPGroup.Application\bin\Debug\net9.0\ABPGroup.Application.dll" to "bin\Debug\net9.0\ABPGroup.Application.dll". Beginning retry 1 in 1000ms. The process cannot access the file 'C:\Users\Nhlakanipho\Documents\Projects\ABP-Group\aspnet-core\src\ABPGroup.Web.Host\bin\Debug\net9.0\ABPGroup.Application.dll' because it is being used by another process. The file is locked by: "ABPGroup.Web.Host (72472)" [C:\Users\Nhlakanipho\Documents\Projects\ABP-Group\aspnet-core\src\ABPGroup.Web.Host\ABPGroup.Web.Host.csproj]
C:\Program Files\dotnet\sdk\10.0.201\Microsoft.Common.CurrentVersion.targets(5094,5): warning MSB3026: Could not copy "C:\Users\Nhlakanipho\Documents\Projects\ABP-Group\aspnet-core\src\ABPGroup.Core\bin\Debug\net9.0\ABPGroup.Core.dll" to "bin\Debug\net9.0\ABPGroup.Core.dll". Beginning retry 1 in 1000ms. The process cannot access the file 'C:\Users\Nhlakanipho\Documents\Projects\ABP-Group\aspnet-core\src\ABPGroup.Web.Host\bin\Debug\net9.0\ABPGroup.Core.dll' because it is being used by another process. The file is locked by: "ABPGroup.Web.Host (72472)" [C:\Users\Nhlakanipho\Documents\Projects\ABP-Group\aspnet-core\src\ABPGroup.Web.Host\ABPGroup.Web.Host.csproj]
C:\Users\Nhlakanipho\Documents\Projects\ABP-Group\aspnet-core\test\ABPGroup.Tests\MultiTenantFactAttribute.cs(11,13): warning CS0162: Unreachable code detected [C:\Users\Nhlakanipho\Documents\Projects\ABP-Group\aspnet-core\test\ABPGroup.Tests\ABPGroup.Tests.csproj]
C:\Users\Nhlakanipho\Documents\Projects\ABP-Group\aspnet-core\test\ABPGroup.Tests\ABPGroupTestModule.cs(43,9): warning CS0618: 'IAbpAutoMapperConfiguration.UseStaticMapper' is obsolete: 'Automapper will remove static API. See https://github.com/aspnetboilerplate/aspnetboilerplate/issues/4667' [C:\Users\Nhlakanipho\Documents\Projects\ABP-Group\aspnet-core\test\ABPGroup.Tests\ABPGroup.Tests.csproj]
C:\Program Files\dotnet\sdk\10.0.201\Microsoft.Common.CurrentVersion.targets(5094,5): warning MSB3026: Could not copy "C:\Users\Nhlakanipho\Documents\Projects\ABP-Group\aspnet-core\src\ABPGroup.EntityFrameworkCore\bin\Debug\net9.0\ABPGroup.EntityFrameworkCore.dll" to "bin\Debug\net9.0\ABPGroup.EntityFrameworkCore.dll". Beginning retry 1 in 1000ms. The process cannot access the file 'C:\Users\Nhlakanipho\Documents\Projects\ABP-Group\aspnet-core\src\ABPGroup.Web.Host\bin\Debug\net9.0\ABPGroup.EntityFrameworkCore.dll' because it is being used by another process. The file is locked by: "ABPGroup.Web.Host (72472)" [C:\Users\Nhlakanipho\Documents\Projects\ABP-Group\aspnet-core\src\ABPGroup.Web.Host\ABPGroup.Web.Host.csproj]
C:\Program Files\dotnet\sdk\10.0.201\Microsoft.Common.CurrentVersion.targets(5094,5): warning MSB3026: Could not copy "C:\Users\Nhlakanipho\Documents\Projects\ABP-Group\aspnet-core\src\ABPGroup.EntityFrameworkCore\bin\Debug\net9.0\ABPGroup.EntityFrameworkCore.dll" to "bin\Debug\net9.0\ABPGroup.EntityFrameworkCore.dll". Beginning retry 2 in 1000ms. The process cannot access the file 'C:\Users\Nhlakanipho\Documents\Projects\ABP-Group\aspnet-core\src\ABPGroup.Web.Host\bin\Debug\net9.0\ABPGroup.EntityFrameworkCore.dll' because it is being used by another process. The file is locked by: "ABPGroup.Web.Host (72472)" [C:\Users\Nhlakanipho\Documents\Projects\ABP-Group\aspnet-core\src\ABPGroup.Web.Host\ABPGroup.Web.Host.csproj]
C:\Program Files\dotnet\sdk\10.0.201\Microsoft.Common.CurrentVersion.targets(5094,5): warning MSB3026: Could not copy "C:\Users\Nhlakanipho\Documents\Projects\ABP-Group\aspnet-core\src\ABPGroup.Web.Core\bin\Debug\net9.0\ABPGroup.Web.Core.dll" to "bin\Debug\net9.0\ABPGroup.Web.Core.dll". Beginning retry 2 in 1000ms. The process cannot access the file 'C:\Users\Nhlakanipho\Documents\Projects\ABP-Group\aspnet-core\src\ABPGroup.Web.Host\bin\Debug\net9.0\ABPGroup.Web.Core.dll' because it is being used by another process. The file is locked by: "ABPGroup.Web.Host (72472)" [C:\Users\Nhlakanipho\Documents\Projects\ABP-Group\aspnet-core\src\ABPGroup.Web.Host\ABPGroup.Web.Host.csproj]
C:\Program Files\dotnet\sdk\10.0.201\Microsoft.Common.CurrentVersion.targets(5094,5): warning MSB3026: Could not copy "C:\Users\Nhlakanipho\Documents\Projects\ABP-Group\aspnet-core\src\ABPGroup.Core\bin\Debug\net9.0\ABPGroup.Core.dll" to "bin\Debug\net9.0\ABPGroup.Core.dll". Beginning retry 2 in 1000ms. The process cannot access the file 'C:\Users\Nhlakanipho\Documents\Projects\ABP-Group\aspnet-core\src\ABPGroup.Web.Host\bin\Debug\net9.0\ABPGroup.Core.dll' because it is being used by another process. The file is locked by: "ABPGroup.Web.Host (72472)" [C:\Users\Nhlakanipho\Documents\Projects\ABP-Group\aspnet-core\src\ABPGroup.Web.Host\ABPGroup.Web.Host.csproj]
C:\Program Files\dotnet\sdk\10.0.201\Microsoft.Common.CurrentVersion.targets(5094,5): warning MSB3026: Could not copy "c:\Users\Nhlakanipho\Documents\Projects\ABP-Group\aspnet-core\src\ABPGroup.Application\bin\Debug\net9.0\ABPGroup.Application.dll" to "bin\Debug\net9.0\ABPGroup.Application.dll". Beginning retry 2 in 1000ms. The process cannot access the file 'C:\Users\Nhlakanipho\Documents\Projects\ABP-Group\aspnet-core\src\ABPGroup.Web.Host\bin\Debug\net9.0\ABPGroup.Application.dll' because it is being used by another process. The file is locked by: "ABPGroup.Web.Host (72472)" [C:\Users\Nhlakanipho\Documents\Projects\ABP-Group\aspnet-core\src\ABPGroup.Web.Host\ABPGroup.Web.Host.csproj]
C:\Program Files\dotnet\sdk\10.0.201\Microsoft.Common.CurrentVersion.targets(5094,5): warning MSB3026: Could not copy "C:\Users\Nhlakanipho\Documents\Projects\ABP-Group\aspnet-core\src\ABPGroup.EntityFrameworkCore\bin\Debug\net9.0\ABPGroup.EntityFrameworkCore.dll" to "bin\Debug\net9.0\ABPGroup.EntityFrameworkCore.dll". Beginning retry 3 in 1000ms. The process cannot access the file 'C:\Users\Nhlakanipho\Documents\Projects\ABP-Group\aspnet-core\src\ABPGroup.Web.Host\bin\Debug\net9.0\ABPGroup.EntityFrameworkCore.dll' because it is being used by another process. The file is locked by: "ABPGroup.Web.Host (72472)" [C:\Users\Nhlakanipho\Documents\Projects\ABP-Group\aspnet-core\src\ABPGroup.Web.Host\ABPGroup.Web.Host.csproj]
C:\Program Files\dotnet\sdk\10.0.201\Microsoft.Common.CurrentVersion.targets(5094,5): warning MSB3026: Could not copy "C:\Users\Nhlakanipho\Documents\Projects\ABP-Group\aspnet-core\src\ABPGroup.Core\bin\Debug\net9.0\ABPGroup.Core.dll" to "bin\Debug\net9.0\ABPGroup.Core.dll". Beginning retry 3 in 1000ms. The process cannot access the file 'C:\Users\Nhlakanipho\Documents\Projects\ABP-Group\aspnet-core\src\ABPGroup.Web.Host\bin\Debug\net9.0\ABPGroup.Core.dll' because it is being used by another process. The file is locked by: "ABPGroup.Web.Host (72472)" [C:\Users\Nhlakanipho\Documents\Projects\ABP-Group\aspnet-core\src\ABPGroup.Web.Host\ABPGroup.Web.Host.csproj]
C:\Program Files\dotnet\sdk\10.0.201\Microsoft.Common.CurrentVersion.targets(5094,5): warning MSB3026: Could not copy "c:\Users\Nhlakanipho\Documents\Projects\ABP-Group\aspnet-core\src\ABPGroup.Application\bin\Debug\net9.0\ABPGroup.Application.dll" to "bin\Debug\net9.0\ABPGroup.Application.dll". Beginning retry 3 in 1000ms. The process cannot access the file 'C:\Users\Nhlakanipho\Documents\Projects\ABP-Group\aspnet-core\src\ABPGroup.Web.Host\bin\Debug\net9.0\ABPGroup.Application.dll' because it is being used by another process. The file is locked by: "ABPGroup.Web.Host (72472)" [C:\Users\Nhlakanipho\Documents\Projects\ABP-Group\aspnet-core\src\ABPGroup.Web.Host\ABPGroup.Web.Host.csproj]
C:\Program Files\dotnet\sdk\10.0.201\Microsoft.Common.CurrentVersion.targets(5094,5): warning MSB3026: Could not copy "C:\Users\Nhlakanipho\Documents\Projects\ABP-Group\aspnet-core\src\ABPGroup.Web.Core\bin\Debug\net9.0\ABPGroup.Web.Core.dll" to "bin\Debug\net9.0\ABPGroup.Web.Core.dll". Beginning retry 3 in 1000ms. The process cannot access the file 'C:\Users\Nhlakanipho\Documents\Projects\ABP-Group\aspnet-core\src\ABPGroup.Web.Host\bin\Debug\net9.0\ABPGroup.Web.Core.dll' because it is being used by another process. The file is locked by: "ABPGroup.Web.Host (72472)" [C:\Users\Nhlakanipho\Documents\Projects\ABP-Group\aspnet-core\src\ABPGroup.Web.Host\ABPGroup.Web.Host.csproj]
C:\Program Files\dotnet\sdk\10.0.201\Microsoft.Common.CurrentVersion.targets(5094,5): warning MSB3026: Could not copy "c:\Users\Nhlakanipho\Documents\Projects\ABP-Group\aspnet-core\src\ABPGroup.Application\bin\Debug\net9.0\ABPGroup.Application.dll" to "bin\Debug\net9.0\ABPGroup.Application.dll". Beginning retry 4 in 1000ms. The process cannot access the file 'C:\Users\Nhlakanipho\Documents\Projects\ABP-Group\aspnet-core\src\ABPGroup.Web.Host\bin\Debug\net9.0\ABPGroup.Application.dll' because it is being used by another process. The file is locked by: "ABPGroup.Web.Host (72472)" [C:\Users\Nhlakanipho\Documents\Projects\ABP-Group\aspnet-core\src\ABPGroup.Web.Host\ABPGroup.Web.Host.csproj]
C:\Program Files\dotnet\sdk\10.0.201\Microsoft.Common.CurrentVersion.targets(5094,5): warning MSB3026: Could not copy "C:\Users\Nhlakanipho\Documents\Projects\ABP-Group\aspnet-core\src\ABPGroup.EntityFrameworkCore\bin\Debug\net9.0\ABPGroup.EntityFrameworkCore.dll" to "bin\Debug\net9.0\ABPGroup.EntityFrameworkCore.dll". Beginning retry 4 in 1000ms. The process cannot access the file 'C:\Users\Nhlakanipho\Documents\Projects\ABP-Group\aspnet-core\src\ABPGroup.Web.Host\bin\Debug\net9.0\ABPGroup.EntityFrameworkCore.dll' because it is being used by another process. The file is locked by: "ABPGroup.Web.Host (72472)" [C:\Users\Nhlakanipho\Documents\Projects\ABP-Group\aspnet-core\src\ABPGroup.Web.Host\ABPGroup.Web.Host.csproj]
C:\Program Files\dotnet\sdk\10.0.201\Microsoft.Common.CurrentVersion.targets(5094,5): warning MSB3026: Could not copy "C:\Users\Nhlakanipho\Documents\Projects\ABP-Group\aspnet-core\src\ABPGroup.Web.Core\bin\Debug\net9.0\ABPGroup.Web.Core.dll" to "bin\Debug\net9.0\ABPGroup.Web.Core.dll". Beginning retry 4 in 1000ms. The process cannot access the file 'C:\Users\Nhlakanipho\Documents\Projects\ABP-Group\aspnet-core\src\ABPGroup.Web.Host\bin\Debug\net9.0\ABPGroup.Web.Core.dll' because it is being used by another process. The file is locked by: "ABPGroup.Web.Host (72472)" [C:\Users\Nhlakanipho\Documents\Projects\ABP-Group\aspnet-core\src\ABPGroup.Web.Host\ABPGroup.Web.Host.csproj]
C:\Program Files\dotnet\sdk\10.0.201\Microsoft.Common.CurrentVersion.targets(5094,5): warning MSB3026: Could not copy "C:\Users\Nhlakanipho\Documents\Projects\ABP-Group\aspnet-core\src\ABPGroup.Core\bin\Debug\net9.0\ABPGroup.Core.dll" to "bin\Debug\net9.0\ABPGroup.Core.dll". Beginning retry 4 in 1000ms. The process cannot access the file 'C:\Users\Nhlakanipho\Documents\Projects\ABP-Group\aspnet-core\src\ABPGroup.Web.Host\bin\Debug\net9.0\ABPGroup.Core.dll' because it is being used by another process. The file is locked by: "ABPGroup.Web.Host (72472)" [C:\Users\Nhlakanipho\Documents\Projects\ABP-Group\aspnet-core\src\ABPGroup.Web.Host\ABPGroup.Web.Host.csproj]
C:\Program Files\dotnet\sdk\10.0.201\Microsoft.Common.CurrentVersion.targets(5094,5): warning MSB3026: Could not copy "c:\Users\Nhlakanipho\Documents\Projects\ABP-Group\aspnet-core\src\ABPGroup.Application\bin\Debug\net9.0\ABPGroup.Application.dll" to "bin\Debug\net9.0\ABPGroup.Application.dll". Beginning retry 5 in 1000ms. The process cannot access the file 'C:\Users\Nhlakanipho\Documents\Projects\ABP-Group\aspnet-core\src\ABPGroup.Web.Host\bin\Debug\net9.0\ABPGroup.Application.dll' because it is being used by another process. The file is locked by: "ABPGroup.Web.Host (72472)" [C:\Users\Nhlakanipho\Documents\Projects\ABP-Group\aspnet-core\src\ABPGroup.Web.Host\ABPGroup.Web.Host.csproj]
C:\Program Files\dotnet\sdk\10.0.201\Microsoft.Common.CurrentVersion.targets(5094,5): warning MSB3026: Could not copy "C:\Users\Nhlakanipho\Documents\Projects\ABP-Group\aspnet-core\src\ABPGroup.EntityFrameworkCore\bin\Debug\net9.0\ABPGroup.EntityFrameworkCore.dll" to "bin\Debug\net9.0\ABPGroup.EntityFrameworkCore.dll". Beginning retry 5 in 1000ms. The process cannot access the file 'C:\Users\Nhlakanipho\Documents\Projects\ABP-Group\aspnet-core\src\ABPGroup.Web.Host\bin\Debug\net9.0\ABPGroup.EntityFrameworkCore.dll' because it is being used by another process. The file is locked by: "ABPGroup.Web.Host (72472)" [C:\Users\Nhlakanipho\Documents\Projects\ABP-Group\aspnet-core\src\ABPGroup.Web.Host\ABPGroup.Web.Host.csproj]
C:\Program Files\dotnet\sdk\10.0.201\Microsoft.Common.CurrentVersion.targets(5094,5): warning MSB3026: Could not copy "C:\Users\Nhlakanipho\Documents\Projects\ABP-Group\aspnet-core\src\ABPGroup.Core\bin\Debug\net9.0\ABPGroup.Core.dll" to "bin\Debug\net9.0\ABPGroup.Core.dll". Beginning retry 5 in 1000ms. The process cannot access the file 'C:\Users\Nhlakanipho\Documents\Projects\ABP-Group\aspnet-core\src\ABPGroup.Web.Host\bin\Debug\net9.0\ABPGroup.Core.dll' because it is being used by another process. The file is locked by: "ABPGroup.Web.Host (72472)" [C:\Users\Nhlakanipho\Documents\Projects\ABP-Group\aspnet-core\src\ABPGroup.Web.Host\ABPGroup.Web.Host.csproj]
C:\Program Files\dotnet\sdk\10.0.201\Microsoft.Common.CurrentVersion.targets(5094,5): warning MSB3026: Could not copy "C:\Users\Nhlakanipho\Documents\Projects\ABP-Group\aspnet-core\src\ABPGroup.Web.Core\bin\Debug\net9.0\ABPGroup.Web.Core.dll" to "bin\Debug\net9.0\ABPGroup.Web.Core.dll". Beginning retry 5 in 1000ms. The process cannot access the file 'C:\Users\Nhlakanipho\Documents\Projects\ABP-Group\aspnet-core\src\ABPGroup.Web.Host\bin\Debug\net9.0\ABPGroup.Web.Core.dll' because it is being used by another process. The file is locked by: "ABPGroup.Web.Host (72472)" [C:\Users\Nhlakanipho\Documents\Projects\ABP-Group\aspnet-core\src\ABPGroup.Web.Host\ABPGroup.Web.Host.csproj]
C:\Program Files\dotnet\sdk\10.0.201\Microsoft.Common.CurrentVersion.targets(5094,5): warning MSB3026: Could not copy "C:\Users\Nhlakanipho\Documents\Projects\ABP-Group\aspnet-core\src\ABPGroup.EntityFrameworkCore\bin\Debug\net9.0\ABPGroup.EntityFrameworkCore.dll" to "bin\Debug\net9.0\ABPGroup.EntityFrameworkCore.dll". Beginning retry 6 in 1000ms. The process cannot access the file 'C:\Users\Nhlakanipho\Documents\Projects\ABP-Group\aspnet-core\src\ABPGroup.Web.Host\bin\Debug\net9.0\ABPGroup.EntityFrameworkCore.dll' because it is being used by another process. The file is locked by: "ABPGroup.Web.Host (72472)" [C:\Users\Nhlakanipho\Documents\Projects\ABP-Group\aspnet-core\src\ABPGroup.Web.Host\ABPGroup.Web.Host.csproj]
C:\Program Files\dotnet\sdk\10.0.201\Microsoft.Common.CurrentVersion.targets(5094,5): warning MSB3026: Could not copy "c:\Users\Nhlakanipho\Documents\Projects\ABP-Group\aspnet-core\src\ABPGroup.Application\bin\Debug\net9.0\ABPGroup.Application.dll" to "bin\Debug\net9.0\ABPGroup.Application.dll". Beginning retry 6 in 1000ms. The process cannot access the file 'C:\Users\Nhlakanipho\Documents\Projects\ABP-Group\aspnet-core\src\ABPGroup.Web.Host\bin\Debug\net9.0\ABPGroup.Application.dll' because it is being used by another process. The file is locked by: "ABPGroup.Web.Host (72472)" [C:\Users\Nhlakanipho\Documents\Projects\ABP-Group\aspnet-core\src\ABPGroup.Web.Host\ABPGroup.Web.Host.csproj]
C:\Program Files\dotnet\sdk\10.0.201\Microsoft.Common.CurrentVersion.targets(5094,5): warning MSB3026: Could not copy "C:\Users\Nhlakanipho\Documents\Projects\ABP-Group\aspnet-core\src\ABPGroup.Web.Core\bin\Debug\net9.0\ABPGroup.Web.Core.dll" to "bin\Debug\net9.0\ABPGroup.Web.Core.dll". Beginning retry 6 in 1000ms. The process cannot access the file 'C:\Users\Nhlakanipho\Documents\Projects\ABP-Group\aspnet-core\src\ABPGroup.Web.Host\bin\Debug\net9.0\ABPGroup.Web.Core.dll' because it is being used by another process. The file is locked by: "ABPGroup.Web.Host (72472)" [C:\Users\Nhlakanipho\Documents\Projects\ABP-Group\aspnet-core\src\ABPGroup.Web.Host\ABPGroup.Web.Host.csproj]
C:\Program Files\dotnet\sdk\10.0.201\Microsoft.Common.CurrentVersion.targets(5094,5): warning MSB3026: Could not copy "C:\Users\Nhlakanipho\Documents\Projects\ABP-Group\aspnet-core\src\ABPGroup.Core\bin\Debug\net9.0\ABPGroup.Core.dll" to "bin\Debug\net9.0\ABPGroup.Core.dll". Beginning retry 6 in 1000ms. The process cannot access the file 'C:\Users\Nhlakanipho\Documents\Projects\ABP-Group\aspnet-core\src\ABPGroup.Web.Host\bin\Debug\net9.0\ABPGroup.Core.dll' because it is being used by another process. The file is locked by: "ABPGroup.Web.Host (72472)" [C:\Users\Nhlakanipho\Documents\Projects\ABP-Group\aspnet-core\src\ABPGroup.Web.Host\ABPGroup.Web.Host.csproj]
C:\Program Files\dotnet\sdk\10.0.201\Microsoft.Common.CurrentVersion.targets(5094,5): warning MSB3026: Could not copy "C:\Users\Nhlakanipho\Documents\Projects\ABP-Group\aspnet-core\src\ABPGroup.EntityFrameworkCore\bin\Debug\net9.0\ABPGroup.EntityFrameworkCore.dll" to "bin\Debug\net9.0\ABPGroup.EntityFrameworkCore.dll". Beginning retry 7 in 1000ms. The process cannot access the file 'C:\Users\Nhlakanipho\Documents\Projects\ABP-Group\aspnet-core\src\ABPGroup.Web.Host\bin\Debug\net9.0\ABPGroup.EntityFrameworkCore.dll' because it is being used by another process. The file is locked by: "ABPGroup.Web.Host (72472)" [C:\Users\Nhlakanipho\Documents\Projects\ABP-Group\aspnet-core\src\ABPGroup.Web.Host\ABPGroup.Web.Host.csproj]
C:\Program Files\dotnet\sdk\10.0.201\Microsoft.Common.CurrentVersion.targets(5094,5): warning MSB3026: Could not copy "C:\Users\Nhlakanipho\Documents\Projects\ABP-Group\aspnet-core\src\ABPGroup.Web.Core\bin\Debug\net9.0\ABPGroup.Web.Core.dll" to "bin\Debug\net9.0\ABPGroup.Web.Core.dll". Beginning retry 7 in 1000ms. The process cannot access the file 'C:\Users\Nhlakanipho\Documents\Projects\ABP-Group\aspnet-core\src\ABPGroup.Web.Host\bin\Debug\net9.0\ABPGroup.Web.Core.dll' because it is being used by another process. The file is locked by: "ABPGroup.Web.Host (72472)" [C:\Users\Nhlakanipho\Documents\Projects\ABP-Group\aspnet-core\src\ABPGroup.Web.Host\ABPGroup.Web.Host.csproj]
C:\Program Files\dotnet\sdk\10.0.201\Microsoft.Common.CurrentVersion.targets(5094,5): warning MSB3026: Could not copy "c:\Users\Nhlakanipho\Documents\Projects\ABP-Group\aspnet-core\src\ABPGroup.Application\bin\Debug\net9.0\ABPGroup.Application.dll" to "bin\Debug\net9.0\ABPGroup.Application.dll". Beginning retry 7 in 1000ms. The process cannot access the file 'C:\Users\Nhlakanipho\Documents\Projects\ABP-Group\aspnet-core\src\ABPGroup.Web.Host\bin\Debug\net9.0\ABPGroup.Application.dll' because it is being used by another process. The file is locked by: "ABPGroup.Web.Host (72472)" [C:\Users\Nhlakanipho\Documents\Projects\ABP-Group\aspnet-core\src\ABPGroup.Web.Host\ABPGroup.Web.Host.csproj]
C:\Program Files\dotnet\sdk\10.0.201\Microsoft.Common.CurrentVersion.targets(5094,5): warning MSB3026: Could not copy "C:\Users\Nhlakanipho\Documents\Projects\ABP-Group\aspnet-core\src\ABPGroup.Core\bin\Debug\net9.0\ABPGroup.Core.dll" to "bin\Debug\net9.0\ABPGroup.Core.dll". Beginning retry 7 in 1000ms. The process cannot access the file 'C:\Users\Nhlakanipho\Documents\Projects\ABP-Group\aspnet-core\src\ABPGroup.Web.Host\bin\Debug\net9.0\ABPGroup.Core.dll' because it is being used by another process. The file is locked by: "ABPGroup.Web.Host (72472)" [C:\Users\Nhlakanipho\Documents\Projects\ABP-Group\aspnet-core\src\ABPGroup.Web.Host\ABPGroup.Web.Host.csproj]
C:\Program Files\dotnet\sdk\10.0.201\Microsoft.Common.CurrentVersion.targets(5094,5): warning MSB3026: Could not copy "C:\Users\Nhlakanipho\Documents\Projects\ABP-Group\aspnet-core\src\ABPGroup.EntityFrameworkCore\bin\Debug\net9.0\ABPGroup.EntityFrameworkCore.dll" to "bin\Debug\net9.0\ABPGroup.EntityFrameworkCore.dll". Beginning retry 8 in 1000ms. The process cannot access the file 'C:\Users\Nhlakanipho\Documents\Projects\ABP-Group\aspnet-core\src\ABPGroup.Web.Host\bin\Debug\net9.0\ABPGroup.EntityFrameworkCore.dll' because it is being used by another process. The file is locked by: "ABPGroup.Web.Host (72472)" [C:\Users\Nhlakanipho\Documents\Projects\ABP-Group\aspnet-core\src\ABPGroup.Web.Host\ABPGroup.Web.Host.csproj]
C:\Program Files\dotnet\sdk\10.0.201\Microsoft.Common.CurrentVersion.targets(5094,5): warning MSB3026: Could not copy "c:\Users\Nhlakanipho\Documents\Projects\ABP-Group\aspnet-core\src\ABPGroup.Application\bin\Debug\net9.0\ABPGroup.Application.dll" to "bin\Debug\net9.0\ABPGroup.Application.dll". Beginning retry 8 in 1000ms. The process cannot access the file 'C:\Users\Nhlakanipho\Documents\Projects\ABP-Group\aspnet-core\src\ABPGroup.Web.Host\bin\Debug\net9.0\ABPGroup.Application.dll' because it is being used by another process. The file is locked by: "ABPGroup.Web.Host (72472)" [C:\Users\Nhlakanipho\Documents\Projects\ABP-Group\aspnet-core\src\ABPGroup.Web.Host\ABPGroup.Web.Host.csproj]
C:\Program Files\dotnet\sdk\10.0.201\Microsoft.Common.CurrentVersion.targets(5094,5): warning MSB3026: Could not copy "C:\Users\Nhlakanipho\Documents\Projects\ABP-Group\aspnet-core\src\ABPGroup.Web.Core\bin\Debug\net9.0\ABPGroup.Web.Core.dll" to "bin\Debug\net9.0\ABPGroup.Web.Core.dll". Beginning retry 8 in 1000ms. The process cannot access the file 'C:\Users\Nhlakanipho\Documents\Projects\ABP-Group\aspnet-core\src\ABPGroup.Web.Host\bin\Debug\net9.0\ABPGroup.Web.Core.dll' because it is being used by another process. The file is locked by: "ABPGroup.Web.Host (72472)" [C:\Users\Nhlakanipho\Documents\Projects\ABP-Group\aspnet-core\src\ABPGroup.Web.Host\ABPGroup.Web.Host.csproj]
C:\Program Files\dotnet\sdk\10.0.201\Microsoft.Common.CurrentVersion.targets(5094,5): warning MSB3026: Could not copy "C:\Users\Nhlakanipho\Documents\Projects\ABP-Group\aspnet-core\src\ABPGroup.Core\bin\Debug\net9.0\ABPGroup.Core.dll" to "bin\Debug\net9.0\ABPGroup.Core.dll". Beginning retry 8 in 1000ms. The process cannot access the file 'C:\Users\Nhlakanipho\Documents\Projects\ABP-Group\aspnet-core\src\ABPGroup.Web.Host\bin\Debug\net9.0\ABPGroup.Core.dll' because it is being used by another process. The file is locked by: "ABPGroup.Web.Host (72472)" [C:\Users\Nhlakanipho\Documents\Projects\ABP-Group\aspnet-core\src\ABPGroup.Web.Host\ABPGroup.Web.Host.csproj]
C:\Program Files\dotnet\sdk\10.0.201\Microsoft.Common.CurrentVersion.targets(5094,5): warning MSB3026: Could not copy "C:\Users\Nhlakanipho\Documents\Projects\ABP-Group\aspnet-core\src\ABPGroup.EntityFrameworkCore\bin\Debug\net9.0\ABPGroup.EntityFrameworkCore.dll" to "bin\Debug\net9.0\ABPGroup.EntityFrameworkCore.dll". Beginning retry 9 in 1000ms. The process cannot access the file 'C:\Users\Nhlakanipho\Documents\Projects\ABP-Group\aspnet-core\src\ABPGroup.Web.Host\bin\Debug\net9.0\ABPGroup.EntityFrameworkCore.dll' because it is being used by another process. The file is locked by: "ABPGroup.Web.Host (72472)" [C:\Users\Nhlakanipho\Documents\Projects\ABP-Group\aspnet-core\src\ABPGroup.Web.Host\ABPGroup.Web.Host.csproj]
C:\Program Files\dotnet\sdk\10.0.201\Microsoft.Common.CurrentVersion.targets(5094,5): warning MSB3026: Could not copy "C:\Users\Nhlakanipho\Documents\Projects\ABP-Group\aspnet-core\src\ABPGroup.Core\bin\Debug\net9.0\ABPGroup.Core.dll" to "bin\Debug\net9.0\ABPGroup.Core.dll". Beginning retry 9 in 1000ms. The process cannot access the file 'C:\Users\Nhlakanipho\Documents\Projects\ABP-Group\aspnet-core\src\ABPGroup.Web.Host\bin\Debug\net9.0\ABPGroup.Core.dll' because it is being used by another process. The file is locked by: "ABPGroup.Web.Host (72472)" [C:\Users\Nhlakanipho\Documents\Projects\ABP-Group\aspnet-core\src\ABPGroup.Web.Host\ABPGroup.Web.Host.csproj]
C:\Program Files\dotnet\sdk\10.0.201\Microsoft.Common.CurrentVersion.targets(5094,5): warning MSB3026: Could not copy "C:\Users\Nhlakanipho\Documents\Projects\ABP-Group\aspnet-core\src\ABPGroup.Web.Core\bin\Debug\net9.0\ABPGroup.Web.Core.dll" to "bin\Debug\net9.0\ABPGroup.Web.Core.dll". Beginning retry 9 in 1000ms. The process cannot access the file 'C:\Users\Nhlakanipho\Documents\Projects\ABP-Group\aspnet-core\src\ABPGroup.Web.Host\bin\Debug\net9.0\ABPGroup.Web.Core.dll' because it is being used by another process. The file is locked by: "ABPGroup.Web.Host (72472)" [C:\Users\Nhlakanipho\Documents\Projects\ABP-Group\aspnet-core\src\ABPGroup.Web.Host\ABPGroup.Web.Host.csproj]
C:\Program Files\dotnet\sdk\10.0.201\Microsoft.Common.CurrentVersion.targets(5094,5): warning MSB3026: Could not copy "c:\Users\Nhlakanipho\Documents\Projects\ABP-Group\aspnet-core\src\ABPGroup.Application\bin\Debug\net9.0\ABPGroup.Application.dll" to "bin\Debug\net9.0\ABPGroup.Application.dll". Beginning retry 9 in 1000ms. The process cannot access the file 'C:\Users\Nhlakanipho\Documents\Projects\ABP-Group\aspnet-core\src\ABPGroup.Web.Host\bin\Debug\net9.0\ABPGroup.Application.dll' because it is being used by another process. The file is locked by: "ABPGroup.Web.Host (72472)" [C:\Users\Nhlakanipho\Documents\Projects\ABP-Group\aspnet-core\src\ABPGroup.Web.Host\ABPGroup.Web.Host.csproj]
C:\Program Files\dotnet\sdk\10.0.201\Microsoft.Common.CurrentVersion.targets(5094,5): warning MSB3026: Could not copy "C:\Users\Nhlakanipho\Documents\Projects\ABP-Group\aspnet-core\src\ABPGroup.EntityFrameworkCore\bin\Debug\net9.0\ABPGroup.EntityFrameworkCore.dll" to "bin\Debug\net9.0\ABPGroup.EntityFrameworkCore.dll". Beginning retry 10 in 1000ms. The process cannot access the file 'C:\Users\Nhlakanipho\Documents\Projects\ABP-Group\aspnet-core\src\ABPGroup.Web.Host\bin\Debug\net9.0\ABPGroup.EntityFrameworkCore.dll' because it is being used by another process. The file is locked by: "ABPGroup.Web.Host (72472)" [C:\Users\Nhlakanipho\Documents\Projects\ABP-Group\aspnet-core\src\ABPGroup.Web.Host\ABPGroup.Web.Host.csproj]
C:\Program Files\dotnet\sdk\10.0.201\Microsoft.Common.CurrentVersion.targets(5094,5): warning MSB3026: Could not copy "C:\Users\Nhlakanipho\Documents\Projects\ABP-Group\aspnet-core\src\ABPGroup.Core\bin\Debug\net9.0\ABPGroup.Core.dll" to "bin\Debug\net9.0\ABPGroup.Core.dll". Beginning retry 10 in 1000ms. The process cannot access the file 'C:\Users\Nhlakanipho\Documents\Projects\ABP-Group\aspnet-core\src\ABPGroup.Web.Host\bin\Debug\net9.0\ABPGroup.Core.dll' because it is being used by another process. The file is locked by: "ABPGroup.Web.Host (72472)" [C:\Users\Nhlakanipho\Documents\Projects\ABP-Group\aspnet-core\src\ABPGroup.Web.Host\ABPGroup.Web.Host.csproj]
C:\Program Files\dotnet\sdk\10.0.201\Microsoft.Common.CurrentVersion.targets(5094,5): warning MSB3026: Could not copy "c:\Users\Nhlakanipho\Documents\Projects\ABP-Group\aspnet-core\src\ABPGroup.Application\bin\Debug\net9.0\ABPGroup.Application.dll" to "bin\Debug\net9.0\ABPGroup.Application.dll". Beginning retry 10 in 1000ms. The process cannot access the file 'C:\Users\Nhlakanipho\Documents\Projects\ABP-Group\aspnet-core\src\ABPGroup.Web.Host\bin\Debug\net9.0\ABPGroup.Application.dll' because it is being used by another process. The file is locked by: "ABPGroup.Web.Host (72472)" [C:\Users\Nhlakanipho\Documents\Projects\ABP-Group\aspnet-core\src\ABPGroup.Web.Host\ABPGroup.Web.Host.csproj]
C:\Program Files\dotnet\sdk\10.0.201\Microsoft.Common.CurrentVersion.targets(5094,5): warning MSB3026: Could not copy "C:\Users\Nhlakanipho\Documents\Projects\ABP-Group\aspnet-core\src\ABPGroup.Web.Core\bin\Debug\net9.0\ABPGroup.Web.Core.dll" to "bin\Debug\net9.0\ABPGroup.Web.Core.dll". Beginning retry 10 in 1000ms. The process cannot access the file 'C:\Users\Nhlakanipho\Documents\Projects\ABP-Group\aspnet-core\src\ABPGroup.Web.Host\bin\Debug\net9.0\ABPGroup.Web.Core.dll' because it is being used by another process. The file is locked by: "ABPGroup.Web.Host (72472)" [C:\Users\Nhlakanipho\Documents\Projects\ABP-Group\aspnet-core\src\ABPGroup.Web.Host\ABPGroup.Web.Host.csproj]
C:\Users\Nhlakanipho\Documents\Projects\ABP-Group\aspnet-core\test\ABPGroup.Tests\CodeGen\RefinementTests.cs(103,31): error CS7036: There is no argument given that corresponds to the required parameter 'aiService' of 'CodeGenAppService.CodeGenAppService(ICodeGenSessionManager, ICodeGenEngine, ICodeGenPlanner, ICodeGenRefiner, ICodeGenAiService, IRepository<Template, int>)' [C:\Users\Nhlakanipho\Documents\Projects\ABP-Group\aspnet-core\test\ABPGroup.Tests\ABPGroup.Tests.csproj]
C:\Users\Nhlakanipho\Documents\Projects\ABP-Group\aspnet-core\test\ABPGroup.Tests\CodeGen\RepairTests.cs(79,31): error CS7036: There is no argument given that corresponds to the required parameter 'aiService' of 'CodeGenAppService.CodeGenAppService(ICodeGenSessionManager, ICodeGenEngine, ICodeGenPlanner, ICodeGenRefiner, ICodeGenAiService, IRepository<Template, int>)' [C:\Users\Nhlakanipho\Documents\Projects\ABP-Group\aspnet-core\test\ABPGroup.Tests\ABPGroup.Tests.csproj]
C:\Users\Nhlakanipho\Documents\Projects\ABP-Group\aspnet-core\test\ABPGroup.Tests\CodeGen\RefinementTests.cs(181,31): error CS7036: There is no argument given that corresponds to the required parameter 'aiService' of 'CodeGenAppService.CodeGenAppService(ICodeGenSessionManager, ICodeGenEngine, ICodeGenPlanner, ICodeGenRefiner, ICodeGenAiService, IRepository<Template, int>)' [C:\Users\Nhlakanipho\Documents\Projects\ABP-Group\aspnet-core\test\ABPGroup.Tests\ABPGroup.Tests.csproj]
C:\Users\Nhlakanipho\Documents\Projects\ABP-Group\aspnet-core\test\ABPGroup.Tests\CodeGen\RepairTests.cs(180,31): error CS7036: There is no argument given that corresponds to the required parameter 'aiService' of 'CodeGenAppService.CodeGenAppService(ICodeGenSessionManager, ICodeGenEngine, ICodeGenPlanner, ICodeGenRefiner, ICodeGenAiService, IRepository<Template, int>)' [C:\Users\Nhlakanipho\Documents\Projects\ABP-Group\aspnet-core\test\ABPGroup.Tests\ABPGroup.Tests.csproj]
C:\Users\Nhlakanipho\Documents\Projects\ABP-Group\aspnet-core\test\ABPGroup.Tests\CodeGen\RefinementTests.cs(254,31): error CS7036: There is no argument given that corresponds to the required parameter 'aiService' of 'CodeGenAppService.CodeGenAppService(ICodeGenSessionManager, ICodeGenEngine, ICodeGenPlanner, ICodeGenRefiner, ICodeGenAiService, IRepository<Template, int>)' [C:\Users\Nhlakanipho\Documents\Projects\ABP-Group\aspnet-core\test\ABPGroup.Tests\ABPGroup.Tests.csproj]
C:\Users\Nhlakanipho\Documents\Projects\ABP-Group\aspnet-core\test\ABPGroup.Tests\CodeGen\RefinementTests.cs(301,31): error CS7036: There is no argument given that corresponds to the required parameter 'aiService' of 'CodeGenAppService.CodeGenAppService(ICodeGenSessionManager, ICodeGenEngine, ICodeGenPlanner, ICodeGenRefiner, ICodeGenAiService, IRepository<Template, int>)' [C:\Users\Nhlakanipho\Documents\Projects\ABP-Group\aspnet-core\test\ABPGroup.Tests\ABPGroup.Tests.csproj]
C:\Users\Nhlakanipho\Documents\Projects\ABP-Group\aspnet-core\test\ABPGroup.Tests\CodeGen\CodeGenServiceTests.cs(842,33): error CS7036: There is no argument given that corresponds to the required parameter 'claudeApiClient' of 'CodeGenAiService.CodeGenAiService(IHttpClientFactory, IConfiguration, IClaudeApiClient)' [C:\Users\Nhlakanipho\Documents\Projects\ABP-Group\aspnet-core\test\ABPGroup.Tests\ABPGroup.Tests.csproj]
C:\Program Files\dotnet\sdk\10.0.201\Microsoft.Common.CurrentVersion.targets(5094,5): error MSB3027: Could not copy "c:\Users\Nhlakanipho\Documents\Projects\ABP-Group\aspnet-core\src\ABPGroup.Application\bin\Debug\net9.0\ABPGroup.Application.dll" to "bin\Debug\net9.0\ABPGroup.Application.dll". Exceeded retry count of 10. Failed. The file is locked by: "ABPGroup.Web.Host (72472)" [C:\Users\Nhlakanipho\Documents\Projects\ABP-Group\aspnet-core\src\ABPGroup.Web.Host\ABPGroup.Web.Host.csproj]
C:\Program Files\dotnet\sdk\10.0.201\Microsoft.Common.CurrentVersion.targets(5094,5): error MSB3021: Unable to copy file "c:\Users\Nhlakanipho\Documents\Projects\ABP-Group\aspnet-core\src\ABPGroup.Application\bin\Debug\net9.0\ABPGroup.Application.dll" to "bin\Debug\net9.0\ABPGroup.Application.dll". The process cannot access the file 'C:\Users\Nhlakanipho\Documents\Projects\ABP-Group\aspnet-core\src\ABPGroup.Web.Host\bin\Debug\net9.0\ABPGroup.Application.dll' because it is being used by another process. [C:\Users\Nhlakanipho\Documents\Projects\ABP-Group\aspnet-core\src\ABPGroup.Web.Host\ABPGroup.Web.Host.csproj]
C:\Program Files\dotnet\sdk\10.0.201\Microsoft.Common.CurrentVersion.targets(5094,5): error MSB3027: Could not copy "C:\Users\Nhlakanipho\Documents\Projects\ABP-Group\aspnet-core\src\ABPGroup.Core\bin\Debug\net9.0\ABPGroup.Core.dll" to "bin\Debug\net9.0\ABPGroup.Core.dll". Exceeded retry count of 10. Failed. The file is locked by: "ABPGroup.Web.Host (72472)" [C:\Users\Nhlakanipho\Documents\Projects\ABP-Group\aspnet-core\src\ABPGroup.Web.Host\ABPGroup.Web.Host.csproj]
C:\Program Files\dotnet\sdk\10.0.201\Microsoft.Common.CurrentVersion.targets(5094,5): error MSB3021: Unable to copy file "C:\Users\Nhlakanipho\Documents\Projects\ABP-Group\aspnet-core\src\ABPGroup.Core\bin\Debug\net9.0\ABPGroup.Core.dll" to "bin\Debug\net9.0\ABPGroup.Core.dll". The process cannot access the file 'C:\Users\Nhlakanipho\Documents\Projects\ABP-Group\aspnet-core\src\ABPGroup.Web.Host\bin\Debug\net9.0\ABPGroup.Core.dll' because it is being used by another process. [C:\Users\Nhlakanipho\Documents\Projects\ABP-Group\aspnet-core\src\ABPGroup.Web.Host\ABPGroup.Web.Host.csproj]
C:\Program Files\dotnet\sdk\10.0.201\Microsoft.Common.CurrentVersion.targets(5094,5): error MSB3027: Could not copy "C:\Users\Nhlakanipho\Documents\Projects\ABP-Group\aspnet-core\src\ABPGroup.EntityFrameworkCore\bin\Debug\net9.0\ABPGroup.EntityFrameworkCore.dll" to "bin\Debug\net9.0\ABPGroup.EntityFrameworkCore.dll". Exceeded retry count of 10. Failed. The file is locked by: "ABPGroup.Web.Host (72472)" [C:\Users\Nhlakanipho\Documents\Projects\ABP-Group\aspnet-core\src\ABPGroup.Web.Host\ABPGroup.Web.Host.csproj]
C:\Program Files\dotnet\sdk\10.0.201\Microsoft.Common.CurrentVersion.targets(5094,5): error MSB3021: Unable to copy file "C:\Users\Nhlakanipho\Documents\Projects\ABP-Group\aspnet-core\src\ABPGroup.EntityFrameworkCore\bin\Debug\net9.0\ABPGroup.EntityFrameworkCore.dll" to "bin\Debug\net9.0\ABPGroup.EntityFrameworkCore.dll". The process cannot access the file 'C:\Users\Nhlakanipho\Documents\Projects\ABP-Group\aspnet-core\src\ABPGroup.Web.Host\bin\Debug\net9.0\ABPGroup.EntityFrameworkCore.dll' because it is being used by another process. [C:\Users\Nhlakanipho\Documents\Projects\ABP-Group\aspnet-core\src\ABPGroup.Web.Host\ABPGroup.Web.Host.csproj]
C:\Program Files\dotnet\sdk\10.0.201\Microsoft.Common.CurrentVersion.targets(5094,5): error MSB3027: Could not copy "C:\Users\Nhlakanipho\Documents\Projects\ABP-Group\aspnet-core\src\ABPGroup.Web.Core\bin\Debug\net9.0\ABPGroup.Web.Core.dll" to "bin\Debug\net9.0\ABPGroup.Web.Core.dll". Exceeded retry count of 10. Failed. The file is locked by: "ABPGroup.Web.Host (72472)" [C:\Users\Nhlakanipho\Documents\Projects\ABP-Group\aspnet-core\src\ABPGroup.Web.Host\ABPGroup.Web.Host.csproj]
C:\Program Files\dotnet\sdk\10.0.201\Microsoft.Common.CurrentVersion.targets(5094,5): error MSB3021: Unable to copy file "C:\Users\Nhlakanipho\Documents\Projects\ABP-Group\aspnet-core\src\ABPGroup.Web.Core\bin\Debug\net9.0\ABPGroup.Web.Core.dll" to "bin\Debug\net9.0\ABPGroup.Web.Core.dll". The process cannot access the file 'C:\Users\Nhlakanipho\Documents\Projects\ABP-Group\aspnet-core\src\ABPGroup.Web.Host\bin\Debug\net9.0\ABPGroup.Web.Core.dll' because it is being used by another process. [C:\Users\Nhlakanipho\Documents\Projects\ABP-Group\aspnet-core\src\ABPGroup.Web.Host\ABPGroup.Web.Host.csproj]
    693 Warning(s)
    15 Error(s)

Time Elapsed 00:01:47.15
